******************************************************************************
                  TI ARM Linker PC v16.9.1                     
******************************************************************************
>> Linked Fri Jul 21 17:09:42 2017

OUTPUT FILE NAME:   <Agents-RefApp.out>
ENTRY POINT SYMBOL: "_c_int00"  address: 00006df9


MEMORY CONFIGURATION

         name            origin    length      used     unused   attr    fill
----------------------  --------  ---------  --------  --------  ----  --------
  MAIN                  00000000   00040000  0000b64a  000349b6  R  X
  INFO                  00200000   00004000  00000000  00004000  R  X
  SRAM_CODE             01000000   00010000  00000000  00010000  RW X
  SRAM_DATA             20000000   00010000  00006b9e  00009462  RW  


SEGMENT ALLOCATION MAP

run origin  load origin   length   init length attrs members
----------  ----------- ---------- ----------- ----- -------
00000000    00000000    0000b650   0000b650    r-x
  00000000    00000000    0000003c   0000003c    r-- .resetVecs
  0000003c    0000003c    00000004   00000004    r-- .init_array
  00000040    00000040    00009242   00009242    r-x .text
  00009284    00009284    00002148   00002148    r-- .const
  0000b3d0    0000b3d0    00000280   00000280    r-- .cinit
20000000    20000000    000068a1   00000000    rw-
  20000000    20000000    00000140   00000000    rw- .vecs
  20000140    20000140    0000621d   00000000    rw- .bss
  20006360    20006360    00000541   00000000    rw- .data
2000fd00    2000fd00    00000300   00000000    rw-
  2000fd00    2000fd00    00000300   00000000    rw- .stack


SECTION ALLOCATION MAP

 output                                  attributes/
section   page    origin      length       input sections
--------  ----  ----------  ----------   ----------------
.init_array 
*          0    0000003c    00000004     
                  0000003c    00000004     main.obj (.init_array)

.text      0    00000040    00009242     
                  00000040    0000113e     rtsv7M4_T_le_v4SPD16_eabi.lib : _printfi.obj (.text)
                  0000117e    00000002     power_tirtos_MSP432P401R.aem4f : PowerMSP432_tirtos.oem4f (.text:PowerMSP432_initPolicy)
                  00001180    00000924     MAES_lib.lib : Agent_Platform.obj (.text)
                  00001aa4    0000071c                  : Agent_Msg.obj (.text)
                  000021c0    000006ca                  : Agent_Org.obj (.text)
                  0000288a    00000006     rtsv7M4_T_le_v4SPD16_eabi.lib : pure_virt.obj (.text)
                  00002890    00000430     sysbios.aem4f : BIOS.obj (.text:ti_sysbios_family_arm_m3_Hwi_excDumpRegs__I)
                  00002cc0    0000034c     ti.targets.arm.rtsarm.aem4f : System.oem4f (.text:xdc_runtime_System_doPrint__I)
                  0000300c    00000324     rtsv7M4_T_le_v4SPD16_eabi.lib : trgdrv.obj (.text)
                  00003330    00000264     drivers_MSP432P401R.aem4f : PowerMSP432.oem4f (.text:Power_sleep)
                  00003594    000001f4     rtsv7M4_T_le_v4SPD16_eabi.lib : ull_div_t2.obj (.text)
                  00003788    000001b6                                   : fd_add_t2.obj (.text)
                  0000393e    000001a0     msp432p4xx_driverlib.lib : pcm.o (.text:__PCM_setPowerStateAdvanced)
                  00003ade    00000002     rtsv7M4_T_le_v4SPD16_eabi.lib : i_div0.obj (.text)
                  00003ae0    00000174     sysbios.aem4f : BIOS.obj (.text:ti_sysbios_family_arm_m3_Hwi_excBusFault__I)
                  00003c54    00000004     msp432p4xx_driverlib.lib : cpu.o (.text:CPU_wfi)
                  00003c58    00000164     sysbios.aem4f : BIOS.obj (.text:ti_sysbios_family_arm_m3_Hwi_excUsageFault__I)
                  00003dbc    00000004     tirtosport.aem4f : HwiP_tirtos.oem4f (.text:HwiP_disable)
                  00003dc0    00000158     sysbios.aem4f : BIOS.obj (.text:ti_sysbios_knl_Semaphore_pend__E)
                  00003f18    00000148                   : BIOS.obj (.text:ti_sysbios_family_arm_m3_Hwi_excMemFault__I)
                  00004060    00000140     drivers_MSP432P401R.aem4f : GPIOMSP432.oem4f (.text:GPIO_setConfig)
                  000041a0    00000136     rtsv7M4_T_le_v4SPD16_eabi.lib : fd_div_t2.obj (.text)
                  000042d6    00000002     empty_min_pem4f.oem4f (.text:ti_sysbios_BIOS_nullFunc__I)
                  000042d8    00000118     ti.targets.arm.rtsarm.aem4f : Error.oem4f (.text:xdc_runtime_Error_policyDefault__E)
                  000043f0    0000010c     sysbios.aem4f : BIOS.obj (.text:ti_sysbios_family_arm_m3_Hwi_excFillContext__I)
                  000044fc    00000004     drivers_MSP432P401R.aem4f : List.oem4f (.text:List_head)
                  00004500    00000108     sysbios.aem4f : BIOS.obj (.text:ti_sysbios_family_arm_m3_Hwi_excHandlerMax__I)
                  00004608    00000104     main.obj (.text:__sti___8_main_cpp_27ba1ec5)
                  0000470c    00000100     ti.targets.arm.rtsarm.aem4f : Core-mem.oem4f (.text:xdc_runtime_Core_createObject__I)
                  0000480c    000000fc     rtsv7M4_T_le_v4SPD16_eabi.lib : fd_mul_t2.obj (.text)
                  00004908    000000fc                                   : s_scalbn.obj (.text)
                  00004a04    000000f8     MAES_lib.lib : Behaviour.obj (.text)
                  00004afc    000000f8     ti.targets.arm.rtsarm.aem4f : Startup.oem4f (.text:xdc_runtime_Startup_startMods__I)
                  00004bf4    000000f8     empty_min_pem4f.oem4f (.text:xdc_runtime_System_printfExtend__I)
                  00004cec    000000f0     drivers_MSP432P401R.aem4f : PowerMSP432.oem4f (.text:initPerfControl)
                  00004ddc    000000ec     sysbios.aem4f : m3_Hwi_asm.obj (.text:ti_sysbios_family_arm_m3_Hwi_dispatch__I)
                  00004ec8    000000e0     msp432p4xx_driverlib.lib : cs.o (.text:CS_initClockSignal)
                  00004fa8    000000dc                              : pcm.o (.text:__PCM_setPowerModeAdvanced)
                  00005084    00000004     drivers_MSP432P401R.aem4f : List.oem4f (.text:List_next)
                  00005088    000000d4     sysbios.aem4f : BIOS.obj (.text:ti_sysbios_knl_Mailbox_Instance_init__E)
                  0000515c    00000004     rtsv7M4_T_le_v4SPD16_eabi.lib : error.obj (.text)
                  00005160    000000cc     sysbios.aem4f : BIOS.obj (.text:ti_sysbios_heaps_HeapMem_alloc__E)
                  0000522c    00000004     empty_min_pem4f.oem4f (.text:ti_sysbios_BIOS_RtsGateProxy_enter__E)
                  00005230    000000cc     sysbios.aem4f : BIOS.obj (.text:ti_sysbios_knl_Task_Instance_init__E)
                  000052fc    000000cc     ti.targets.arm.rtsarm.aem4f : Core-smem.oem4f (.text:xdc_runtime_Core_constructObject__I)
                  000053c8    000000c8     main.obj (.text:main)
                  00005490    000000c8     sysbios.aem4f : BIOS.obj (.text:ti_sysbios_knl_Task_sleep__E)
                  00005558    000000bc     rtsv7M4_T_le_v4SPD16_eabi.lib : typeinfo_.obj (.text)
                  00005614    00000004     empty_min_pem4f.oem4f (.text:ti_sysbios_BIOS_RtsGateProxy_leave__E)
                  00005618    000000bc     sysbios.aem4f : BIOS.obj (.text:ti_sysbios_family_arm_m3_Hwi_excDebugMon__I)
                  000056d4    00000004     empty_min_pem4f.oem4f (.text:ti_sysbios_family_arm_m3_TaskSupport_Module__startupDone__S)
                  000056d8    000000bc     sysbios.aem4f : BIOS.obj (.text:ti_sysbios_family_arm_m3_Hwi_excHardFault__I)
                  00005794    00000004     empty_min_pem4f.oem4f (.text:ti_sysbios_heaps_HeapMem_Module_GateProxy_enter__E)
                  00005798    000000bc     sysbios.aem4f : BIOS.obj (.text:ti_sysbios_knl_Task_Instance_finalize__E)
                  00005854    000000b0     msp432p4xx_driverlib.lib : pcm.o (.text:__PCM_setCoreVoltageLevelAdvanced)
                  00005904    00000004     empty_min_pem4f.oem4f (.text:ti_sysbios_heaps_HeapMem_Module_GateProxy_leave__E)
                  00005908    000000a8     sysbios.aem4f : BIOS.obj (.text:ti_sysbios_family_arm_msp432_Timer_periodicStub__E)
                  000059b0    000000a4                   : BIOS.obj (.text:ti_sysbios_knl_Task_setPri__E)
                  00005a54    000000a0     auto_init.aem4f : auto_init.oem4f (.text)
                  00005af4    000000a0     ti.targets.arm.rtsarm.aem4f : Text.oem4f (.text:xdc_runtime_Text_putMod__E)
                  00005b94    0000009c     rtsv7M4_T_le_v4SPD16_eabi.lib : memcpy_t2.obj (.text)
                  00005c30    0000009a     ti.targets.arm.rtsarm.aem4f : Text.oem4f (.text:xdc_runtime_Text_putSite__E)
                  00005cca    00000002     --HOLE-- [fill = 0]
                  00005ccc    00000094     rtsv7M4_T_le_v4SPD16_eabi.lib : snprintf.obj (.text)
                  00005d60    00000094     sysbios.aem4f : BIOS.obj (.text:ti_sysbios_family_arm_m3_Hwi_Instance_init__E)
                  00005df4    00000004     empty_min_pem4f.oem4f (.text:ti_sysbios_knl_Clock_TimerProxy_getMaxTicks__E)
                  00005df8    00000094     sysbios.aem4f : BIOS.obj (.text:ti_sysbios_family_arm_m3_Hwi_initNVIC__E)
                  00005e8c    0000008c     main.obj (.text:_ZN19SupervisorBehaviour6actionEv)
                  00005f18    0000008c     sysbios.aem4f : m3_TaskSupport_asm.obj (.text:ti_sysbios_family_arm_m3_TaskSupport_buildTaskStack)
                  00005fa4    00000004     empty_min_pem4f.oem4f (.text:ti_sysbios_knl_Mailbox_delete)
                  00005fa8    0000008c     sysbios.aem4f : BIOS.obj (.text:ti_sysbios_knl_Task_postInit__I)
                  00006034    00000088     MAES_lib.lib : Agent.obj (.text)
                  000060bc    00000004     empty_min_pem4f.oem4f (.text:ti_sysbios_knl_Queue_destruct)
                  000060c0    00000088     sysbios.aem4f : BIOS.obj (.text:ti_sysbios_knl_Mailbox_post__E)
                  00006148    00000086     rtsv7M4_T_le_v4SPD16_eabi.lib : fd_cmp_t2.obj (.text:__aeabi_cdcmple)
                  000061ce    00000086                                   : fd_cmp_t2.obj (.text:__aeabi_cdrcmple)
                  00006254    00000004     empty_min_pem4f.oem4f (.text:ti_sysbios_knl_Semaphore_destruct)
                  00006258    00000084     sysbios.aem4f : BIOS.obj (.text:ti_sysbios_family_arm_m3_Hwi_postInit__I)
                  000062dc    0000007c     msp432p4xx_driverlib.lib : pcm.o (.text:PCM_gotoLPM3)
                  00006358    0000007c     sysbios.aem4f : BIOS.obj (.text:ti_sysbios_heaps_HeapMem_free__E)
                  000063d4    0000007a     rtsv7M4_T_le_v4SPD16_eabi.lib : memset_t2.obj (.text)
                  0000644e    00000002     --HOLE-- [fill = 0]
                  00006450    00000074     sysbios.aem4f : BIOS.obj (.text:ti_sysbios_knl_Mailbox_pend__E)
                  000064c4    00000004     empty_min_pem4f.oem4f (.text:ti_sysbios_knl_Task_delete)
                  000064c8    00000070     sysbios.aem4f : BIOS.obj (.text:ti_sysbios_knl_Mailbox_Instance_finalize__E)
                  00006538    00000070                   : BIOS.obj (.text:ti_sysbios_knl_Semaphore_post__E)
                  000065a8    00000070                   : BIOS.obj (.text:ti_sysbios_knl_Task_exit__E)
                  00006618    0000006d     ti.targets.arm.rtsarm.aem4f : System.oem4f (.text:xdc_runtime_System_formatNum__I)
                  00006685    00000003     --HOLE-- [fill = 0]
                  00006688    0000006c     sysbios.aem4f : BIOS.obj (.text:ti_sysbios_knl_Clock_workFunc__E)
                  000066f4    00000004     ti.targets.arm.rtsarm.aem4f : Error.oem4f (.text:xdc_runtime_Error_getSite__E)
                  000066f8    0000006c     sysbios.aem4f : BIOS.obj (.text:ti_sysbios_knl_Swi_restoreHwi__E)
                  00006764    0000006c     ti.targets.arm.rtsarm.aem4f : Error.oem4f (.text:xdc_runtime_Error_print__E)
                  000067d0    0000006c                                 : Memory.oem4f (.text:xdc_runtime_Memory_alloc__E)
                  0000683c    00000068     main.obj (.text:_ZN19SupervisorBehaviour5setupEv)
                  000068a4    00000068     rtsv7M4_T_le_v4SPD16_eabi.lib : copy_decompress_lzss.obj (.text:decompress:lzss)
                  0000690c    00000068                                   : trgmsg.obj (.text)
                  00006974    00000066     ti.targets.arm.rtsarm.aem4f : Core-mem.oem4f (.text:xdc_runtime_Core_deleteObject__I)
                  000069da    00000002     --HOLE-- [fill = 0]
                  000069dc    00000064     rtsv7M4_T_le_v4SPD16_eabi.lib : s_frexp.obj (.text)
                  00006a40    00000064     sysbios.aem4f : BIOS.obj (.text:ti_sysbios_family_arm_m3_Hwi_dispatchC__I)
                  00006aa4    00000064     empty_min_pem4f.oem4f (.text:ti_sysbios_knl_Mailbox_create)
                  00006b08    00000062     tirtosport.aem4f : HwiP_tirtos.oem4f (.text:HwiP_create)
                  00006b6a    00000002     --HOLE-- [fill = 0]
                  00006b6c    0000005c     drivers_MSP432P401R.aem4f : GPIOMSP432.oem4f (.text:GPIO_init)
                  00006bc8    0000005c     sysbios.aem4f : BIOS.obj (.text:ti_sysbios_knl_Swi_run__I)
                  00006c24    00000004     empty_min_pem4f.oem4f (.text:xdc_runtime_System_Module_GateProxy_enter__E)
                  00006c28    0000005c     sysbios.aem4f : BIOS.obj (.text:ti_sysbios_knl_Swi_schedule__I)
                  00006c84    00000004     empty_min_pem4f.oem4f (.text:xdc_runtime_System_Module_GateProxy_leave__E)
                  00006c88    0000005c     sysbios.aem4f : BIOS.obj (.text:ti_sysbios_knl_Task_Module_startup__E)
                  00006ce4    0000005c     empty_min_pem4f.oem4f (.text:ti_sysbios_knl_Task_create)
                  00006d40    0000005c     sysbios.aem4f : BIOS.obj (.text:ti_sysbios_knl_Task_startCore__E)
                  00006d9c    0000005b     ti.targets.arm.rtsarm.aem4f : Text.oem4f (.text:xdc_runtime_Text_putLab__E)
                  00006df7    00000001     --HOLE-- [fill = 0]
                  00006df8    00000058     boot.aem4f : boot.oem4f (.text)
                  00006e50    00000058     empty_min_pem4f.oem4f (.text:ti_sysbios_family_arm_m3_Hwi_construct)
                  00006ea8    00000058     sysbios.aem4f : m3_Hwi_asm_switch.obj (.text:ti_sysbios_family_arm_m3_Hwi_initStacks__E)
                  00006f00    00000054     drivers_MSP432P401R.aem4f : GPIOMSP432.oem4f (.text:GPIO_hwiIntFxn)
                  00006f54    00000054                               : GPIOMSP432.oem4f (.text:GPIO_setCallback)
                  00006fa8    00000054     rtsv7M4_T_le_v4SPD16_eabi.lib : exit.obj (.text)
                  00006ffc    00000054                                   : ltoa.obj (.text)
                  00007050    00000054     sysbios.aem4f : BIOS.obj (.text:ti_sysbios_family_arm_msp432_Timer_initDevice__I)
                  000070a4    00000004     ti.targets.arm.rtsarm.aem4f : System.oem4f (.text:xdc_runtime_System_aprintf_va__F)
                  000070a8    00000054     sysbios.aem4f : BIOS.obj (.text:ti_sysbios_family_arm_msp432_init_Boot_configureClocksHigh)
                  000070fc    00000054     ti.targets.arm.rtsarm.aem4f : Assert.oem4f (.text:xdc_runtime_Assert_raise__I)
                  00007150    00000050     drivers_MSP432P401R.aem4f : GPIOMSP432.oem4f (.text:GPIO_write)
                  000071a0    00000050     msp432p4xx_driverlib.lib : pcm.o (.text:PCM_shutdownDevice)
                  000071f0    00000050     main.obj (.text:_ZN13FDIRbehaviour17failure_detectionEv)
                  00007240    00000050     main.obj (.text:_ZN15WorkerBehaviour6actionEv)
                  00007290    00000050     sysbios.aem4f : BIOS.obj (.text:ti_sysbios_family_arm_m3_Hwi_Module_startup__E)
                  000072e0    00000050     ti.targets.arm.rtsarm.aem4f : Startup.oem4f (.text:xdc_runtime_Startup_exec__E)
                  00007330    00000050                                 : Text.oem4f (.text:xdc_runtime_Text_visitRope2__I)
                  00007380    0000004c     rtsv7M4_T_le_v4SPD16_eabi.lib : atoi.obj (.text)
                  000073cc    0000004c                                   : cpy_tbl.obj (.text)
                  00007418    0000004c                                   : rand.obj (.text)
                  00007464    00000004     ti.targets.arm.rtsarm.aem4f : System.oem4f (.text:xdc_runtime_System_printf_va__F)
                  00007468    0000004c     sysbios.aem4f : BIOS.obj (.text:ti_sysbios_family_arm_msp432_Timer_start__E)
                  000074b4    00000004     --HOLE-- [fill = 0]
                  000074b8    0000004c                   : BIOS.obj (.text:ti_sysbios_heaps_HeapMem_getStats__E)
                  00007504    00000004     --HOLE-- [fill = 0]
                  00007508    0000004c                   : BIOS.obj (.text:ti_sysbios_knl_Swi_runLoop__I)
                  00007554    00000004     --HOLE-- [fill = 0]
                  00007558    0000004c                   : BIOS.obj (.text:ti_sysbios_knl_Task_allBlockedFunction__I)
                  000075a4    00000004     --HOLE-- [fill = 0]
                  000075a8    0000004c                   : BIOS.obj (.text:ti_sysbios_knl_Task_schedule__I)
                  000075f4    00000048     MAES_lib.lib : User_Cond.obj (.text)
                  0000763c    00000048     rtsv7M4_T_le_v4SPD16_eabi.lib : fd_toi_t2.obj (.text)
                  00007684    00000004     --HOLE-- [fill = 0]
                  00007688    00000048     sysbios.aem4f : BIOS.obj (.text:ti_sysbios_family_arm_m3_Hwi_disableInterrupt__E)
                  000076d0    00000048                   : BIOS.obj (.text:ti_sysbios_family_arm_m3_Hwi_enableInterrupt__E)
                  00007718    00000048                   : BIOS.obj (.text:ti_sysbios_family_arm_m3_Hwi_excReserved__I)
                  00007760    00000048                   : BIOS.obj (.text:ti_sysbios_knl_Mailbox_Module_startup__E)
                  000077a8    00000046     ti.targets.arm.rtsarm.aem4f : Core-params.oem4f (.text:xdc_runtime_Core_assignParams__I)
                  000077ee    00000002     --HOLE-- [fill = 0]
                  000077f0    00000044     drivers_MSP432P401R.aem4f : PowerMSP432.oem4f (.text:Power_init)
                  00007834    00000004     --HOLE-- [fill = 0]
                  00007838    00000044     sysbios.aem4f : BIOS.obj (.text:ti_sysbios_family_arm_m3_Hwi_getStackInfo__E)
                  0000787c    00000004     --HOLE-- [fill = 0]
                  00007880    00000044                   : BIOS.obj (.text:ti_sysbios_knl_Swi_post__E)
                  000078c4    00000044     ti.targets.arm.rtsarm.aem4f : Error.oem4f (.text:xdc_runtime_Error_setX__E)
                  00007908    00000044                                 : SysMin.oem4f (.text:xdc_runtime_SysMin_flush__E)
                  0000794c    00000044                                 : Text.oem4f (.text:xdc_runtime_Text_xprintf__I)
                  00007990    00000040     msp432p4xx_driverlib.lib : flash.o (.text:FlashCtl_disableReadBuffering)
                  000079d0    00000040     drivers_MSP432P401R.aem4f : PowerMSP432.oem4f (.text:notify)
                  00007a10    00000040     rtsv7M4_T_le_v4SPD16_eabi.lib : u_divt2.obj (.text)
                  00007a50    00000040     sysbios.aem4f : BIOS.obj (.text:ti_sysbios_family_arm_msp432_Timer_Module_startup__E)
                  00007a90    00000040                   : BIOS.obj (.text:ti_sysbios_family_arm_msp432_Timer_startup__E)
                  00007ad0    00000040                   : BIOS.obj (.text:ti_sysbios_heaps_HeapMem_Instance_init__E)
                  00007b10    00000040                   : BIOS.obj (.text:ti_sysbios_knl_Task_yield__E)
                  00007b50    0000003c     power_tirtos_MSP432P401R.aem4f : PowerMSP432_tirtos.oem4f (.text:PowerMSP432_sleepPolicy)
                  00007b8c    00000004     --HOLE-- [fill = 0]
                  00007b90    0000003c     sysbios.aem4f : BIOS.obj (.text:ti_sysbios_family_arm_m3_Hwi_excSvCall__I)
                  00007bcc    00000004     --HOLE-- [fill = 0]
                  00007bd0    0000003c                   : BIOS.obj (.text:ti_sysbios_heaps_HeapMem_init__I)
                  00007c0c    00000004     --HOLE-- [fill = 0]
                  00007c10    0000003c                   : BIOS.obj (.text:ti_sysbios_knl_Swi_restore__E)
                  00007c4c    00000004     --HOLE-- [fill = 0]
                  00007c50    00000038                   : BIOS.obj (.text:ti_sysbios_family_arm_m3_Hwi_excNoIsr__I)
                  00007c88    00000038     ti.targets.arm.rtsarm.aem4f : SysMin.oem4f (.text:xdc_runtime_SysMin_putch__E)
                  00007cc0    00000038                                 : System.oem4f (.text:xdc_runtime_System_atexit__E)
                  00007cf8    00000034     msp432p4xx_driverlib.lib : flash.o (.text:FlashCtl_enableReadBuffering)
                  00007d2c    00000004     --HOLE-- [fill = 0]
                  00007d30    00000034     sysbios.aem4f : BIOS.obj (.text:ti_sysbios_family_arm_m3_Hwi_Instance_finalize__E)
                  00007d64    00000004     --HOLE-- [fill = 0]
                  00007d68    00000034                   : BIOS.obj (.text:ti_sysbios_family_arm_m3_Hwi_excNmi__I)
                  00007d9c    00000004     --HOLE-- [fill = 0]
                  00007da0    00000034                   : BIOS.obj (.text:ti_sysbios_hal_Hwi_checkStack)
                  00007dd4    00000034     ti.targets.arm.rtsarm.aem4f : Core-label.oem4f (.text:xdc_runtime_Core_assignLabel__I)
                  00007e08    00000033                                 : Text.oem4f (.text:xdc_runtime_Text_printVisFxn__I)
                  00007e3b    00000005     --HOLE-- [fill = 0]
                  00007e40    00000032     sysbios.aem4f : BIOS.obj (.text:ti_sysbios_hal_Hwi_initStack)
                  00007e72    00000002     --HOLE-- [fill = 0]
                  00007e74    00000030     msp432p4xx_driverlib.lib : gpio.o (.text:GPIO_getEnabledInterruptStatus)
                  00007ea4    00000030                              : gpio.o (.text:GPIO_setAsInputPinWithPullDownResistor)
                  00007ed4    00000030                              : gpio.o (.text:GPIO_setAsInputPinWithPullUpResistor)
                  00007f04    00000030     empty_min_pem4f.oem4f (.text:ti_sysbios_BIOS_atExitFunc__I)
                  00007f34    00000030     empty_min_pem4f.oem4f (.text:ti_sysbios_BIOS_startFunc__I)
                  00007f64    00000004     --HOLE-- [fill = 0]
                  00007f68    00000030     sysbios.aem4f : BIOS.obj (.text:ti_sysbios_family_arm_m3_TaskSupport_start__E)
                  00007f98    00000030                   : BIOS.obj (.text:ti_sysbios_family_arm_msp432_Timer_setPeriod__E)
                  00007fc8    00000030     empty_min_pem4f.oem4f (.text:ti_sysbios_gates_GateHwi_Object__create__S)
                  00007ff8    00000030     empty_min_pem4f.oem4f (.text:ti_sysbios_gates_GateMutex_Object__create__S)
                  00008028    00000030     sysbios.aem4f : BIOS.obj (.text:ti_sysbios_gates_GateMutex_enter__E)
                  00008058    00000030     empty_min_pem4f.oem4f (.text:ti_sysbios_heaps_HeapMem_Object__create__S)
                  00008088    00000030     sysbios.aem4f : BIOS.obj (.text:ti_sysbios_knl_Mailbox_postInit__I)
                  000080b8    00000030     empty_min_pem4f.oem4f (.text:ti_sysbios_knl_Semaphore_construct)
                  000080e8    00000030     sysbios.aem4f : BIOS.obj (.text:ti_sysbios_knl_Semaphore_pendTimeout__I)
                  00008118    00000030                   : BIOS.obj (.text:ti_sysbios_knl_Task_processVitalTaskFlag__I)
                  00008148    00000030                   : BIOS.obj (.text:ti_sysbios_knl_Task_unblockI__E)
                  00008178    00000030     ti.targets.arm.rtsarm.aem4f : SysMin.oem4f (.text:xdc_runtime_SysMin_abort__E)
                  000081a8    00000030                                 : System.oem4f (.text:xdc_runtime_System_processAtExit__E)
                  000081d8    0000002e     rtsv7M4_T_le_v4SPD16_eabi.lib : i_tofd_t2.obj (.text)
                  00008206    00000002     --HOLE-- [fill = 0]
                  00008208    0000002c     msp432p4xx_driverlib.lib : gpio.o (.text:GPIO_setAsInputPin)
                  00008234    0000002c                              : pcm.o (.text:PCM_getCoreVoltageLevel)
                  00008260    0000002c     power_tirtos_MSP432P401R.aem4f : PowerMSP432_tirtos.oem4f (.text:PowerMSP432_updateFreqs)
                  0000828c    0000002c     main.obj (.text:_ZN14PrintBehaviour6actionEv)
                  000082b8    0000002c     empty_min_pem4f.oem4f (.text:ti_sysbios_knl_Clock_doTick__I)
                  000082e4    0000002c     empty_min_pem4f.oem4f (.text:ti_sysbios_knl_Queue_construct)
                  00008310    0000002c     sysbios.aem4f : BIOS.obj (.text:ti_sysbios_knl_Task_restore__E)
                  0000833c    0000002c     ti.targets.arm.rtsarm.aem4f : Text.oem4f (.text:xdc_runtime_Text_cordText__E)
                  00008368    0000002a     msp432p4xx_driverlib.lib : pcm.o (.text:PCM_getPowerMode)
                  00008392    0000002a     ti.targets.arm.rtsarm.aem4f : System.oem4f (.text:xdc_runtime_System_putchar__I)
                  000083bc    00000028     msp432p4xx_driverlib.lib : flash.o (.text:FlashCtl_setWaitState)
                  000083e4    00000028     drivers_MSP432P401R.aem4f : GPIOMSP432.oem4f (.text:GPIO_enableInt)
                  0000840c    00000028     msp432p4xx_driverlib.lib : pcm.o (.text:PCM_gotoLPM0)
                  00008434    00000028     main.obj (.text:_ZN13FDIRbehaviour5setupEv)
                  0000845c    00000004     --HOLE-- [fill = 0]
                  00008460    00000028     sysbios.aem4f : BIOS.obj (.text:ti_sysbios_knl_Clock_addI__E)
                  00008488    00000028                   : BIOS.obj (.text:ti_sysbios_knl_Swi_Module_startup__E)
                  000084b0    00000026                   : m3_Hwi_asm.obj (.text:ti_sysbios_family_arm_m3_Hwi_pendSV__I)
                  000084d6    00000026     ti.targets.arm.rtsarm.aem4f : System.oem4f (.text:xdc_runtime_System_avprintf__E)
                  000084fc    00000024     msp432p4xx_driverlib.lib : cs.o (.text:CS_setDCOCenteredFrequency)
                  00008520    00000024                              : gpio.o (.text:GPIO_setAsOutputPin)
                  00008544    00000024                              : rtc_c.o (.text:RTC_C_holdClock)
                  00008568    00000024                              : rtc_c.o (.text:RTC_C_startClock)
                  0000858c    00000024     empty_min_pem4f.oem4f (.text:ti_sysbios_BIOS_errorRaiseHook__I)
                  000085b0    00000024     empty_min_pem4f.oem4f (.text:ti_sysbios_BIOS_registerRTSLock__I)
                  000085d4    00000024     empty_min_pem4f.oem4f (.text:ti_sysbios_BIOS_removeRTSLock__I)
                  000085f8    00000024     sysbios.aem4f : BIOS.obj (.text:ti_sysbios_family_arm_msp432_ClockFreqs_setFrequency__E)
                  0000861c    00000004     --HOLE-- [fill = 0]
                  00008620    00000024                   : BIOS.obj (.text:ti_sysbios_family_arm_msp432_Timer_postInit__I)
                  00008644    00000024     empty_min_pem4f.oem4f (.text:ti_sysbios_gates_GateMutex_Object__delete__S)
                  00008668    00000024     sysbios.aem4f : BIOS.obj (.text:ti_sysbios_knl_Clock_Module_startup__E)
                  0000868c    00000004     --HOLE-- [fill = 0]
                  00008690    00000024                   : BIOS.obj (.text:ti_sysbios_knl_Semaphore_Instance_init__E)
                  000086b4    00000004     --HOLE-- [fill = 0]
                  000086b8    00000024                   : BIOS.obj (.text:ti_sysbios_knl_Task_getMode__E)
                  000086dc    00000004     --HOLE-- [fill = 0]
                  000086e0    00000024                   : BIOS.obj (.text:ti_sysbios_knl_Task_restoreHwi__E)
                  00008704    00000024     ti.targets.arm.rtsarm.aem4f : System.oem4f (.text:xdc_runtime_System_vprintf__E)
                  00008728    00000022     empty_min_pem4f.oem4f (.text:xdc_runtime_SysMin_output__I)
                  0000874a    00000002     --HOLE-- [fill = 0]
                  0000874c    00000020     msp432p4xx_driverlib.lib : gpio.o (.text:GPIO_interruptEdgeSelect)
                  0000876c    00000020     empty_min_pem4f.oem4f (.text:ti_sysbios_BIOS_rtsLock__I)
                  0000878c    00000020     sysbios.aem4f : m3_Hwi_asm.obj (.text:ti_sysbios_family_arm_m3_Hwi_excHandlerAsm__I)
                  000087ac    00000004     --HOLE-- [fill = 0]
                  000087b0    00000020                   : BIOS.obj (.text:ti_sysbios_family_arm_m3_Hwi_excHandler__I)
                  000087d0    00000020     empty_min_pem4f.oem4f (.text:ti_sysbios_gates_GateHwi_Object__delete__S)
                  000087f0    00000020     empty_min_pem4f.oem4f (.text:ti_sysbios_heaps_HeapMem_Object__delete__S)
                  00008810    00000020     sysbios.aem4f : BIOS.obj (.text:ti_sysbios_knl_Idle_run__E)
                  00008830    00000020     empty_min_pem4f.oem4f (.text:ti_sysbios_knl_Mailbox_Object__delete__S)
                  00008850    00000020     empty_min_pem4f.oem4f (.text:ti_sysbios_knl_Semaphore_Object__destruct__S)
                  00008870    00000020     empty_min_pem4f.oem4f (.text:ti_sysbios_knl_Task_Object__delete__S)
                  00008890    00000020     ti.targets.arm.rtsarm.aem4f : Registry.oem4f (.text:xdc_runtime_Registry_findById__E)
                  000088b0    00000020                                 : SysMin.oem4f (.text:xdc_runtime_SysMin_Module_startup__E)
                  000088d0    0000001e     sysbios.aem4f : m3_Hwi_asm_switch.obj (.text:ti_sysbios_family_xxx_Hwi_switchAndRunFunc)
                  000088ee    00000002     --HOLE-- [fill = 0]
                  000088f0    0000001c     msp432p4xx_driverlib.lib : pcm.o (.text:PCM_enableRudeMode)
                  0000890c    0000001c     rtsv7M4_T_le_v4SPD16_eabi.lib : memccpy.obj (.text)
                  00008928    0000001c     sysbios.aem4f : BIOS.obj (.text:ti_sysbios_gates_GateMutex_Instance_init__E)
                  00008944    0000001c     empty_min_pem4f.oem4f (.text:ti_sysbios_knl_Queue_Object__destruct__S)
                  00008960    0000001c     sysbios.aem4f : BIOS.obj (.text:ti_sysbios_knl_Queue_get__E)
                  0000897c    00000004     --HOLE-- [fill = 0]
                  00008980    0000001c                   : BIOS.obj (.text:ti_sysbios_knl_Queue_put__E)
                  0000899c    00000004     --HOLE-- [fill = 0]
                  000089a0    0000001c                   : BIOS.obj (.text:ti_sysbios_knl_Task_enter__I)
                  000089bc    0000001c     ti.targets.arm.rtsarm.aem4f : Error.oem4f (.text:xdc_runtime_Error_raiseX__E)
                  000089d8    0000001c                                 : Memory.oem4f (.text:xdc_runtime_Memory_valloc__E)
                  000089f4    0000001c                                 : SysMin.oem4f (.text:xdc_runtime_SysMin_exit__E)
                  00008a10    0000001c                                 : System.oem4f (.text:xdc_runtime_System_abort__E)
                  00008a2c    0000001a     main.obj (.text:_Z11wrapperFDIRjj)
                  00008a46    0000001a     main.obj (.text:_Z12wrapperPrintjj)
                  00008a60    0000001a     main.obj (.text:_Z13wrapperWorkerjj)
                  00008a7a    0000001a     main.obj (.text:_Z17wrapperSupervisorjj)
                  00008a94    0000001a     empty_min_pem4f.oem4f (.text:xdc_runtime_System_aprintf__E)
                  00008aae    0000001a     empty_min_pem4f.oem4f (.text:xdc_runtime_System_printf__E)
                  00008ac8    00000018     msp432p4xx_driverlib.lib : gpio.o (.text:GPIO_clearInterruptFlag)
                  00008ae0    00000018                              : gpio.o (.text:GPIO_setDriveStrengthLow)
                  00008af8    00000018                              : gpio.o (.text:GPIO_setOutputLowOnPin)
                  00008b10    00000018                              : wdt_a.o (.text:WDT_A_holdTimer)
                  00008b28    00000018     main.obj (.text:_ZN13FDIRbehaviourC1Ev)
                  00008b40    00000018     main.obj (.text:_ZN14PrintBehaviourC1Ev)
                  00008b58    00000018     main.obj (.text:_ZN15WorkerBehaviourC1Ev)
                  00008b70    00000018     main.obj (.text:_ZN19SupervisorBehaviourC1Ev)
                  00008b88    00000018     MAES_lib.lib : Agent_Platform.obj (.text:_ZN4MAES13USER_DEF_CONDC1Ev)
                  00008ba0    00000018     empty_min_pem4f.oem4f (.text:free)
                  00008bb8    00000018     rtsv7M4_T_le_v4SPD16_eabi.lib : args_main.obj (.text)
                  00008bd0    00000018                                   : strcmp.obj (.text)
                  00008be8    00000018     empty_min_pem4f.oem4f (.text:ti_sysbios_BIOS_rtsUnlock__I)
                  00008c00    00000018     empty_min_pem4f.oem4f (.text:ti_sysbios_family_arm_m3_Hwi_Handle__label__S)
                  00008c18    00000018     empty_min_pem4f.oem4f (.text:ti_sysbios_family_arm_m3_Hwi_Module__startupDone__F)
                  00008c30    00000018     sysbios.aem4f : m3_TaskSupport_asm.obj (.text:ti_sysbios_family_arm_m3_TaskSupport_swap__E)
                  00008c48    00000018     empty_min_pem4f.oem4f (.text:ti_sysbios_family_arm_msp432_Timer_Module__startupDone__F)
                  00008c60    00000018     empty_min_pem4f.oem4f (.text:ti_sysbios_gates_GateHwi_Handle__label__S)
                  00008c78    00000018     empty_min_pem4f.oem4f (.text:ti_sysbios_gates_GateMutex_Handle__label__S)
                  00008c90    00000018     sysbios.aem4f : BIOS.obj (.text:ti_sysbios_gates_GateMutex_leave__E)
                  00008ca8    00000018     empty_min_pem4f.oem4f (.text:ti_sysbios_heaps_HeapMem_Handle__label__S)
                  00008cc0    00000018     empty_min_pem4f.oem4f (.text:ti_sysbios_knl_Swi_Handle__label__S)
                  00008cd8    00000018     empty_min_pem4f.oem4f (.text:ti_sysbios_knl_Task_Handle__label__S)
                  00008cf0    00000018     sysbios.aem4f : BIOS.obj (.text:ti_sysbios_knl_Task_sleepTimeout__I)
                  00008d08    00000018     ti.targets.arm.rtsarm.aem4f : Error.oem4f (.text:xdc_runtime_Error_check__E)
                  00008d20    00000018                                 : System.oem4f (.text:xdc_runtime_System_exit__E)
                  00008d38    00000018                                 : Text.oem4f (.text:xdc_runtime_Text_ropeText__E)
                  00008d50    00000016     rtsv7M4_T_le_v4SPD16_eabi.lib : strchr.obj (.text)
                  00008d66    00000016     empty_min_pem4f.oem4f (.text:ti_sysbios_BIOS_exitFunc__I)
                  00008d7c    00000004     --HOLE-- [fill = 0]
                  00008d80    00000016     sysbios.aem4f : BIOS.obj (.text:ti_sysbios_knl_Task_getFunc__E)
                  00008d96    00000002     --HOLE-- [fill = 0]
                  00008d98    00000016                   : BIOS.obj (.text:ti_sysbios_knl_Task_unblock__E)
                  00008dae    00000002     --HOLE-- [fill = 0]
                  00008db0    00000014     msp432p4xx_driverlib.lib : gpio.o (.text:GPIO_enableInterrupt)
                  00008dc4    00000014                              : gpio.o (.text:GPIO_setDriveStrengthHigh)
                  00008dd8    00000014                              : gpio.o (.text:GPIO_setOutputHighOnPin)
                  00008dec    00000014     drivers_MSP432P401R.aem4f : PowerMSP432.oem4f (.text:Power_idleFunc)
                  00008e00    00000014     msp432p4xx_driverlib.lib : wdt_a.o (.text:WDT_A_startTimer)
                  00008e14    00000014     main.obj (.text:_Z14gpioButtonFxn0j)
                  00008e28    00000014     main.obj (.text:_ZN13FDIRbehaviour16failure_recoveryEv)
                  00008e3c    00000014     main.obj (.text:_ZN13FDIRbehaviour22failure_identificationEv)
                  00008e50    00000014     main.obj (.text:_ZN13FDIRbehaviour6actionEv)
                  00008e64    00000014     rtsv7M4_T_le_v4SPD16_eabi.lib : _lock.obj (.text)
                  00008e78    00000014                                   : s_copysign.obj (.text)
                  00008e8c    00000014                                   : strcpy.obj (.text)
                  00008ea0    00000014                                   : strlen.obj (.text)
                  00008eb4    00000014     empty_min_pem4f.oem4f (.text:ti_sysbios_family_arm_m3_Hwi_Object__get__S)
                  00008ec8    00000014     sysbios.aem4f : BIOS.obj (.text:ti_sysbios_family_arm_m3_Hwi_switchFromBootStack__E)
                  00008edc    00000014     empty_min_pem4f.oem4f (.text:ti_sysbios_heaps_HeapMem_Object__get__S)
                  00008ef0    00000014     empty_min_pem4f.oem4f (.text:ti_sysbios_knl_Swi_Object__get__S)
                  00008f04    00000014     empty_min_pem4f.oem4f (.text:ti_sysbios_knl_Task_Object__first__S)
                  00008f18    00000014     empty_min_pem4f.oem4f (.text:ti_sysbios_knl_Task_Object__next__S)
                  00008f2c    00000004     --HOLE-- [fill = 0]
                  00008f30    00000012     sysbios.aem4f : BIOS.obj (.text:ti_sysbios_hal_Hwi_Module_startup__E)
                  00008f42    00000012     empty_min_pem4f.oem4f (.text:xdc_runtime_Startup_exec__I)
                  00008f54    00000010     msp432p4xx_driverlib.lib : gpio.o (.text:GPIO_getInterruptStatus)
                  00008f64    00000010                              : pcm.o (.text:PCM_gotoLPM4)
                  00008f74    00000004     --HOLE-- [fill = 0]
                  00008f78    00000010     sysbios.aem4f : BIOS.obj (.text:ti_sysbios_BIOS_exit__E)
                  00008f88    00000010                   : BIOS.obj (.text:ti_sysbios_BIOS_setCpuFreq__E)
                  00008f98    00000010                   : BIOS.obj (.text:ti_sysbios_BIOS_setThreadType__E)
                  00008fa8    00000010                   : BIOS.obj (.text:ti_sysbios_BIOS_start__E)
                  00008fb8    00000010                   : m3_TaskSupport_asm.obj (.text:ti_sysbios_family_arm_m3_TaskSupport_glue)
                  00008fc8    00000010                   : BIOS.obj (.text:ti_sysbios_family_arm_msp432_init_Boot_disableWatchdog)
                  00008fd8    00000010                   : BIOS.obj (.text:ti_sysbios_gates_GateMutex_Instance_finalize__E)
                  00008fe8    00000010     empty_min_pem4f.oem4f (.text:ti_sysbios_knl_Mailbox_Object__get__S)
                  00008ff8    00000010     sysbios.aem4f : BIOS.obj (.text:ti_sysbios_knl_Semaphore_Instance_finalize__E)
                  00009008    00000010                   : BIOS.obj (.text:ti_sysbios_knl_Swi_disable__E)
                  00009018    00000010                   : BIOS.obj (.text:ti_sysbios_knl_Task_disable__E)
                  00009028    00000010     ti.targets.arm.rtsarm.aem4f : Gate.oem4f (.text:xdc_runtime_Gate_leaveSystem__E)
                  00009038    00000010                                 : Memory.oem4f (.text:xdc_runtime_Memory_free__E)
                  00009048    00000010                                 : SysMin.oem4f (.text:xdc_runtime_SysMin_ready__E)
                  00009058    00000010                                 : System.oem4f (.text:xdc_runtime_System_vsnprintf__E)
                  00009068    0000000e     tirtosport.aem4f : HwiP_tirtos.oem4f (.text:HwiP_Params_init)
                  00009076    0000000e     rtsv7M4_T_le_v4SPD16_eabi.lib : copy_decompress_none.obj (.text:decompress:none)
                  00009084    00000004     --HOLE-- [fill = 0]
                  00009088    0000000e     sysbios.aem4f : BIOS.obj (.text:ti_sysbios_knl_Queue_empty__E)
                  00009096    0000000e     empty_min_pem4f.oem4f (.text:ti_sysbios_knl_Task_Object__get__S)
                  000090a4    0000000c     empty_min_pem4f.oem4f (.text:.bootCodeSection:ti_sysbios_family_arm_msp432_init_Boot_init__I)
                  000090b0    0000000c     msp432p4xx_driverlib.lib : cpu.o (.text:CPU_cpsid)
                  000090bc    0000000c                              : cpu.o (.text:CPU_cpsie)
                  000090c8    0000000c                              : pcm.o (.text:PCM_getPowerState)
                  000090d4    0000000c     drivers_MSP432P401R.aem4f : PowerMSP432.oem4f (.text:Power_getConstraintMask)
                  000090e0    0000000c     rtsv7M4_T_le_v4SPD16_eabi.lib : copy_zero_init.obj (.text:decompress:ZI)
                  000090ec    0000000c     empty_min_pem4f.oem4f (.text:ti_sysbios_family_arm_m3_Hwi_Params__init__S)
                  000090f8    0000000c     sysbios.aem4f : BIOS.obj (.text:ti_sysbios_family_arm_m3_Hwi_disableFxn__E)
                  00009104    00000004     --HOLE-- [fill = 0]
                  00009108    0000000c                   : BIOS.obj (.text:ti_sysbios_family_arm_m3_TaskSupport_getStackAlignment__E)
                  00009114    00000004     --HOLE-- [fill = 0]
                  00009118    0000000c                   : BIOS.obj (.text:ti_sysbios_family_arm_msp432_Timer_getMaxTicks__E)
                  00009124    00000004     --HOLE-- [fill = 0]
                  00009128    0000000c                   : BIOS.obj (.text:ti_sysbios_gates_GateHwi_enter__E)
                  00009134    0000000c     empty_min_pem4f.oem4f (.text:ti_sysbios_knl_Mailbox_Params__init__S)
                  00009140    0000000c     empty_min_pem4f.oem4f (.text:ti_sysbios_knl_Queue_Object__get__S)
                  0000914c    0000000c     empty_min_pem4f.oem4f (.text:ti_sysbios_knl_Semaphore_Params__init__S)
                  00009158    0000000c     empty_min_pem4f.oem4f (.text:ti_sysbios_knl_Task_Params__init__S)
                  00009164    00000004     --HOLE-- [fill = 0]
                  00009168    0000000c     sysbios.aem4f : BIOS.obj (.text:ti_sysbios_knl_Task_self__E)
                  00009174    0000000c     ti.targets.arm.rtsarm.aem4f : Error.oem4f (.text:xdc_runtime_Error_init__E)
                  00009180    0000000c                                 : Gate.oem4f (.text:xdc_runtime_Gate_enterSystem__E)
                  0000918c    0000000c                                 : Memory.oem4f (.text:xdc_runtime_Memory_calloc__E)
                  00009198    0000000c                                 : Memory.oem4f (.text:xdc_runtime_Memory_getMaxDefaultTypeAlign__E)
                  000091a4    0000000c                                 : Startup.oem4f (.text:xdc_runtime_Startup_rtsDone__E)
                  000091b0    0000000a     empty_min_pem4f.oem4f (.text:xdc_runtime_IHeap_alloc)
                  000091ba    0000000a     empty_min_pem4f.oem4f (.text:xdc_runtime_IHeap_free)
                  000091c4    0000000a     empty_min_pem4f.oem4f (.text:xdc_runtime_Text_visitRope__I)
                  000091ce    00000008     MSP_EXP432P401R.obj (.text:MSP_EXP432P401R_initGPIO)
                  000091d6    00000008     MSP_EXP432P401R.obj (.text:MSP_EXP432P401R_initGeneral)
                  000091de    00000008     msp432p4xx_driverlib.lib : pcm.o (.text:PCM_setPowerMode)
                  000091e6    00000008                              : pcm.o (.text:PCM_setPowerState)
                  000091ee    00000008     rtsv7M4_T_le_v4SPD16_eabi.lib : delete.obj (.text)
                  000091f6    00000002     --HOLE-- [fill = 0]
                  000091f8    00000008     sysbios.aem4f : BIOS.obj (.text:ti_sysbios_family_arm_m3_Hwi_doSwiRestore__I)
                  00009200    00000008                   : BIOS.obj (.text:ti_sysbios_family_arm_m3_Hwi_startup__E)
                  00009208    00000006                   : BIOS.obj (.text:ti_sysbios_family_arm_m3_Hwi_doTaskRestore__I)
                  0000920e    00000002     --HOLE-- [fill = 0]
                  00009210    00000006                   : BIOS.obj (.text:ti_sysbios_family_arm_m3_Hwi_restoreFxn__E)
                  00009216    00000002     --HOLE-- [fill = 0]
                  00009218    00000006                   : BIOS.obj (.text:ti_sysbios_gates_GateHwi_leave__E)
                  0000921e    00000002     --HOLE-- [fill = 0]
                  00009220    00000006                   : BIOS.obj (.text:ti_sysbios_heaps_HeapMem_isBlocking__E)
                  00009226    00000002     --HOLE-- [fill = 0]
                  00009228    00000006                   : BIOS.obj (.text:ti_sysbios_knl_Queue_Instance_init__E)
                  0000922e    00000002     --HOLE-- [fill = 0]
                  00009230    00000006                   : BIOS.obj (.text:ti_sysbios_knl_Swi_startup__E)
                  00009236    00000006     ti.targets.arm.rtsarm.aem4f : System.oem4f (.text:xdc_runtime_System_Module_startup__E)
                  0000923c    00000004     --HOLE-- [fill = 0]
                  00009240    00000004     sysbios.aem4f : BIOS.obj (.text:ti_sysbios_gates_GateHwi_query__E)
                  00009244    00000004     --HOLE-- [fill = 0]
                  00009248    00000004                   : BIOS.obj (.text:ti_sysbios_gates_GateMutex_query__E)
                  0000924c    00000004     --HOLE-- [fill = 0]
                  00009250    00000004                   : BIOS.obj (.text:ti_sysbios_knl_Task_getEnv__E)
                  00009254    00000004     --HOLE-- [fill = 0]
                  00009258    00000004                   : BIOS.obj (.text:ti_sysbios_knl_Task_getPri__E)
                  0000925c    00000004     --HOLE-- [fill = 0]
                  00009260    00000004                   : BIOS.obj (.text:ti_sysbios_knl_Task_setEnv__E)
                  00009264    00000004     --HOLE-- [fill = 0]
                  00009268    00000004                   : BIOS.obj (.text:ti_sysbios_knl_Task_startup__E)
                  0000926c    00000004     --HOLE-- [fill = 0]
                  00009270    00000002                   : BIOS.obj (.text:ti_sysbios_BIOS_linkedWithIncorrectBootLibrary__E)
                  00009272    00000006     --HOLE-- [fill = 0]
                  00009278    00000002                   : BIOS.obj (.text:ti_sysbios_gates_GateHwi_Instance_init__E)
                  0000927a    00000006     --HOLE-- [fill = 0]
                  00009280    00000002                   : BIOS.obj (.text:ti_sysbios_knl_Clock_logTick__E)

.const     0    00009284    00002148     
                  00009284    0000176d     empty_min_pem4f.oem4f (.const:xdc_runtime_Text_charTab__A)
                  0000a9f1    00000101     rtsv7M4_T_le_v4SPD16_eabi.lib : ctype.obj (.const:.string:_ctypes_)
                  0000aaf2    00000002                                   : typeinfo_.obj (.const:.typeinfo:_ZTSe)
                  0000aaf4    00000048     empty_min_pem4f.oem4f (.const:.string)
                  0000ab3c    0000003c     empty_min_pem4f.oem4f (.const:ti_sysbios_knl_Task_Object__PARAMS__C)
                  0000ab78    00000034     empty_min_pem4f.oem4f (.const:ti_sysbios_knl_Mailbox_Object__PARAMS__C)
                  0000abac    00000030     empty_min_pem4f.oem4f (.const:ti_sysbios_family_arm_m3_Hwi_Object__PARAMS__C)
                  0000abdc    0000002a     main.obj (.const:.string:_ZZN19SupervisorBehaviour6actionEvEs)
                  0000ac06    00000028     rtsv7M4_T_le_v4SPD16_eabi.lib : typeinfo_.obj (.const:.typeinfo:_ZTSN10__cxxabiv123__fundamental_type_infoE)
                  0000ac2e    00000002     empty_min_pem4f.oem4f (.const:ti_sysbios_family_arm_m3_Hwi_Module__id__C)
                  0000ac30    00000028     empty_min_pem4f.oem4f (.const:ti_sysbios_heaps_HeapMem_Module__FXNS__C)
                  0000ac58    00000025     rtsv7M4_T_le_v4SPD16_eabi.lib : typeinfo_.obj (.const:.typeinfo:_ZTSN10__cxxabiv120__si_class_type_infoE)
                  0000ac7d    00000024                                   : typeinfo_.obj (.const:.typeinfo:_ZTSN10__cxxabiv119__pointer_type_infoE)
                  0000aca1    00000001     empty_min_pem4f.oem4f (.const:xdc_runtime_Error_policy__C)
                  0000aca2    00000002     empty_min_pem4f.oem4f (.const:ti_sysbios_hal_Hwi_Module__id__C)
                  0000aca4    00000024     empty_min_pem4f.oem4f (.const:ti_sysbios_gates_GateHwi_Module__FXNS__C)
                  0000acc8    00000024     empty_min_pem4f.oem4f (.const:ti_sysbios_gates_GateMutex_Module__FXNS__C)
                  0000acec    00000024     empty_min_pem4f.oem4f (.const:ti_sysbios_heaps_HeapMem_Object__PARAMS__C)
                  0000ad10    00000024     empty_min_pem4f.oem4f (.const:ti_sysbios_knl_Semaphore_Object__PARAMS__C)
                  0000ad34    00000024     empty_min_pem4f.oem4f (.const:xdc_runtime_Startup_sfxnTab__A)
                  0000ad58    00000022     rtsv7M4_T_le_v4SPD16_eabi.lib : typeinfo_.obj (.const:.typeinfo:_ZTSN10__cxxabiv117__class_type_infoE)
                  0000ad7a    00000022                                   : typeinfo_.obj (.const:.typeinfo:_ZTSN10__cxxabiv117__pbase_type_infoE)
                  0000ad9c    00000020     main.obj (.const:_ZTV13FDIRbehaviour)
                  0000adbc    00000020     main.obj (.const:_ZTV14PrintBehaviour)
                  0000addc    00000020     main.obj (.const:_ZTV15WorkerBehaviour)
                  0000adfc    00000020     main.obj (.const:_ZTV19SupervisorBehaviour)
                  0000ae1c    00000020     MAES_lib.lib : User_Cond.obj (.const:_ZTVN4MAES13USER_DEF_CONDE)
                  0000ae3c    00000020                  : Behaviour.obj (.const:_ZTVN4MAES15CyclicBehaviourE)
                  0000ae5c    00000020                  : Behaviour.obj (.const:_ZTVN4MAES16OneShotBehaviourE)
                  0000ae7c    00000020                  : Behaviour.obj (.const:_ZTVN4MAES17Generic_BehaviourE)
                  0000ae9c    00000020     empty_min_pem4f.oem4f (.const:ti_sysbios_family_arm_m3_Hwi_Object__DESC__C)
                  0000aebc    00000020     empty_min_pem4f.oem4f (.const:ti_sysbios_gates_GateHwi_Object__DESC__C)
                  0000aedc    00000020     empty_min_pem4f.oem4f (.const:ti_sysbios_gates_GateMutex_Object__DESC__C)
                  0000aefc    00000020     empty_min_pem4f.oem4f (.const:ti_sysbios_heaps_HeapMem_Object__DESC__C)
                  0000af1c    00000020     empty_min_pem4f.oem4f (.const:ti_sysbios_knl_Mailbox_Object__DESC__C)
                  0000af3c    00000020     empty_min_pem4f.oem4f (.const:ti_sysbios_knl_Queue_Object__DESC__C)
                  0000af5c    00000020     empty_min_pem4f.oem4f (.const:ti_sysbios_knl_Semaphore_Object__DESC__C)
                  0000af7c    00000020     empty_min_pem4f.oem4f (.const:ti_sysbios_knl_Task_Object__DESC__C)
                  0000af9c    0000001d     main.obj (.const:.string:_ZZN13FDIRbehaviour17failure_detectionEvEs)
                  0000afb9    0000001b     MAES_lib.lib : Behaviour.obj (.const:.typeinfo:_ZTSN4MAES17Generic_BehaviourE)
                  0000afd4    0000001a                  : Behaviour.obj (.const:.typeinfo:_ZTSN4MAES16OneShotBehaviourE)
                  0000afee    00000019     main.obj (.const:.string:_ZZN13FDIRbehaviour16failure_recoveryEvEs)
                  0000b007    00000019     MAES_lib.lib : Behaviour.obj (.const:.typeinfo:_ZTSN4MAES15CyclicBehaviourE)
                  0000b020    00000018     empty_min_pem4f.oem4f (.const:ti_sysbios_gates_GateHwi_Object__PARAMS__C)
                  0000b038    00000018     empty_min_pem4f.oem4f (.const:ti_sysbios_gates_GateMutex_Object__PARAMS__C)
                  0000b050    00000018     empty_min_pem4f.oem4f (.const:ti_sysbios_knl_Queue_Object__PARAMS__C)
                  0000b068    00000017     MAES_lib.lib : User_Cond.obj (.const:.typeinfo:_ZTSN4MAES13USER_DEF_CONDE)
                  0000b07f    00000016     main.obj (.const:.typeinfo:_ZTS19SupervisorBehaviour)
                  0000b095    00000015     main.obj (.const:.string:_ZZN13FDIRbehaviour22failure_identificationEvEs)
                  0000b0aa    00000002     empty_min_pem4f.oem4f (.const:ti_sysbios_heaps_HeapMem_Module__id__C)
                  0000b0ac    00000014     MSP_EXP432P401R.obj (.const:GPIOMSP432_config)
                  0000b0c0    00000012     main.obj (.const:.typeinfo:_ZTS15WorkerBehaviour)
                  0000b0d2    00000012     empty_min_pem4f.oem4f (.const:xdc_runtime_Startup_sfxnRts__A)
                  0000b0e4    00000011     main.obj (.const:.typeinfo:_ZTS14PrintBehaviour)
                  0000b0f5    00000001     --HOLE-- [fill = 0]
                  0000b0f6    00000002     empty_min_pem4f.oem4f (.const:xdc_runtime_Core_Module__id__C)
                  0000b0f8    00000010     rtsv7M4_T_le_v4SPD16_eabi.lib : typeinfo_.obj (.const:.typeinfo:_ZTIPKe)
                  0000b108    00000010     main.obj (.const:.typeinfo:_ZTS13FDIRbehaviour)
                  0000b118    00000010     MSP_EXP432P401R.obj (.const:PowerMSP432_config)
                  0000b128    00000010     rtsv7M4_T_le_v4SPD16_eabi.lib : typeinfo_.obj (.const:_ZTVN10__cxxabiv117__class_type_infoE)
                  0000b138    00000010                                   : typeinfo_.obj (.const:_ZTVN10__cxxabiv119__pointer_type_infoE)
                  0000b148    00000010                                   : typeinfo_.obj (.const:_ZTVN10__cxxabiv120__si_class_type_infoE)
                  0000b158    00000010                                   : typeinfo_.obj (.const:_ZTVN10__cxxabiv123__fundamental_type_infoE)
                  0000b168    00000010     empty_min_pem4f.oem4f (.const:xdc_runtime_Text_nodeTab__A)
                  0000b178    0000000e     main.obj (.const:.string:_ZZN13FDIRbehaviour5setupEvEs)
                  0000b186    0000000d     rtsv7M4_T_le_v4SPD16_eabi.lib : typeinfo_.obj (.const:.typeinfo:_ZTSSt9type_info)
                  0000b193    0000000c     main.obj (.const:.string:_ZZN14PrintBehaviour6actionEvEs)
                  0000b19f    0000000c     drivers_MSP432P401R.aem4f : GPIOMSP432.oem4f (.const:.string)
                  0000b1ab    00000001     --HOLE-- [fill = 0]
                  0000b1ac    0000000c     main.obj (.const:.typeinfo:_ZTI13FDIRbehaviour)
                  0000b1b8    0000000c     main.obj (.const:.typeinfo:_ZTI14PrintBehaviour)
                  0000b1c4    0000000c     main.obj (.const:.typeinfo:_ZTI15WorkerBehaviour)
                  0000b1d0    0000000c     main.obj (.const:.typeinfo:_ZTI19SupervisorBehaviour)
                  0000b1dc    0000000c     rtsv7M4_T_le_v4SPD16_eabi.lib : typeinfo_.obj (.const:.typeinfo:_ZTIN10__cxxabiv117__class_type_infoE)
                  0000b1e8    0000000c                                   : typeinfo_.obj (.const:.typeinfo:_ZTIN10__cxxabiv117__pbase_type_infoE)
                  0000b1f4    0000000c                                   : typeinfo_.obj (.const:.typeinfo:_ZTIN10__cxxabiv119__pointer_type_infoE)
                  0000b200    0000000c                                   : typeinfo_.obj (.const:.typeinfo:_ZTIN10__cxxabiv120__si_class_type_infoE)
                  0000b20c    0000000c                                   : typeinfo_.obj (.const:.typeinfo:_ZTIN10__cxxabiv123__fundamental_type_infoE)
                  0000b218    0000000c     MAES_lib.lib : Behaviour.obj (.const:.typeinfo:_ZTIN4MAES15CyclicBehaviourE)
                  0000b224    0000000c                  : Behaviour.obj (.const:.typeinfo:_ZTIN4MAES16OneShotBehaviourE)
                  0000b230    0000000c     empty_min_pem4f.oem4f (.const:xdc_runtime_Startup_firstFxns__A)
                  0000b23c    00000008     MAES_lib.lib : User_Cond.obj (.const:.typeinfo:_ZTIN4MAES13USER_DEF_CONDE)
                  0000b244    00000008                  : Behaviour.obj (.const:.typeinfo:_ZTIN4MAES17Generic_BehaviourE)
                  0000b24c    00000008     rtsv7M4_T_le_v4SPD16_eabi.lib : typeinfo_.obj (.const:.typeinfo:_ZTISt9type_info)
                  0000b254    00000008                                   : typeinfo_.obj (.const:.typeinfo:_ZTIe)
                  0000b25c    00000008     empty_min_pem4f.oem4f (.const:ti_sysbios_family_arm_m3_Hwi_excHookFuncs__A)
                  0000b264    00000008     empty_min_pem4f.oem4f (.const:ti_sysbios_knl_Idle_funcList__A)
                  0000b26c    00000008     empty_min_pem4f.oem4f (.const:ti_sysbios_knl_Idle_funcList__C)
                  0000b274    00000008     empty_min_pem4f.oem4f (.const:xdc_runtime_Startup_firstFxns__C)
                  0000b27c    00000008     empty_min_pem4f.oem4f (.const:xdc_runtime_Startup_lastFxns__C)
                  0000b284    00000004     rtsv7M4_T_le_v4SPD16_eabi.lib : typeinfo_.obj (.const:.typeinfo:_ZTSPKe)
                  0000b288    00000004     empty_min_pem4f.oem4f (.const:ti_sysbios_family_arm_m3_Hwi_E_NMI__C)
                  0000b28c    00000004     empty_min_pem4f.oem4f (.const:ti_sysbios_family_arm_m3_Hwi_E_alreadyDefined__C)
                  0000b290    00000004     empty_min_pem4f.oem4f (.const:ti_sysbios_family_arm_m3_Hwi_E_busFault__C)
                  0000b294    00000004     empty_min_pem4f.oem4f (.const:ti_sysbios_family_arm_m3_Hwi_E_debugMon__C)
                  0000b298    00000004     empty_min_pem4f.oem4f (.const:ti_sysbios_family_arm_m3_Hwi_E_hardFault__C)
                  0000b29c    00000004     empty_min_pem4f.oem4f (.const:ti_sysbios_family_arm_m3_Hwi_E_memFault__C)
                  0000b2a0    00000004     empty_min_pem4f.oem4f (.const:ti_sysbios_family_arm_m3_Hwi_E_noIsr__C)
                  0000b2a4    00000004     empty_min_pem4f.oem4f (.const:ti_sysbios_family_arm_m3_Hwi_E_reserved__C)
                  0000b2a8    00000004     empty_min_pem4f.oem4f (.const:ti_sysbios_family_arm_m3_Hwi_E_svCall__C)
                  0000b2ac    00000004     empty_min_pem4f.oem4f (.const:ti_sysbios_family_arm_m3_Hwi_E_usageFault__C)
                  0000b2b0    00000004     empty_min_pem4f.oem4f (.const:ti_sysbios_family_arm_m3_Hwi_NUM_INTERRUPTS__C)
                  0000b2b4    00000004     empty_min_pem4f.oem4f (.const:ti_sysbios_family_arm_m3_Hwi_Object__count__C)
                  0000b2b8    00000004     empty_min_pem4f.oem4f (.const:ti_sysbios_family_arm_m3_Hwi_ccr__C)
                  0000b2bc    00000004     empty_min_pem4f.oem4f (.const:ti_sysbios_family_arm_m3_Hwi_excHandlerFunc__C)
                  0000b2c0    00000004     empty_min_pem4f.oem4f (.const:ti_sysbios_family_arm_m3_Hwi_excHookFuncs__C)
                  0000b2c4    00000004     empty_min_pem4f.oem4f (.const:ti_sysbios_family_arm_m3_Hwi_nullIsrFunc__C)
                  0000b2c8    00000004     empty_min_pem4f.oem4f (.const:ti_sysbios_family_arm_m3_Hwi_priGroup__C)
                  0000b2cc    00000004     empty_min_pem4f.oem4f (.const:ti_sysbios_family_arm_m3_TaskSupport_stackAlignment__C)
                  0000b2d0    00000004     empty_min_pem4f.oem4f (.const:ti_sysbios_family_arm_msp432_Timer_numTimerDevices__C)
                  0000b2d4    00000004     empty_min_pem4f.oem4f (.const:ti_sysbios_family_arm_msp432_Timer_startupNeeded__C)
                  0000b2d8    00000004     empty_min_pem4f.oem4f (.const:ti_sysbios_gates_GateMutex_Instance_State_sem__O)
                  0000b2dc    00000004     empty_min_pem4f.oem4f (.const:ti_sysbios_hal_Hwi_E_stackOverflow__C)
                  0000b2e0    00000004     empty_min_pem4f.oem4f (.const:ti_sysbios_heaps_HeapMem_E_memory__C)
                  0000b2e4    00000004     empty_min_pem4f.oem4f (.const:ti_sysbios_heaps_HeapMem_Module__gateObj__C)
                  0000b2e8    00000004     empty_min_pem4f.oem4f (.const:ti_sysbios_heaps_HeapMem_Object__count__C)
                  0000b2ec    00000004     empty_min_pem4f.oem4f (.const:ti_sysbios_heaps_HeapMem_reqAlign__C)
                  0000b2f0    00000004     empty_min_pem4f.oem4f (.const:ti_sysbios_knl_Clock_Module_State_clockQ__O)
                  0000b2f4    00000004     empty_min_pem4f.oem4f (.const:ti_sysbios_knl_Mailbox_Instance_State_dataQue__O)
                  0000b2f8    00000004     empty_min_pem4f.oem4f (.const:ti_sysbios_knl_Mailbox_Instance_State_dataSem__O)
                  0000b2fc    00000004     empty_min_pem4f.oem4f (.const:ti_sysbios_knl_Mailbox_Instance_State_freeQue__O)
                  0000b300    00000004     empty_min_pem4f.oem4f (.const:ti_sysbios_knl_Mailbox_Instance_State_freeSem__O)
                  0000b304    00000004     empty_min_pem4f.oem4f (.const:ti_sysbios_knl_Mailbox_Object__count__C)
                  0000b308    00000004     empty_min_pem4f.oem4f (.const:ti_sysbios_knl_Mailbox_maxTypeAlign__C)
                  0000b30c    00000004     empty_min_pem4f.oem4f (.const:ti_sysbios_knl_Semaphore_Instance_State_pendQ__O)
                  0000b310    00000004     empty_min_pem4f.oem4f (.const:ti_sysbios_knl_Swi_Object__count__C)
                  0000b314    00000004     empty_min_pem4f.oem4f (.const:ti_sysbios_knl_Task_Module_State_inactiveQ__O)
                  0000b318    00000004     empty_min_pem4f.oem4f (.const:ti_sysbios_knl_Task_Object__count__C)
                  0000b31c    00000004     empty_min_pem4f.oem4f (.const:ti_sysbios_knl_Task_allBlockedFunc__C)
                  0000b320    00000004     empty_min_pem4f.oem4f (.const:ti_sysbios_knl_Task_defaultStackHeap__C)
                  0000b324    00000004     empty_min_pem4f.oem4f (.const:ti_sysbios_knl_Task_defaultStackSize__C)
                  0000b328    00000004     empty_min_pem4f.oem4f (.const:ti_sysbios_knl_Task_numConstructedTasks__C)
                  0000b32c    00000004     empty_min_pem4f.oem4f (.const:ti_sysbios_knl_Task_numPriorities__C)
                  0000b330    00000004     empty_min_pem4f.oem4f (.const:xdc_runtime_Assert_E_assertFailed__C)
                  0000b334    00000004     empty_min_pem4f.oem4f (.const:xdc_runtime_Core_A_initializedParams__C)
                  0000b338    00000004     empty_min_pem4f.oem4f (.const:xdc_runtime_Core_Module__diagsEnabled__C)
                  0000b33c    00000004     empty_min_pem4f.oem4f (.const:xdc_runtime_Core_Module__diagsIncluded__C)
                  0000b340    00000004     empty_min_pem4f.oem4f (.const:xdc_runtime_Core_Module__diagsMask__C)
                  0000b344    00000004     empty_min_pem4f.oem4f (.const:xdc_runtime_Error_E_memory__C)
                  0000b348    00000004     empty_min_pem4f.oem4f (.const:xdc_runtime_Error_Module__diagsEnabled__C)
                  0000b34c    00000004     empty_min_pem4f.oem4f (.const:xdc_runtime_Error_Module__diagsIncluded__C)
                  0000b350    00000004     empty_min_pem4f.oem4f (.const:xdc_runtime_Error_Module__diagsMask__C)
                  0000b354    00000004     empty_min_pem4f.oem4f (.const:xdc_runtime_Error_Module__loggerFxn8__C)
                  0000b358    00000004     empty_min_pem4f.oem4f (.const:xdc_runtime_Error_Module__loggerObj__C)
                  0000b35c    00000004     empty_min_pem4f.oem4f (.const:xdc_runtime_Error_policyFxn__C)
                  0000b360    00000004     empty_min_pem4f.oem4f (.const:xdc_runtime_Error_raiseHook__C)
                  0000b364    00000004     empty_min_pem4f.oem4f (.const:xdc_runtime_IGateProvider_Interface__BASE__C)
                  0000b368    00000004     empty_min_pem4f.oem4f (.const:xdc_runtime_IHeap_Interface__BASE__C)
                  0000b36c    00000004     empty_min_pem4f.oem4f (.const:xdc_runtime_IModule_Interface__BASE__C)
                  0000b370    00000004     empty_min_pem4f.oem4f (.const:xdc_runtime_Log_L_error__C)
                  0000b374    00000004     empty_min_pem4f.oem4f (.const:xdc_runtime_Memory_defaultHeapInstance__C)
                  0000b378    00000004     empty_min_pem4f.oem4f (.const:xdc_runtime_Startup_execImpl__C)
                  0000b37c    00000004     empty_min_pem4f.oem4f (.const:xdc_runtime_Startup_maxPasses__C)
                  0000b380    00000004     empty_min_pem4f.oem4f (.const:xdc_runtime_Startup_sfxnRts__C)
                  0000b384    00000004     empty_min_pem4f.oem4f (.const:xdc_runtime_Startup_sfxnTab__C)
                  0000b388    00000004     empty_min_pem4f.oem4f (.const:xdc_runtime_SysMin_bufSize__C)
                  0000b38c    00000004     empty_min_pem4f.oem4f (.const:xdc_runtime_SysMin_outputFunc__C)
                  0000b390    00000004     empty_min_pem4f.oem4f (.const:xdc_runtime_System_Module__gateObj__C)
                  0000b394    00000004     empty_min_pem4f.oem4f (.const:xdc_runtime_System_abortFxn__C)
                  0000b398    00000004     empty_min_pem4f.oem4f (.const:xdc_runtime_System_exitFxn__C)
                  0000b39c    00000004     empty_min_pem4f.oem4f (.const:xdc_runtime_System_extendFxn__C)
                  0000b3a0    00000004     empty_min_pem4f.oem4f (.const:xdc_runtime_System_maxAtexitHandlers__C)
                  0000b3a4    00000004     empty_min_pem4f.oem4f (.const:xdc_runtime_Text_charTab__C)
                  0000b3a8    00000004     empty_min_pem4f.oem4f (.const:xdc_runtime_Text_nameEmpty__C)
                  0000b3ac    00000004     empty_min_pem4f.oem4f (.const:xdc_runtime_Text_nameStatic__C)
                  0000b3b0    00000004     empty_min_pem4f.oem4f (.const:xdc_runtime_Text_nameUnknown__C)
                  0000b3b4    00000004     empty_min_pem4f.oem4f (.const:xdc_runtime_Text_nodeTab__C)
                  0000b3b8    00000004     empty_min_pem4f.oem4f (.const:xdc_runtime_Text_visitRopeFxn__C)
                  0000b3bc    00000002     empty_min_pem4f.oem4f (.const:xdc_runtime_Error_Module__loggerDefined__C)
                  0000b3be    00000002     empty_min_pem4f.oem4f (.const:xdc_runtime_Error_maxDepth__C)
                  0000b3c0    00000002     empty_min_pem4f.oem4f (.const:xdc_runtime_Memory_Module__id__C)
                  0000b3c2    00000002     empty_min_pem4f.oem4f (.const:xdc_runtime_SysMin_flushAtExit__C)
                  0000b3c4    00000002     empty_min_pem4f.oem4f (.const:xdc_runtime_Text_charCnt__C)
                  0000b3c6    00000002     empty_min_pem4f.oem4f (.const:xdc_runtime_Text_isLoaded__C)
                  0000b3c8    00000002     empty_min_pem4f.oem4f (.const:xdc_runtime_Text_registryModsLastId__C)
                  0000b3ca    00000002     empty_min_pem4f.oem4f (.const:xdc_runtime_Text_unnamedModsLastId__C)

.cinit     0    0000b3d0    00000280     
                  0000b3d0    00000248     (.cinit..data.load) [load image, compression = lzss]
                  0000b618    0000000c     (__TI_handler_table)
                  0000b624    00000004     --HOLE-- [fill = 0]
                  0000b628    00000008     (.cinit..bss.load) [load image, compression = zero_init]
                  0000b630    00000008     (.cinit..vecs.load) [load image, compression = zero_init]
                  0000b638    00000018     (__TI_cinit_table)

.resetVecs 
*          0    00000000    0000003c     
                  00000000    0000003c     empty_min_pem4f.oem4f (.resetVecs)

.vecs      0    20000000    00000140     UNINITIALIZED
                  20000000    00000140     empty_min_pem4f.oem4f (.vecs)

.bss       0    20000140    0000621d     UNINITIALIZED
                  20000140    00002ee0     (.common:ti_sysbios_heaps_HeapMem_Instance_State_0_buf__A)
                  20003020    00001130     main.obj (.bss:AP)
                  20004150    00000800     (.common:SupervisorStack)
                  20004950    00000400     (.common:FDIRStack)
                  20004d50    00000400     (.common:PrintStack)
                  20005150    00000400     (.common:Worker1Stack)
                  20005550    00000400     (.common:Worker2Stack)
                  20005950    00000400     (.common:Worker3Stack)
                  20005d50    00000218     main.obj (.bss:org)
                  20005f68    00000140     (.common:ti_sysbios_family_arm_m3_Hwi_dispatchTable)
                  200060a8    00000120     rtsv7M4_T_le_v4SPD16_eabi.lib : trgmsg.obj (.bss:_CIOBUF_)
                  200061c8    00000080     (.common:xdc_runtime_SysMin_Module_State_0_outbuf__A)
                  20006248    00000030     drivers_MSP432P401R.aem4f : GPIOMSP432.oem4f (.bss:gpioCallbackInfo)
                  20006278    00000024     main.obj (.bss:FDIRAgent)
                  2000629c    00000024     main.obj (.bss:Print)
                  200062c0    00000024     main.obj (.bss:Supervisor)
                  200062e4    00000024     main.obj (.bss:Worker1)
                  20006308    00000024     main.obj (.bss:Worker2)
                  2000632c    00000024     main.obj (.bss:Worker3)
                  20006350    00000008     rtsv7M4_T_le_v4SPD16_eabi.lib : trgdrv.obj (.bss:parmbuf)
                  20006358    00000004     (.common:_ZSt16__dummy_typeinfo)
                  2000635c    00000001     (.common:button_pressed)

.data      0    20006360    00000541     UNINITIALIZED
                  20006360    00000100     empty_min_pem4f.oem4f (.data:ti_sysbios_knl_Task_Module_State_0_readyQ__A)
                  20006460    0000009c     drivers_MSP432P401R.aem4f : PowerMSP432.oem4f (.data:PowerMSP432_perfLevels)
                  200064fc    00000080     empty_min_pem4f.oem4f (.data:ti_sysbios_knl_Swi_Module_State_0_readyQ__A)
                  2000657c    0000004c     empty_min_pem4f.oem4f (.data:ti_sysbios_family_arm_msp432_Timer_Object__table__V)
                  200065c8    00000044     empty_min_pem4f.oem4f (.data:ti_sysbios_knl_Task_Module__state__V)
                  2000660c    00000038     empty_min_pem4f.oem4f (.data:ti_sysbios_gates_GateMutex_Object__table__V)
                  20006644    00000034     empty_min_pem4f.oem4f (.data:ti_sysbios_family_arm_m3_Hwi_Module__state__V)
                  20006678    00000030     msp432p4xx_driverlib.lib : gpio.o (.data:GPIO_PORT_TO_BASE)
                  200066a8    00000030     empty_min_pem4f.oem4f (.data:ti_sysbios_knl_Swi_Object__table__V)
                  200066d8    0000002c     empty_min_pem4f.oem4f (.data:ti_sysbios_knl_Clock_Module__state__V)
                  20006704    00000028     drivers_MSP432P401R.aem4f : PowerMSP432.oem4f (.data:PowerMSP432_module)
                  2000672c    00000024     empty_min_pem4f.oem4f (.data:ti_sysbios_BIOS_Module__state__V)
                  20006750    00000020     empty_min_pem4f.oem4f (.data:ti_sysbios_family_arm_msp432_Timer_Module_State_0_device__A)
                  20006770    0000001c     empty_min_pem4f.oem4f (.data:ti_sysbios_knl_Swi_Module__state__V)
                  2000678c    00000018     empty_min_pem4f.oem4f (.data:ti_sysbios_family_arm_m3_Hwi_Object__table__V)
                  200067a4    00000018     empty_min_pem4f.oem4f (.data:ti_sysbios_heaps_HeapMem_Object__table__V)
                  200067bc    00000010     MSP_EXP432P401R.obj (.data:gpioPinConfigs)
                  200067cc    00000010     empty_min_pem4f.oem4f (.data:ti_sysbios_family_arm_msp432_Timer_Module_State_0_handles__A)
                  200067dc    0000000c     rtsv7M4_T_le_v4SPD16_eabi.lib : exit.obj (.data:$O1$$)
                  200067e8    0000000c     empty_min_pem4f.oem4f (.data:ti_sysbios_family_arm_msp432_ClockFreqs_Module__state__V)
                  200067f4    0000000c     empty_min_pem4f.oem4f (.data:ti_sysbios_family_arm_msp432_Timer_Module__state__V)
                  20006800    0000000c     empty_min_pem4f.oem4f (.data:xdc_runtime_SysMin_Module__state__V)
                  2000680c    00000008     rtsv7M4_T_le_v4SPD16_eabi.lib : _lock.obj (.data:$O1$$)
                  20006814    00000008     MSP_EXP432P401R.obj (.data:gpioCallbackFunctions)
                  2000681c    00000008     empty_min_pem4f.oem4f (.data:ti_sysbios_family_arm_m3_Hwi_Module__root__V)
                  20006824    00000008     empty_min_pem4f.oem4f (.data:ti_sysbios_gates_GateHwi_Module__root__V)
                  2000682c    00000008     empty_min_pem4f.oem4f (.data:ti_sysbios_gates_GateMutex_Module__root__V)
                  20006834    00000008     empty_min_pem4f.oem4f (.data:ti_sysbios_heaps_HeapMem_Module__root__V)
                  2000683c    00000008     empty_min_pem4f.oem4f (.data:ti_sysbios_knl_Mailbox_Module__root__V)
                  20006844    00000008     empty_min_pem4f.oem4f (.data:ti_sysbios_knl_Queue_Module__root__V)
                  2000684c    00000008     empty_min_pem4f.oem4f (.data:ti_sysbios_knl_Semaphore_Module__root__V)
                  20006854    00000008     empty_min_pem4f.oem4f (.data:ti_sysbios_knl_Task_Module__root__V)
                  2000685c    00000008     empty_min_pem4f.oem4f (.data:xdc_runtime_Registry_Module__state__V)
                  20006864    00000008     empty_min_pem4f.oem4f (.data:xdc_runtime_Startup_Module__state__V)
                  2000686c    00000008     empty_min_pem4f.oem4f (.data:xdc_runtime_System_Module_State_0_atexitHandlers__A)
                  20006874    00000008     empty_min_pem4f.oem4f (.data:xdc_runtime_System_Module__state__V)
                  2000687c    00000004     rtsv7M4_T_le_v4SPD16_eabi.lib : errno.obj (.data)
                  20006880    00000004                                   : rand.obj (.data)
                  20006884    00000004                                   : stkdepth_vars.obj (.data)
                  20006888    00000004     empty_min_pem4f.oem4f (.data:ti_sysbios_family_arm_m3_Hwi_Module_State_0_excContext__A)
                  2000688c    00000004     empty_min_pem4f.oem4f (.data:ti_sysbios_family_arm_m3_Hwi_Module_State_0_excStack__A)
                  20006890    00000004     empty_min_pem4f.oem4f (.data:ti_sysbios_gates_GateHwi_Object__table__V)
                  20006894    00000004     empty_min_pem4f.oem4f (.data:ti_sysbios_knl_Task_Module_State_0_idleTask__A)
                  20006898    00000004     empty_min_pem4f.oem4f (.data:xdc_runtime_Memory_Module__state__V)
                  2000689c    00000002     empty_min_pem4f.oem4f (.data:ti_sysbios_family_arm_m3_Hwi_Module_State_0_excActive__A)
                  2000689e    00000002     empty_min_pem4f.oem4f (.data:xdc_runtime_Error_Module__state__V)
                  200068a0    00000001     drivers_MSP432P401R.aem4f : GPIOMSP432.oem4f (.data)

.stack     0    2000fd00    00000300     UNINITIALIZED
                  2000fd00    00000300     --HOLE--

.bootVecs 
*          0    00000000    00000008     DSECT
                  00000000    00000008     boot.aem4f : boot.oem4f (.bootVecs)

xdc.meta   0    00000000    000000e9     COPY SECTION
                  00000000    000000e9     empty_min_pem4f.oem4f (xdc.meta)

.binit     0    00000000    00000000     

MODULE SUMMARY

       Module                     code    ro data   rw data
       ------                     ----    -------   -------
    .\
       main.obj                   1228    396       12321  
       MSP_EXP432P401R.obj        16      36        24     
    +--+--------------------------+-------+---------+---------+
       Total:                     1244    432       12345  
                                                           
    C:\Users\Carmen\workspace_v7\Agents-RefApp\Debug\configPkg\package\cfg\
       empty_min_pem4f.oem4f      1916    7256      13812  
    +--+--------------------------+-------+---------+---------+
       Total:                     1916    7256      13812  
                                                           
    ../MAES_lib.lib
       Agent_Platform.obj         2364    0         0      
       Agent_Msg.obj              1820    0         0      
       Agent_Org.obj              1738    0         0      
       Behaviour.obj              248     206       0      
       Agent.obj                  136     0         0      
       User_Cond.obj              72      63        0      
    +--+--------------------------+-------+---------+---------+
       Total:                     6378    269       0      
                                                           
    C:/ti/tirtos_msp43x_2_20_00_06/products/msp432_driverlib_3_21_00_05/driverlib/MSP432P4xx/ccs/msp432p4xx_driverlib.lib
       pcm.o                      1214    0         0      
       gpio.o                     404     0         48     
       cs.o                       260     0         0      
       flash.o                    156     0         0      
       rtc_c.o                    72      0         0      
       wdt_a.o                    44      0         0      
       cpu.o                      28      0         0      
    +--+--------------------------+-------+---------+---------+
       Total:                     2178    0         48     
                                                           
    C:/ti/tirtos_msp43x_2_20_00_06/products/tidrivers_msp43x_2_20_00_08/packages/ti/drivers/lib/drivers_MSP432P401R.aem4f
       PowerMSP432.oem4f          1016    0         196    
       GPIOMSP432.oem4f           700     12        49     
       List.oem4f                 8       0         0      
    +--+--------------------------+-------+---------+---------+
       Total:                     1724    12        245    
                                                           
    C:/ti/tirtos_msp43x_2_20_00_06/products/tidrivers_msp43x_2_20_00_08/packages/ti/drivers/lib/power_tirtos_MSP432P401R.aem4f
       PowerMSP432_tirtos.oem4f   106     0         0      
    +--+--------------------------+-------+---------+---------+
       Total:                     106     0         0      
                                                           
    C:/ti/tirtos_msp43x_2_20_00_06/products/tidrivers_msp43x_2_20_00_08/packages/ti/drivers/ports/lib/tirtosport.aem4f
       HwiP_tirtos.oem4f          116     0         0      
    +--+--------------------------+-------+---------+---------+
       Total:                     116     0         0      
                                                           
    C:\Users\Carmen\workspace_v7\Agents-RefApp\src\sysbios\sysbios.aem4f
       BIOS.obj                   9716    0         0      
       m3_Hwi_asm.obj             306     0         0      
       m3_TaskSupport_asm.obj     180     0         0      
       m3_Hwi_asm_switch.obj      118     0         0      
    +--+--------------------------+-------+---------+---------+
       Total:                     10320   0         0      
                                                           
    C:\ti\ccsv7\tools\compiler\ti-cgt-arm_16.9.1.LTS\lib\rtsv7M4_T_le_v4SPD16_eabi.lib
       _printfi.obj               4414    0         0      
       trgdrv.obj                 804     0         8      
       typeinfo_.obj              188     356       4      
       ull_div_t2.obj             500     0         0      
       fd_add_t2.obj              438     0         0      
       trgmsg.obj                 104     0         288    
       fd_div_t2.obj              310     0         0      
       fd_cmp_t2.obj              268     0         0      
       ctype.obj                  0       257       0      
       fd_mul_t2.obj              252     0         0      
       s_scalbn.obj               252     0         0      
       memcpy_t2.obj              156     0         0      
       snprintf.obj               148     0         0      
       memset_t2.obj              122     0         0      
       copy_decompress_lzss.obj   104     0         0      
       s_frexp.obj                100     0         0      
       exit.obj                   84      0         12     
[...]
0000afb9  _ZTSN4MAES17Generic_BehaviourE                                                   
0000afd4  _ZTSN4MAES16OneShotBehaviourE                                                    
0000afee  _ZZN13FDIRbehaviour16failure_recoveryEvEs                                        
0000b007  _ZTSN4MAES15CyclicBehaviourE                                                     
0000b020  ti_sysbios_gates_GateHwi_Object__PARAMS__C                                       
0000b038  ti_sysbios_gates_GateMutex_Object__PARAMS__C                                     
0000b050  ti_sysbios_knl_Queue_Object__PARAMS__C                                           
0000b068  _ZTSN4MAES13USER_DEF_CONDE                                                       
0000b07f  _ZTS19SupervisorBehaviour                                                        
0000b095  _ZZN13FDIRbehaviour22failure_identificationEvEs                                  
0000b0aa  ti_sysbios_heaps_HeapMem_Module__id__C                                           
0000b0ac  GPIOMSP432_config                                                                
0000b0c0  _ZTS15WorkerBehaviour                                                            
0000b0d2  xdc_runtime_Startup_sfxnRts__A                                                   
0000b0e4  _ZTS14PrintBehaviour                                                             
0000b0f6  xdc_runtime_Core_Module__id__C                                                   
0000b0f8  _ZTIPKe                                                                          
0000b108  _ZTS13FDIRbehaviour                                                              
0000b118  PowerMSP432_config                                                               
0000b128  _ZTVN10__cxxabiv117__class_type_infoE                                            
0000b138  _ZTVN10__cxxabiv119__pointer_type_infoE                                          
0000b148  _ZTVN10__cxxabiv120__si_class_type_infoE                                         
0000b158  _ZTVN10__cxxabiv123__fundamental_type_infoE                                      
0000b168  xdc_runtime_Text_nodeTab__A                                                      
0000b178  _ZZN13FDIRbehaviour5setupEvEs                                                    
0000b186  _ZTSSt9type_info                                                                 
0000b193  _ZZN14PrintBehaviour6actionEvEs                                                  
0000b1ac  _ZTI13FDIRbehaviour                                                              
0000b1b8  _ZTI14PrintBehaviour                                                             
0000b1c4  _ZTI15WorkerBehaviour                                                            
0000b1d0  _ZTI19SupervisorBehaviour                                                        
0000b1dc  _ZTIN10__cxxabiv117__class_type_infoE                                            
0000b1e8  _ZTIN10__cxxabiv117__pbase_type_infoE                                            
0000b1f4  _ZTIN10__cxxabiv119__pointer_type_infoE                                          
0000b200  _ZTIN10__cxxabiv120__si_class_type_infoE                                         
0000b20c  _ZTIN10__cxxabiv123__fundamental_type_infoE                                      
0000b218  _ZTIN4MAES15CyclicBehaviourE                                                     
0000b224  _ZTIN4MAES16OneShotBehaviourE                                                    
0000b230  xdc_runtime_Startup_firstFxns__A                                                 
0000b23c  _ZTIN4MAES13USER_DEF_CONDE                                                       
0000b244  _ZTIN4MAES17Generic_BehaviourE                                                   
0000b24c  _ZTISt9type_info                                                                 
0000b254  _ZTIe                                                                            
0000b25c  ti_sysbios_family_arm_m3_Hwi_excHookFuncs__A                                     
0000b264  ti_sysbios_knl_Idle_funcList__A                                                  
0000b26c  ti_sysbios_knl_Idle_funcList__C                                                  
0000b274  xdc_runtime_Startup_firstFxns__C                                                 
0000b27c  xdc_runtime_Startup_lastFxns__C                                                  
0000b284  _ZTSPKe                                                                          
0000b288  ti_sysbios_family_arm_m3_Hwi_E_NMI__C                                            
0000b28c  ti_sysbios_family_arm_m3_Hwi_E_alreadyDefined__C                                 
0000b290  ti_sysbios_family_arm_m3_Hwi_E_busFault__C                                       
0000b294  ti_sysbios_family_arm_m3_Hwi_E_debugMon__C                                       
0000b298  ti_sysbios_family_arm_m3_Hwi_E_hardFault__C                                      
0000b29c  ti_sysbios_family_arm_m3_Hwi_E_memFault__C                                       
0000b2a0  ti_sysbios_family_arm_m3_Hwi_E_noIsr__C                                          
0000b2a4  ti_sysbios_family_arm_m3_Hwi_E_reserved__C                                       
0000b2a8  ti_sysbios_family_arm_m3_Hwi_E_svCall__C                                         
0000b2ac  ti_sysbios_family_arm_m3_Hwi_E_usageFault__C                                     
0000b2b0  ti_sysbios_family_arm_m3_Hwi_NUM_INTERRUPTS__C                                   
0000b2b4  ti_sysbios_family_arm_m3_Hwi_Object__count__C                                    
0000b2b8  ti_sysbios_family_arm_m3_Hwi_ccr__C                                              
0000b2bc  ti_sysbios_family_arm_m3_Hwi_excHandlerFunc__C                                   
0000b2c0  ti_sysbios_family_arm_m3_Hwi_excHookFuncs__C                                     
0000b2c4  ti_sysbios_family_arm_m3_Hwi_nullIsrFunc__C                                      
0000b2c8  ti_sysbios_family_arm_m3_Hwi_priGroup__C                                         
0000b2cc  ti_sysbios_family_arm_m3_TaskSupport_stackAlignment__C                           
0000b2d0  ti_sysbios_family_arm_msp432_Timer_numTimerDevices__C                            
0000b2d4  ti_sysbios_family_arm_msp432_Timer_startupNeeded__C                              
0000b2d8  ti_sysbios_gates_GateMutex_Instance_State_sem__O                                 
0000b2dc  ti_sysbios_hal_Hwi_E_stackOverflow__C                                            
0000b2e0  ti_sysbios_heaps_HeapMem_E_memory__C                                             
0000b2e4  ti_sysbios_heaps_HeapMem_Module__gateObj__C                                      
0000b2e8  ti_sysbios_heaps_HeapMem_Object__count__C                                        
0000b2ec  ti_sysbios_heaps_HeapMem_reqAlign__C                                             
0000b2f0  ti_sysbios_knl_Clock_Module_State_clockQ__O                                      
0000b2f4  ti_sysbios_knl_Mailbox_Instance_State_dataQue__O                                 
0000b2f8  ti_sysbios_knl_Mailbox_Instance_State_dataSem__O                                 
0000b2fc  ti_sysbios_knl_Mailbox_Instance_State_freeQue__O                                 
0000b300  ti_sysbios_knl_Mailbox_Instance_State_freeSem__O                                 
0000b304  ti_sysbios_knl_Mailbox_Object__count__C                                          
0000b308  ti_sysbios_knl_Mailbox_maxTypeAlign__C                                           
0000b30c  ti_sysbios_knl_Semaphore_Instance_State_pendQ__O                                 
0000b310  ti_sysbios_knl_Swi_Object__count__C                                              
0000b314  ti_sysbios_knl_Task_Module_State_inactiveQ__O                                    
0000b318  ti_sysbios_knl_Task_Object__count__C                                             
0000b31c  ti_sysbios_knl_Task_allBlockedFunc__C                                            
0000b320  ti_sysbios_knl_Task_defaultStackHeap__C                                          
0000b324  ti_sysbios_knl_Task_defaultStackSize__C                                          
0000b328  ti_sysbios_knl_Task_numConstructedTasks__C                                       
0000b32c  ti_sysbios_knl_Task_numPriorities__C                                             
0000b330  xdc_runtime_Assert_E_assertFailed__C                                             
0000b334  xdc_runtime_Core_A_initializedParams__C                                          
0000b338  xdc_runtime_Core_Module__diagsEnabled__C                                         
0000b33c  xdc_runtime_Core_Module__diagsIncluded__C                                        
0000b340  xdc_runtime_Core_Module__diagsMask__C                                            
0000b344  xdc_runtime_Error_E_memory__C                                                    
0000b348  xdc_runtime_Error_Module__diagsEnabled__C                                        
0000b34c  xdc_runtime_Error_Module__diagsIncluded__C                                       
0000b350  xdc_runtime_Error_Module__diagsMask__C                                           
0000b354  xdc_runtime_Error_Module__loggerFxn8__C                                          
0000b358  xdc_runtime_Error_Module__loggerObj__C                                           
0000b35c  xdc_runtime_Error_policyFxn__C                                                   
0000b360  xdc_runtime_Error_raiseHook__C                                                   
0000b364  xdc_runtime_IGateProvider_Interface__BASE__C                                     
0000b368  xdc_runtime_IHeap_Interface__BASE__C                                             
0000b36c  xdc_runtime_IModule_Interface__BASE__C                                           
0000b370  xdc_runtime_Log_L_error__C                                                       
0000b374  xdc_runtime_Memory_defaultHeapInstance__C                                        
0000b378  xdc_runtime_Startup_execImpl__C                                                  
0000b37c  xdc_runtime_Startup_maxPasses__C                                                 
0000b380  xdc_runtime_Startup_sfxnRts__C                                                   
0000b384  xdc_runtime_Startup_sfxnTab__C                                                   
0000b388  xdc_runtime_SysMin_bufSize__C                                                    
0000b38c  xdc_runtime_SysMin_outputFunc__C                                                 
0000b390  xdc_runtime_System_Module__gateObj__C                                            
0000b394  xdc_runtime_System_abortFxn__C                                                   
0000b398  xdc_runtime_System_exitFxn__C                                                    
0000b39c  xdc_runtime_System_extendFxn__C                                                  
0000b3a0  xdc_runtime_System_maxAtexitHandlers__C                                          
0000b3a4  xdc_runtime_Text_charTab__C                                                      
0000b3a8  xdc_runtime_Text_nameEmpty__C                                                    
0000b3ac  xdc_runtime_Text_nameStatic__C                                                   
0000b3b0  xdc_runtime_Text_nameUnknown__C                                                  
0000b3b4  xdc_runtime_Text_nodeTab__C                                                      
0000b3b8  xdc_runtime_Text_visitRopeFxn__C                                                 
0000b3bc  xdc_runtime_Error_Module__loggerDefined__C                                       
0000b3be  xdc_runtime_Error_maxDepth__C                                                    
0000b3c0  xdc_runtime_Memory_Module__id__C                                                 
0000b3c2  xdc_runtime_SysMin_flushAtExit__C                                                
0000b3c4  xdc_runtime_Text_charCnt__C                                                      
0000b3c6  xdc_runtime_Text_isLoaded__C                                                     
0000b3c8  xdc_runtime_Text_registryModsLastId__C                                           
0000b3ca  xdc_runtime_Text_unnamedModsLastId__C                                            
0000b3d0  __TI_static_base__                                                               
0000b618  __TI_Handler_Table_Base                                                          
0000b624  __TI_Handler_Table_Limit                                                         
0000b638  __TI_CINIT_Base                                                                  
0000b650  __TI_CINIT_Limit                                                                 
20000000  ti_sysbios_family_arm_m3_Hwi_ramVectors                                          
20000140  ti_sysbios_heaps_HeapMem_Instance_State_0_buf__A                                 
20003020  AP                                                                               
20004150  SupervisorStack                                                                  
20004950  FDIRStack                                                                        
20004d50  PrintStack                                                                       
20005150  Worker1Stack                                                                     
20005550  Worker2Stack                                                                     
20005950  Worker3Stack                                                                     
20005d50  org                                                                              
20005f68  ti_sysbios_family_arm_m3_Hwi_dispatchTable                                       
200060a8  __CIOBUF_                                                                        
200061c8  xdc_runtime_SysMin_Module_State_0_outbuf__A                                      
20006278  FDIRAgent                                                                        
2000629c  Print                                                                            
200062c0  Supervisor                                                                       
200062e4  Worker1                                                                          
20006308  Worker2                                                                          
2000632c  Worker3                                                                          
20006358  _ZSt16__dummy_typeinfo                                                           
2000635c  button_pressed                                                                   
20006360  ti_sysbios_knl_Task_Module_State_0_readyQ__A                                     
20006460  PowerMSP432_perfLevels                                                           
200064fc  ti_sysbios_knl_Swi_Module_State_0_readyQ__A                                      
2000657c  ti_sysbios_family_arm_msp432_Timer_Object__table__V                              
200065c8  ti_sysbios_knl_Task_Module__state__V                                             
2000660c  ti_sysbios_gates_GateMutex_Object__table__V                                      
20006644  ti_sysbios_family_arm_m3_Hwi_Module__state__V                                    
200066a8  ti_sysbios_knl_Swi_Object__table__V                                              
200066d8  ti_sysbios_knl_Clock_Module__state__V                                            
20006704  PowerMSP432_module                                                               
2000672c  ti_sysbios_BIOS_Module__state__V                                                 
20006750  ti_sysbios_family_arm_msp432_Timer_Module_State_0_device__A                      
20006770  ti_sysbios_knl_Swi_Module__state__V                                              
2000678c  ti_sysbios_family_arm_m3_Hwi_Object__table__V                                    
200067a4  ti_sysbios_heaps_HeapMem_Object__table__V                                        
200067bc  gpioPinConfigs                                                                   
200067cc  ti_sysbios_family_arm_msp432_Timer_Module_State_0_handles__A                     
200067dc  __TI_cleanup_ptr                                                                 
200067e0  __TI_dtors_ptr                                                                   
200067e4  __TI_enable_exit_profile_output                                                  
200067e8  ti_sysbios_family_arm_msp432_ClockFreqs_Module__state__V                         
200067f4  ti_sysbios_family_arm_msp432_Timer_Module__state__V                              
20006800  xdc_runtime_SysMin_Module__state__V                                              
2000680c  _lock                                                                            
20006810  _unlock                                                                          
20006814  gpioCallbackFunctions                                                            
2000681c  ti_sysbios_family_arm_m3_Hwi_Module__root__V                                     
20006824  ti_sysbios_gates_GateHwi_Module__root__V                                         
2000682c  ti_sysbios_gates_GateMutex_Module__root__V                                       
20006834  ti_sysbios_heaps_HeapMem_Module__root__V                                         
2000683c  ti_sysbios_knl_Mailbox_Module__root__V                                           
20006844  ti_sysbios_knl_Queue_Module__root__V                                             
2000684c  ti_sysbios_knl_Semaphore_Module__root__V                                         
20006854  ti_sysbios_knl_Task_Module__root__V                                              
2000685c  xdc_runtime_Registry_Module__state__V                                            
20006864  xdc_runtime_Startup_Module__state__V                                             
2000686c  xdc_runtime_System_Module_State_0_atexitHandlers__A                              
20006874  xdc_runtime_System_Module__state__V                                              
2000687c  errno                                                                            
20006884  main_func_sp                                                                     
20006888  ti_sysbios_family_arm_m3_Hwi_Module_State_0_excContext__A                        
2000688c  ti_sysbios_family_arm_m3_Hwi_Module_State_0_excStack__A                          
20006890  ti_sysbios_gates_GateHwi_Object__table__V                                        
20006894  ti_sysbios_knl_Task_Module_State_0_idleTask__A                                   
20006898  xdc_runtime_Memory_Module__state__V                                              
2000689c  ti_sysbios_family_arm_m3_Hwi_Module_State_0_excActive__A                         
2000689e  xdc_runtime_Error_Module__state__V                                               
2000fd00  __stack                                                                          
20010000  __STACK_END                                                                      
4000480c  WDTCTL_SYM                                                                       
e000e000  ti_sysbios_family_arm_m3_Hwi_nvic                                                
ffffffff  __TI_pprof_out_hndl                                                              
ffffffff  __TI_prof_data_size                                                              
ffffffff  __TI_prof_data_start                                                             
ffffffff  __binit__                                                                        
ffffffff  __c_args__                                                                       
ffffffff  binit                                                                            

[835 symbols]
