******************************************************************************
                  TI ARM Linker PC v16.9.1                     
******************************************************************************
>> Linked Thu Jun 29 11:52:40 2017

OUTPUT FILE NAME:   <Framework.out>
ENTRY POINT SYMBOL: "_c_int00"  address: 00004451


MEMORY CONFIGURATION

         name            origin    length      used     unused   attr    fill
----------------------  --------  ---------  --------  --------  ----  --------
  MAIN                  00000000   00040000  00009444  00036bbc  R  X
  INFO                  00200000   00004000  00000000  00004000  R  X
  SRAM_CODE             01000000   00010000  00000000  00010000  RW X
  SRAM_DATA             20000000   00010000  00005c49  0000a3b7  RW  


SEGMENT ALLOCATION MAP

run origin  load origin   length   init length attrs members
----------  ----------- ---------- ----------- ----- -------
00000000    00000000    00009448   00009448    r-x
  00000000    00000000    0000003c   0000003c    r-- .resetVecs
  0000003c    0000003c    00000004   00000004    r-- .init_array
  00000040    00000040    00006bba   00006bba    r-x .text
  00006bfc    00006bfc    00002572   00002572    r-- .const
  00009170    00009170    000002d8   000002d8    r-- .cinit
20000000    20000000    00005949   00000000    rw-
  20000000    20000000    00000140   00000000    rw- .vecs
  20000140    20000140    000051b4   00000000    rw- .bss
  200052f4    200052f4    00000655   00000000    rw- .data
2000fd00    2000fd00    00000300   00000000    rw-
  2000fd00    2000fd00    00000300   00000000    rw- .stack


SECTION ALLOCATION MAP

 output                                  attributes/
section   page    origin      length       input sections
--------  ----  ----------  ----------   ----------------
.init_array 
*          0    0000003c    00000004     
                  0000003c    00000004     main.obj (.init_array)

.text      0    00000040    00006bba     
                  00000040    00000430     sysbios.aem4f : BIOS.obj (.text:ti_sysbios_family_arm_m3_Hwi_excDumpRegs__I)
                  00000470    0000034c     ti.targets.arm.rtsarm.aem4f : System.oem4f (.text:xdc_runtime_System_doPrint__I)
                  000007bc    00000346     Agent_Platform.obj (.text:_ZN4MAES42_GLOBAL__N__18_Agent_Platform_cpp_425cc0708AMS_taskEjj)
                  00000b02    00000002     power_tirtos_MSP432P401R.aem4f : PowerMSP432_tirtos.oem4f (.text:PowerMSP432_initPolicy)
                  00000b04    00000324     rtsv7M4_T_le_v4SPD16_eabi.lib : trgdrv.obj (.text)
                  00000e28    00000264     drivers_MSP432P401R.aem4f : PowerMSP432.oem4f (.text:Power_sleep)
                  0000108c    000001a0     msp432p4xx_driverlib.lib : pcm.o (.text:__PCM_setPowerStateAdvanced)
                  0000122c    00000004                              : cpu.o (.text:CPU_wfi)
                  00001230    00000174     sysbios.aem4f : BIOS.obj (.text:ti_sysbios_family_arm_m3_Hwi_excBusFault__I)
                  000013a4    00000004     tirtosport.aem4f : HwiP_tirtos.oem4f (.text:HwiP_disable)
                  000013a8    00000164     sysbios.aem4f : BIOS.obj (.text:ti_sysbios_family_arm_m3_Hwi_excUsageFault__I)
                  0000150c    00000004     drivers_MSP432P401R.aem4f : List.oem4f (.text:List_head)
                  00001510    00000158     sysbios.aem4f : BIOS.obj (.text:ti_sysbios_knl_Semaphore_pend__E)
                  00001668    00000148                   : BIOS.obj (.text:ti_sysbios_family_arm_m3_Hwi_excMemFault__I)
                  000017b0    00000140     drivers_MSP432P401R.aem4f : GPIOMSP432.oem4f (.text:GPIO_setConfig)
                  000018f0    00000118     ti.targets.arm.rtsarm.aem4f : Error.oem4f (.text:xdc_runtime_Error_policyDefault__E)
                  00001a08    0000010c     sysbios.aem4f : BIOS.obj (.text:ti_sysbios_family_arm_m3_Hwi_excFillContext__I)
                  00001b14    00000004     drivers_MSP432P401R.aem4f : List.oem4f (.text:List_next)
                  00001b18    00000108     sysbios.aem4f : BIOS.obj (.text:ti_sysbios_family_arm_m3_Hwi_excHandlerMax__I)
                  00001c20    00000100     ti.targets.arm.rtsarm.aem4f : Core-mem.oem4f (.text:xdc_runtime_Core_createObject__I)
                  00001d20    000000f8                                 : Startup.oem4f (.text:xdc_runtime_Startup_startMods__I)
                  00001e18    000000f8     empty_min_pem4f.oem4f (.text:xdc_runtime_System_printfExtend__I)
                  00001f10    000000f0     drivers_MSP432P401R.aem4f : PowerMSP432.oem4f (.text:initPerfControl)
                  00002000    000000ec     sysbios.aem4f : m3_Hwi_asm.obj (.text:ti_sysbios_family_arm_m3_Hwi_dispatch__I)
                  000020ec    000000e0     msp432p4xx_driverlib.lib : cs.o (.text:CS_initClockSignal)
                  000021cc    000000dc                              : pcm.o (.text:__PCM_setPowerModeAdvanced)
                  000022a8    000000d4     Agent_Platform.obj (.text:_ZN4MAES14Agent_Platform4bootEv)
                  0000237c    00000004     rtsv7M4_T_le_v4SPD16_eabi.lib : error.obj (.text)
                  00002380    000000d4     sysbios.aem4f : BIOS.obj (.text:ti_sysbios_knl_Mailbox_Instance_init__E)
                  00002454    00000004     empty_min_pem4f.oem4f (.text:ti_sysbios_BIOS_RtsGateProxy_enter__E)
                  00002458    000000cc     sysbios.aem4f : BIOS.obj (.text:ti_sysbios_heaps_HeapMem_alloc__E)
                  00002524    00000004     empty_min_pem4f.oem4f (.text:ti_sysbios_BIOS_RtsGateProxy_leave__E)
                  00002528    000000cc     sysbios.aem4f : BIOS.obj (.text:ti_sysbios_knl_Task_Instance_init__E)
                  000025f4    000000cc     ti.targets.arm.rtsarm.aem4f : Core-smem.oem4f (.text:xdc_runtime_Core_constructObject__I)
                  000026c0    000000c8     sysbios.aem4f : BIOS.obj (.text:ti_sysbios_knl_Task_sleep__E)
                  00002788    000000bc     rtsv7M4_T_le_v4SPD16_eabi.lib : typeinfo_.obj (.text)
                  00002844    00000004     empty_min_pem4f.oem4f (.text:ti_sysbios_family_arm_m3_TaskSupport_Module__startupDone__S)
                  00002848    000000bc     sysbios.aem4f : BIOS.obj (.text:ti_sysbios_family_arm_m3_Hwi_excDebugMon__I)
                  00002904    00000004     empty_min_pem4f.oem4f (.text:ti_sysbios_heaps_HeapMem_Module_GateProxy_enter__E)
                  00002908    000000bc     sysbios.aem4f : BIOS.obj (.text:ti_sysbios_family_arm_m3_Hwi_excHardFault__I)
                  000029c4    00000004     empty_min_pem4f.oem4f (.text:ti_sysbios_heaps_HeapMem_Module_GateProxy_leave__E)
                  000029c8    000000bc     sysbios.aem4f : BIOS.obj (.text:ti_sysbios_knl_Task_Instance_finalize__E)
                  00002a84    000000b8     Agent_Platform.obj (.text:_ZN4MAES14Agent_Platform16deregister_agentEP26ti_sysbios_knl_Task_Object)
                  00002b3c    000000b8     Agent_Msg.obj (.text:_ZN4MAES9Agent_Msg4sendEP26ti_sysbios_knl_Task_Objecti)
                  00002bf4    000000b0     msp432p4xx_driverlib.lib : pcm.o (.text:__PCM_setCoreVoltageLevelAdvanced)
                  00002ca4    00000004     empty_min_pem4f.oem4f (.text:ti_sysbios_knl_Clock_TimerProxy_getMaxTicks__E)
                  00002ca8    000000a8     sysbios.aem4f : BIOS.obj (.text:ti_sysbios_family_arm_msp432_Timer_periodicStub__E)
                  00002d50    000000a4                   : BIOS.obj (.text:ti_sysbios_knl_Task_setPri__E)
                  00002df4    000000a0     auto_init.aem4f : auto_init.oem4f (.text)
                  00002e94    000000a0     ti.targets.arm.rtsarm.aem4f : Text.oem4f (.text:xdc_runtime_Text_putMod__E)
                  00002f34    0000009c     main.obj (.text:main)
                  00002fd0    0000009c     rtsv7M4_T_le_v4SPD16_eabi.lib : memcpy_t2.obj (.text)
                  0000306c    0000009a     ti.targets.arm.rtsarm.aem4f : Text.oem4f (.text:xdc_runtime_Text_putSite__E)
                  00003106    00000002     rtsv7M4_T_le_v4SPD16_eabi.lib : i_div0.obj (.text)
                  00003108    00000098     Agent_Platform.obj (.text:_ZN4MAES14Agent_Platform7restartEP26ti_sysbios_knl_Task_Object)
                  000031a0    00000094     main.obj (.text:__sti___8_main_cpp_Reading)
                  00003234    00000004     empty_min_pem4f.oem4f (.text:ti_sysbios_knl_Mailbox_delete)
                  00003238    00000094     sysbios.aem4f : BIOS.obj (.text:ti_sysbios_family_arm_m3_Hwi_Instance_init__E)
                  000032cc    00000004     empty_min_pem4f.oem4f (.text:ti_sysbios_knl_Queue_destruct)
                  000032d0    00000094     sysbios.aem4f : BIOS.obj (.text:ti_sysbios_family_arm_m3_Hwi_initNVIC__E)
                  00003364    0000008c     Agent_Platform.obj (.text:_ZN4MAES14Agent_Platform14register_agentEP26ti_sysbios_knl_Task_Object)
                  000033f0    0000008c     sysbios.aem4f : m3_TaskSupport_asm.obj (.text:ti_sysbios_family_arm_m3_TaskSupport_buildTaskStack)
                  0000347c    00000004     empty_min_pem4f.oem4f (.text:ti_sysbios_knl_Semaphore_destruct)
                  00003480    0000008c     sysbios.aem4f : BIOS.obj (.text:ti_sysbios_knl_Task_postInit__I)
                  0000350c    00000004     empty_min_pem4f.oem4f (.text:ti_sysbios_knl_Task_delete)
                  00003510    00000088     sysbios.aem4f : BIOS.obj (.text:ti_sysbios_knl_Mailbox_post__E)
                  00003598    00000084                   : BIOS.obj (.text:ti_sysbios_family_arm_m3_Hwi_postInit__I)
                  0000361c    00000080     Agent_Platform.obj (.text:_ZN4MAES14Agent_Platform10agent_initERNS_5AgentEPFvjjERP26ti_sysbios_knl_Task_Object)
                  0000369c    00000004     ti.targets.arm.rtsarm.aem4f : Error.oem4f (.text:xdc_runtime_Error_getSite__E)
                  000036a0    00000080     sysbios.aem4f : BIOS.obj (.text:ti_sysbios_utils_Load_updateLoads__E)
                  00003720    0000007c     msp432p4xx_driverlib.lib : pcm.o (.text:PCM_gotoLPM3)
                  0000379c    00000004     empty_min_pem4f.oem4f (.text:xdc_runtime_System_Module_GateProxy_enter__E)
                  000037a0    0000007c     sysbios.aem4f : BIOS.obj (.text:ti_sysbios_heaps_HeapMem_free__E)
                  0000381c    0000007a     rtsv7M4_T_le_v4SPD16_eabi.lib : memset_t2.obj (.text)
                  00003896    00000076     Agent_Platform.obj (.text:_ZN4MAES14Agent_PlatformC1EPc)
                  0000390c    00000074     Agent_Platform.obj (.text:_ZN4MAES14Agent_Platform9broadcastEPNS_6MsgObjE)
                  00003980    00000074     sysbios.aem4f : BIOS.obj (.text:ti_sysbios_knl_Mailbox_pend__E)
                  000039f4    00000004     empty_min_pem4f.oem4f (.text:xdc_runtime_System_Module_GateProxy_leave__E)
                  000039f8    00000070     sysbios.aem4f : BIOS.obj (.text:ti_sysbios_knl_Mailbox_Instance_finalize__E)
                  00003a68    00000070                   : BIOS.obj (.text:ti_sysbios_knl_Semaphore_post__E)
                  00003ad8    00000070                   : BIOS.obj (.text:ti_sysbios_knl_Task_exit__E)
                  00003b48    0000006d     ti.targets.arm.rtsarm.aem4f : System.oem4f (.text:xdc_runtime_System_formatNum__I)
                  00003bb5    00000001     --HOLE-- [fill = 0]
                  00003bb6    00000002     empty_min_pem4f.oem4f (.text:ti_sysbios_BIOS_nullFunc__I)
                  00003bb8    0000006c     Agent.obj (.text:_ZN4MAES5AgentC1EPciS1_i)
                  00003c24    00000004     ti.targets.arm.rtsarm.aem4f : System.oem4f (.text:xdc_runtime_System_aprintf_va__F)
                  00003c28    0000006c     sysbios.aem4f : BIOS.obj (.text:ti_sysbios_knl_Clock_workFunc__E)
                  00003c94    00000004     ti.targets.arm.rtsarm.aem4f : System.oem4f (.text:xdc_runtime_System_printf_va__F)
                  00003c98    0000006c     sysbios.aem4f : BIOS.obj (.text:ti_sysbios_knl_Swi_restoreHwi__E)
                  00003d04    0000006c     ti.targets.arm.rtsarm.aem4f : Error.oem4f (.text:xdc_runtime_Error_print__E)
                  00003d70    0000006c                                 : Memory.oem4f (.text:xdc_runtime_Memory_alloc__E)
                  00003ddc    00000068     rtsv7M4_T_le_v4SPD16_eabi.lib : copy_decompress_lzss.obj (.text:decompress:lzss)
                  00003e44    00000068                                   : trgmsg.obj (.text)
                  00003eac    00000066     ti.targets.arm.rtsarm.aem4f : Core-mem.oem4f (.text:xdc_runtime_Core_deleteObject__I)
                  00003f12    00000002     --HOLE-- [fill = 0]
                  00003f14    00000064     Agent_Platform.obj (.text:_ZN4MAES14Agent_Platform16modify_agent_priEP26ti_sysbios_knl_Task_Objecti)
                  00003f78    00000064     sysbios.aem4f : BIOS.obj (.text:ti_sysbios_family_arm_m3_Hwi_dispatchC__I)
                  00003fdc    00000064     empty_min_pem4f.oem4f (.text:ti_sysbios_knl_Mailbox_create)
                  00004040    00000064     sysbios.aem4f : BIOS.obj (.text:ti_sysbios_utils_Load_idleFxn__E)
                  000040a4    00000062     tirtosport.aem4f : HwiP_tirtos.oem4f (.text:HwiP_create)
                  00004106    00000002     --HOLE-- [fill = 0]
                  00004108    00000060     sysbios.aem4f : BIOS.obj (.text:ti_sysbios_family_arm_m3_TimestampProvider_get32__E)
                  00004168    0000005c     drivers_MSP432P401R.aem4f : GPIOMSP432.oem4f (.text:GPIO_init)
                  000041c4    00000004     --HOLE-- [fill = 0]
                  000041c8    0000005c     sysbios.aem4f : BIOS.obj (.text:ti_sysbios_knl_Swi_run__I)
                  00004224    00000004     --HOLE-- [fill = 0]
                  00004228    0000005c                   : BIOS.obj (.text:ti_sysbios_knl_Swi_schedule__I)
                  00004284    00000004     --HOLE-- [fill = 0]
                  00004288    0000005c                   : BIOS.obj (.text:ti_sysbios_knl_Task_Module_startup__E)
                  000042e4    0000005c     empty_min_pem4f.oem4f (.text:ti_sysbios_knl_Task_create)
                  00004340    0000005c     sysbios.aem4f : BIOS.obj (.text:ti_sysbios_knl_Task_startCore__E)
                  0000439c    0000005b     ti.targets.arm.rtsarm.aem4f : Text.oem4f (.text:xdc_runtime_Text_putLab__E)
                  000043f7    00000001     --HOLE-- [fill = 0]
                  000043f8    00000058     Agent_Platform.obj (.text:_ZN4MAES14Agent_Platform10kill_agentEP26ti_sysbios_knl_Task_Object)
                  00004450    00000058     boot.aem4f : boot.oem4f (.text)
                  000044a8    00000058     empty_min_pem4f.oem4f (.text:ti_sysbios_family_arm_m3_Hwi_construct)
                  00004500    00000058     sysbios.aem4f : m3_Hwi_asm_switch.obj (.text:ti_sysbios_family_arm_m3_Hwi_initStacks__E)
                  00004558    00000054     drivers_MSP432P401R.aem4f : GPIOMSP432.oem4f (.text:GPIO_hwiIntFxn)
                  000045ac    00000054                               : GPIOMSP432.oem4f (.text:GPIO_setCallback)
                  00004600    00000054     Behaviour.obj (.text:_ZN4MAES17Generic_Behaviour7executeEv)
                  00004654    00000054     rtsv7M4_T_le_v4SPD16_eabi.lib : exit.obj (.text)
                  000046a8    00000054     sysbios.aem4f : BIOS.obj (.text:ti_sysbios_family_arm_m3_Timer_start__E)
                  000046fc    00000004     --HOLE-- [fill = 0]
                  00004700    00000054                   : BIOS.obj (.text:ti_sysbios_family_arm_msp432_Timer_initDevice__I)
                  00004754    00000004     --HOLE-- [fill = 0]
                  00004758    00000054                   : BIOS.obj (.text:ti_sysbios_family_arm_msp432_init_Boot_configureClocksHigh)
                  000047ac    00000054     ti.targets.arm.rtsarm.aem4f : Assert.oem4f (.text:xdc_runtime_Assert_raise__I)
                  00004800    00000050     drivers_MSP432P401R.aem4f : GPIOMSP432.oem4f (.text:GPIO_write)
                  00004850    00000050     msp432p4xx_driverlib.lib : pcm.o (.text:PCM_shutdownDevice)
                  000048a0    00000050     sysbios.aem4f : BIOS.obj (.text:ti_sysbios_family_arm_m3_Hwi_Module_startup__E)
                  000048f0    00000050     ti.targets.arm.rtsarm.aem4f : Startup.oem4f (.text:xdc_runtime_Startup_exec__E)
                  00004940    00000050                                 : Text.oem4f (.text:xdc_runtime_Text_visitRope2__I)
                  00004990    0000004c     rtsv7M4_T_le_v4SPD16_eabi.lib : cpy_tbl.obj (.text)
                  000049dc    00000004     --HOLE-- [fill = 0]
                  000049e0    0000004c     sysbios.aem4f : BIOS.obj (.text:ti_sysbios_family_arm_msp432_Timer_postInit__I)
                  00004a2c    00000004     --HOLE-- [fill = 0]
                  00004a30    0000004c                   : BIOS.obj (.text:ti_sysbios_family_arm_msp432_Timer_start__E)
                  00004a7c    00000004     --HOLE-- [fill = 0]
                  00004a80    0000004c                   : BIOS.obj (.text:ti_sysbios_heaps_HeapMem_getStats__E)
                  00004acc    00000004     --HOLE-- [fill = 0]
                  00004ad0    0000004c                   : BIOS.obj (.text:ti_sysbios_knl_Swi_runLoop__I)
                  00004b1c    00000004     --HOLE-- [fill = 0]
                  00004b20    0000004c                   : BIOS.obj (.text:ti_sysbios_knl_Task_allBlockedFunction__I)
                  00004b6c    00000004     --HOLE-- [fill = 0]
                  00004b70    0000004c                   : BIOS.obj (.text:ti_sysbios_knl_Task_schedule__I)
                  00004bbc    0000004a     Agent_Msg.obj (.text:_ZN4MAES9Agent_Msg12add_receiverEP26ti_sysbios_knl_Task_Object)
                  00004c06    00000048     Agent_Msg.obj (.text:_ZN4MAES9Agent_Msg4sendEv)
                  00004c4e    00000002     --HOLE-- [fill = 0]
                  00004c50    00000048     sysbios.aem4f : BIOS.obj (.text:ti_sysbios_family_arm_m3_Hwi_disableInterrupt__E)
                  00004c98    00000048                   : BIOS.obj (.text:ti_sysbios_family_arm_m3_Hwi_enableInterrupt__E)
                  00004ce0    00000048                   : BIOS.obj (.text:ti_sysbios_family_arm_m3_Hwi_excReserved__I)
                  00004d28    00000048                   : BIOS.obj (.text:ti_sysbios_family_arm_m3_Timer_initDevice__I)
                  00004d70    00000048                   : BIOS.obj (.text:ti_sysbios_family_arm_m3_Timer_setPeriod__E)
                  00004db8    00000048                   : BIOS.obj (.text:ti_sysbios_knl_Mailbox_Module_startup__E)
                  00004e00    00000046     ti.targets.arm.rtsarm.aem4f : Core-params.oem4f (.text:xdc_runtime_Core_assignParams__I)
                  00004e46    00000002     --HOLE-- [fill = 0]
                  00004e48    00000044     drivers_MSP432P401R.aem4f : PowerMSP432.oem4f (.text:Power_init)
                  00004e8c    00000044     Agent_Platform.obj (.text:_ZN4MAES14Agent_Platform12resume_agentEP26ti_sysbios_knl_Task_Object)
                  00004ed0    00000044     sysbios.aem4f : BIOS.obj (.text:ti_sysbios_family_arm_m3_Hwi_getStackInfo__E)
                  00004f14    00000004     --HOLE-- [fill = 0]
                  00004f18    00000044                   : BIOS.obj (.text:ti_sysbios_knl_Swi_post__E)
                  00004f5c    00000044     ti.targets.arm.rtsarm.aem4f : Error.oem4f (.text:xdc_runtime_Error_setX__E)
                  00004fa0    00000044                                 : SysMin.oem4f (.text:xdc_runtime_SysMin_flush__E)
                  00004fe4    00000044                                 : Text.oem4f (.text:xdc_runtime_Text_xprintf__I)
                  00005028    00000040     msp432p4xx_driverlib.lib : flash.o (.text:FlashCtl_disableReadBuffering)
                  00005068    00000040     Agent_Platform.obj (.text:_ZN4MAES14Agent_Platform12agent_searchEP26ti_sysbios_knl_Task_Object)
                  000050a8    00000040     drivers_MSP432P401R.aem4f : PowerMSP432.oem4f (.text:notify)
                  000050e8    00000040     rtsv7M4_T_le_v4SPD16_eabi.lib : u_divt2.obj (.text)
                  00005128    00000040     sysbios.aem4f : BIOS.obj (.text:ti_sysbios_family_arm_msp432_Timer_Module_startup__E)
                  00005168    00000040                   : BIOS.obj (.text:ti_sysbios_family_arm_msp432_Timer_startup__E)
                  000051a8    00000040                   : BIOS.obj (.text:ti_sysbios_heaps_HeapMem_Instance_init__E)
                  000051e8    0000003c     power_tirtos_MSP432P401R.aem4f : PowerMSP432_tirtos.oem4f (.text:PowerMSP432_sleepPolicy)
                  00005224    0000003c     Agent_Platform.obj (.text:_ZN4MAES14Agent_Platform13suspend_agentEP26ti_sysbios_knl_Task_Object)
                  00005260    0000003c     sysbios.aem4f : BIOS.obj (.text:ti_sysbios_family_arm_m3_Hwi_excSvCall__I)
                  0000529c    00000004     --HOLE-- [fill = 0]
                  000052a0    0000003c                   : BIOS.obj (.text:ti_sysbios_heaps_HeapMem_init__I)
                  000052dc    00000004     --HOLE-- [fill = 0]
                  000052e0    0000003c                   : BIOS.obj (.text:ti_sysbios_knl_Swi_restore__E)
                  0000531c    00000004     --HOLE-- [fill = 0]
                  00005320    00000038                   : BIOS.obj (.text:ti_sysbios_family_arm_m3_Hwi_excNoIsr__I)
                  00005358    00000038     ti.targets.arm.rtsarm.aem4f : SysMin.oem4f (.text:xdc_runtime_SysMin_putch__E)
                  00005390    00000038                                 : System.oem4f (.text:xdc_runtime_System_atexit__E)
                  000053c8    00000034     msp432p4xx_driverlib.lib : flash.o (.text:FlashCtl_enableReadBuffering)
                  000053fc    00000034     Agent_Msg.obj (.text:_ZN4MAES9Agent_Msg12isRegisteredEP26ti_sysbios_knl_Task_Object)
                  00005430    00000034     empty_min_pem4f.oem4f (.text:ti_sysbios_BIOS_startFunc__I)
                  00005464    00000004     --HOLE-- [fill = 0]
                  00005468    00000034     sysbios.aem4f : BIOS.obj (.text:ti_sysbios_family_arm_m3_Hwi_Instance_finalize__E)
                  0000549c    00000004     --HOLE-- [fill = 0]
                  000054a0    00000034                   : BIOS.obj (.text:ti_sysbios_family_arm_m3_Hwi_excNmi__I)
                  000054d4    00000004     --HOLE-- [fill = 0]
                  000054d8    00000034                   : BIOS.obj (.text:ti_sysbios_family_arm_m3_Timer_periodicStub__I)
                  0000550c    00000004     --HOLE-- [fill = 0]
                  00005510    00000034                   : BIOS.obj (.text:ti_sysbios_hal_Hwi_checkStack)
                  00005544    00000034     ti.targets.arm.rtsarm.aem4f : Core-label.oem4f (.text:xdc_runtime_Core_assignLabel__I)
                  00005578    00000033                                 : Text.oem4f (.text:xdc_runtime_Text_printVisFxn__I)
                  000055ab    00000005     --HOLE-- [fill = 0]
                  000055b0    00000032     sysbios.aem4f : BIOS.obj (.text:ti_sysbios_hal_Hwi_initStack)
                  000055e2    00000002     --HOLE-- [fill = 0]
                  000055e4    00000030     msp432p4xx_driverlib.lib : gpio.o (.text:GPIO_getEnabledInterruptStatus)
                  00005614    00000030                              : gpio.o (.text:GPIO_setAsInputPinWithPullDownResistor)
                  00005644    00000030                              : gpio.o (.text:GPIO_setAsInputPinWithPullUpResistor)
                  00005674    00000030     drivers_MSP432P401R.aem4f : GPIOMSP432.oem4f (.text:GPIO_toggle)
                  000056a4    00000030     empty_min_pem4f.oem4f (.text:ti_sysbios_BIOS_atExitFunc__I)
                  000056d4    00000004     --HOLE-- [fill = 0]
                  000056d8    00000030     sysbios.aem4f : BIOS.obj (.text:ti_sysbios_family_arm_m3_TaskSupport_start__E)
                  00005708    00000030     empty_min_pem4f.oem4f (.text:ti_sysbios_gates_GateHwi_Object__create__S)
                  00005738    00000030     empty_min_pem4f.oem4f (.text:ti_sysbios_gates_GateMutex_Object__create__S)
                  00005768    00000030     sysbios.aem4f : BIOS.obj (.text:ti_sysbios_gates_GateMutex_enter__E)
                  00005798    00000030     empty_min_pem4f.oem4f (.text:ti_sysbios_heaps_HeapMem_Object__create__S)
                  000057c8    00000030     sysbios.aem4f : BIOS.obj (.text:ti_sysbios_knl_Mailbox_postInit__I)
                  000057f8    00000030     empty_min_pem4f.oem4f (.text:ti_sysbios_knl_Semaphore_construct)
                  00005828    00000030     sysbios.aem4f : BIOS.obj (.text:ti_sysbios_knl_Semaphore_pendTimeout__I)
                  00005858    00000030                   : BIOS.obj (.text:ti_sysbios_knl_Task_processVitalTaskFlag__I)
                  00005888    00000030                   : BIOS.obj (.text:ti_sysbios_knl_Task_unblockI__E)
                  000058b8    00000030                   : BIOS.obj (.text:ti_sysbios_utils_Load_updateCurrentThreadTime__E)
                  000058e8    00000030     ti.targets.arm.rtsarm.aem4f : SysMin.oem4f (.text:xdc_runtime_SysMin_abort__E)
                  00005918    00000030                                 : System.oem4f (.text:xdc_runtime_System_processAtExit__E)
                  00005948    0000002c     msp432p4xx_driverlib.lib : gpio.o (.text:GPIO_setAsInputPin)
                  00005974    0000002c                              : pcm.o (.text:PCM_getCoreVoltageLevel)
                  000059a0    0000002c     power_tirtos_MSP432P401R.aem4f : PowerMSP432_tirtos.oem4f (.text:PowerMSP432_updateFreqs)
                  000059cc    0000002c     Agent_Msg.obj (.text:_ZN4MAES9Agent_Msg18clear_all_receiverEv)
                  000059f8    0000002c     empty_min_pem4f.oem4f (.text:ti_sysbios_knl_Clock_doTick__I)
                  00005a24    0000002c     empty_min_pem4f.oem4f (.text:ti_sysbios_knl_Queue_construct)
                  00005a50    0000002c     sysbios.aem4f : BIOS.obj (.text:ti_sysbios_knl_Task_restore__E)
                  00005a7c    0000002c     ti.targets.arm.rtsarm.aem4f : Text.oem4f (.text:xdc_runtime_Text_cordText__E)
                  00005aa8    0000002a     msp432p4xx_driverlib.lib : pcm.o (.text:PCM_getPowerMode)
                  00005ad2    0000002a     ti.targets.arm.rtsarm.aem4f : System.oem4f (.text:xdc_runtime_System_putchar__I)
                  00005afc    00000028     msp432p4xx_driverlib.lib : flash.o (.text:FlashCtl_setWaitState)
                  00005b24    00000028                              : pcm.o (.text:PCM_gotoLPM0)
                  00005b4c    00000028     main.obj (.text:_ZN16ReadingBehaviour6actionEv)
                  00005b74    00000028     main.obj (.text:_ZN16WritingBehaviour5setupEv)
                  00005b9c    00000028     main.obj (.text:_ZN17ReadingBehaviour26actionEv)
                  00005bc4    00000028     Agent_Msg.obj (.text:_ZN4MAES9Agent_Msg7receiveEj)
                  00005bec    00000004     --HOLE-- [fill = 0]
                  00005bf0    00000028     sysbios.aem4f : BIOS.obj (.text:ti_sysbios_knl_Clock_addI__E)
                  00005c18    00000028                   : BIOS.obj (.text:ti_sysbios_knl_Swi_Module_startup__E)
                  00005c40    00000026                   : m3_Hwi_asm.obj (.text:ti_sysbios_family_arm_m3_Hwi_pendSV__I)
                  00005c66    00000026     ti.targets.arm.rtsarm.aem4f : System.oem4f (.text:xdc_runtime_System_avprintf__E)
                  00005c8c    00000024     msp432p4xx_driverlib.lib : cs.o (.text:CS_setDCOCenteredFrequency)
                  00005cb0    00000024                              : gpio.o (.text:GPIO_setAsOutputPin)
                  00005cd4    00000024                              : rtc_c.o (.text:RTC_C_holdClock)
                  00005cf8    00000024                              : rtc_c.o (.text:RTC_C_startClock)
                  00005d1c    00000024     empty_min_pem4f.oem4f (.text:ti_sysbios_BIOS_errorRaiseHook__I)
                  00005d40    00000024     empty_min_pem4f.oem4f (.text:ti_sysbios_BIOS_registerRTSLock__I)
                  00005d64    00000024     empty_min_pem4f.oem4f (.text:ti_sysbios_BIOS_removeRTSLock__I)
                  00005d88    00000024     sysbios.aem4f : BIOS.obj (.text:ti_sysbios_family_arm_m3_Timer_Module_startup__E)
                  00005dac    00000004     --HOLE-- [fill = 0]
                  00005db0    00000024                   : BIOS.obj (.text:ti_sysbios_family_arm_m3_Timer_postInit__I)
                  00005dd4    00000004     --HOLE-- [fill = 0]
                  00005dd8    00000024                   : BIOS.obj (.text:ti_sysbios_family_arm_m3_Timer_startup__E)
                  00005dfc    00000004     --HOLE-- [fill = 0]
                  00005e00    00000024                   : BIOS.obj (.text:ti_sysbios_family_arm_msp432_ClockFreqs_setFrequency__E)
                  00005e24    00000024     empty_min_pem4f.oem4f (.text:ti_sysbios_gates_GateMutex_Object__delete__S)
                  00005e48    00000024     sysbios.aem4f : BIOS.obj (.text:ti_sysbios_knl_Clock_Module_startup__E)
                  00005e6c    00000004     --HOLE-- [fill = 0]
                  00005e70    00000024                   : BIOS.obj (.text:ti_sysbios_knl_Semaphore_Instance_init__E)
                  00005e94    00000004     --HOLE-- [fill = 0]
                  00005e98    00000024                   : BIOS.obj (.text:ti_sysbios_knl_Task_restoreHwi__E)
                  00005ebc    00000004     --HOLE-- [fill = 0]
                  00005ec0    00000024                   : BIOS.obj (.text:ti_sysbios_utils_Load_updateThreadContexts__E)
                  00005ee4    00000024     ti.targets.arm.rtsarm.aem4f : System.oem4f (.text:xdc_runtime_System_vprintf__E)
                  00005f08    00000022     empty_min_pem4f.oem4f (.text:xdc_runtime_SysMin_output__I)
                  00005f2a    00000002     --HOLE-- [fill = 0]
                  00005f2c    00000020     msp432p4xx_driverlib.lib : gpio.o (.text:GPIO_interruptEdgeSelect)
                  00005f4c    00000020     Agent_Msg.obj (.text:_ZN4MAES9Agent_MsgC1Ev)
                  00005f6c    00000020     empty_min_pem4f.oem4f (.text:ti_sysbios_BIOS_rtsLock__I)
                  00005f8c    00000020     sysbios.aem4f : m3_Hwi_asm.obj (.text:ti_sysbios_family_arm_m3_Hwi_excHandlerAsm__I)
                  00005fac    00000004     --HOLE-- [fill = 0]
                  00005fb0    00000020                   : BIOS.obj (.text:ti_sysbios_family_arm_m3_Hwi_excHandler__I)
                  00005fd0    00000020                   : BIOS.obj (.text:ti_sysbios_family_arm_m3_TimestampProvider_Module_startup__E)
                  00005ff0    00000020     empty_min_pem4f.oem4f (.text:ti_sysbios_gates_GateHwi_Object__delete__S)
                  00006010    00000020     empty_min_pem4f.oem4f (.text:ti_sysbios_heaps_HeapMem_Object__delete__S)
                  00006030    00000020     sysbios.aem4f : BIOS.obj (.text:ti_sysbios_knl_Idle_run__E)
                  00006050    00000020     empty_min_pem4f.oem4f (.text:ti_sysbios_knl_Mailbox_Object__delete__S)
                  00006070    00000020     empty_min_pem4f.oem4f (.text:ti_sysbios_knl_Semaphore_Object__destruct__S)
                  00006090    00000020     empty_min_pem4f.oem4f (.text:ti_sysbios_knl_Task_Object__delete__S)
                  000060b0    00000020     ti.targets.arm.rtsarm.aem4f : Registry.oem4f (.text:xdc_runtime_Registry_findById__E)
                  000060d0    00000020                                 : SysMin.oem4f (.text:xdc_runtime_SysMin_Module_startup__E)
                  000060f0    0000001e     sysbios.aem4f : m3_Hwi_asm_switch.obj (.text:ti_sysbios_family_xxx_Hwi_switchAndRunFunc)
                  0000610e    00000002     --HOLE-- [fill = 0]
                  00006110    0000001c     msp432p4xx_driverlib.lib : pcm.o (.text:PCM_enableRudeMode)
                  0000612c    0000001c     Behaviour.obj (.text:_ZN4MAES17Generic_BehaviourC1Ev)
                  00006148    0000001c     sysbios.aem4f : BIOS.obj (.text:ti_sysbios_family_arm_m3_Timer_stop__E)
                  00006164    00000004     --HOLE-- [fill = 0]
                  00006168    0000001c                   : BIOS.obj (.text:ti_sysbios_gates_GateMutex_Instance_init__E)
                  00006184    0000001c     empty_min_pem4f.oem4f (.text:ti_sysbios_knl_Queue_Object__destruct__S)
                  000061a0    0000001c     sysbios.aem4f : BIOS.obj (.text:ti_sysbios_knl_Queue_get__E)
                  000061bc    00000004     --HOLE-- [fill = 0]
                  000061c0    0000001c                   : BIOS.obj (.text:ti_sysbios_knl_Queue_put__E)
                  000061dc    00000004     --HOLE-- [fill = 0]
                  000061e0    0000001c                   : BIOS.obj (.text:ti_sysbios_knl_Task_enter__I)
                  000061fc    0000001c     ti.targets.arm.rtsarm.aem4f : Error.oem4f (.text:xdc_runtime_Error_raiseX__E)
                  00006218    0000001c                                 : Memory.oem4f (.text:xdc_runtime_Memory_valloc__E)
                  00006234    0000001c                                 : SysMin.oem4f (.text:xdc_runtime_SysMin_exit__E)
                  00006250    0000001c                                 : System.oem4f (.text:xdc_runtime_System_abort__E)
                  0000626c    0000001a     main.obj (.text:_Z7readingjj)
                  00006286    0000001a     main.obj (.text:_Z8functionjj)
                  000062a0    0000001a     main.obj (.text:_Z8reading2jj)
                  000062ba    0000001a     main.obj (.text:_ZN16WritingBehaviour6actionEv)
                  000062d4    0000001a     empty_min_pem4f.oem4f (.text:xdc_runtime_System_aprintf__E)
                  000062ee    0000001a     empty_min_pem4f.oem4f (.text:xdc_runtime_System_printf__E)
                  00006308    00000018     msp432p4xx_driverlib.lib : gpio.o (.text:GPIO_clearInterruptFlag)
                  00006320    00000018                              : gpio.o (.text:GPIO_setDriveStrengthLow)
                  00006338    00000018                              : gpio.o (.text:GPIO_setOutputLowOnPin)
                  00006350    00000018                              : wdt_a.o (.text:WDT_A_holdTimer)
                  00006368    00000018     main.obj (.text:_ZN16ReadingBehaviourC1Ev)
                  00006380    00000018     main.obj (.text:_ZN16WritingBehaviourC1Ev)
                  00006398    00000018     main.obj (.text:_ZN17ReadingBehaviour2C1Ev)
                  000063b0    00000018     Agent_Platform.obj (.text:_ZN4MAES13USER_DEF_CONDC1Ev)
                  000063c8    00000018     Behaviour.obj (.text:_ZN4MAES15CyclicBehaviourC1Ev)
                  000063e0    00000018     empty_min_pem4f.oem4f (.text:free)
                  000063f8    00000018     rtsv7M4_T_le_v4SPD16_eabi.lib : args_main.obj (.text)
                  00006410    00000018     empty_min_pem4f.oem4f (.text:ti_sysbios_BIOS_rtsUnlock__I)
                  00006428    00000018     empty_min_pem4f.oem4f (.text:ti_sysbios_family_arm_m3_Hwi_Handle__label__S)
                  00006440    00000018     empty_min_pem4f.oem4f (.text:ti_sysbios_family_arm_m3_Hwi_Module__startupDone__F)
                  00006458    00000018     sysbios.aem4f : m3_TaskSupport_asm.obj (.text:ti_sysbios_family_arm_m3_TaskSupport_swap__E)
                  00006470    00000018     empty_min_pem4f.oem4f (.text:ti_sysbios_family_arm_msp432_Timer_Module__startupDone__F)
                  00006488    00000018     empty_min_pem4f.oem4f (.text:ti_sysbios_gates_GateHwi_Handle__label__S)
                  000064a0    00000018     empty_min_pem4f.oem4f (.text:ti_sysbios_gates_GateMutex_Handle__label__S)
                  000064b8    00000018     sysbios.aem4f : BIOS.obj (.text:ti_sysbios_gates_GateMutex_leave__E)
                  000064d0    00000018     empty_min_pem4f.oem4f (.text:ti_sysbios_heaps_HeapMem_Handle__label__S)
                  000064e8    00000018     empty_min_pem4f.oem4f (.text:ti_sysbios_knl_Swi_Handle__label__S)
                  00006500    00000018     empty_min_pem4f.oem4f (.text:ti_sysbios_knl_Task_Handle__label__S)
                  00006518    00000018     sysbios.aem4f : BIOS.obj (.text:ti_sysbios_knl_Task_sleepTimeout__I)
                  00006530    00000018     ti.uia.loggers.aem4f : LoggerMin.oem4f (.text:ti_uia_loggers_LoggerMin_Module_startup__E)
                  00006548    00000018     ti.targets.arm.rtsarm.aem4f : Error.oem4f (.text:xdc_runtime_Error_check__E)
                  00006560    00000018                                 : System.oem4f (.text:xdc_runtime_System_exit__E)
                  00006578    00000018                                 : Text.oem4f (.text:xdc_runtime_Text_ropeText__E)
                  00006590    00000016     Agent_Platform.obj (.text:_Z31ti_sysbios_knl_Task_Params_initP26ti_sysbios_knl_Task_Params)
                  000065a6    00000016     Agent_Platform.obj (.text:_Z34ti_sysbios_knl_Mailbox_Params_initP29ti_sysbios_knl_Mailbox_Params)
                  000065bc    00000016     empty_min_pem4f.oem4f (.text:ti_sysbios_BIOS_exitFunc__I)
                  000065d2    00000006     rtsv7M4_T_le_v4SPD16_eabi.lib : pure_virt.obj (.text)
                  000065d8    00000016     sysbios.aem4f : BIOS.obj (.text:ti_sysbios_knl_Task_getFunc__E)
                  000065ee    00000002     --HOLE-- [fill = 0]
                  000065f0    00000016                   : BIOS.obj (.text:ti_sysbios_knl_Task_unblock__E)
                  00006606    00000002     --HOLE-- [fill = 0]
                  00006608    00000014     msp432p4xx_driverlib.lib : gpio.o (.text:GPIO_setDriveStrengthHigh)
                  0000661c    00000014                              : gpio.o (.text:GPIO_setOutputHighOnPin)
                  00006630    00000014                              : gpio.o (.text:GPIO_toggleOutputOnPin)
                  00006644    00000014     drivers_MSP432P401R.aem4f : PowerMSP432.oem4f (.text:Power_idleFunc)
                  00006658    00000014     msp432p4xx_driverlib.lib : wdt_a.o (.text:WDT_A_startTimer)
                  0000666c    00000014     Agent_Msg.obj (.text:_ZN4MAES9Agent_Msg11get_mailboxEP26ti_sysbios_knl_Task_Object)
                  00006680    00000014     rtsv7M4_T_le_v4SPD16_eabi.lib : _lock.obj (.text)
                  00006694    00000014                                   : strcpy.obj (.text)
                  000066a8    00000014                                   : strlen.obj (.text)
                  000066bc    00000014     empty_min_pem4f.oem4f (.text:ti_sysbios_family_arm_m3_Hwi_Object__get__S)
                  000066d0    00000014     sysbios.aem4f : BIOS.obj (.text:ti_sysbios_family_arm_m3_Hwi_switchFromBootStack__E)
                  000066e4    00000014     empty_min_pem4f.oem4f (.text:ti_sysbios_heaps_HeapMem_Object__get__S)
                  000066f8    00000014     empty_min_pem4f.oem4f (.text:ti_sysbios_knl_Swi_Object__get__S)
                  0000670c    00000014     empty_min_pem4f.oem4f (.text:ti_sysbios_knl_Task_Object__first__S)
                  00006720    00000014     empty_min_pem4f.oem4f (.text:ti_sysbios_knl_Task_Object__next__S)
                  00006734    00000012     Agent_Msg.obj (.text:_ZN4MAES9Agent_Msg11set_msg_intEi)
                  00006746    00000012     Agent_Msg.obj (.text:_ZN4MAES9Agent_Msg12set_msg_typeEi)
                  00006758    00000012     sysbios.aem4f : BIOS.obj (.text:ti_sysbios_hal_Hwi_Module_startup__E)
                  0000676a    00000012     empty_min_pem4f.oem4f (.text:xdc_runtime_Startup_exec__I)
                  0000677c    00000010     msp432p4xx_driverlib.lib : gpio.o (.text:GPIO_getInterruptStatus)
                  0000678c    00000010                              : pcm.o (.text:PCM_gotoLPM4)
                  0000679c    00000010     Agent_Msg.obj (.text:_ZN4MAES9Agent_Msg7get_msgEv)
                  000067ac    00000004     --HOLE-- [fill = 0]
                  000067b0    00000010     sysbios.aem4f : BIOS.obj (.text:ti_sysbios_BIOS_exit__E)
                  000067c0    00000010                   : BIOS.obj (.text:ti_sysbios_BIOS_getCpuFreq__E)
                  000067d0    00000010                   : BIOS.obj (.text:ti_sysbios_BIOS_setCpuFreq__E)
                  000067e0    00000010                   : BIOS.obj (.text:ti_sysbios_BIOS_setThreadType__E)
                  000067f0    00000010                   : BIOS.obj (.text:ti_sysbios_BIOS_start__E)
                  00006800    00000010                   : m3_TaskSupport_asm.obj (.text:ti_sysbios_family_arm_m3_TaskSupport_glue)
                  00006810    00000010                   : BIOS.obj (.text:ti_sysbios_family_arm_msp432_init_Boot_disableWatchdog)
                  00006820    00000010                   : BIOS.obj (.text:ti_sysbios_gates_GateMutex_Instance_finalize__E)
                  00006830    00000010     empty_min_pem4f.oem4f (.text:ti_sysbios_knl_Mailbox_Object__get__S)
                  00006840    00000010     sysbios.aem4f : BIOS.obj (.text:ti_sysbios_knl_Semaphore_Instance_finalize__E)
                  00006850    00000010                   : BIOS.obj (.text:ti_sysbios_knl_Swi_disable__E)
                  00006860    00000010     empty_min_pem4f.oem4f (.text:ti_sysbios_knl_Task_Object__get__S)
                  00006870    00000010     sysbios.aem4f : BIOS.obj (.text:ti_sysbios_knl_Task_disable__E)
                  00006880    00000010     ti.targets.arm.rtsarm.aem4f : Gate.oem4f (.text:xdc_runtime_Gate_leaveSystem__E)
                  00006890    00000010                                 : Memory.oem4f (.text:xdc_runtime_Memory_free__E)
                  000068a0    00000010                                 : SysMin.oem4f (.text:xdc_runtime_SysMin_ready__E)
                  000068b0    00000010                                 : System.oem4f (.text:xdc_runtime_System_vsnprintf__E)
                  000068c0    0000000e     tirtosport.aem4f : HwiP_tirtos.oem4f (.text:HwiP_Params_init)
                  000068ce    0000000e     Agent_Msg.obj (.text:_ZN4MAES9Agent_Msg10get_senderEv)
                  000068dc    0000000e     Agent_Msg.obj (.text:_ZN4MAES9Agent_Msg11get_msg_intEv)
                  000068ea    0000000e     Agent_Msg.obj (.text:_ZN4MAES9Agent_Msg12get_msg_typeEv)
                  000068f8    0000000e     Agent_Msg.obj (.text:_ZN4MAES9Agent_Msg14get_msg_stringEv)
                  00006906    0000000e     Agent_Msg.obj (.text:_ZN4MAES9Agent_Msg16get_target_agentEv)
                  00006914    0000000e     rtsv7M4_T_le_v4SPD16_eabi.lib : copy_decompress_none.obj (.text:decompress:none)
                  00006922    00000006     ti.targets.arm.rtsarm.aem4f : System.oem4f (.text:xdc_runtime_System_Module_startup__E)
                  00006928    0000000e     sysbios.aem4f : BIOS.obj (.text:ti_sysbios_knl_Queue_empty__E)
                  00006936    0000000c     empty_min_pem4f.oem4f (.text:.bootCodeSection:ti_sysbios_family_arm_msp432_init_Boot_init__I)
                  00006942    0000000c     msp432p4xx_driverlib.lib : cpu.o (.text:CPU_cpsid)
                  0000694e    0000000c                              : cpu.o (.text:CPU_cpsie)
                  0000695a    00000002     --HOLE-- [fill = 0]
                  0000695c    0000000c                              : pcm.o (.text:PCM_getPowerState)
                  00006968    0000000c     drivers_MSP432P401R.aem4f : PowerMSP432.oem4f (.text:Power_getConstraintMask)
                  00006974    0000000c     Agent_Platform.obj (.text:_Z31ti_sysbios_knl_Task_Object_nextP26ti_sysbios_knl_Task_Object)
                  00006980    0000000c     User_Cond.obj (.text:_ZN4MAES13USER_DEF_COND11modify_condEv)
                  0000698c    0000000c     User_Cond.obj (.text:_ZN4MAES13USER_DEF_COND11resume_condEv)
                  00006998    0000000c     User_Cond.obj (.text:_ZN4MAES13USER_DEF_COND12suspend_condEv)
                  000069a4    0000000c     User_Cond.obj (.text:_ZN4MAES13USER_DEF_COND13register_condEv)
                  000069b0    0000000c     User_Cond.obj (.text:_ZN4MAES13USER_DEF_COND14broadcast_condEv)
                  000069bc    0000000c     User_Cond.obj (.text:_ZN4MAES13USER_DEF_COND15deregister_condEv)
                  000069c8    0000000c     User_Cond.obj (.text:_ZN4MAES13USER_DEF_COND6createEv)
                  000069d4    0000000c     User_Cond.obj (.text:_ZN4MAES13USER_DEF_COND7restartEv)
                  000069e0    0000000c     User_Cond.obj (.text:_ZN4MAES13USER_DEF_COND9kill_condEv)
                  000069ec    0000000c     Behaviour.obj (.text:_ZN4MAES15CyclicBehaviour4doneEv)
                  000069f8    0000000c     Behaviour.obj (.text:_ZN4MAES17Generic_Behaviour17failure_detectionEv)
                  00006a04    0000000c     Behaviour.obj (.text:_ZN4MAES17Generic_Behaviour4doneEv)
                  00006a10    0000000c     Agent.obj (.text:_ZN4MAES5AgentC1Ev)
                  00006a1c    0000000c     rtsv7M4_T_le_v4SPD16_eabi.lib : copy_zero_init.obj (.text:decompress:ZI)
                  00006a28    0000000c     empty_min_pem4f.oem4f (.text:ti_sysbios_family_arm_m3_Hwi_Params__init__S)
                  00006a34    00000004     --HOLE-- [fill = 0]
                  00006a38    0000000c     sysbios.aem4f : BIOS.obj (.text:ti_sysbios_family_arm_m3_Hwi_disableFxn__E)
                  00006a44    00000004     --HOLE-- [fill = 0]
                  00006a48    0000000c                   : BIOS.obj (.text:ti_sysbios_family_arm_m3_TaskSupport_getStackAlignment__E)
                  00006a54    00000004     --HOLE-- [fill = 0]
                  00006a58    0000000c                   : BIOS.obj (.text:ti_sysbios_family_arm_m3_TimestampProvider_startTimer__E)
                  00006a64    00000004     --HOLE-- [fill = 0]
                  00006a68    0000000c                   : BIOS.obj (.text:ti_sysbios_family_arm_msp432_Timer_getMaxTicks__E)
                  00006a74    00000004     --HOLE-- [fill = 0]
                  00006a78    0000000c                   : BIOS.obj (.text:ti_sysbios_gates_GateHwi_enter__E)
                  00006a84    0000000c     empty_min_pem4f.oem4f (.text:ti_sysbios_knl_Mailbox_Params__init__S)
                  00006a90    0000000c     empty_min_pem4f.oem4f (.text:ti_sysbios_knl_Queue_Object__get__S)
                  00006a9c    0000000c     empty_min_pem4f.oem4f (.text:ti_sysbios_knl_Semaphore_Params__init__S)
                  00006aa8    0000000c     empty_min_pem4f.oem4f (.text:ti_sysbios_knl_Task_Params__init__S)
                  00006ab4    00000004     --HOLE-- [fill = 0]
                  00006ab8    0000000c     sysbios.aem4f : BIOS.obj (.text:ti_sysbios_knl_Task_self__E)
                  00006ac4    0000000c     ti.targets.arm.rtsarm.aem4f : Error.oem4f (.text:xdc_runtime_Error_init__E)
                  00006ad0    0000000c                                 : Gate.oem4f (.text:xdc_runtime_Gate_enterSystem__E)
                  00006adc    0000000c                                 : Memory.oem4f (.text:xdc_runtime_Memory_calloc__E)
                  00006ae8    0000000c                                 : Memory.oem4f (.text:xdc_runtime_Memory_getMaxDefaultTypeAlign__E)
                  00006af4    0000000c                                 : Startup.oem4f (.text:xdc_runtime_Startup_rtsDone__E)
                  00006b00    0000000a     Behaviour.obj (.text:_ZN4MAES17Generic_Behaviour16failure_recoveryEv)
                  00006b0a    0000000a     Behaviour.obj (.text:_ZN4MAES17Generic_Behaviour22failure_identificationEv)
                  00006b14    0000000a     Behaviour.obj (.text:_ZN4MAES17Generic_Behaviour5setupEv)
                  00006b1e    0000000a     empty_min_pem4f.oem4f (.text:xdc_runtime_IHeap_alloc)
                  00006b28    0000000a     empty_min_pem4f.oem4f (.text:xdc_runtime_IHeap_free)
                  00006b32    0000000a     empty_min_pem4f.oem4f (.text:xdc_runtime_Text_visitRope__I)
                  00006b3c    00000008     MSP_EXP432P401R.obj (.text:MSP_EXP432P401R_initGPIO)
                  00006b44    00000008     MSP_EXP432P401R.obj (.text:MSP_EXP432P401R_initGeneral)
                  00006b4c    00000008     msp432p4xx_driverlib.lib : pcm.o (.text:PCM_setPowerMode)
                  00006b54    00000008                              : pcm.o (.text:PCM_setPowerState)
                  00006b5c    00000008     Agent_Platform.obj (.text:_Z32ti_sysbios_knl_Task_Object_firstv)
                  00006b64    00000008     rtsv7M4_T_le_v4SPD16_eabi.lib : delete.obj (.text)
                  00006b6c    00000004     --HOLE-- [fill = 0]
                  00006b70    00000008     sysbios.aem4f : BIOS.obj (.text:ti_sysbios_family_arm_m3_Hwi_doSwiRestore__I)
                  00006b78    00000008                   : BIOS.obj (.text:ti_sysbios_family_arm_m3_Hwi_startup__E)
                  00006b80    00000006                   : BIOS.obj (.text:ti_sysbios_family_arm_m3_Hwi_doTaskRestore__I)
                  00006b86    00000002     --HOLE-- [fill = 0]
                  00006b88    00000006                   : BIOS.obj (.text:ti_sysbios_family_arm_m3_Hwi_restoreFxn__E)
                  00006b8e    00000002     --HOLE-- [fill = 0]
                  00006b90    00000006                   : BIOS.obj (.text:ti_sysbios_gates_GateHwi_leave__E)
                  00006b96    00000002     --HOLE-- [fill = 0]
                  00006b98    00000006                   : BIOS.obj (.text:ti_sysbios_heaps_HeapMem_isBlocking__E)
                  00006b9e    00000002     --HOLE-- [fill = 0]
                  00006ba0    00000006                   : BIOS.obj (.text:ti_sysbios_knl_Queue_Instance_init__E)
                  00006ba6    00000002     --HOLE-- [fill = 0]
                  00006ba8    00000006                   : BIOS.obj (.text:ti_sysbios_knl_Swi_startup__E)
                  00006bae    00000002     --HOLE-- [fill = 0]
                  00006bb0    00000004                   : BIOS.obj (.text:ti_sysbios_gates_GateHwi_query__E)
                  00006bb4    00000004     --HOLE-- [fill = 0]
                  00006bb8    00000004                   : BIOS.obj (.text:ti_sysbios_gates_GateMutex_query__E)
                  00006bbc    00000004     --HOLE-- [fill = 0]
                  00006bc0    00000004                   : BIOS.obj (.text:ti_sysbios_knl_Task_getEnv__E)
                  00006bc4    00000004     --HOLE-- [fill = 0]
                  00006bc8    00000004                   : BIOS.obj (.text:ti_sysbios_knl_Task_getPri__E)
                  00006bcc    00000004     --HOLE-- [fill = 0]
                  00006bd0    00000004                   : BIOS.obj (.text:ti_sysbios_knl_Task_setEnv__E)
                  00006bd4    00000004     --HOLE-- [fill = 0]
                  00006bd8    00000004                   : BIOS.obj (.text:ti_sysbios_knl_Task_startup__E)
                  00006bdc    00000004     --HOLE-- [fill = 0]
                  00006be0    00000002                   : BIOS.obj (.text:ti_sysbios_BIOS_linkedWithIncorrectBootLibrary__E)
                  00006be2    00000006     --HOLE-- [fill = 0]
                  00006be8    00000002                   : BIOS.obj (.text:ti_sysbios_family_arm_m3_TimestampProvider_rolloverFunc__E)
                  00006bea    00000006     --HOLE-- [fill = 0]
                  00006bf0    00000002                   : BIOS.obj (.text:ti_sysbios_gates_GateHwi_Instance_init__E)
                  00006bf2    00000006     --HOLE-- [fill = 0]
                  00006bf8    00000002                   : BIOS.obj (.text:ti_sysbios_knl_Clock_logTick__E)

.const     0    00006bfc    00002572     
                  00006bfc    00001d5c     empty_min_pem4f.oem4f (.const:xdc_runtime_Text_charTab__A)
                  00008958    00000048     empty_min_pem4f.oem4f (.const:.string)
                  000089a0    0000003c     empty_min_pem4f.oem4f (.const:ti_sysbios_knl_Task_Object__PARAMS__C)
                  000089dc    00000034     empty_min_pem4f.oem4f (.const:ti_sysbios_knl_Mailbox_Object__PARAMS__C)
                  00008a10    00000030     empty_min_pem4f.oem4f (.const:ti_sysbios_family_arm_m3_Hwi_Object__PARAMS__C)
                  00008a40    00000030     empty_min_pem4f.oem4f (.const:xdc_runtime_Startup_sfxnTab__A)
                  00008a70    0000002c     User_Cond.obj (.const:_ZTVN4MAES13USER_DEF_CONDE)
                  00008a9c    00000028     rtsv7M4_T_le_v4SPD16_eabi.lib : typeinfo_.obj (.const:.typeinfo:_ZTSN10__cxxabiv123__fundamental_type_infoE)
                  00008ac4    00000028     empty_min_pem4f.oem4f (.const:ti_sysbios_heaps_HeapMem_Module__FXNS__C)
                  00008aec    00000025     rtsv7M4_T_le_v4SPD16_eabi.lib : typeinfo_.obj (.const:.typeinfo:_ZTSN10__cxxabiv120__si_class_type_infoE)
                  00008b11    00000024                                   : typeinfo_.obj (.const:.typeinfo:_ZTSN10__cxxabiv119__pointer_type_infoE)
                  00008b35    00000002                                   : typeinfo_.obj (.const:.typeinfo:_ZTSe)
                  00008b37    00000001     empty_min_pem4f.oem4f (.const:xdc_runtime_Error_policy__C)
                  00008b38    00000024     empty_min_pem4f.oem4f (.const:ti_sysbios_gates_GateHwi_Module__FXNS__C)
                  00008b5c    00000024     empty_min_pem4f.oem4f (.const:ti_sysbios_gates_GateMutex_Module__FXNS__C)
                  00008b80    00000024     empty_min_pem4f.oem4f (.const:ti_sysbios_heaps_HeapMem_Object__PARAMS__C)
                  00008ba4    00000024     empty_min_pem4f.oem4f (.const:ti_sysbios_knl_Semaphore_Object__PARAMS__C)
                  00008bc8    00000022     rtsv7M4_T_le_v4SPD16_eabi.lib : typeinfo_.obj (.const:.typeinfo:_ZTSN10__cxxabiv117__class_type_infoE)
                  00008bea    00000022                                   : typeinfo_.obj (.const:.typeinfo:_ZTSN10__cxxabiv117__pbase_type_infoE)
                  00008c0c    00000020     main.obj (.const:_ZTV16ReadingBehaviour)
                  00008c2c    00000020     main.obj (.const:_ZTV16WritingBehaviour)
                  00008c4c    00000020     main.obj (.const:_ZTV17ReadingBehaviour2)
                  00008c6c    00000020     Behaviour.obj (.const:_ZTVN4MAES15CyclicBehaviourE)
                  00008c8c    00000020     Behaviour.obj (.const:_ZTVN4MAES17Generic_BehaviourE)
                  00008cac    00000020     empty_min_pem4f.oem4f (.const:ti_sysbios_family_arm_m3_Hwi_Object__DESC__C)
                  00008ccc    00000020     empty_min_pem4f.oem4f (.const:ti_sysbios_gates_GateHwi_Object__DESC__C)
                  00008cec    00000020     empty_min_pem4f.oem4f (.const:ti_sysbios_gates_GateMutex_Object__DESC__C)
                  00008d0c    00000020     empty_min_pem4f.oem4f (.const:ti_sysbios_heaps_HeapMem_Object__DESC__C)
                  00008d2c    00000020     empty_min_pem4f.oem4f (.const:ti_sysbios_knl_Mailbox_Object__DESC__C)
                  00008d4c    00000020     empty_min_pem4f.oem4f (.const:ti_sysbios_knl_Queue_Object__DESC__C)
                  00008d6c    00000020     empty_min_pem4f.oem4f (.const:ti_sysbios_knl_Semaphore_Object__DESC__C)
                  00008d8c    00000020     empty_min_pem4f.oem4f (.const:ti_sysbios_knl_Task_Object__DESC__C)
                  00008dac    0000001b     Behaviour.obj (.const:.typeinfo:_ZTSN4MAES17Generic_BehaviourE)
                  00008dc7    00000019     Behaviour.obj (.const:.typeinfo:_ZTSN4MAES15CyclicBehaviourE)
                  00008de0    00000018     empty_min_pem4f.oem4f (.const:ti_sysbios_gates_GateHwi_Object__PARAMS__C)
                  00008df8    00000018     empty_min_pem4f.oem4f (.const:ti_sysbios_gates_GateMutex_Object__PARAMS__C)
                  00008e10    00000018     empty_min_pem4f.oem4f (.const:ti_sysbios_knl_Queue_Object__PARAMS__C)
                  00008e28    00000018     empty_min_pem4f.oem4f (.const:xdc_runtime_Startup_sfxnRts__A)
                  00008e40    00000017     User_Cond.obj (.const:.typeinfo:_ZTSN4MAES13USER_DEF_CONDE)
                  00008e57    00000014     main.obj (.const:.typeinfo:_ZTS17ReadingBehaviour2)
                  00008e6b    00000001     --HOLE-- [fill = 0]
                  00008e6c    00000014     MSP_EXP432P401R.obj (.const:GPIOMSP432_config)
                  00008e80    00000013     main.obj (.const:.typeinfo:_ZTS16ReadingBehaviour)
                  00008e93    00000013     main.obj (.const:.typeinfo:_ZTS16WritingBehaviour)
                  00008ea6    00000002     empty_min_pem4f.oem4f (.const:ti_sysbios_family_arm_m3_Hwi_Module__id__C)
                  00008ea8    00000010     rtsv7M4_T_le_v4SPD16_eabi.lib : typeinfo_.obj (.const:.typeinfo:_ZTIPKe)
                  00008eb8    00000010     MSP_EXP432P401R.obj (.const:PowerMSP432_config)
                  00008ec8    00000010     rtsv7M4_T_le_v4SPD16_eabi.lib : typeinfo_.obj (.const:_ZTVN10__cxxabiv117__class_type_infoE)
                  00008ed8    00000010                                   : typeinfo_.obj (.const:_ZTVN10__cxxabiv119__pointer_type_infoE)
                  00008ee8    00000010                                   : typeinfo_.obj (.const:_ZTVN10__cxxabiv120__si_class_type_infoE)
                  00008ef8    00000010                                   : typeinfo_.obj (.const:_ZTVN10__cxxabiv123__fundamental_type_infoE)
                  00008f08    00000010     empty_min_pem4f.oem4f (.const:xdc_runtime_Text_nodeTab__A)
                  00008f18    0000000d     rtsv7M4_T_le_v4SPD16_eabi.lib : typeinfo_.obj (.const:.typeinfo:_ZTSSt9type_info)
                  00008f25    0000000c     drivers_MSP432P401R.aem4f : GPIOMSP432.oem4f (.const:.string)
                  00008f31    00000001     --HOLE-- [fill = 0]
                  00008f32    00000002     empty_min_pem4f.oem4f (.const:ti_sysbios_family_arm_m3_Timer_Module__id__C)
                  00008f34    0000000c     main.obj (.const:.typeinfo:_ZTI16ReadingBehaviour)
                  00008f40    0000000c     main.obj (.const:.typeinfo:_ZTI16WritingBehaviour)
                  00008f4c    0000000c     main.obj (.const:.typeinfo:_ZTI17ReadingBehaviour2)
                  00008f58    0000000c     rtsv7M4_T_le_v4SPD16_eabi.lib : typeinfo_.obj (.const:.typeinfo:_ZTIN10__cxxabiv117__class_type_infoE)
                  00008f64    0000000c                                   : typeinfo_.obj (.const:.typeinfo:_ZTIN10__cxxabiv117__pbase_type_infoE)
                  00008f70    0000000c                                   : typeinfo_.obj (.const:.typeinfo:_ZTIN10__cxxabiv119__pointer_type_infoE)
                  00008f7c    0000000c                                   : typeinfo_.obj (.const:.typeinfo:_ZTIN10__cxxabiv120__si_class_type_infoE)
                  00008f88    0000000c                                   : typeinfo_.obj (.const:.typeinfo:_ZTIN10__cxxabiv123__fundamental_type_infoE)
                  00008f94    0000000c     Behaviour.obj (.const:.typeinfo:_ZTIN4MAES15CyclicBehaviourE)
                  00008fa0    0000000c     empty_min_pem4f.oem4f (.const:ti_sysbios_knl_Idle_funcList__A)
                  00008fac    0000000c     empty_min_pem4f.oem4f (.const:xdc_runtime_Startup_firstFxns__A)
                  00008fb8    00000008     main.obj (.const:.string:_ZZN16ReadingBehaviour6actionEvEs)
                  00008fc0    00000008     main.obj (.const:.string:_ZZN17ReadingBehaviour26actionEvEs)
                  00008fc8    00000008     User_Cond.obj (.const:.typeinfo:_ZTIN4MAES13USER_DEF_CONDE)
                  00008fd0    00000008     Behaviour.obj (.const:.typeinfo:_ZTIN4MAES17Generic_BehaviourE)
                  00008fd8    00000008     rtsv7M4_T_le_v4SPD16_eabi.lib : typeinfo_.obj (.const:.typeinfo:_ZTISt9type_info)
                  00008fe0    00000008                                   : typeinfo_.obj (.const:.typeinfo:_ZTIe)
                  00008fe8    00000008     empty_min_pem4f.oem4f (.const:ti_sysbios_family_arm_m3_Hwi_excHookFuncs__A)
                  00008ff0    00000008     empty_min_pem4f.oem4f (.const:ti_sysbios_knl_Idle_funcList__C)
                  00008ff8    00000008     empty_min_pem4f.oem4f (.const:xdc_runtime_Startup_firstFxns__C)
                  00009000    00000008     empty_min_pem4f.oem4f (.const:xdc_runtime_Startup_lastFxns__C)
                  00009008    00000004     rtsv7M4_T_le_v4SPD16_eabi.lib : typeinfo_.obj (.const:.typeinfo:_ZTSPKe)
                  0000900c    00000004     empty_min_pem4f.oem4f (.const:ti_sysbios_family_arm_m3_Hwi_E_NMI__C)
                  00009010    00000004     empty_min_pem4f.oem4f (.const:ti_sysbios_family_arm_m3_Hwi_E_alreadyDefined__C)
                  00009014    00000004     empty_min_pem4f.oem4f (.const:ti_sysbios_family_arm_m3_Hwi_E_busFault__C)
                  00009018    00000004     empty_min_pem4f.oem4f (.const:ti_sysbios_family_arm_m3_Hwi_E_debugMon__C)
                  0000901c    00000004     empty_min_pem4f.oem4f (.const:ti_sysbios_family_arm_m3_Hwi_E_hardFault__C)
                  00009020    00000004     empty_min_pem4f.oem4f (.const:ti_sysbios_family_arm_m3_Hwi_E_memFault__C)
                  00009024    00000004     empty_min_pem4f.oem4f (.const:ti_sysbios_family_arm_m3_Hwi_E_noIsr__C)
                  00009028    00000004     empty_min_pem4f.oem4f (.const:ti_sysbios_family_arm_m3_Hwi_E_reserved__C)
                  0000902c    00000004     empty_min_pem4f.oem4f (.const:ti_sysbios_family_arm_m3_Hwi_E_svCall__C)
                  00009030    00000004     empty_min_pem4f.oem4f (.const:ti_sysbios_family_arm_m3_Hwi_E_usageFault__C)
                  00009034    00000004     empty_min_pem4f.oem4f (.const:ti_sysbios_family_arm_m3_Hwi_NUM_INTERRUPTS__C)
                  00009038    00000004     empty_min_pem4f.oem4f (.const:ti_sysbios_family_arm_m3_Hwi_Object__count__C)
                  0000903c    00000004     empty_min_pem4f.oem4f (.const:ti_sysbios_family_arm_m3_Hwi_ccr__C)
                  00009040    00000004     empty_min_pem4f.oem4f (.const:ti_sysbios_family_arm_m3_Hwi_excHandlerFunc__C)
                  00009044    00000004     empty_min_pem4f.oem4f (.const:ti_sysbios_family_arm_m3_Hwi_excHookFuncs__C)
                  00009048    00000004     empty_min_pem4f.oem4f (.const:ti_sysbios_family_arm_m3_Hwi_nullIsrFunc__C)
                  0000904c    00000004     empty_min_pem4f.oem4f (.const:ti_sysbios_family_arm_m3_Hwi_priGroup__C)
                  00009050    00000004     empty_min_pem4f.oem4f (.const:ti_sysbios_family_arm_m3_TaskSupport_stackAlignment__C)
                  00009054    00000004     empty_min_pem4f.oem4f (.const:ti_sysbios_family_arm_m3_Timer_E_cannotSupport__C)
                  00009058    00000004     empty_min_pem4f.oem4f (.const:ti_sysbios_family_arm_m3_Timer_startupNeeded__C)
                  0000905c    00000004     empty_min_pem4f.oem4f (.const:ti_sysbios_family_arm_msp432_Timer_numTimerDevices__C)
                  00009060    00000004     empty_min_pem4f.oem4f (.const:ti_sysbios_family_arm_msp432_Timer_startupNeeded__C)
                  00009064    00000004     empty_min_pem4f.oem4f (.const:ti_sysbios_gates_GateMutex_Instance_State_sem__O)
                  00009068    00000004     empty_min_pem4f.oem4f (.const:ti_sysbios_hal_Hwi_E_stackOverflow__C)
                  0000906c    00000004     empty_min_pem4f.oem4f (.const:ti_sysbios_heaps_HeapMem_E_memory__C)
                  00009070    00000004     empty_min_pem4f.oem4f (.const:ti_sysbios_heaps_HeapMem_Module__gateObj__C)
                  00009074    00000004     empty_min_pem4f.oem4f (.const:ti_sysbios_heaps_HeapMem_Object__count__C)
                  00009078    00000004     empty_min_pem4f.oem4f (.const:ti_sysbios_heaps_HeapMem_reqAlign__C)
                  0000907c    00000004     empty_min_pem4f.oem4f (.const:ti_sysbios_knl_Clock_Module_State_clockQ__O)
                  00009080    00000004     empty_min_pem4f.oem4f (.const:ti_sysbios_knl_Mailbox_Instance_State_dataQue__O)
                  00009084    00000004     empty_min_pem4f.oem4f (.const:ti_sysbios_knl_Mailbox_Instance_State_dataSem__O)
                  00009088    00000004     empty_min_pem4f.oem4f (.const:ti_sysbios_knl_Mailbox_Instance_State_freeQue__O)
                  0000908c    00000004     empty_min_pem4f.oem4f (.const:ti_sysbios_knl_Mailbox_Instance_State_freeSem__O)
                  00009090    00000004     empty_min_pem4f.oem4f (.const:ti_sysbios_knl_Mailbox_Object__count__C)
                  00009094    00000004     empty_min_pem4f.oem4f (.const:ti_sysbios_knl_Mailbox_maxTypeAlign__C)
                  00009098    00000004     empty_min_pem4f.oem4f (.const:ti_sysbios_knl_Semaphore_Instance_State_pendQ__O)
                  0000909c    00000004     empty_min_pem4f.oem4f (.const:ti_sysbios_knl_Swi_Object__count__C)
                  000090a0    00000004     empty_min_pem4f.oem4f (.const:ti_sysbios_knl_Task_Module_State_inactiveQ__O)
                  000090a4    00000004     empty_min_pem4f.oem4f (.const:ti_sysbios_knl_Task_Object__count__C)
                  000090a8    00000004     empty_min_pem4f.oem4f (.const:ti_sysbios_knl_Task_allBlockedFunc__C)
                  000090ac    00000004     empty_min_pem4f.oem4f (.const:ti_sysbios_knl_Task_defaultStackHeap__C)
                  000090b0    00000004     empty_min_pem4f.oem4f (.const:ti_sysbios_knl_Task_defaultStackSize__C)
                  000090b4    00000004     empty_min_pem4f.oem4f (.const:ti_sysbios_knl_Task_numConstructedTasks__C)
                  000090b8    00000004     empty_min_pem4f.oem4f (.const:ti_sysbios_knl_Task_numPriorities__C)
                  000090bc    00000004     empty_min_pem4f.oem4f (.const:ti_sysbios_utils_Load_postUpdate__C)
                  000090c0    00000004     empty_min_pem4f.oem4f (.const:ti_sysbios_utils_Load_windowInMs__C)
                  000090c4    00000004     empty_min_pem4f.oem4f (.const:xdc_runtime_Assert_E_assertFailed__C)
                  000090c8    00000004     empty_min_pem4f.oem4f (.const:xdc_runtime_Core_A_initializedParams__C)
                  000090cc    00000004     empty_min_pem4f.oem4f (.const:xdc_runtime_Core_Module__diagsEnabled__C)
                  000090d0    00000004     empty_min_pem4f.oem4f (.const:xdc_runtime_Core_Module__diagsIncluded__C)
                  000090d4    00000004     empty_min_pem4f.oem4f (.const:xdc_runtime_Core_Module__diagsMask__C)
                  000090d8    00000004     empty_min_pem4f.oem4f (.const:xdc_runtime_Error_E_memory__C)
                  000090dc    00000004     empty_min_pem4f.oem4f (.const:xdc_runtime_Error_Module__diagsEnabled__C)
                  000090e0    00000004     empty_min_pem4f.oem4f (.const:xdc_runtime_Error_Module__diagsIncluded__C)
                  000090e4    00000004     empty_min_pem4f.oem4f (.const:xdc_runtime_Error_Module__diagsMask__C)
                  000090e8    00000004     empty_min_pem4f.oem4f (.const:xdc_runtime_Error_Module__loggerFxn8__C)
                  000090ec    00000004     empty_min_pem4f.oem4f (.const:xdc_runtime_Error_Module__loggerObj__C)
                  000090f0    00000004     empty_min_pem4f.oem4f (.const:xdc_runtime_Error_policyFxn__C)
                  000090f4    00000004     empty_min_pem4f.oem4f (.const:xdc_runtime_Error_raiseHook__C)
                  000090f8    00000004     empty_min_pem4f.oem4f (.const:xdc_runtime_IGateProvider_Interface__BASE__C)
                  000090fc    00000004     empty_min_pem4f.oem4f (.const:xdc_runtime_IHeap_Interface__BASE__C)
                  00009100    00000004     empty_min_pem4f.oem4f (.const:xdc_runtime_IModule_Interface__BASE__C)
                  00009104    00000004     empty_min_pem4f.oem4f (.const:xdc_runtime_Log_L_error__C)
                  00009108    00000004     empty_min_pem4f.oem4f (.const:xdc_runtime_Memory_defaultHeapInstance__C)
                  0000910c    00000004     empty_min_pem4f.oem4f (.const:xdc_runtime_Startup_execImpl__C)
                  00009110    00000004     empty_min_pem4f.oem4f (.const:xdc_runtime_Startup_lastFxns__A)
                  00009114    00000004     empty_min_pem4f.oem4f (.const:xdc_runtime_Startup_maxPasses__C)
                  00009118    00000004     empty_min_pem4f.oem4f (.const:xdc_runtime_Startup_sfxnRts__C)
                  0000911c    00000004     empty_min_pem4f.oem4f (.const:xdc_runtime_Startup_sfxnTab__C)
                  00009120    00000004     empty_min_pem4f.oem4f (.const:xdc_runtime_SysMin_bufSize__C)
                  00009124    00000004     empty_min_pem4f.oem4f (.const:xdc_runtime_SysMin_outputFunc__C)
                  00009128    00000004     empty_min_pem4f.oem4f (.const:xdc_runtime_System_Module__gateObj__C)
                  0000912c    00000004     empty_min_pem4f.oem4f (.const:xdc_runtime_System_abortFxn__C)
                  00009130    00000004     empty_min_pem4f.oem4f (.const:xdc_runtime_System_exitFxn__C)
                  00009134    00000004     empty_min_pem4f.oem4f (.const:xdc_runtime_System_extendFxn__C)
                  00009138    00000004     empty_min_pem4f.oem4f (.const:xdc_runtime_System_maxAtexitHandlers__C)
                  0000913c    00000004     empty_min_pem4f.oem4f (.const:xdc_runtime_Text_charTab__C)
                  00009140    00000004     empty_min_pem4f.oem4f (.const:xdc_runtime_Text_nameEmpty__C)
                  00009144    00000004     empty_min_pem4f.oem4f (.const:xdc_runtime_Text_nameStatic__C)
                  00009148    00000004     empty_min_pem4f.oem4f (.const:xdc_runtime_Text_nameUnknown__C)
                  0000914c    00000004     empty_min_pem4f.oem4f (.const:xdc_runtime_Text_nodeTab__C)
                  00009150    00000004     empty_min_pem4f.oem4f (.const:xdc_runtime_Text_visitRopeFxn__C)
                  00009154    00000002     empty_min_pem4f.oem4f (.const:ti_sysbios_family_arm_m3_TimestampProvider_configTimer__C)
                  00009156    00000002     empty_min_pem4f.oem4f (.const:ti_sysbios_hal_Hwi_Module__id__C)
                  00009158    00000002     empty_min_pem4f.oem4f (.const:ti_sysbios_heaps_HeapMem_Module__id__C)
                  0000915a    00000002     empty_min_pem4f.oem4f (.const:ti_sysbios_utils_Load_updateInIdle__C)
                  0000915c    00000002     empty_min_pem4f.oem4f (.const:xdc_runtime_Core_Module__id__C)
                  0000915e    00000002     empty_min_pem4f.oem4f (.const:xdc_runtime_Error_Module__loggerDefined__C)
                  00009160    00000002     empty_min_pem4f.oem4f (.const:xdc_runtime_Error_maxDepth__C)
                  00009162    00000002     empty_min_pem4f.oem4f (.const:xdc_runtime_Memory_Module__id__C)
                  00009164    00000002     empty_min_pem4f.oem4f (.const:xdc_runtime_SysMin_flushAtExit__C)
                  00009166    00000002     empty_min_pem4f.oem4f (.const:xdc_runtime_Text_charCnt__C)
                  00009168    00000002     empty_min_pem4f.oem4f (.const:xdc_runtime_Text_isLoaded__C)
                  0000916a    00000002     empty_min_pem4f.oem4f (.const:xdc_runtime_Text_registryModsLastId__C)
                  0000916c    00000002     empty_min_pem4f.oem4f (.const:xdc_runtime_Text_unnamedModsLastId__C)

.cinit     0    00009170    000002d8     
                  00009170    0000029e     (.cinit..data.load) [load image, compression = lzss]
                  0000940e    00000002     --HOLE-- [fill = 0]
                  00009410    0000000c     (__TI_handler_table)
                  0000941c    00000004     --HOLE-- [fill = 0]
                  00009420    00000008     (.cinit..bss.load) [load image, compression = zero_init]
                  00009428    00000008     (.cinit..vecs.load) [load image, compression = zero_init]
                  00009430    00000018     (__TI_cinit_table)

.resetVecs 
*          0    00000000    0000003c     
                  00000000    0000003c     empty_min_pem4f.oem4f (.resetVecs)

.vecs      0    20000000    00000140     UNINITIALIZED
                  20000000    00000140     empty_min_pem4f.oem4f (.vecs)

.bss       0    20000140    000051b4     UNINITIALIZED
                  20000140    00002ee0     (.common:ti_sysbios_heaps_HeapMem_Instance_State_0_buf__A)
                  20003020    00001134     main.obj (.bss:AP)
                  20004154    00000400     (.common:Agent1)
                  20004554    00000400     (.common:Agent2)
                  20004954    00000400     (.common:Agent3)
                  20004d54    00000200     (.common:ti_uia_loggers_LoggerMin_Module_State_0_packetBuffer__A)
                  20004f54    00000140     (.common:ti_sysbios_family_arm_m3_Hwi_dispatchTable)
                  20005094    00000120     rtsv7M4_T_le_v4SPD16_eabi.lib : trgmsg.obj (.bss:_CIOBUF_)
                  200051b4    00000080     (.common:xdc_runtime_SysMin_Module_State_0_outbuf__A)
                  20005234    00000030     drivers_MSP432P401R.aem4f : GPIOMSP432.oem4f (.bss:gpioCallbackInfo)
                  20005264    00000028     main.obj (.bss:Reading2)
                  2000528c    00000028     main.obj (.bss:Reading)
                  200052b4    00000028     main.obj (.bss:Writing)
                  200052dc    00000008     rtsv7M4_T_le_v4SPD16_eabi.lib : trgdrv.obj (.bss:parmbuf)
                  200052e4    00000004     (.common:Reading2AID)
                  200052e8    00000004     (.common:ReadingAID)
                  200052ec    00000004     (.common:WritingAID)
                  200052f0    00000004     (.common:_ZSt16__dummy_typeinfo)

.data      0    200052f4    00000655     UNINITIALIZED
                  200052f4    00000100     empty_min_pem4f.oem4f (.data:ti_sysbios_knl_Task_Module_State_0_readyQ__A)
                  200053f4    0000009c     drivers_MSP432P401R.aem4f : PowerMSP432.oem4f (.data:PowerMSP432_perfLevels)
                  20005490    00000098     empty_min_pem4f.oem4f (.data:ti_sysbios_utils_Load_Module__state__V)
                  20005528    00000080     empty_min_pem4f.oem4f (.data:ti_sysbios_knl_Swi_Module_State_0_readyQ__A)
                  200055a8    0000004c     empty_min_pem4f.oem4f (.data:ti_sysbios_family_arm_msp432_Timer_Object__table__V)
                  200055f4    00000044     empty_min_pem4f.oem4f (.data:ti_sysbios_knl_Task_Module__state__V)
                  20005638    00000038     empty_min_pem4f.oem4f (.data:ti_sysbios_gates_GateMutex_Object__table__V)
                  20005670    00000034     empty_min_pem4f.oem4f (.data:ti_sysbios_family_arm_m3_Hwi_Module__state__V)
                  200056a4    00000030     msp432p4xx_driverlib.lib : gpio.o (.data:GPIO_PORT_TO_BASE)
                  200056d4    00000030     empty_min_pem4f.oem4f (.data:ti_sysbios_family_arm_m3_Hwi_Object__table__V)
                  20005704    00000030     empty_min_pem4f.oem4f (.data:ti_sysbios_family_arm_m3_Timer_Object__table__V)
                  20005734    00000030     empty_min_pem4f.oem4f (.data:ti_sysbios_knl_Swi_Object__table__V)
                  20005764    0000002c     empty_min_pem4f.oem4f (.data:ti_sysbios_knl_Clock_Module__state__V)
                  20005790    00000028     drivers_MSP432P401R.aem4f : PowerMSP432.oem4f (.data:PowerMSP432_module)
                  200057b8    00000024     empty_min_pem4f.oem4f (.data:ti_sysbios_BIOS_Module__state__V)
                  200057dc    00000020     empty_min_pem4f.oem4f (.data:ti_sysbios_family_arm_msp432_Timer_Module_State_0_device__A)
                  200057fc    00000020     empty_min_pem4f.oem4f (.data:ti_uia_loggers_LoggerMin_Module__state__V)
                  2000581c    0000001c     empty_min_pem4f.oem4f (.data:ti_sysbios_knl_Swi_Module__state__V)
                  20005838    00000018     empty_min_pem4f.oem4f (.data:ti_sysbios_heaps_HeapMem_Object__table__V)
                  20005850    00000010     MSP_EXP432P401R.obj (.data:gpioPinConfigs)
                  20005860    00000010     empty_min_pem4f.oem4f (.data:ti_sysbios_family_arm_msp432_Timer_Module_State_0_handles__A)
                  20005870    0000000c     rtsv7M4_T_le_v4SPD16_eabi.lib : exit.obj (.data:$O1$$)
                  2000587c    0000000c     empty_min_pem4f.oem4f (.data:ti_sysbios_family_arm_m3_Timer_Module__state__V)
                  20005888    0000000c     empty_min_pem4f.oem4f (.data:ti_sysbios_family_arm_msp432_ClockFreqs_Module__state__V)
                  20005894    0000000c     empty_min_pem4f.oem4f (.data:ti_sysbios_family_arm_msp432_Timer_Module__state__V)
                  200058a0    0000000c     empty_min_pem4f.oem4f (.data:ti_sysbios_knl_Task_Module__root__V)
                  200058ac    0000000c     empty_min_pem4f.oem4f (.data:xdc_runtime_SysMin_Module__state__V)
                  200058b8    00000008     rtsv7M4_T_le_v4SPD16_eabi.lib : _lock.obj (.data:$O1$$)
                  200058c0    00000008     MSP_EXP432P401R.obj (.data:gpioCallbackFunctions)
                  200058c8    00000008     empty_min_pem4f.oem4f (.data:ti_sysbios_family_arm_m3_Hwi_Module__root__V)
                  200058d0    00000008     empty_min_pem4f.oem4f (.data:ti_sysbios_gates_GateHwi_Module__root__V)
                  200058d8    00000008     empty_min_pem4f.oem4f (.data:ti_sysbios_gates_GateMutex_Module__root__V)
                  200058e0    00000008     empty_min_pem4f.oem4f (.data:ti_sysbios_heaps_HeapMem_Module__root__V)
                  200058e8    00000008     empty_min_pem4f.oem4f (.data:ti_sysbios_knl_Mailbox_Module__root__V)
                  200058f0    00000008     empty_min_pem4f.oem4f (.data:ti_sysbios_knl_Queue_Module__root__V)
                  200058f8    00000008     empty_min_pem4f.oem4f (.data:ti_sysbios_knl_Semaphore_Module__root__V)
                  20005900    00000008     empty_min_pem4f.oem4f (.data:xdc_runtime_Registry_Module__state__V)
                  20005908    00000008     empty_min_pem4f.oem4f (.data:xdc_runtime_Startup_Module__state__V)
                  20005910    00000008     empty_min_pem4f.oem4f (.data:xdc_runtime_System_Module_State_0_atexitHandlers__A)
                  20005918    00000008     empty_min_pem4f.oem4f (.data:xdc_runtime_System_Module__state__V)
                  20005920    00000004     rtsv7M4_T_le_v4SPD16_eabi.lib : stkdepth_vars.obj (.data)
                  20005924    00000004     empty_min_pem4f.oem4f (.data:ti_sysbios_family_arm_m3_Hwi_Module_State_0_excContext__A)
                  20005928    00000004     empty_min_pem4f.oem4f (.data:ti_sysbios_family_arm_m3_Hwi_Module_State_0_excStack__A)
                  2000592c    00000004     empty_min_pem4f.oem4f (.data:ti_sysbios_family_arm_m3_TimestampProvider_Module__state__V)
                  20005930    00000004     empty_min_pem4f.oem4f (.data:ti_sysbios_gates_GateHwi_Object__table__V)
                  20005934    00000004     empty_min_pem4f.oem4f (.data:ti_sysbios_knl_Task_Module_State_0_idleTask__A)
                  20005938    00000004     empty_min_pem4f.oem4f (.data:ti_sysbios_utils_Load_Module_State_0_runningTask__A)
                  2000593c    00000004     empty_min_pem4f.oem4f (.data:ti_sysbios_utils_Load_Module_State_0_taskStartTime__A)
                  20005940    00000004     empty_min_pem4f.oem4f (.data:xdc_runtime_Memory_Module__state__V)
                  20005944    00000002     empty_min_pem4f.oem4f (.data:ti_sysbios_family_arm_m3_Hwi_Module_State_0_excActive__A)
                  20005946    00000002     empty_min_pem4f.oem4f (.data:xdc_runtime_Error_Module__state__V)
                  20005948    00000001     drivers_MSP432P401R.aem4f : GPIOMSP432.oem4f (.data)

[...]
00008eb8  PowerMSP432_config                                                                  
00008ec8  _ZTVN10__cxxabiv117__class_type_infoE                                               
00008ed8  _ZTVN10__cxxabiv119__pointer_type_infoE                                             
00008ee8  _ZTVN10__cxxabiv120__si_class_type_infoE                                            
00008ef8  _ZTVN10__cxxabiv123__fundamental_type_infoE                                         
00008f08  xdc_runtime_Text_nodeTab__A                                                         
00008f18  _ZTSSt9type_info                                                                    
00008f32  ti_sysbios_family_arm_m3_Timer_Module__id__C                                        
00008f34  _ZTI16ReadingBehaviour                                                              
00008f40  _ZTI16WritingBehaviour                                                              
00008f4c  _ZTI17ReadingBehaviour2                                                             
00008f58  _ZTIN10__cxxabiv117__class_type_infoE                                               
00008f64  _ZTIN10__cxxabiv117__pbase_type_infoE                                               
00008f70  _ZTIN10__cxxabiv119__pointer_type_infoE                                             
00008f7c  _ZTIN10__cxxabiv120__si_class_type_infoE                                            
00008f88  _ZTIN10__cxxabiv123__fundamental_type_infoE                                         
00008f94  _ZTIN4MAES15CyclicBehaviourE                                                        
00008fa0  ti_sysbios_knl_Idle_funcList__A                                                     
00008fac  xdc_runtime_Startup_firstFxns__A                                                    
00008fb8  _ZZN16ReadingBehaviour6actionEvEs                                                   
00008fc0  _ZZN17ReadingBehaviour26actionEvEs                                                  
00008fc8  _ZTIN4MAES13USER_DEF_CONDE                                                          
00008fd0  _ZTIN4MAES17Generic_BehaviourE                                                      
00008fd8  _ZTISt9type_info                                                                    
00008fe0  _ZTIe                                                                               
00008fe8  ti_sysbios_family_arm_m3_Hwi_excHookFuncs__A                                        
00008ff0  ti_sysbios_knl_Idle_funcList__C                                                     
00008ff8  xdc_runtime_Startup_firstFxns__C                                                    
00009000  xdc_runtime_Startup_lastFxns__C                                                     
00009008  _ZTSPKe                                                                             
0000900c  ti_sysbios_family_arm_m3_Hwi_E_NMI__C                                               
00009010  ti_sysbios_family_arm_m3_Hwi_E_alreadyDefined__C                                    
00009014  ti_sysbios_family_arm_m3_Hwi_E_busFault__C                                          
00009018  ti_sysbios_family_arm_m3_Hwi_E_debugMon__C                                          
0000901c  ti_sysbios_family_arm_m3_Hwi_E_hardFault__C                                         
00009020  ti_sysbios_family_arm_m3_Hwi_E_memFault__C                                          
00009024  ti_sysbios_family_arm_m3_Hwi_E_noIsr__C                                             
00009028  ti_sysbios_family_arm_m3_Hwi_E_reserved__C                                          
0000902c  ti_sysbios_family_arm_m3_Hwi_E_svCall__C                                            
00009030  ti_sysbios_family_arm_m3_Hwi_E_usageFault__C                                        
00009034  ti_sysbios_family_arm_m3_Hwi_NUM_INTERRUPTS__C                                      
00009038  ti_sysbios_family_arm_m3_Hwi_Object__count__C                                       
0000903c  ti_sysbios_family_arm_m3_Hwi_ccr__C                                                 
00009040  ti_sysbios_family_arm_m3_Hwi_excHandlerFunc__C                                      
00009044  ti_sysbios_family_arm_m3_Hwi_excHookFuncs__C                                        
00009048  ti_sysbios_family_arm_m3_Hwi_nullIsrFunc__C                                         
0000904c  ti_sysbios_family_arm_m3_Hwi_priGroup__C                                            
00009050  ti_sysbios_family_arm_m3_TaskSupport_stackAlignment__C                              
00009054  ti_sysbios_family_arm_m3_Timer_E_cannotSupport__C                                   
00009058  ti_sysbios_family_arm_m3_Timer_startupNeeded__C                                     
0000905c  ti_sysbios_family_arm_msp432_Timer_numTimerDevices__C                               
00009060  ti_sysbios_family_arm_msp432_Timer_startupNeeded__C                                 
00009064  ti_sysbios_gates_GateMutex_Instance_State_sem__O                                    
00009068  ti_sysbios_hal_Hwi_E_stackOverflow__C                                               
0000906c  ti_sysbios_heaps_HeapMem_E_memory__C                                                
00009070  ti_sysbios_heaps_HeapMem_Module__gateObj__C                                         
00009074  ti_sysbios_heaps_HeapMem_Object__count__C                                           
00009078  ti_sysbios_heaps_HeapMem_reqAlign__C                                                
0000907c  ti_sysbios_knl_Clock_Module_State_clockQ__O                                         
00009080  ti_sysbios_knl_Mailbox_Instance_State_dataQue__O                                    
00009084  ti_sysbios_knl_Mailbox_Instance_State_dataSem__O                                    
00009088  ti_sysbios_knl_Mailbox_Instance_State_freeQue__O                                    
0000908c  ti_sysbios_knl_Mailbox_Instance_State_freeSem__O                                    
00009090  ti_sysbios_knl_Mailbox_Object__count__C                                             
00009094  ti_sysbios_knl_Mailbox_maxTypeAlign__C                                              
00009098  ti_sysbios_knl_Semaphore_Instance_State_pendQ__O                                    
0000909c  ti_sysbios_knl_Swi_Object__count__C                                                 
000090a0  ti_sysbios_knl_Task_Module_State_inactiveQ__O                                       
000090a4  ti_sysbios_knl_Task_Object__count__C                                                
000090a8  ti_sysbios_knl_Task_allBlockedFunc__C                                               
000090ac  ti_sysbios_knl_Task_defaultStackHeap__C                                             
000090b0  ti_sysbios_knl_Task_defaultStackSize__C                                             
000090b4  ti_sysbios_knl_Task_numConstructedTasks__C                                          
000090b8  ti_sysbios_knl_Task_numPriorities__C                                                
000090bc  ti_sysbios_utils_Load_postUpdate__C                                                 
000090c0  ti_sysbios_utils_Load_windowInMs__C                                                 
000090c4  xdc_runtime_Assert_E_assertFailed__C                                                
000090c8  xdc_runtime_Core_A_initializedParams__C                                             
000090cc  xdc_runtime_Core_Module__diagsEnabled__C                                            
000090d0  xdc_runtime_Core_Module__diagsIncluded__C                                           
000090d4  xdc_runtime_Core_Module__diagsMask__C                                               
000090d8  xdc_runtime_Error_E_memory__C                                                       
000090dc  xdc_runtime_Error_Module__diagsEnabled__C                                           
000090e0  xdc_runtime_Error_Module__diagsIncluded__C                                          
000090e4  xdc_runtime_Error_Module__diagsMask__C                                              
000090e8  xdc_runtime_Error_Module__loggerFxn8__C                                             
000090ec  xdc_runtime_Error_Module__loggerObj__C                                              
000090f0  xdc_runtime_Error_policyFxn__C                                                      
000090f4  xdc_runtime_Error_raiseHook__C                                                      
000090f8  xdc_runtime_IGateProvider_Interface__BASE__C                                        
000090fc  xdc_runtime_IHeap_Interface__BASE__C                                                
00009100  xdc_runtime_IModule_Interface__BASE__C                                              
00009104  xdc_runtime_Log_L_error__C                                                          
00009108  xdc_runtime_Memory_defaultHeapInstance__C                                           
0000910c  xdc_runtime_Startup_execImpl__C                                                     
00009110  xdc_runtime_Startup_lastFxns__A                                                     
00009114  xdc_runtime_Startup_maxPasses__C                                                    
00009118  xdc_runtime_Startup_sfxnRts__C                                                      
0000911c  xdc_runtime_Startup_sfxnTab__C                                                      
00009120  xdc_runtime_SysMin_bufSize__C                                                       
00009124  xdc_runtime_SysMin_outputFunc__C                                                    
00009128  xdc_runtime_System_Module__gateObj__C                                               
0000912c  xdc_runtime_System_abortFxn__C                                                      
00009130  xdc_runtime_System_exitFxn__C                                                       
00009134  xdc_runtime_System_extendFxn__C                                                     
00009138  xdc_runtime_System_maxAtexitHandlers__C                                             
0000913c  xdc_runtime_Text_charTab__C                                                         
00009140  xdc_runtime_Text_nameEmpty__C                                                       
00009144  xdc_runtime_Text_nameStatic__C                                                      
00009148  xdc_runtime_Text_nameUnknown__C                                                     
0000914c  xdc_runtime_Text_nodeTab__C                                                         
00009150  xdc_runtime_Text_visitRopeFxn__C                                                    
00009154  ti_sysbios_family_arm_m3_TimestampProvider_configTimer__C                           
00009156  ti_sysbios_hal_Hwi_Module__id__C                                                    
00009158  ti_sysbios_heaps_HeapMem_Module__id__C                                              
0000915a  ti_sysbios_utils_Load_updateInIdle__C                                               
0000915c  xdc_runtime_Core_Module__id__C                                                      
0000915e  xdc_runtime_Error_Module__loggerDefined__C                                          
00009160  xdc_runtime_Error_maxDepth__C                                                       
00009162  xdc_runtime_Memory_Module__id__C                                                    
00009164  xdc_runtime_SysMin_flushAtExit__C                                                   
00009166  xdc_runtime_Text_charCnt__C                                                         
00009168  xdc_runtime_Text_isLoaded__C                                                        
0000916a  xdc_runtime_Text_registryModsLastId__C                                              
0000916c  xdc_runtime_Text_unnamedModsLastId__C                                               
00009170  __TI_static_base__                                                                  
00009410  __TI_Handler_Table_Base                                                             
0000941c  __TI_Handler_Table_Limit                                                            
00009430  __TI_CINIT_Base                                                                     
00009448  __TI_CINIT_Limit                                                                    
20000000  ti_sysbios_family_arm_m3_Hwi_ramVectors                                             
20000140  ti_sysbios_heaps_HeapMem_Instance_State_0_buf__A                                    
20003020  AP                                                                                  
20004154  Agent1                                                                              
20004554  Agent2                                                                              
20004954  Agent3                                                                              
20004d54  ti_uia_loggers_LoggerMin_Module_State_0_packetBuffer__A                             
20004f54  ti_sysbios_family_arm_m3_Hwi_dispatchTable                                          
20005094  __CIOBUF_                                                                           
200051b4  xdc_runtime_SysMin_Module_State_0_outbuf__A                                         
20005264  Reading2                                                                            
2000528c  Reading                                                                             
200052b4  Writing                                                                             
200052e4  Reading2AID                                                                         
200052e8  ReadingAID                                                                          
200052ec  WritingAID                                                                          
200052f0  _ZSt16__dummy_typeinfo                                                              
200052f4  ti_sysbios_knl_Task_Module_State_0_readyQ__A                                        
200053f4  PowerMSP432_perfLevels                                                              
20005490  ti_sysbios_utils_Load_Module__state__V                                              
20005528  ti_sysbios_knl_Swi_Module_State_0_readyQ__A                                         
200055a8  ti_sysbios_family_arm_msp432_Timer_Object__table__V                                 
200055f4  ti_sysbios_knl_Task_Module__state__V                                                
20005638  ti_sysbios_gates_GateMutex_Object__table__V                                         
20005670  ti_sysbios_family_arm_m3_Hwi_Module__state__V                                       
200056d4  ti_sysbios_family_arm_m3_Hwi_Object__table__V                                       
20005704  ti_sysbios_family_arm_m3_Timer_Object__table__V                                     
20005734  ti_sysbios_knl_Swi_Object__table__V                                                 
20005764  ti_sysbios_knl_Clock_Module__state__V                                               
20005790  PowerMSP432_module                                                                  
200057b8  ti_sysbios_BIOS_Module__state__V                                                    
200057dc  ti_sysbios_family_arm_msp432_Timer_Module_State_0_device__A                         
200057fc  ti_uia_loggers_LoggerMin_Module__state__V                                           
2000581c  ti_sysbios_knl_Swi_Module__state__V                                                 
20005838  ti_sysbios_heaps_HeapMem_Object__table__V                                           
20005850  gpioPinConfigs                                                                      
20005860  ti_sysbios_family_arm_msp432_Timer_Module_State_0_handles__A                        
20005870  __TI_cleanup_ptr                                                                    
20005874  __TI_dtors_ptr                                                                      
20005878  __TI_enable_exit_profile_output                                                     
2000587c  ti_sysbios_family_arm_m3_Timer_Module__state__V                                     
20005888  ti_sysbios_family_arm_msp432_ClockFreqs_Module__state__V                            
20005894  ti_sysbios_family_arm_msp432_Timer_Module__state__V                                 
200058a0  ti_sysbios_knl_Task_Module__root__V                                                 
200058ac  xdc_runtime_SysMin_Module__state__V                                                 
200058b8  _lock                                                                               
200058bc  _unlock                                                                             
200058c0  gpioCallbackFunctions                                                               
200058c8  ti_sysbios_family_arm_m3_Hwi_Module__root__V                                        
200058d0  ti_sysbios_gates_GateHwi_Module__root__V                                            
200058d8  ti_sysbios_gates_GateMutex_Module__root__V                                          
200058e0  ti_sysbios_heaps_HeapMem_Module__root__V                                            
200058e8  ti_sysbios_knl_Mailbox_Module__root__V                                              
200058f0  ti_sysbios_knl_Queue_Module__root__V                                                
200058f8  ti_sysbios_knl_Semaphore_Module__root__V                                            
20005900  xdc_runtime_Registry_Module__state__V                                               
20005908  xdc_runtime_Startup_Module__state__V                                                
20005910  xdc_runtime_System_Module_State_0_atexitHandlers__A                                 
20005918  xdc_runtime_System_Module__state__V                                                 
20005920  main_func_sp                                                                        
20005924  ti_sysbios_family_arm_m3_Hwi_Module_State_0_excContext__A                           
20005928  ti_sysbios_family_arm_m3_Hwi_Module_State_0_excStack__A                             
2000592c  ti_sysbios_family_arm_m3_TimestampProvider_Module__state__V                         
20005930  ti_sysbios_gates_GateHwi_Object__table__V                                           
20005934  ti_sysbios_knl_Task_Module_State_0_idleTask__A                                      
20005938  ti_sysbios_utils_Load_Module_State_0_runningTask__A                                 
2000593c  ti_sysbios_utils_Load_Module_State_0_taskStartTime__A                               
20005940  xdc_runtime_Memory_Module__state__V                                                 
20005944  ti_sysbios_family_arm_m3_Hwi_Module_State_0_excActive__A                            
20005946  xdc_runtime_Error_Module__state__V                                                  
2000fd00  __stack                                                                             
20010000  __STACK_END                                                                         
4000480c  WDTCTL_SYM                                                                          
e000e000  ti_sysbios_family_arm_m3_Hwi_nvic                                                   
ffffffff  __TI_pprof_out_hndl                                                                 
ffffffff  __TI_prof_data_size                                                                 
ffffffff  __TI_prof_data_start                                                                
ffffffff  __binit__                                                                           
ffffffff  __c_args__                                                                          
ffffffff  binit                                                                               

[783 symbols]
