******************************************************************************
                  TI ARM Linker PC v16.9.1                     
******************************************************************************
>> Linked Wed Jul 19 17:00:01 2017

OUTPUT FILE NAME:   <Framework.out>
ENTRY POINT SYMBOL: "_c_int00"  address: 00004249


MEMORY CONFIGURATION

         name            origin    length      used     unused   attr    fill
----------------------  --------  ---------  --------  --------  ----  --------
  MAIN                  00000000   00040000  00008976  0003768a  R  X
  INFO                  00200000   00004000  00000000  00004000  R  X
  SRAM_CODE             01000000   00010000  00000000  00010000  RW X
  SRAM_DATA             20000000   00010000  0000591d  0000a6e3  RW  


SEGMENT ALLOCATION MAP

run origin  load origin   length   init length attrs members
----------  ----------- ---------- ----------- ----- -------
00000000    00000000    00008978   00008978    r-x
  00000000    00000000    0000003c   0000003c    r-- .resetVecs
  0000003c    0000003c    00000004   00000004    r-- .init_array
  00000040    00000040    00006762   00006762    r-x .text
  000067a4    000067a4    00001f54   00001f54    r-- .const
  000086f8    000086f8    00000280   00000280    r-- .cinit
20000000    20000000    0000561d   00000000    rw-
  20000000    20000000    00000140   00000000    rw- .vecs
  20000140    20000140    00004fa4   00000000    rw- .bss
  200050e4    200050e4    00000539   00000000    rw- .data
2000fd00    2000fd00    00000300   00000000    rw-
  2000fd00    2000fd00    00000300   00000000    rw- .stack


SECTION ALLOCATION MAP

 output                                  attributes/
section   page    origin      length       input sections
--------  ----  ----------  ----------   ----------------
.init_array 
*          0    0000003c    00000004     
                  0000003c    00000004     main.obj (.init_array)

.text      0    00000040    00006762     
                  00000040    00000430     sysbios.aem4f : BIOS.obj (.text:ti_sysbios_family_arm_m3_Hwi_excDumpRegs__I)
                  00000470    0000034c     ti.targets.arm.rtsarm.aem4f : System.oem4f (.text:xdc_runtime_System_doPrint__I)
                  000007bc    00000324     rtsv7M4_T_le_v4SPD16_eabi.lib : trgdrv.obj (.text)
                  00000ae0    000002bc     Agent_Platform.obj (.text:_ZN4MAES42_GLOBAL__N__18_Agent_Platform_cpp_425cc0708AMS_taskEjj)
                  00000d9c    00000264     drivers_MSP432P401R.aem4f : PowerMSP432.oem4f (.text:Power_sleep)
                  00001000    000001a0     msp432p4xx_driverlib.lib : pcm.o (.text:__PCM_setPowerStateAdvanced)
                  000011a0    00000174     sysbios.aem4f : BIOS.obj (.text:ti_sysbios_family_arm_m3_Hwi_excBusFault__I)
                  00001314    00000004     msp432p4xx_driverlib.lib : cpu.o (.text:CPU_wfi)
                  00001318    00000164     sysbios.aem4f : BIOS.obj (.text:ti_sysbios_family_arm_m3_Hwi_excUsageFault__I)
                  0000147c    00000004     tirtosport.aem4f : HwiP_tirtos.oem4f (.text:HwiP_disable)
                  00001480    00000158     sysbios.aem4f : BIOS.obj (.text:ti_sysbios_knl_Semaphore_pend__E)
                  000015d8    00000148                   : BIOS.obj (.text:ti_sysbios_family_arm_m3_Hwi_excMemFault__I)
                  00001720    00000140     drivers_MSP432P401R.aem4f : GPIOMSP432.oem4f (.text:GPIO_setConfig)
                  00001860    00000118     ti.targets.arm.rtsarm.aem4f : Error.oem4f (.text:xdc_runtime_Error_policyDefault__E)
                  00001978    0000010c     sysbios.aem4f : BIOS.obj (.text:ti_sysbios_family_arm_m3_Hwi_excFillContext__I)
                  00001a84    00000004     drivers_MSP432P401R.aem4f : List.oem4f (.text:List_head)
                  00001a88    00000108     sysbios.aem4f : BIOS.obj (.text:ti_sysbios_family_arm_m3_Hwi_excHandlerMax__I)
                  00001b90    00000100     ti.targets.arm.rtsarm.aem4f : Core-mem.oem4f (.text:xdc_runtime_Core_createObject__I)
                  00001c90    000000f8                                 : Startup.oem4f (.text:xdc_runtime_Startup_startMods__I)
                  00001d88    000000f8     empty_min_pem4f.oem4f (.text:xdc_runtime_System_printfExtend__I)
                  00001e80    000000f0     drivers_MSP432P401R.aem4f : PowerMSP432.oem4f (.text:initPerfControl)
                  00001f70    000000ec     sysbios.aem4f : m3_Hwi_asm.obj (.text:ti_sysbios_family_arm_m3_Hwi_dispatch__I)
                  0000205c    000000e0     msp432p4xx_driverlib.lib : cs.o (.text:CS_initClockSignal)
                  0000213c    000000dc                              : pcm.o (.text:__PCM_setPowerModeAdvanced)
                  00002218    000000d4     Agent_Platform.obj (.text:_ZN4MAES14Agent_Platform4bootEv)
                  000022ec    00000004     drivers_MSP432P401R.aem4f : List.oem4f (.text:List_next)
                  000022f0    000000d4     sysbios.aem4f : BIOS.obj (.text:ti_sysbios_knl_Mailbox_Instance_init__E)
                  000023c4    00000004     rtsv7M4_T_le_v4SPD16_eabi.lib : error.obj (.text)
                  000023c8    000000cc     sysbios.aem4f : BIOS.obj (.text:ti_sysbios_heaps_HeapMem_alloc__E)
                  00002494    00000004     empty_min_pem4f.oem4f (.text:ti_sysbios_BIOS_RtsGateProxy_enter__E)
                  00002498    000000cc     sysbios.aem4f : BIOS.obj (.text:ti_sysbios_knl_Task_Instance_init__E)
                  00002564    000000cc     ti.targets.arm.rtsarm.aem4f : Core-smem.oem4f (.text:xdc_runtime_Core_constructObject__I)
                  00002630    000000c8     sysbios.aem4f : BIOS.obj (.text:ti_sysbios_knl_Task_sleep__E)
                  000026f8    000000bc     rtsv7M4_T_le_v4SPD16_eabi.lib : typeinfo_.obj (.text)
                  000027b4    00000004     empty_min_pem4f.oem4f (.text:ti_sysbios_BIOS_RtsGateProxy_leave__E)
                  000027b8    000000bc     sysbios.aem4f : BIOS.obj (.text:ti_sysbios_family_arm_m3_Hwi_excDebugMon__I)
                  00002874    00000004     empty_min_pem4f.oem4f (.text:ti_sysbios_family_arm_m3_TaskSupport_Module__startupDone__S)
                  00002878    000000bc     sysbios.aem4f : BIOS.obj (.text:ti_sysbios_family_arm_m3_Hwi_excHardFault__I)
                  00002934    00000004     empty_min_pem4f.oem4f (.text:ti_sysbios_heaps_HeapMem_Module_GateProxy_enter__E)
                  00002938    000000bc     sysbios.aem4f : BIOS.obj (.text:ti_sysbios_knl_Task_Instance_finalize__E)
                  000029f4    000000b8     Agent_Platform.obj (.text:_ZN4MAES14Agent_Platform16deregister_agentEP26ti_sysbios_knl_Task_Object)
                  00002aac    000000b8     Agent_Msg.obj (.text:_ZN4MAES9Agent_Msg4sendEP26ti_sysbios_knl_Task_Objecti)
                  00002b64    000000b0     msp432p4xx_driverlib.lib : pcm.o (.text:__PCM_setCoreVoltageLevelAdvanced)
                  00002c14    00000004     empty_min_pem4f.oem4f (.text:ti_sysbios_heaps_HeapMem_Module_GateProxy_leave__E)
                  00002c18    000000a8     sysbios.aem4f : BIOS.obj (.text:ti_sysbios_family_arm_msp432_Timer_periodicStub__E)
                  00002cc0    000000a4                   : BIOS.obj (.text:ti_sysbios_knl_Task_setPri__E)
                  00002d64    000000a3     Agent_Msg.obj (.text:_ZN4MAES9Agent_Msg14deregistrationEP26ti_sysbios_knl_Task_Object)
                  00002e07    00000001     --HOLE-- [fill = 0]
                  00002e08    000000a0     auto_init.aem4f : auto_init.oem4f (.text)
                  00002ea8    000000a0     ti.targets.arm.rtsarm.aem4f : Text.oem4f (.text:xdc_runtime_Text_putMod__E)
                  00002f48    0000009c     main.obj (.text:main)
                  00002fe4    0000009c     rtsv7M4_T_le_v4SPD16_eabi.lib : memcpy_t2.obj (.text)
                  00003080    0000009a     ti.targets.arm.rtsarm.aem4f : Text.oem4f (.text:xdc_runtime_Text_putSite__E)
                  0000311a    00000002     power_tirtos_MSP432P401R.aem4f : PowerMSP432_tirtos.oem4f (.text:PowerMSP432_initPolicy)
                  0000311c    00000098     Agent_Platform.obj (.text:_ZN4MAES14Agent_Platform7restartEP26ti_sysbios_knl_Task_Object)
                  000031b4    00000094     main.obj (.text:__sti___8_main_cpp_Reading)
                  00003248    00000094     sysbios.aem4f : BIOS.obj (.text:ti_sysbios_family_arm_m3_Hwi_Instance_init__E)
                  000032dc    00000004     empty_min_pem4f.oem4f (.text:ti_sysbios_knl_Clock_TimerProxy_getMaxTicks__E)
                  000032e0    00000094     sysbios.aem4f : BIOS.obj (.text:ti_sysbios_family_arm_m3_Hwi_initNVIC__E)
                  00003374    0000008c     Agent_Platform.obj (.text:_ZN4MAES14Agent_Platform14register_agentEP26ti_sysbios_knl_Task_Object)
                  00003400    0000008c     sysbios.aem4f : m3_TaskSupport_asm.obj (.text:ti_sysbios_family_arm_m3_TaskSupport_buildTaskStack)
                  0000348c    00000004     empty_min_pem4f.oem4f (.text:ti_sysbios_knl_Mailbox_delete)
                  00003490    0000008c     sysbios.aem4f : BIOS.obj (.text:ti_sysbios_knl_Task_postInit__I)
                  0000351c    00000004     empty_min_pem4f.oem4f (.text:ti_sysbios_knl_Queue_destruct)
                  00003520    00000088     sysbios.aem4f : BIOS.obj (.text:ti_sysbios_knl_Mailbox_post__E)
                  000035a8    00000084                   : BIOS.obj (.text:ti_sysbios_family_arm_m3_Hwi_postInit__I)
                  0000362c    00000080     Agent_Platform.obj (.text:_ZN4MAES14Agent_Platform10agent_initERNS_5AgentEPFvjjERP26ti_sysbios_knl_Task_Object)
                  000036ac    0000007c     msp432p4xx_driverlib.lib : pcm.o (.text:PCM_gotoLPM3)
                  00003728    0000007c     sysbios.aem4f : BIOS.obj (.text:ti_sysbios_heaps_HeapMem_free__E)
                  000037a4    0000007a     rtsv7M4_T_le_v4SPD16_eabi.lib : memset_t2.obj (.text)
                  0000381e    00000076     Agent_Platform.obj (.text:_ZN4MAES14Agent_PlatformC1EPc)
                  00003894    00000004     empty_min_pem4f.oem4f (.text:ti_sysbios_knl_Semaphore_destruct)
                  00003898    00000074     sysbios.aem4f : BIOS.obj (.text:ti_sysbios_knl_Mailbox_pend__E)
                  0000390c    00000070     Agent.obj (.text:_ZN4MAES5AgentC1EPciS1_i)
                  0000397c    00000004     empty_min_pem4f.oem4f (.text:ti_sysbios_knl_Task_delete)
                  00003980    00000070     sysbios.aem4f : BIOS.obj (.text:ti_sysbios_knl_Mailbox_Instance_finalize__E)
                  000039f0    00000070                   : BIOS.obj (.text:ti_sysbios_knl_Semaphore_post__E)
                  00003a60    00000070                   : BIOS.obj (.text:ti_sysbios_knl_Task_exit__E)
                  00003ad0    0000006d     ti.targets.arm.rtsarm.aem4f : System.oem4f (.text:xdc_runtime_System_formatNum__I)
                  00003b3d    00000001     --HOLE-- [fill = 0]
                  00003b3e    00000002     rtsv7M4_T_le_v4SPD16_eabi.lib : i_div0.obj (.text)
                  00003b40    0000006c     sysbios.aem4f : BIOS.obj (.text:ti_sysbios_knl_Clock_workFunc__E)
                  00003bac    00000004     ti.targets.arm.rtsarm.aem4f : Error.oem4f (.text:xdc_runtime_Error_getSite__E)
                  00003bb0    0000006c     sysbios.aem4f : BIOS.obj (.text:ti_sysbios_knl_Swi_restoreHwi__E)
                  00003c1c    0000006c     ti.targets.arm.rtsarm.aem4f : Error.oem4f (.text:xdc_runtime_Error_print__E)
                  00003c88    0000006c                                 : Memory.oem4f (.text:xdc_runtime_Memory_alloc__E)
                  00003cf4    00000068     rtsv7M4_T_le_v4SPD16_eabi.lib : copy_decompress_lzss.obj (.text:decompress:lzss)
                  00003d5c    00000068                                   : trgmsg.obj (.text)
                  00003dc4    00000066     ti.targets.arm.rtsarm.aem4f : Core-mem.oem4f (.text:xdc_runtime_Core_deleteObject__I)
                  00003e2a    00000006     rtsv7M4_T_le_v4SPD16_eabi.lib : pure_virt.obj (.text)
                  00003e30    00000064     sysbios.aem4f : BIOS.obj (.text:ti_sysbios_family_arm_m3_Hwi_dispatchC__I)
                  00003e94    00000064     empty_min_pem4f.oem4f (.text:ti_sysbios_knl_Mailbox_create)
                  00003ef8    00000062     tirtosport.aem4f : HwiP_tirtos.oem4f (.text:HwiP_create)
                  00003f5a    00000002     empty_min_pem4f.oem4f (.text:ti_sysbios_BIOS_nullFunc__I)
                  00003f5c    00000060     Agent_Platform.obj (.text:_ZN4MAES14Agent_Platform10kill_agentEP26ti_sysbios_knl_Task_Object)
                  00003fbc    0000005c     drivers_MSP432P401R.aem4f : GPIOMSP432.oem4f (.text:GPIO_init)
                  00004018    0000005c     sysbios.aem4f : BIOS.obj (.text:ti_sysbios_knl_Swi_run__I)
                  00004074    00000004     empty_min_pem4f.oem4f (.text:xdc_runtime_System_Module_GateProxy_enter__E)
                  00004078    0000005c     sysbios.aem4f : BIOS.obj (.text:ti_sysbios_knl_Swi_schedule__I)
                  000040d4    00000004     empty_min_pem4f.oem4f (.text:xdc_runtime_System_Module_GateProxy_leave__E)
                  000040d8    0000005c     sysbios.aem4f : BIOS.obj (.text:ti_sysbios_knl_Task_Module_startup__E)
                  00004134    0000005c     empty_min_pem4f.oem4f (.text:ti_sysbios_knl_Task_create)
                  00004190    0000005c     sysbios.aem4f : BIOS.obj (.text:ti_sysbios_knl_Task_startCore__E)
                  000041ec    0000005b     ti.targets.arm.rtsarm.aem4f : Text.oem4f (.text:xdc_runtime_Text_putLab__E)
                  00004247    00000001     --HOLE-- [fill = 0]
                  00004248    00000058     boot.aem4f : boot.oem4f (.text)
                  000042a0    00000058     empty_min_pem4f.oem4f (.text:ti_sysbios_family_arm_m3_Hwi_construct)
                  000042f8    00000058     sysbios.aem4f : m3_Hwi_asm_switch.obj (.text:ti_sysbios_family_arm_m3_Hwi_initStacks__E)
                  00004350    00000054     drivers_MSP432P401R.aem4f : GPIOMSP432.oem4f (.text:GPIO_hwiIntFxn)
                  000043a4    00000054                               : GPIOMSP432.oem4f (.text:GPIO_setCallback)
                  000043f8    00000054     Behaviour.obj (.text:_ZN4MAES17Generic_Behaviour7executeEv)
                  0000444c    00000054     rtsv7M4_T_le_v4SPD16_eabi.lib : exit.obj (.text)
                  000044a0    00000054     sysbios.aem4f : BIOS.obj (.text:ti_sysbios_family_arm_msp432_Timer_initDevice__I)
                  000044f4    00000004     ti.targets.arm.rtsarm.aem4f : System.oem4f (.text:xdc_runtime_System_aprintf_va__F)
                  000044f8    00000054     sysbios.aem4f : BIOS.obj (.text:ti_sysbios_family_arm_msp432_init_Boot_configureClocksHigh)
                  0000454c    00000054     ti.targets.arm.rtsarm.aem4f : Assert.oem4f (.text:xdc_runtime_Assert_raise__I)
                  000045a0    00000050     drivers_MSP432P401R.aem4f : GPIOMSP432.oem4f (.text:GPIO_write)
                  000045f0    00000050     msp432p4xx_driverlib.lib : pcm.o (.text:PCM_shutdownDevice)
                  00004640    00000050     sysbios.aem4f : BIOS.obj (.text:ti_sysbios_family_arm_m3_Hwi_Module_startup__E)
                  00004690    00000050     ti.targets.arm.rtsarm.aem4f : Startup.oem4f (.text:xdc_runtime_Startup_exec__E)
                  000046e0    00000050                                 : Text.oem4f (.text:xdc_runtime_Text_visitRope2__I)
                  00004730    0000004e     Agent_Msg.obj (.text:_ZN4MAES9Agent_Msg4sendEv)
                  0000477e    00000002     --HOLE-- [fill = 0]
                  00004780    0000004c     main.obj (.text:_ZN17ReadingBehaviour26actionEv)
                  000047cc    0000004c     rtsv7M4_T_le_v4SPD16_eabi.lib : cpy_tbl.obj (.text)
                  00004818    0000004c     sysbios.aem4f : BIOS.obj (.text:ti_sysbios_family_arm_msp432_Timer_start__E)
                  00004864    00000004     ti.targets.arm.rtsarm.aem4f : System.oem4f (.text:xdc_runtime_System_printf_va__F)
                  00004868    0000004c     sysbios.aem4f : BIOS.obj (.text:ti_sysbios_heaps_HeapMem_getStats__E)
                  000048b4    00000004     --HOLE-- [fill = 0]
                  000048b8    0000004c                   : BIOS.obj (.text:ti_sysbios_knl_Swi_runLoop__I)
                  00004904    00000004     --HOLE-- [fill = 0]
                  00004908    0000004c                   : BIOS.obj (.text:ti_sysbios_knl_Task_allBlockedFunction__I)
                  00004954    00000004     --HOLE-- [fill = 0]
                  00004958    0000004c                   : BIOS.obj (.text:ti_sysbios_knl_Task_schedule__I)
                  000049a4    0000004a     Agent_Msg.obj (.text:_ZN4MAES9Agent_Msg12add_receiverEP26ti_sysbios_knl_Task_Object)
                  000049ee    00000002     --HOLE-- [fill = 0]
                  000049f0    00000048     sysbios.aem4f : BIOS.obj (.text:ti_sysbios_family_arm_m3_Hwi_disableInterrupt__E)
                  00004a38    00000048                   : BIOS.obj (.text:ti_sysbios_family_arm_m3_Hwi_enableInterrupt__E)
                  00004a80    00000048                   : BIOS.obj (.text:ti_sysbios_family_arm_m3_Hwi_excReserved__I)
                  00004ac8    00000048                   : BIOS.obj (.text:ti_sysbios_knl_Mailbox_Module_startup__E)
                  00004b10    00000046     ti.targets.arm.rtsarm.aem4f : Core-params.oem4f (.text:xdc_runtime_Core_assignParams__I)
                  00004b56    00000002     --HOLE-- [fill = 0]
                  00004b58    00000044     drivers_MSP432P401R.aem4f : PowerMSP432.oem4f (.text:Power_init)
                  00004b9c    00000044     Agent_Platform.obj (.text:_ZN4MAES14Agent_Platform12resume_agentEP26ti_sysbios_knl_Task_Object)
                  00004be0    00000044     sysbios.aem4f : BIOS.obj (.text:ti_sysbios_family_arm_m3_Hwi_getStackInfo__E)
                  00004c24    00000004     --HOLE-- [fill = 0]
                  00004c28    00000044                   : BIOS.obj (.text:ti_sysbios_knl_Swi_post__E)
                  00004c6c    00000044     ti.targets.arm.rtsarm.aem4f : Error.oem4f (.text:xdc_runtime_Error_setX__E)
                  00004cb0    00000044                                 : SysMin.oem4f (.text:xdc_runtime_SysMin_flush__E)
                  00004cf4    00000044                                 : Text.oem4f (.text:xdc_runtime_Text_xprintf__I)
                  00004d38    00000040     msp432p4xx_driverlib.lib : flash.o (.text:FlashCtl_disableReadBuffering)
                  00004d78    00000040     Agent_Platform.obj (.text:_ZN4MAES14Agent_Platform12agent_searchEP26ti_sysbios_knl_Task_Object)
                  00004db8    00000040     drivers_MSP432P401R.aem4f : PowerMSP432.oem4f (.text:notify)
                  00004df8    00000040     rtsv7M4_T_le_v4SPD16_eabi.lib : u_divt2.obj (.text)
                  00004e38    00000040     sysbios.aem4f : BIOS.obj (.text:ti_sysbios_family_arm_msp432_Timer_Module_startup__E)
                  00004e78    00000040                   : BIOS.obj (.text:ti_sysbios_family_arm_msp432_Timer_startup__E)
                  00004eb8    00000040                   : BIOS.obj (.text:ti_sysbios_heaps_HeapMem_Instance_init__E)
                  00004ef8    0000003c     power_tirtos_MSP432P401R.aem4f : PowerMSP432_tirtos.oem4f (.text:PowerMSP432_sleepPolicy)
                  00004f34    0000003c     Agent_Platform.obj (.text:_ZN4MAES14Agent_Platform13suspend_agentEP26ti_sysbios_knl_Task_Object)
                  00004f70    0000003c     sysbios.aem4f : BIOS.obj (.text:ti_sysbios_family_arm_m3_Hwi_excSvCall__I)
                  00004fac    00000004     --HOLE-- [fill = 0]
                  00004fb0    0000003c                   : BIOS.obj (.text:ti_sysbios_heaps_HeapMem_init__I)
                  00004fec    00000004     --HOLE-- [fill = 0]
                  00004ff0    0000003c                   : BIOS.obj (.text:ti_sysbios_knl_Swi_restore__E)
                  0000502c    00000004     --HOLE-- [fill = 0]
                  00005030    00000038                   : BIOS.obj (.text:ti_sysbios_family_arm_m3_Hwi_excNoIsr__I)
                  00005068    00000038     ti.targets.arm.rtsarm.aem4f : SysMin.oem4f (.text:xdc_runtime_SysMin_putch__E)
                  000050a0    00000038                                 : System.oem4f (.text:xdc_runtime_System_atexit__E)
                  000050d8    00000034     msp432p4xx_driverlib.lib : flash.o (.text:FlashCtl_enableReadBuffering)
                  0000510c    00000034     Agent_Msg.obj (.text:_ZN4MAES9Agent_Msg12isRegisteredEP26ti_sysbios_knl_Task_Object)
                  00005140    00000034     sysbios.aem4f : BIOS.obj (.text:ti_sysbios_family_arm_m3_Hwi_Instance_finalize__E)
                  00005174    00000004     --HOLE-- [fill = 0]
                  00005178    00000034                   : BIOS.obj (.text:ti_sysbios_family_arm_m3_Hwi_excNmi__I)
                  000051ac    00000004     --HOLE-- [fill = 0]
                  000051b0    00000034                   : BIOS.obj (.text:ti_sysbios_hal_Hwi_checkStack)
                  000051e4    00000034     ti.targets.arm.rtsarm.aem4f : Core-label.oem4f (.text:xdc_runtime_Core_assignLabel__I)
                  00005218    00000033                                 : Text.oem4f (.text:xdc_runtime_Text_printVisFxn__I)
                  0000524b    00000005     --HOLE-- [fill = 0]
                  00005250    00000032     sysbios.aem4f : BIOS.obj (.text:ti_sysbios_hal_Hwi_initStack)
                  00005282    00000002     --HOLE-- [fill = 0]
                  00005284    00000030     msp432p4xx_driverlib.lib : gpio.o (.text:GPIO_getEnabledInterruptStatus)
                  000052b4    00000030                              : gpio.o (.text:GPIO_setAsInputPinWithPullDownResistor)
                  000052e4    00000030                              : gpio.o (.text:GPIO_setAsInputPinWithPullUpResistor)
                  00005314    00000030     drivers_MSP432P401R.aem4f : GPIOMSP432.oem4f (.text:GPIO_toggle)
                  00005344    00000030     empty_min_pem4f.oem4f (.text:ti_sysbios_BIOS_atExitFunc__I)
                  00005374    00000030     empty_min_pem4f.oem4f (.text:ti_sysbios_BIOS_startFunc__I)
                  000053a4    00000004     --HOLE-- [fill = 0]
                  000053a8    00000030     sysbios.aem4f : BIOS.obj (.text:ti_sysbios_family_arm_m3_TaskSupport_start__E)
                  000053d8    00000030                   : BIOS.obj (.text:ti_sysbios_family_arm_msp432_Timer_setPeriod__E)
                  00005408    00000030     empty_min_pem4f.oem4f (.text:ti_sysbios_gates_GateHwi_Object__create__S)
                  00005438    00000030     empty_min_pem4f.oem4f (.text:ti_sysbios_gates_GateMutex_Object__create__S)
                  00005468    00000030     sysbios.aem4f : BIOS.obj (.text:ti_sysbios_gates_GateMutex_enter__E)
                  00005498    00000030     empty_min_pem4f.oem4f (.text:ti_sysbios_heaps_HeapMem_Object__create__S)
                  000054c8    00000030     sysbios.aem4f : BIOS.obj (.text:ti_sysbios_knl_Mailbox_postInit__I)
                  000054f8    00000030     empty_min_pem4f.oem4f (.text:ti_sysbios_knl_Semaphore_construct)
                  00005528    00000030     sysbios.aem4f : BIOS.obj (.text:ti_sysbios_knl_Semaphore_pendTimeout__I)
                  00005558    00000030                   : BIOS.obj (.text:ti_sysbios_knl_Task_processVitalTaskFlag__I)
                  00005588    00000030                   : BIOS.obj (.text:ti_sysbios_knl_Task_unblockI__E)
                  000055b8    00000030     ti.targets.arm.rtsarm.aem4f : SysMin.oem4f (.text:xdc_runtime_SysMin_abort__E)
                  000055e8    00000030                                 : System.oem4f (.text:xdc_runtime_System_processAtExit__E)
                  00005618    0000002c     msp432p4xx_driverlib.lib : gpio.o (.text:GPIO_setAsInputPin)
                  00005644    0000002c                              : pcm.o (.text:PCM_getCoreVoltageLevel)
                  00005670    0000002c     power_tirtos_MSP432P401R.aem4f : PowerMSP432_tirtos.oem4f (.text:PowerMSP432_updateFreqs)
                  0000569c    0000002c     Agent_Msg.obj (.text:_ZN4MAES9Agent_Msg18clear_all_receiverEv)
                  000056c8    0000002c     empty_min_pem4f.oem4f (.text:ti_sysbios_knl_Clock_doTick__I)
                  000056f4    0000002c     empty_min_pem4f.oem4f (.text:ti_sysbios_knl_Queue_construct)
                  00005720    0000002c     sysbios.aem4f : BIOS.obj (.text:ti_sysbios_knl_Task_restore__E)
                  0000574c    0000002c     ti.targets.arm.rtsarm.aem4f : Text.oem4f (.text:xdc_runtime_Text_cordText__E)
                  00005778    0000002a     msp432p4xx_driverlib.lib : pcm.o (.text:PCM_getPowerMode)
                  000057a2    0000002a     ti.targets.arm.rtsarm.aem4f : System.oem4f (.text:xdc_runtime_System_putchar__I)
                  000057cc    00000028     msp432p4xx_driverlib.lib : flash.o (.text:FlashCtl_setWaitState)
                  000057f4    00000028                              : pcm.o (.text:PCM_gotoLPM0)
                  0000581c    00000028     main.obj (.text:_ZN16ReadingBehaviour6actionEv)
                  00005844    00000028     main.obj (.text:_ZN16WritingBehaviour5setupEv)
                  0000586c    00000028     Agent_Msg.obj (.text:_ZN4MAES9Agent_Msg7receiveEj)
                  00005894    00000004     --HOLE-- [fill = 0]
                  00005898    00000028     sysbios.aem4f : BIOS.obj (.text:ti_sysbios_knl_Clock_addI__E)
                  000058c0    00000028                   : BIOS.obj (.text:ti_sysbios_knl_Swi_Module_startup__E)
                  000058e8    00000026                   : m3_Hwi_asm.obj (.text:ti_sysbios_family_arm_m3_Hwi_pendSV__I)
                  0000590e    00000026     ti.targets.arm.rtsarm.aem4f : System.oem4f (.text:xdc_runtime_System_avprintf__E)
                  00005934    00000024     msp432p4xx_driverlib.lib : cs.o (.text:CS_setDCOCenteredFrequency)
                  00005958    00000024                              : gpio.o (.text:GPIO_setAsOutputPin)
                  0000597c    00000024                              : rtc_c.o (.text:RTC_C_holdClock)
                  000059a0    00000024                              : rtc_c.o (.text:RTC_C_startClock)
                  000059c4    00000024     empty_min_pem4f.oem4f (.text:ti_sysbios_BIOS_errorRaiseHook__I)
                  000059e8    00000024     empty_min_pem4f.oem4f (.text:ti_sysbios_BIOS_registerRTSLock__I)
                  00005a0c    00000024     empty_min_pem4f.oem4f (.text:ti_sysbios_BIOS_removeRTSLock__I)
                  00005a30    00000024     sysbios.aem4f : BIOS.obj (.text:ti_sysbios_family_arm_msp432_ClockFreqs_setFrequency__E)
                  00005a54    00000004     --HOLE-- [fill = 0]
                  00005a58    00000024                   : BIOS.obj (.text:ti_sysbios_family_arm_msp432_Timer_postInit__I)
                  00005a7c    00000024     empty_min_pem4f.oem4f (.text:ti_sysbios_gates_GateMutex_Object__delete__S)
                  00005aa0    00000024     sysbios.aem4f : BIOS.obj (.text:ti_sysbios_knl_Clock_Module_startup__E)
                  00005ac4    00000004     --HOLE-- [fill = 0]
                  00005ac8    00000024                   : BIOS.obj (.text:ti_sysbios_knl_Semaphore_Instance_init__E)
                  00005aec    00000004     --HOLE-- [fill = 0]
                  00005af0    00000024                   : BIOS.obj (.text:ti_sysbios_knl_Task_restoreHwi__E)
                  00005b14    00000024     ti.targets.arm.rtsarm.aem4f : System.oem4f (.text:xdc_runtime_System_vprintf__E)
                  00005b38    00000022     empty_min_pem4f.oem4f (.text:xdc_runtime_SysMin_output__I)
                  00005b5a    00000002     --HOLE-- [fill = 0]
                  00005b5c    00000020     msp432p4xx_driverlib.lib : gpio.o (.text:GPIO_interruptEdgeSelect)
                  00005b7c    00000020     Agent_Msg.obj (.text:_ZN4MAES9Agent_MsgC1Ev)
                  00005b9c    00000020     empty_min_pem4f.oem4f (.text:ti_sysbios_BIOS_rtsLock__I)
                  00005bbc    00000020     sysbios.aem4f : m3_Hwi_asm.obj (.text:ti_sysbios_family_arm_m3_Hwi_excHandlerAsm__I)
                  00005bdc    00000004     --HOLE-- [fill = 0]
                  00005be0    00000020                   : BIOS.obj (.text:ti_sysbios_family_arm_m3_Hwi_excHandler__I)
                  00005c00    00000020     empty_min_pem4f.oem4f (.text:ti_sysbios_gates_GateHwi_Object__delete__S)
                  00005c20    00000020     empty_min_pem4f.oem4f (.text:ti_sysbios_heaps_HeapMem_Object__delete__S)
                  00005c40    00000020     sysbios.aem4f : BIOS.obj (.text:ti_sysbios_knl_Idle_run__E)
                  00005c60    00000020     empty_min_pem4f.oem4f (.text:ti_sysbios_knl_Mailbox_Object__delete__S)
                  00005c80    00000020     empty_min_pem4f.oem4f (.text:ti_sysbios_knl_Semaphore_Object__destruct__S)
                  00005ca0    00000020     empty_min_pem4f.oem4f (.text:ti_sysbios_knl_Task_Object__delete__S)
                  00005cc0    00000020     ti.targets.arm.rtsarm.aem4f : Registry.oem4f (.text:xdc_runtime_Registry_findById__E)
                  00005ce0    00000020                                 : SysMin.oem4f (.text:xdc_runtime_SysMin_Module_startup__E)
                  00005d00    0000001e     sysbios.aem4f : m3_Hwi_asm_switch.obj (.text:ti_sysbios_family_xxx_Hwi_switchAndRunFunc)
                  00005d1e    00000002     --HOLE-- [fill = 0]
                  00005d20    0000001c     msp432p4xx_driverlib.lib : pcm.o (.text:PCM_enableRudeMode)
                  00005d3c    0000001c     Behaviour.obj (.text:_ZN4MAES17Generic_BehaviourC1Ev)
                  00005d58    0000001c     sysbios.aem4f : BIOS.obj (.text:ti_sysbios_gates_GateMutex_Instance_init__E)
                  00005d74    0000001c     empty_min_pem4f.oem4f (.text:ti_sysbios_knl_Queue_Object__destruct__S)
                  00005d90    0000001c     sysbios.aem4f : BIOS.obj (.text:ti_sysbios_knl_Queue_get__E)
                  00005dac    00000004     --HOLE-- [fill = 0]
                  00005db0    0000001c                   : BIOS.obj (.text:ti_sysbios_knl_Queue_put__E)
                  00005dcc    00000004     --HOLE-- [fill = 0]
                  00005dd0    0000001c                   : BIOS.obj (.text:ti_sysbios_knl_Task_enter__I)
                  00005dec    0000001c     ti.targets.arm.rtsarm.aem4f : Error.oem4f (.text:xdc_runtime_Error_raiseX__E)
                  00005e08    0000001c                                 : Memory.oem4f (.text:xdc_runtime_Memory_valloc__E)
                  00005e24    0000001c                                 : SysMin.oem4f (.text:xdc_runtime_SysMin_exit__E)
                  00005e40    0000001c                                 : System.oem4f (.text:xdc_runtime_System_abort__E)
                  00005e5c    0000001a     main.obj (.text:_Z7readingjj)
                  00005e76    0000001a     main.obj (.text:_Z8functionjj)
                  00005e90    0000001a     main.obj (.text:_Z8reading2jj)
                  00005eaa    0000001a     empty_min_pem4f.oem4f (.text:xdc_runtime_System_aprintf__E)
                  00005ec4    0000001a     empty_min_pem4f.oem4f (.text:xdc_runtime_System_printf__E)
                  00005ede    00000002     --HOLE-- [fill = 0]
                  00005ee0    00000018     msp432p4xx_driverlib.lib : gpio.o (.text:GPIO_clearInterruptFlag)
                  00005ef8    00000018                              : gpio.o (.text:GPIO_setDriveStrengthLow)
                  00005f10    00000018                              : gpio.o (.text:GPIO_setOutputLowOnPin)
                  00005f28    00000018                              : wdt_a.o (.text:WDT_A_holdTimer)
                  00005f40    00000018     main.obj (.text:_ZN16ReadingBehaviourC1Ev)
                  00005f58    00000018     main.obj (.text:_ZN16WritingBehaviourC1Ev)
                  00005f70    00000018     main.obj (.text:_ZN17ReadingBehaviour2C1Ev)
                  00005f88    00000018     Agent_Platform.obj (.text:_ZN4MAES13USER_DEF_CONDC1Ev)
                  00005fa0    00000018     Behaviour.obj (.text:_ZN4MAES15CyclicBehaviourC1Ev)
                  00005fb8    00000018     empty_min_pem4f.oem4f (.text:free)
                  00005fd0    00000018     rtsv7M4_T_le_v4SPD16_eabi.lib : args_main.obj (.text)
                  00005fe8    00000018                                   : strcmp.obj (.text)
                  00006000    00000018     empty_min_pem4f.oem4f (.text:ti_sysbios_BIOS_rtsUnlock__I)
                  00006018    00000018     empty_min_pem4f.oem4f (.text:ti_sysbios_family_arm_m3_Hwi_Handle__label__S)
                  00006030    00000018     empty_min_pem4f.oem4f (.text:ti_sysbios_family_arm_m3_Hwi_Module__startupDone__F)
                  00006048    00000018     sysbios.aem4f : m3_TaskSupport_asm.obj (.text:ti_sysbios_family_arm_m3_TaskSupport_swap__E)
                  00006060    00000018     empty_min_pem4f.oem4f (.text:ti_sysbios_family_arm_msp432_Timer_Module__startupDone__F)
                  00006078    00000018     empty_min_pem4f.oem4f (.text:ti_sysbios_gates_GateHwi_Handle__label__S)
                  00006090    00000018     empty_min_pem4f.oem4f (.text:ti_sysbios_gates_GateMutex_Handle__label__S)
                  000060a8    00000018     sysbios.aem4f : BIOS.obj (.text:ti_sysbios_gates_GateMutex_leave__E)
                  000060c0    00000018     empty_min_pem4f.oem4f (.text:ti_sysbios_heaps_HeapMem_Handle__label__S)
                  000060d8    00000018     empty_min_pem4f.oem4f (.text:ti_sysbios_knl_Swi_Handle__label__S)
                  000060f0    00000018     empty_min_pem4f.oem4f (.text:ti_sysbios_knl_Task_Handle__label__S)
                  00006108    00000018     sysbios.aem4f : BIOS.obj (.text:ti_sysbios_knl_Task_sleepTimeout__I)
                  00006120    00000018     ti.targets.arm.rtsarm.aem4f : Error.oem4f (.text:xdc_runtime_Error_check__E)
                  00006138    00000018                                 : System.oem4f (.text:xdc_runtime_System_exit__E)
                  00006150    00000018                                 : Text.oem4f (.text:xdc_runtime_Text_ropeText__E)
                  00006168    00000016     Agent_Platform.obj (.text:_Z31ti_sysbios_knl_Task_Params_initP26ti_sysbios_knl_Task_Params)
                  0000617e    00000016     Agent_Platform.obj (.text:_Z34ti_sysbios_knl_Mailbox_Params_initP29ti_sysbios_knl_Mailbox_Params)
                  00006194    00000016     main.obj (.text:_ZN16WritingBehaviour6actionEv)
                  000061aa    00000016     Agent_Msg.obj (.text:_ZN4MAES9Agent_Msg12set_msg_typeENS_8MSG_TYPEE)
                  000061c0    00000016     empty_min_pem4f.oem4f (.text:ti_sysbios_BIOS_exitFunc__I)
                  000061d6    00000002     --HOLE-- [fill = 0]
                  000061d8    00000016     sysbios.aem4f : BIOS.obj (.text:ti_sysbios_knl_Task_getFunc__E)
                  000061ee    00000002     --HOLE-- [fill = 0]
                  000061f0    00000016                   : BIOS.obj (.text:ti_sysbios_knl_Task_unblock__E)
                  00006206    00000002     --HOLE-- [fill = 0]
                  00006208    00000014     msp432p4xx_driverlib.lib : gpio.o (.text:GPIO_setDriveStrengthHigh)
                  0000621c    00000014                              : gpio.o (.text:GPIO_setOutputHighOnPin)
                  00006230    00000014                              : gpio.o (.text:GPIO_toggleOutputOnPin)
                  00006244    00000014     drivers_MSP432P401R.aem4f : PowerMSP432.oem4f (.text:Power_idleFunc)
                  00006258    00000014     msp432p4xx_driverlib.lib : wdt_a.o (.text:WDT_A_startTimer)
                  0000626c    00000014     Agent_Msg.obj (.text:_ZN4MAES9Agent_Msg11get_mailboxEP26ti_sysbios_knl_Task_Object)
                  00006280    00000014     rtsv7M4_T_le_v4SPD16_eabi.lib : _lock.obj (.text)
                  00006294    00000014                                   : strcpy.obj (.text)
                  000062a8    00000014                                   : strlen.obj (.text)
                  000062bc    00000014     empty_min_pem4f.oem4f (.text:ti_sysbios_family_arm_m3_Hwi_Object__get__S)
                  000062d0    00000014     sysbios.aem4f : BIOS.obj (.text:ti_sysbios_family_arm_m3_Hwi_switchFromBootStack__E)
                  000062e4    00000014     empty_min_pem4f.oem4f (.text:ti_sysbios_heaps_HeapMem_Object__get__S)
                  000062f8    00000014     empty_min_pem4f.oem4f (.text:ti_sysbios_knl_Swi_Object__get__S)
                  0000630c    00000014     empty_min_pem4f.oem4f (.text:ti_sysbios_knl_Task_Object__first__S)
                  00006320    00000014     empty_min_pem4f.oem4f (.text:ti_sysbios_knl_Task_Object__next__S)
                  00006334    00000012     main.obj (.text:_ZN17ReadingBehaviour25setupEv)
                  00006346    00000002     --HOLE-- [fill = 0]
                  00006348    00000012     sysbios.aem4f : BIOS.obj (.text:ti_sysbios_hal_Hwi_Module_startup__E)
                  0000635a    00000012     empty_min_pem4f.oem4f (.text:xdc_runtime_Startup_exec__I)
                  0000636c    00000010     msp432p4xx_driverlib.lib : gpio.o (.text:GPIO_getInterruptStatus)
                  0000637c    00000010                              : pcm.o (.text:PCM_gotoLPM4)
                  0000638c    00000004     --HOLE-- [fill = 0]
                  00006390    00000010     sysbios.aem4f : BIOS.obj (.text:ti_sysbios_BIOS_exit__E)
                  000063a0    00000010                   : BIOS.obj (.text:ti_sysbios_BIOS_setCpuFreq__E)
                  000063b0    00000010                   : BIOS.obj (.text:ti_sysbios_BIOS_setThreadType__E)
                  000063c0    00000010                   : BIOS.obj (.text:ti_sysbios_BIOS_start__E)
                  000063d0    00000010                   : m3_TaskSupport_asm.obj (.text:ti_sysbios_family_arm_m3_TaskSupport_glue)
                  000063e0    00000010                   : BIOS.obj (.text:ti_sysbios_family_arm_msp432_init_Boot_disableWatchdog)
                  000063f0    00000010                   : BIOS.obj (.text:ti_sysbios_gates_GateMutex_Instance_finalize__E)
                  00006400    00000010     empty_min_pem4f.oem4f (.text:ti_sysbios_knl_Mailbox_Object__get__S)
                  00006410    00000010     sysbios.aem4f : BIOS.obj (.text:ti_sysbios_knl_Semaphore_Instance_finalize__E)
                  00006420    00000010                   : BIOS.obj (.text:ti_sysbios_knl_Swi_disable__E)
                  00006430    00000010                   : BIOS.obj (.text:ti_sysbios_knl_Task_disable__E)
                  00006440    00000010     ti.targets.arm.rtsarm.aem4f : Gate.oem4f (.text:xdc_runtime_Gate_leaveSystem__E)
                  00006450    00000010                                 : Memory.oem4f (.text:xdc_runtime_Memory_free__E)
                  00006460    00000010                                 : SysMin.oem4f (.text:xdc_runtime_SysMin_ready__E)
                  00006470    00000010                                 : System.oem4f (.text:xdc_runtime_System_vsnprintf__E)
                  00006480    0000000e     tirtosport.aem4f : HwiP_tirtos.oem4f (.text:HwiP_Params_init)
                  0000648e    0000000e     Agent_Msg.obj (.text:_ZN4MAES9Agent_Msg10get_senderEv)
                  0000649c    0000000e     Agent_Msg.obj (.text:_ZN4MAES9Agent_Msg12get_msg_typeEv)
                  000064aa    0000000e     Agent_Msg.obj (.text:_ZN4MAES9Agent_Msg15get_msg_contentEv)
                  000064b8    0000000e     Agent_Msg.obj (.text:_ZN4MAES9Agent_Msg16get_target_agentEv)
                  000064c6    0000000e     rtsv7M4_T_le_v4SPD16_eabi.lib : copy_decompress_none.obj (.text:decompress:none)
                  000064d4    00000004     --HOLE-- [fill = 0]
                  000064d8    0000000e     sysbios.aem4f : BIOS.obj (.text:ti_sysbios_knl_Queue_empty__E)
                  000064e6    0000000e     empty_min_pem4f.oem4f (.text:ti_sysbios_knl_Task_Object__get__S)
                  000064f4    0000000c     empty_min_pem4f.oem4f (.text:.bootCodeSection:ti_sysbios_family_arm_msp432_init_Boot_init__I)
                  00006500    0000000c     msp432p4xx_driverlib.lib : cpu.o (.text:CPU_cpsid)
                  0000650c    0000000c                              : cpu.o (.text:CPU_cpsie)
                  00006518    0000000c                              : pcm.o (.text:PCM_getPowerState)
                  00006524    0000000c     drivers_MSP432P401R.aem4f : PowerMSP432.oem4f (.text:Power_getConstraintMask)
                  00006530    0000000c     Agent_Platform.obj (.text:_Z31ti_sysbios_knl_Task_Object_nextP26ti_sysbios_knl_Task_Object)
                  0000653c    0000000c     User_Cond.obj (.text:_ZN4MAES13USER_DEF_COND11modify_condEv)
                  00006548    0000000c     User_Cond.obj (.text:_ZN4MAES13USER_DEF_COND11resume_condEv)
                  00006554    0000000c     User_Cond.obj (.text:_ZN4MAES13USER_DEF_COND12suspend_condEv)
                  00006560    0000000c     User_Cond.obj (.text:_ZN4MAES13USER_DEF_COND13register_condEv)
                  0000656c    0000000c     User_Cond.obj (.text:_ZN4MAES13USER_DEF_COND14broadcast_condEv)
                  00006578    0000000c     User_Cond.obj (.text:_ZN4MAES13USER_DEF_COND15deregister_condEv)
                  00006584    0000000c     User_Cond.obj (.text:_ZN4MAES13USER_DEF_COND6createEv)
                  00006590    0000000c     User_Cond.obj (.text:_ZN4MAES13USER_DEF_COND7restartEv)
                  0000659c    0000000c     User_Cond.obj (.text:_ZN4MAES13USER_DEF_COND9kill_condEv)
                  000065a8    0000000c     Behaviour.obj (.text:_ZN4MAES15CyclicBehaviour4doneEv)
                  000065b4    0000000c     Behaviour.obj (.text:_ZN4MAES17Generic_Behaviour17failure_detectionEv)
                  000065c0    0000000c     Behaviour.obj (.text:_ZN4MAES17Generic_Behaviour4doneEv)
                  000065cc    0000000c     Agent.obj (.text:_ZN4MAES5AgentC1Ev)
                  000065d8    0000000c     rtsv7M4_T_le_v4SPD16_eabi.lib : copy_zero_init.obj (.text:decompress:ZI)
                  000065e4    0000000c     empty_min_pem4f.oem4f (.text:ti_sysbios_family_arm_m3_Hwi_Params__init__S)
                  000065f0    0000000c     sysbios.aem4f : BIOS.obj (.text:ti_sysbios_family_arm_m3_Hwi_disableFxn__E)
                  000065fc    00000004     --HOLE-- [fill = 0]
                  00006600    0000000c                   : BIOS.obj (.text:ti_sysbios_family_arm_m3_TaskSupport_getStackAlignment__E)
                  0000660c    00000004     --HOLE-- [fill = 0]
                  00006610    0000000c                   : BIOS.obj (.text:ti_sysbios_family_arm_msp432_Timer_getMaxTicks__E)
                  0000661c    00000004     --HOLE-- [fill = 0]
                  00006620    0000000c                   : BIOS.obj (.text:ti_sysbios_gates_GateHwi_enter__E)
                  0000662c    0000000c     empty_min_pem4f.oem4f (.text:ti_sysbios_knl_Mailbox_Params__init__S)
                  00006638    0000000c     empty_min_pem4f.oem4f (.text:ti_sysbios_knl_Queue_Object__get__S)
                  00006644    0000000c     empty_min_pem4f.oem4f (.text:ti_sysbios_knl_Semaphore_Params__init__S)
                  00006650    0000000c     empty_min_pem4f.oem4f (.text:ti_sysbios_knl_Task_Params__init__S)
                  0000665c    00000004     --HOLE-- [fill = 0]
                  00006660    0000000c     sysbios.aem4f : BIOS.obj (.text:ti_sysbios_knl_Task_self__E)
                  0000666c    0000000c     ti.targets.arm.rtsarm.aem4f : Error.oem4f (.text:xdc_runtime_Error_init__E)
                  00006678    0000000c                                 : Gate.oem4f (.text:xdc_runtime_Gate_enterSystem__E)
                  00006684    0000000c                                 : Memory.oem4f (.text:xdc_runtime_Memory_calloc__E)
                  00006690    0000000c                                 : Memory.oem4f (.text:xdc_runtime_Memory_getMaxDefaultTypeAlign__E)
                  0000669c    0000000c                                 : Startup.oem4f (.text:xdc_runtime_Startup_rtsDone__E)
                  000066a8    0000000a     Behaviour.obj (.text:_ZN4MAES17Generic_Behaviour16failure_recoveryEv)
                  000066b2    0000000a     Behaviour.obj (.text:_ZN4MAES17Generic_Behaviour22failure_identificationEv)
                  000066bc    0000000a     Behaviour.obj (.text:_ZN4MAES17Generic_Behaviour5setupEv)
                  000066c6    0000000a     empty_min_pem4f.oem4f (.text:xdc_runtime_IHeap_alloc)
                  000066d0    0000000a     empty_min_pem4f.oem4f (.text:xdc_runtime_IHeap_free)
                  000066da    0000000a     empty_min_pem4f.oem4f (.text:xdc_runtime_Text_visitRope__I)
                  000066e4    00000008     MSP_EXP432P401R.obj (.text:MSP_EXP432P401R_initGPIO)
                  000066ec    00000008     MSP_EXP432P401R.obj (.text:MSP_EXP432P401R_initGeneral)
                  000066f4    00000008     msp432p4xx_driverlib.lib : pcm.o (.text:PCM_setPowerMode)
                  000066fc    00000008                              : pcm.o (.text:PCM_setPowerState)
                  00006704    00000008     Agent_Platform.obj (.text:_Z32ti_sysbios_knl_Task_Object_firstv)
                  0000670c    00000008     rtsv7M4_T_le_v4SPD16_eabi.lib : delete.obj (.text)
                  00006714    00000004     --HOLE-- [fill = 0]
                  00006718    00000008     sysbios.aem4f : BIOS.obj (.text:ti_sysbios_family_arm_m3_Hwi_doSwiRestore__I)
                  00006720    00000008                   : BIOS.obj (.text:ti_sysbios_family_arm_m3_Hwi_startup__E)
                  00006728    00000006                   : BIOS.obj (.text:ti_sysbios_family_arm_m3_Hwi_doTaskRestore__I)
                  0000672e    00000002     --HOLE-- [fill = 0]
                  00006730    00000006                   : BIOS.obj (.text:ti_sysbios_family_arm_m3_Hwi_restoreFxn__E)
                  00006736    00000002     --HOLE-- [fill = 0]
                  00006738    00000006                   : BIOS.obj (.text:ti_sysbios_gates_GateHwi_leave__E)
                  0000673e    00000002     --HOLE-- [fill = 0]
                  00006740    00000006                   : BIOS.obj (.text:ti_sysbios_heaps_HeapMem_isBlocking__E)
                  00006746    00000002     --HOLE-- [fill = 0]
                  00006748    00000006                   : BIOS.obj (.text:ti_sysbios_knl_Queue_Instance_init__E)
                  0000674e    00000002     --HOLE-- [fill = 0]
                  00006750    00000006                   : BIOS.obj (.text:ti_sysbios_knl_Swi_startup__E)
                  00006756    00000006     ti.targets.arm.rtsarm.aem4f : System.oem4f (.text:xdc_runtime_System_Module_startup__E)
                  0000675c    00000004     --HOLE-- [fill = 0]
                  00006760    00000004     sysbios.aem4f : BIOS.obj (.text:ti_sysbios_gates_GateHwi_query__E)
                  00006764    00000004     --HOLE-- [fill = 0]
                  00006768    00000004                   : BIOS.obj (.text:ti_sysbios_gates_GateMutex_query__E)
                  0000676c    00000004     --HOLE-- [fill = 0]
                  00006770    00000004                   : BIOS.obj (.text:ti_sysbios_knl_Task_getEnv__E)
                  00006774    00000004     --HOLE-- [fill = 0]
                  00006778    00000004                   : BIOS.obj (.text:ti_sysbios_knl_Task_getPri__E)
                  0000677c    00000004     --HOLE-- [fill = 0]
                  00006780    00000004                   : BIOS.obj (.text:ti_sysbios_knl_Task_setEnv__E)
                  00006784    00000004     --HOLE-- [fill = 0]
                  00006788    00000004                   : BIOS.obj (.text:ti_sysbios_knl_Task_startup__E)
                  0000678c    00000004     --HOLE-- [fill = 0]
                  00006790    00000002                   : BIOS.obj (.text:ti_sysbios_BIOS_linkedWithIncorrectBootLibrary__E)
                  00006792    00000006     --HOLE-- [fill = 0]
                  00006798    00000002                   : BIOS.obj (.text:ti_sysbios_gates_GateHwi_Instance_init__E)
                  0000679a    00000006     --HOLE-- [fill = 0]
                  000067a0    00000002                   : BIOS.obj (.text:ti_sysbios_knl_Clock_logTick__E)

.const     0    000067a4    00001f54     
                  000067a4    0000176d     empty_min_pem4f.oem4f (.const:xdc_runtime_Text_charTab__A)
                  00007f11    00000002     rtsv7M4_T_le_v4SPD16_eabi.lib : typeinfo_.obj (.const:.typeinfo:_ZTSe)
                  00007f13    00000001     empty_min_pem4f.oem4f (.const:xdc_runtime_Error_policy__C)
                  00007f14    00000048     empty_min_pem4f.oem4f (.const:.string)
                  00007f5c    0000003c     empty_min_pem4f.oem4f (.const:ti_sysbios_knl_Task_Object__PARAMS__C)
                  00007f98    00000034     empty_min_pem4f.oem4f (.const:ti_sysbios_knl_Mailbox_Object__PARAMS__C)
                  00007fcc    00000030     empty_min_pem4f.oem4f (.const:ti_sysbios_family_arm_m3_Hwi_Object__PARAMS__C)
                  00007ffc    0000002c     User_Cond.obj (.const:_ZTVN4MAES13USER_DEF_CONDE)
                  00008028    00000028     rtsv7M4_T_le_v4SPD16_eabi.lib : typeinfo_.obj (.const:.typeinfo:_ZTSN10__cxxabiv123__fundamental_type_infoE)
                  00008050    00000028     empty_min_pem4f.oem4f (.const:ti_sysbios_heaps_HeapMem_Module__FXNS__C)
                  00008078    00000025     rtsv7M4_T_le_v4SPD16_eabi.lib : typeinfo_.obj (.const:.typeinfo:_ZTSN10__cxxabiv120__si_class_type_infoE)
                  0000809d    00000024                                   : typeinfo_.obj (.const:.typeinfo:_ZTSN10__cxxabiv119__pointer_type_infoE)
                  000080c1    00000001     --HOLE-- [fill = 0]
                  000080c2    00000002     empty_min_pem4f.oem4f (.const:ti_sysbios_family_arm_m3_Hwi_Module__id__C)
                  000080c4    00000024     empty_min_pem4f.oem4f (.const:ti_sysbios_gates_GateHwi_Module__FXNS__C)
                  000080e8    00000024     empty_min_pem4f.oem4f (.const:ti_sysbios_gates_GateMutex_Module__FXNS__C)
                  0000810c    00000024     empty_min_pem4f.oem4f (.const:ti_sysbios_heaps_HeapMem_Object__PARAMS__C)
                  00008130    00000024     empty_min_pem4f.oem4f (.const:ti_sysbios_knl_Semaphore_Object__PARAMS__C)
                  00008154    00000024     empty_min_pem4f.oem4f (.const:xdc_runtime_Startup_sfxnTab__A)
                  00008178    00000022     rtsv7M4_T_le_v4SPD16_eabi.lib : typeinfo_.obj (.const:.typeinfo:_ZTSN10__cxxabiv117__class_type_infoE)
                  0000819a    00000022                                   : typeinfo_.obj (.const:.typeinfo:_ZTSN10__cxxabiv117__pbase_type_infoE)
                  000081bc    00000020     main.obj (.const:_ZTV16ReadingBehaviour)
                  000081dc    00000020     main.obj (.const:_ZTV16WritingBehaviour)
                  000081fc    00000020     main.obj (.const:_ZTV17ReadingBehaviour2)
                  0000821c    00000020     Behaviour.obj (.const:_ZTVN4MAES15CyclicBehaviourE)
                  0000823c    00000020     Behaviour.obj (.const:_ZTVN4MAES17Generic_BehaviourE)
                  0000825c    00000020     empty_min_pem4f.oem4f (.const:ti_sysbios_family_arm_m3_Hwi_Object__DESC__C)
                  0000827c    00000020     empty_min_pem4f.oem4f (.const:ti_sysbios_gates_GateHwi_Object__DESC__C)
                  0000829c    00000020     empty_min_pem4f.oem4f (.const:ti_sysbios_gates_GateMutex_Object__DESC__C)
                  000082bc    00000020     empty_min_pem4f.oem4f (.const:ti_sysbios_heaps_HeapMem_Object__DESC__C)
                  000082dc    00000020     empty_min_pem4f.oem4f (.const:ti_sysbios_knl_Mailbox_Object__DESC__C)
                  000082fc    00000020     empty_min_pem4f.oem4f (.const:ti_sysbios_knl_Queue_Object__DESC__C)
                  0000831c    00000020     empty_min_pem4f.oem4f (.const:ti_sysbios_knl_Semaphore_Object__DESC__C)
                  0000833c    00000020     empty_min_pem4f.oem4f (.const:ti_sysbios_knl_Task_Object__DESC__C)
                  0000835c    0000001b     Behaviour.obj (.const:.typeinfo:_ZTSN4MAES17Generic_BehaviourE)
                  00008377    00000019     Behaviour.obj (.const:.typeinfo:_ZTSN4MAES15CyclicBehaviourE)
                  00008390    00000018     empty_min_pem4f.oem4f (.const:ti_sysbios_gates_GateHwi_Object__PARAMS__C)
                  000083a8    00000018     empty_min_pem4f.oem4f (.const:ti_sysbios_gates_GateMutex_Object__PARAMS__C)
                  000083c0    00000018     empty_min_pem4f.oem4f (.const:ti_sysbios_knl_Queue_Object__PARAMS__C)
                  000083d8    00000017     User_Cond.obj (.const:.typeinfo:_ZTSN4MAES13USER_DEF_CONDE)
                  000083ef    00000014     main.obj (.const:.typeinfo:_ZTS17ReadingBehaviour2)
                  00008403    00000001     --HOLE-- [fill = 0]
                  00008404    00000014     MSP_EXP432P401R.obj (.const:GPIOMSP432_config)
                  00008418    00000013     main.obj (.const:.typeinfo:_ZTS16ReadingBehaviour)
                  0000842b    00000013     main.obj (.const:.typeinfo:_ZTS16WritingBehaviour)
                  0000843e    00000012     empty_min_pem4f.oem4f (.const:xdc_runtime_Startup_sfxnRts__A)
                  00008450    00000010     rtsv7M4_T_le_v4SPD16_eabi.lib : typeinfo_.obj (.const:.typeinfo:_ZTIPKe)
                  00008460    00000010     MSP_EXP432P401R.obj (.const:PowerMSP432_config)
                  00008470    00000010     rtsv7M4_T_le_v4SPD16_eabi.lib : typeinfo_.obj (.const:_ZTVN10__cxxabiv117__class_type_infoE)
                  00008480    00000010                                   : typeinfo_.obj (.const:_ZTVN10__cxxabiv119__pointer_type_infoE)
                  00008490    00000010                                   : typeinfo_.obj (.const:_ZTVN10__cxxabiv120__si_class_type_infoE)
                  000084a0    00000010                                   : typeinfo_.obj (.const:_ZTVN10__cxxabiv123__fundamental_type_infoE)
                  000084b0    00000010     empty_min_pem4f.oem4f (.const:xdc_runtime_Text_nodeTab__A)
                  000084c0    0000000d     rtsv7M4_T_le_v4SPD16_eabi.lib : typeinfo_.obj (.const:.typeinfo:_ZTSSt9type_info)
                  000084cd    0000000c     drivers_MSP432P401R.aem4f : GPIOMSP432.oem4f (.const:.string)
                  000084d9    00000001     --HOLE-- [fill = 0]
                  000084da    00000002     empty_min_pem4f.oem4f (.const:ti_sysbios_hal_Hwi_Module__id__C)
                  000084dc    0000000c     main.obj (.const:.typeinfo:_ZTI16ReadingBehaviour)
                  000084e8    0000000c     main.obj (.const:.typeinfo:_ZTI16WritingBehaviour)
                  000084f4    0000000c     main.obj (.const:.typeinfo:_ZTI17ReadingBehaviour2)
                  00008500    0000000c     rtsv7M4_T_le_v4SPD16_eabi.lib : typeinfo_.obj (.const:.typeinfo:_ZTIN10__cxxabiv117__class_type_infoE)
                  0000850c    0000000c                                   : typeinfo_.obj (.const:.typeinfo:_ZTIN10__cxxabiv117__pbase_type_infoE)
                  00008518    0000000c                                   : typeinfo_.obj (.const:.typeinfo:_ZTIN10__cxxabiv119__pointer_type_infoE)
                  00008524    0000000c                                   : typeinfo_.obj (.const:.typeinfo:_ZTIN10__cxxabiv120__si_class_type_infoE)
                  00008530    0000000c                                   : typeinfo_.obj (.const:.typeinfo:_ZTIN10__cxxabiv123__fundamental_type_infoE)
                  0000853c    0000000c     Behaviour.obj (.const:.typeinfo:_ZTIN4MAES15CyclicBehaviourE)
                  00008548    0000000c     empty_min_pem4f.oem4f (.const:xdc_runtime_Startup_firstFxns__A)
                  00008554    00000008     main.obj (.const:.string:_ZZN16ReadingBehaviour6actionEvEs)
                  0000855c    00000008     main.obj (.const:.string:_ZZN17ReadingBehaviour26actionEvEs)
                  00008564    00000008     User_Cond.obj (.const:.typeinfo:_ZTIN4MAES13USER_DEF_CONDE)
                  0000856c    00000008     Behaviour.obj (.const:.typeinfo:_ZTIN4MAES17Generic_BehaviourE)
                  00008574    00000008     rtsv7M4_T_le_v4SPD16_eabi.lib : typeinfo_.obj (.const:.typeinfo:_ZTISt9type_info)
                  0000857c    00000008                                   : typeinfo_.obj (.const:.typeinfo:_ZTIe)
                  00008584    00000008     empty_min_pem4f.oem4f (.const:ti_sysbios_family_arm_m3_Hwi_excHookFuncs__A)
                  0000858c    00000008     empty_min_pem4f.oem4f (.const:ti_sysbios_knl_Idle_funcList__A)
                  00008594    00000008     empty_min_pem4f.oem4f (.const:ti_sysbios_knl_Idle_funcList__C)
                  0000859c    00000008     empty_min_pem4f.oem4f (.const:xdc_runtime_Startup_firstFxns__C)
                  000085a4    00000008     empty_min_pem4f.oem4f (.const:xdc_runtime_Startup_lastFxns__C)
                  000085ac    00000004     rtsv7M4_T_le_v4SPD16_eabi.lib : typeinfo_.obj (.const:.typeinfo:_ZTSPKe)
                  000085b0    00000004     empty_min_pem4f.oem4f (.const:ti_sysbios_family_arm_m3_Hwi_E_NMI__C)
                  000085b4    00000004     empty_min_pem4f.oem4f (.const:ti_sysbios_family_arm_m3_Hwi_E_alreadyDefined__C)
                  000085b8    00000004     empty_min_pem4f.oem4f (.const:ti_sysbios_family_arm_m3_Hwi_E_busFault__C)
                  000085bc    00000004     empty_min_pem4f.oem4f (.const:ti_sysbios_family_arm_m3_Hwi_E_debugMon__C)
                  000085c0    00000004     empty_min_pem4f.oem4f (.const:ti_sysbios_family_arm_m3_Hwi_E_hardFault__C)
                  000085c4    00000004     empty_min_pem4f.oem4f (.const:ti_sysbios_family_arm_m3_Hwi_E_memFault__C)
                  000085c8    00000004     empty_min_pem4f.oem4f (.const:ti_sysbios_family_arm_m3_Hwi_E_noIsr__C)
                  000085cc    00000004     empty_min_pem4f.oem4f (.const:ti_sysbios_family_arm_m3_Hwi_E_reserved__C)
                  000085d0    00000004     empty_min_pem4f.oem4f (.const:ti_sysbios_family_arm_m3_Hwi_E_svCall__C)
                  000085d4    00000004     empty_min_pem4f.oem4f (.const:ti_sysbios_family_arm_m3_Hwi_E_usageFault__C)
                  000085d8    00000004     empty_min_pem4f.oem4f (.const:ti_sysbios_family_arm_m3_Hwi_NUM_INTERRUPTS__C)
                  000085dc    00000004     empty_min_pem4f.oem4f (.const:ti_sysbios_family_arm_m3_Hwi_Object__count__C)
                  000085e0    00000004     empty_min_pem4f.oem4f (.const:ti_sysbios_family_arm_m3_Hwi_ccr__C)
                  000085e4    00000004     empty_min_pem4f.oem4f (.const:ti_sysbios_family_arm_m3_Hwi_excHandlerFunc__C)
                  000085e8    00000004     empty_min_pem4f.oem4f (.const:ti_sysbios_family_arm_m3_Hwi_excHookFuncs__C)
                  000085ec    00000004     empty_min_pem4f.oem4f (.const:ti_sysbios_family_arm_m3_Hwi_nullIsrFunc__C)
                  000085f0    00000004     empty_min_pem4f.oem4f (.const:ti_sysbios_family_arm_m3_Hwi_priGroup__C)
                  000085f4    00000004     empty_min_pem4f.oem4f (.const:ti_sysbios_family_arm_m3_TaskSupport_stackAlignment__C)
                  000085f8    00000004     empty_min_pem4f.oem4f (.const:ti_sysbios_family_arm_msp432_Timer_numTimerDevices__C)
                  000085fc    00000004     empty_min_pem4f.oem4f (.const:ti_sysbios_family_arm_msp432_Timer_startupNeeded__C)
                  00008600    00000004     empty_min_pem4f.oem4f (.const:ti_sysbios_gates_GateMutex_Instance_State_sem__O)
                  00008604    00000004     empty_min_pem4f.oem4f (.const:ti_sysbios_hal_Hwi_E_stackOverflow__C)
                  00008608    00000004     empty_min_pem4f.oem4f (.const:ti_sysbios_heaps_HeapMem_E_memory__C)
                  0000860c    00000004     empty_min_pem4f.oem4f (.const:ti_sysbios_heaps_HeapMem_Module__gateObj__C)
                  00008610    00000004     empty_min_pem4f.oem4f (.const:ti_sysbios_heaps_HeapMem_Object__count__C)
                  00008614    00000004     empty_min_pem4f.oem4f (.const:ti_sysbios_heaps_HeapMem_reqAlign__C)
                  00008618    00000004     empty_min_pem4f.oem4f (.const:ti_sysbios_knl_Clock_Module_State_clockQ__O)
                  0000861c    00000004     empty_min_pem4f.oem4f (.const:ti_sysbios_knl_Mailbox_Instance_State_dataQue__O)
                  00008620    00000004     empty_min_pem4f.oem4f (.const:ti_sysbios_knl_Mailbox_Instance_State_dataSem__O)
                  00008624    00000004     empty_min_pem4f.oem4f (.const:ti_sysbios_knl_Mailbox_Instance_State_freeQue__O)
                  00008628    00000004     empty_min_pem4f.oem4f (.const:ti_sysbios_knl_Mailbox_Instance_State_freeSem__O)
                  0000862c    00000004     empty_min_pem4f.oem4f (.const:ti_sysbios_knl_Mailbox_Object__count__C)
                  00008630    00000004     empty_min_pem4f.oem4f (.const:ti_sysbios_knl_Mailbox_maxTypeAlign__C)
                  00008634    00000004     empty_min_pem4f.oem4f (.const:ti_sysbios_knl_Semaphore_Instance_State_pendQ__O)
                  00008638    00000004     empty_min_pem4f.oem4f (.const:ti_sysbios_knl_Swi_Object__count__C)
                  0000863c    00000004     empty_min_pem4f.oem4f (.const:ti_sysbios_knl_Task_Module_State_inactiveQ__O)
                  00008640    00000004     empty_min_pem4f.oem4f (.const:ti_sysbios_knl_Task_Object__count__C)
                  00008644    00000004     empty_min_pem4f.oem4f (.const:ti_sysbios_knl_Task_allBlockedFunc__C)
                  00008648    00000004     empty_min_pem4f.oem4f (.const:ti_sysbios_knl_Task_defaultStackHeap__C)
                  0000864c    00000004     empty_min_pem4f.oem4f (.const:ti_sysbios_knl_Task_defaultStackSize__C)
                  00008650    00000004     empty_min_pem4f.oem4f (.const:ti_sysbios_knl_Task_numConstructedTasks__C)
                  00008654    00000004     empty_min_pem4f.oem4f (.const:ti_sysbios_knl_Task_numPriorities__C)
                  00008658    00000004     empty_min_pem4f.oem4f (.const:xdc_runtime_Assert_E_assertFailed__C)
                  0000865c    00000004     empty_min_pem4f.oem4f (.const:xdc_runtime_Core_A_initializedParams__C)
                  00008660    00000004     empty_min_pem4f.oem4f (.const:xdc_runtime_Core_Module__diagsEnabled__C)
                  00008664    00000004     empty_min_pem4f.oem4f (.const:xdc_runtime_Core_Module__diagsIncluded__C)
                  00008668    00000004     empty_min_pem4f.oem4f (.const:xdc_runtime_Core_Module__diagsMask__C)
                  0000866c    00000004     empty_min_pem4f.oem4f (.const:xdc_runtime_Error_E_memory__C)
                  00008670    00000004     empty_min_pem4f.oem4f (.const:xdc_runtime_Error_Module__diagsEnabled__C)
                  00008674    00000004     empty_min_pem4f.oem4f (.const:xdc_runtime_Error_Module__diagsIncluded__C)
                  00008678    00000004     empty_min_pem4f.oem4f (.const:xdc_runtime_Error_Module__diagsMask__C)
                  0000867c    00000004     empty_min_pem4f.oem4f (.const:xdc_runtime_Error_Module__loggerFxn8__C)
                  00008680    00000004     empty_min_pem4f.oem4f (.const:xdc_runtime_Error_Module__loggerObj__C)
                  00008684    00000004     empty_min_pem4f.oem4f (.const:xdc_runtime_Error_policyFxn__C)
                  00008688    00000004     empty_min_pem4f.oem4f (.const:xdc_runtime_Error_raiseHook__C)
                  0000868c    00000004     empty_min_pem4f.oem4f (.const:xdc_runtime_IGateProvider_Interface__BASE__C)
                  00008690    00000004     empty_min_pem4f.oem4f (.const:xdc_runtime_IHeap_Interface__BASE__C)
                  00008694    00000004     empty_min_pem4f.oem4f (.const:xdc_runtime_IModule_Interface__BASE__C)
                  00008698    00000004     empty_min_pem4f.oem4f (.const:xdc_runtime_Log_L_error__C)
                  0000869c    00000004     empty_min_pem4f.oem4f (.const:xdc_runtime_Memory_defaultHeapInstance__C)
                  000086a0    00000004     empty_min_pem4f.oem4f (.const:xdc_runtime_Startup_execImpl__C)
                  000086a4    00000004     empty_min_pem4f.oem4f (.const:xdc_runtime_Startup_maxPasses__C)
                  000086a8    00000004     empty_min_pem4f.oem4f (.const:xdc_runtime_Startup_sfxnRts__C)
                  000086ac    00000004     empty_min_pem4f.oem4f (.const:xdc_runtime_Startup_sfxnTab__C)
                  000086b0    00000004     empty_min_pem4f.oem4f (.const:xdc_runtime_SysMin_bufSize__C)
                  000086b4    00000004     empty_min_pem4f.oem4f (.const:xdc_runtime_SysMin_outputFunc__C)
                  000086b8    00000004     empty_min_pem4f.oem4f (.const:xdc_runtime_System_Module__gateObj__C)
                  000086bc    00000004     empty_min_pem4f.oem4f (.const:xdc_runtime_System_abortFxn__C)
                  000086c0    00000004     empty_min_pem4f.oem4f (.const:xdc_runtime_System_exitFxn__C)
                  000086c4    00000004     empty_min_pem4f.oem4f (.const:xdc_runtime_System_extendFxn__C)
                  000086c8    00000004     empty_min_pem4f.oem4f (.const:xdc_runtime_System_maxAtexitHandlers__C)
                  000086cc    00000004     empty_min_pem4f.oem4f (.const:xdc_runtime_Text_charTab__C)
                  000086d0    00000004     empty_min_pem4f.oem4f (.const:xdc_runtime_Text_nameEmpty__C)
                  000086d4    00000004     empty_min_pem4f.oem4f (.const:xdc_runtime_Text_nameStatic__C)
                  000086d8    00000004     empty_min_pem4f.oem4f (.const:xdc_runtime_Text_nameUnknown__C)
                  000086dc    00000004     empty_min_pem4f.oem4f (.const:xdc_runtime_Text_nodeTab__C)
                  000086e0    00000004     empty_min_pem4f.oem4f (.const:xdc_runtime_Text_visitRopeFxn__C)
                  000086e4    00000002     empty_min_pem4f.oem4f (.const:ti_sysbios_heaps_HeapMem_Module__id__C)
                  000086e6    00000002     empty_min_pem4f.oem4f (.const:xdc_runtime_Core_Module__id__C)
                  000086e8    00000002     empty_min_pem4f.oem4f (.const:xdc_runtime_Error_Module__loggerDefined__C)
                  000086ea    00000002     empty_min_pem4f.oem4f (.const:xdc_runtime_Error_maxDepth__C)
                  000086ec    00000002     empty_min_pem4f.oem4f (.const:xdc_runtime_Memory_Module__id__C)
                  000086ee    00000002     empty_min_pem4f.oem4f (.const:xdc_runtime_SysMin_flushAtExit__C)
                  000086f0    00000002     empty_min_pem4f.oem4f (.const:xdc_runtime_Text_charCnt__C)
                  000086f2    00000002     empty_min_pem4f.oem4f (.const:xdc_runtime_Text_isLoaded__C)
                  000086f4    00000002     empty_min_pem4f.oem4f (.const:xdc_runtime_Text_registryModsLastId__C)
                  000086f6    00000002     empty_min_pem4f.oem4f (.const:xdc_runtime_Text_unnamedModsLastId__C)

.cinit     0    000086f8    00000280     
                  000086f8    00000248     (.cinit..data.load) [load image, compression = lzss]
                  00008940    0000000c     (__TI_handler_table)
                  0000894c    00000004     --HOLE-- [fill = 0]
                  00008950    00000008     (.cinit..bss.load) [load image, compression = zero_init]
                  00008958    00000008     (.cinit..vecs.load) [load image, compression = zero_init]
                  00008960    00000018     (__TI_cinit_table)

.resetVecs 
*          0    00000000    0000003c     
                  00000000    0000003c     empty_min_pem4f.oem4f (.resetVecs)

.vecs      0    20000000    00000140     UNINITIALIZED
                  20000000    00000140     empty_min_pem4f.oem4f (.vecs)

.bss       0    20000140    00004fa4     UNINITIALIZED
                  20000140    00002ee0     (.common:ti_sysbios_heaps_HeapMem_Instance_State_0_buf__A)
                  20003020    00001130     main.obj (.bss:AP)
                  20004150    00000400     (.common:Agent1)
                  20004550    00000400     (.common:Agent2)
                  20004950    00000400     (.common:Agent3)
                  20004d50    00000140     (.common:ti_sysbios_family_arm_m3_Hwi_dispatchTable)
                  20004e90    00000120     rtsv7M4_T_le_v4SPD16_eabi.lib : trgmsg.obj (.bss:_CIOBUF_)
                  20004fb0    00000080     (.common:xdc_runtime_SysMin_Module_State_0_outbuf__A)
                  20005030    00000030     drivers_MSP432P401R.aem4f : GPIOMSP432.oem4f (.bss:gpioCallbackInfo)
                  20005060    00000024     main.obj (.bss:Reading2)
                  20005084    00000024     main.obj (.bss:Reading)
                  200050a8    00000024     main.obj (.bss:Writing)
                  200050cc    00000008     rtsv7M4_T_le_v4SPD16_eabi.lib : trgdrv.obj (.bss:parmbuf)
                  200050d4    00000004     (.common:Reading2AID)
                  200050d8    00000004     (.common:ReadingAID)
                  200050dc    00000004     (.common:WritingAID)
                  200050e0    00000004     (.common:_ZSt16__dummy_typeinfo)

.data      0    200050e4    00000539     UNINITIALIZED
                  200050e4    00000100     empty_min_pem4f.oem4f (.data:ti_sysbios_knl_Task_Module_State_0_readyQ__A)
                  200051e4    0000009c     drivers_MSP432P401R.aem4f : PowerMSP432.oem4f (.data:PowerMSP432_perfLevels)
                  20005280    00000080     empty_min_pem4f.oem4f (.data:ti_sysbios_knl_Swi_Module_State_0_readyQ__A)
                  20005300    0000004c     empty_min_pem4f.oem4f (.data:ti_sysbios_family_arm_msp432_Timer_Object__table__V)
                  2000534c    00000044     empty_min_pem4f.oem4f (.data:ti_sysbios_knl_Task_Module__state__V)
                  20005390    00000038     empty_min_pem4f.oem4f (.data:ti_sysbios_gates_GateMutex_Object__table__V)
                  200053c8    00000034     empty_min_pem4f.oem4f (.data:ti_sysbios_family_arm_m3_Hwi_Module__state__V)
                  200053fc    00000030     msp432p4xx_driverlib.lib : gpio.o (.data:GPIO_PORT_TO_BASE)
                  2000542c    00000030     empty_min_pem4f.oem4f (.data:ti_sysbios_knl_Swi_Object__table__V)
                  2000545c    0000002c     empty_min_pem4f.oem4f (.data:ti_sysbios_knl_Clock_Module__state__V)
                  20005488    00000028     drivers_MSP432P401R.aem4f : PowerMSP432.oem4f (.data:PowerMSP432_module)
                  200054b0    00000024     empty_min_pem4f.oem4f (.data:ti_sysbios_BIOS_Module__state__V)
                  200054d4    00000020     empty_min_pem4f.oem4f (.data:ti_sysbios_family_arm_msp432_Timer_Module_State_0_device__A)
                  200054f4    0000001c     empty_min_pem4f.oem4f (.data:ti_sysbios_knl_Swi_Module__state__V)
                  20005510    00000018     empty_min_pem4f.oem4f (.data:ti_sysbios_family_arm_m3_Hwi_Object__table__V)
                  20005528    00000018     empty_min_pem4f.oem4f (.data:ti_sysbios_heaps_HeapMem_Object__table__V)
                  20005540    00000010     MSP_EXP432P401R.obj (.data:gpioPinConfigs)
                  20005550    00000010     empty_min_pem4f.oem4f (.data:ti_sysbios_family_arm_msp432_Timer_Module_State_0_handles__A)
                  20005560    0000000c     rtsv7M4_T_le_v4SPD16_eabi.lib : exit.obj (.data:$O1$$)
                  2000556c    0000000c     empty_min_pem4f.oem4f (.data:ti_sysbios_family_arm_msp432_ClockFreqs_Module__state__V)
                  20005578    0000000c     empty_min_pem4f.oem4f (.data:ti_sysbios_family_arm_msp432_Timer_Module__state__V)
                  20005584    0000000c     empty_min_pem4f.oem4f (.data:xdc_runtime_SysMin_Module__state__V)
                  20005590    00000008     rtsv7M4_T_le_v4SPD16_eabi.lib : _lock.obj (.data:$O1$$)
                  20005598    00000008     MSP_EXP432P401R.obj (.data:gpioCallbackFunctions)
                  200055a0    00000008     empty_min_pem4f.oem4f (.data:ti_sysbios_family_arm_m3_Hwi_Module__root__V)
                  200055a8    00000008     empty_min_pem4f.oem4f (.data:ti_sysbios_gates_GateHwi_Module__root__V)
                  200055b0    00000008     empty_min_pem4f.oem4f (.data:ti_sysbios_gates_GateMutex_Module__root__V)
                  200055b8    00000008     empty_min_pem4f.oem4f (.data:ti_sysbios_heaps_HeapMem_Module__root__V)
                  200055c0    00000008     empty_min_pem4f.oem4f (.data:ti_sysbios_knl_Mailbox_Module__root__V)
                  200055c8    00000008     empty_min_pem4f.oem4f (.data:ti_sysbios_knl_Queue_Module__root__V)
                  200055d0    00000008     empty_min_pem4f.oem4f (.data:ti_sysbios_knl_Semaphore_Module__root__V)
                  200055d8    00000008     empty_min_pem4f.oem4f (.data:ti_sysbios_knl_Task_Module__root__V)
                  200055e0    00000008     empty_min_pem4f.oem4f (.data:xdc_runtime_Registry_Module__state__V)
                  200055e8    00000008     empty_min_pem4f.oem4f (.data:xdc_runtime_Startup_Module__state__V)
                  200055f0    00000008     empty_min_pem4f.oem4f (.data:xdc_runtime_System_Module_State_0_atexitHandlers__A)
                  200055f8    00000008     empty_min_pem4f.oem4f (.data:xdc_runtime_System_Module__state__V)
                  20005600    00000004     rtsv7M4_T_le_v4SPD16_eabi.lib : stkdepth_vars.obj (.data)
                  20005604    00000004     empty_min_pem4f.oem4f (.data:ti_sysbios_family_arm_m3_Hwi_Module_State_0_excContext__A)
                  20005608    00000004     empty_min_pem4f.oem4f (.data:ti_sysbios_family_arm_m3_Hwi_Module_State_0_excStack__A)
                  2000560c    00000004     empty_min_pem4f.oem4f (.data:ti_sysbios_gates_GateHwi_Object__table__V)
                  20005610    00000004     empty_min_pem4f.oem4f (.data:ti_sysbios_knl_Task_Module_State_0_idleTask__A)
                  20005614    00000004     empty_min_pem4f.oem4f (.data:xdc_runtime_Memory_Module__state__V)
                  20005618    00000002     empty_min_pem4f.oem4f (.data:ti_sysbios_family_arm_m3_Hwi_Module_State_0_excActive__A)
                  2000561a    00000002     empty_min_pem4f.oem4f (.data:xdc_runtime_Error_Module__state__V)
                  2000561c    00000001     drivers_MSP432P401R.aem4f : GPIOMSP432.oem4f (.data)

.stack     0    2000fd00    00000300     UNINITIALIZED
                  2000fd00    00000300     --HOLE--

.bootVecs 
*          0    00000000    00000008     DSECT
                  00000000    00000008     boot.aem4f : boot.oem4f (.bootVecs)

xdc.meta   0    00000000    000000e5     COPY SECTION
                  00000000    000000e5     empty_min_pem4f.oem4f (xdc.meta)

.binit     0    00000000    00000000     

MODULE SUMMARY

       Module                     code    ro data   rw data
       ------                     ----    -------   -------
    .\
       main.obj                   650     210       7592   
       MSP_EXP432P401R.obj        16      36        24     
    +--+--------------------------+-------+---------+---------+
       Total:                     666     246       7616   
                                                           
    .\MAES_source\
       Agent_Platform.obj         2010    0         0      
       Agent_Msg.obj              765     0         0      
       Behaviour.obj              202     136       0      
       User_Cond.obj              108     75        0      
       Agent.obj                  124     0         0      
    +--+--------------------------+-------+---------+---------+
       Total:                     3209    211       0      
                                                           
    C:\Users\Carmen\workspace_v7\Framework\Debug\configPkg\package\cfg\
       empty_min_pem4f.oem4f      1916    7256      13812  
    +--+--------------------------+-------+---------+---------+
       Total:                     1916    7256      13812  
                                                           
    C:/ti/tirtos_msp43x_2_20_00_06/products/msp432_driverlib_3_21_00_05/driverlib/MSP432P4xx/ccs/msp432p4xx_driverlib.lib
       pcm.o                      1214    0         0      
       gpio.o                     404     0         48     
       cs.o                       260     0         0      
       flash.o                    156     0         0      
       rtc_c.o                    72      0         0      
       wdt_a.o                    44      0         0      
       cpu.o                      28      0         0      
    +--+--------------------------+-------+---------+---------+
       Total:                     2178    0         48     
                                                           
    C:/ti/tirtos_msp43x_2_20_00_06/products/tidrivers_msp43x_2_20_00_08/packages/ti/drivers/lib/drivers_MSP432P401R.aem4f
       PowerMSP432.oem4f          1016    0         196    
       GPIOMSP432.oem4f           708     12        49     
       List.oem4f                 8       0         0      
    +--+--------------------------+-------+---------+---------+
       Total:                     1732    12        245    
                                                           
    C:/ti/tirtos_msp43x_2_20_00_06/products/tidrivers_msp43x_2_20_00_08/packages/ti/drivers/lib/power_tirtos_MSP432P401R.aem4f
       PowerMSP432_tirtos.oem4f   106     0         0      
    +--+--------------------------+-------+---------+---------+
       Total:                     106     0         0      
                                                           
    C:/ti/tirtos_msp43x_2_20_00_06/products/tidrivers_msp43x_2_20_00_08/packages/ti/drivers/ports/lib/tirtosport.aem4f
       HwiP_tirtos.oem4f          116     0         0      
    +--+--------------------------+-------+---------+---------+
       Total:                     116     0         0      
                                                           
    C:\Users\Carmen\workspace_v7\Framework\src\sysbios\sysbios.aem4f
       BIOS.obj                   9616    0         0      
       m3_Hwi_asm.obj             306     0         0      
       m3_TaskSupport_asm.obj     180     0         0      
       m3_Hwi_asm_switch.obj      118     0         0      
    +--+--------------------------+-------+---------+---------+
       Total:                     10220   0         0      
                                                           
    C:\ti\ccsv7\tools\compiler\ti-cgt-arm_16.9.1.LTS\lib\rtsv7M4_T_le_v4SPD16_eabi.lib
       trgdrv.obj                 804     0         8      
       typeinfo_.obj              188     356       4      
       trgmsg.obj                 104     0         288    
       memcpy_t2.obj              156     0         0      
       memset_t2.obj              122     0         0      
       copy_decompress_lzss.obj   104     0         0      
       exit.obj                   84      0         12     
       cpy_tbl.obj                76      0         0      
       u_divt2.obj                64      0         0      
       _lock.obj                  20      0         8      
       args_main.obj              24      0         0      
       strcmp.obj                 24      0         0      
       strcpy.obj                 20      0         0      
       strlen.obj                 20      0         0      
[...]
000082dc  ti_sysbios_knl_Mailbox_Object__DESC__C                                              
000082fc  ti_sysbios_knl_Queue_Object__DESC__C                                                
0000831c  ti_sysbios_knl_Semaphore_Object__DESC__C                                            
0000833c  ti_sysbios_knl_Task_Object__DESC__C                                                 
0000835c  _ZTSN4MAES17Generic_BehaviourE                                                      
00008377  _ZTSN4MAES15CyclicBehaviourE                                                        
00008390  ti_sysbios_gates_GateHwi_Object__PARAMS__C                                          
000083a8  ti_sysbios_gates_GateMutex_Object__PARAMS__C                                        
000083c0  ti_sysbios_knl_Queue_Object__PARAMS__C                                              
000083d8  _ZTSN4MAES13USER_DEF_CONDE                                                          
000083ef  _ZTS17ReadingBehaviour2                                                             
00008404  GPIOMSP432_config                                                                   
00008418  _ZTS16ReadingBehaviour                                                              
0000842b  _ZTS16WritingBehaviour                                                              
0000843e  xdc_runtime_Startup_sfxnRts__A                                                      
00008450  _ZTIPKe                                                                             
00008460  PowerMSP432_config                                                                  
00008470  _ZTVN10__cxxabiv117__class_type_infoE                                               
00008480  _ZTVN10__cxxabiv119__pointer_type_infoE                                             
00008490  _ZTVN10__cxxabiv120__si_class_type_infoE                                            
000084a0  _ZTVN10__cxxabiv123__fundamental_type_infoE                                         
000084b0  xdc_runtime_Text_nodeTab__A                                                         
000084c0  _ZTSSt9type_info                                                                    
000084da  ti_sysbios_hal_Hwi_Module__id__C                                                    
000084dc  _ZTI16ReadingBehaviour                                                              
000084e8  _ZTI16WritingBehaviour                                                              
000084f4  _ZTI17ReadingBehaviour2                                                             
00008500  _ZTIN10__cxxabiv117__class_type_infoE                                               
0000850c  _ZTIN10__cxxabiv117__pbase_type_infoE                                               
00008518  _ZTIN10__cxxabiv119__pointer_type_infoE                                             
00008524  _ZTIN10__cxxabiv120__si_class_type_infoE                                            
00008530  _ZTIN10__cxxabiv123__fundamental_type_infoE                                         
0000853c  _ZTIN4MAES15CyclicBehaviourE                                                        
00008548  xdc_runtime_Startup_firstFxns__A                                                    
00008554  _ZZN16ReadingBehaviour6actionEvEs                                                   
0000855c  _ZZN17ReadingBehaviour26actionEvEs                                                  
00008564  _ZTIN4MAES13USER_DEF_CONDE                                                          
0000856c  _ZTIN4MAES17Generic_BehaviourE                                                      
00008574  _ZTISt9type_info                                                                    
0000857c  _ZTIe                                                                               
00008584  ti_sysbios_family_arm_m3_Hwi_excHookFuncs__A                                        
0000858c  ti_sysbios_knl_Idle_funcList__A                                                     
00008594  ti_sysbios_knl_Idle_funcList__C                                                     
0000859c  xdc_runtime_Startup_firstFxns__C                                                    
000085a4  xdc_runtime_Startup_lastFxns__C                                                     
000085ac  _ZTSPKe                                                                             
000085b0  ti_sysbios_family_arm_m3_Hwi_E_NMI__C                                               
000085b4  ti_sysbios_family_arm_m3_Hwi_E_alreadyDefined__C                                    
000085b8  ti_sysbios_family_arm_m3_Hwi_E_busFault__C                                          
000085bc  ti_sysbios_family_arm_m3_Hwi_E_debugMon__C                                          
000085c0  ti_sysbios_family_arm_m3_Hwi_E_hardFault__C                                         
000085c4  ti_sysbios_family_arm_m3_Hwi_E_memFault__C                                          
000085c8  ti_sysbios_family_arm_m3_Hwi_E_noIsr__C                                             
000085cc  ti_sysbios_family_arm_m3_Hwi_E_reserved__C                                          
000085d0  ti_sysbios_family_arm_m3_Hwi_E_svCall__C                                            
000085d4  ti_sysbios_family_arm_m3_Hwi_E_usageFault__C                                        
000085d8  ti_sysbios_family_arm_m3_Hwi_NUM_INTERRUPTS__C                                      
000085dc  ti_sysbios_family_arm_m3_Hwi_Object__count__C                                       
000085e0  ti_sysbios_family_arm_m3_Hwi_ccr__C                                                 
000085e4  ti_sysbios_family_arm_m3_Hwi_excHandlerFunc__C                                      
000085e8  ti_sysbios_family_arm_m3_Hwi_excHookFuncs__C                                        
000085ec  ti_sysbios_family_arm_m3_Hwi_nullIsrFunc__C                                         
000085f0  ti_sysbios_family_arm_m3_Hwi_priGroup__C                                            
000085f4  ti_sysbios_family_arm_m3_TaskSupport_stackAlignment__C                              
000085f8  ti_sysbios_family_arm_msp432_Timer_numTimerDevices__C                               
000085fc  ti_sysbios_family_arm_msp432_Timer_startupNeeded__C                                 
00008600  ti_sysbios_gates_GateMutex_Instance_State_sem__O                                    
00008604  ti_sysbios_hal_Hwi_E_stackOverflow__C                                               
00008608  ti_sysbios_heaps_HeapMem_E_memory__C                                                
0000860c  ti_sysbios_heaps_HeapMem_Module__gateObj__C                                         
00008610  ti_sysbios_heaps_HeapMem_Object__count__C                                           
00008614  ti_sysbios_heaps_HeapMem_reqAlign__C                                                
00008618  ti_sysbios_knl_Clock_Module_State_clockQ__O                                         
0000861c  ti_sysbios_knl_Mailbox_Instance_State_dataQue__O                                    
00008620  ti_sysbios_knl_Mailbox_Instance_State_dataSem__O                                    
00008624  ti_sysbios_knl_Mailbox_Instance_State_freeQue__O                                    
00008628  ti_sysbios_knl_Mailbox_Instance_State_freeSem__O                                    
0000862c  ti_sysbios_knl_Mailbox_Object__count__C                                             
00008630  ti_sysbios_knl_Mailbox_maxTypeAlign__C                                              
00008634  ti_sysbios_knl_Semaphore_Instance_State_pendQ__O                                    
00008638  ti_sysbios_knl_Swi_Object__count__C                                                 
0000863c  ti_sysbios_knl_Task_Module_State_inactiveQ__O                                       
00008640  ti_sysbios_knl_Task_Object__count__C                                                
00008644  ti_sysbios_knl_Task_allBlockedFunc__C                                               
00008648  ti_sysbios_knl_Task_defaultStackHeap__C                                             
0000864c  ti_sysbios_knl_Task_defaultStackSize__C                                             
00008650  ti_sysbios_knl_Task_numConstructedTasks__C                                          
00008654  ti_sysbios_knl_Task_numPriorities__C                                                
00008658  xdc_runtime_Assert_E_assertFailed__C                                                
0000865c  xdc_runtime_Core_A_initializedParams__C                                             
00008660  xdc_runtime_Core_Module__diagsEnabled__C                                            
00008664  xdc_runtime_Core_Module__diagsIncluded__C                                           
00008668  xdc_runtime_Core_Module__diagsMask__C                                               
0000866c  xdc_runtime_Error_E_memory__C                                                       
00008670  xdc_runtime_Error_Module__diagsEnabled__C                                           
00008674  xdc_runtime_Error_Module__diagsIncluded__C                                          
00008678  xdc_runtime_Error_Module__diagsMask__C                                              
0000867c  xdc_runtime_Error_Module__loggerFxn8__C                                             
00008680  xdc_runtime_Error_Module__loggerObj__C                                              
00008684  xdc_runtime_Error_policyFxn__C                                                      
00008688  xdc_runtime_Error_raiseHook__C                                                      
0000868c  xdc_runtime_IGateProvider_Interface__BASE__C                                        
00008690  xdc_runtime_IHeap_Interface__BASE__C                                                
00008694  xdc_runtime_IModule_Interface__BASE__C                                              
00008698  xdc_runtime_Log_L_error__C                                                          
0000869c  xdc_runtime_Memory_defaultHeapInstance__C                                           
000086a0  xdc_runtime_Startup_execImpl__C                                                     
000086a4  xdc_runtime_Startup_maxPasses__C                                                    
000086a8  xdc_runtime_Startup_sfxnRts__C                                                      
000086ac  xdc_runtime_Startup_sfxnTab__C                                                      
000086b0  xdc_runtime_SysMin_bufSize__C                                                       
000086b4  xdc_runtime_SysMin_outputFunc__C                                                    
000086b8  xdc_runtime_System_Module__gateObj__C                                               
000086bc  xdc_runtime_System_abortFxn__C                                                      
000086c0  xdc_runtime_System_exitFxn__C                                                       
000086c4  xdc_runtime_System_extendFxn__C                                                     
000086c8  xdc_runtime_System_maxAtexitHandlers__C                                             
000086cc  xdc_runtime_Text_charTab__C                                                         
000086d0  xdc_runtime_Text_nameEmpty__C                                                       
000086d4  xdc_runtime_Text_nameStatic__C                                                      
000086d8  xdc_runtime_Text_nameUnknown__C                                                     
000086dc  xdc_runtime_Text_nodeTab__C                                                         
000086e0  xdc_runtime_Text_visitRopeFxn__C                                                    
000086e4  ti_sysbios_heaps_HeapMem_Module__id__C                                              
000086e6  xdc_runtime_Core_Module__id__C                                                      
000086e8  xdc_runtime_Error_Module__loggerDefined__C                                          
000086ea  xdc_runtime_Error_maxDepth__C                                                       
000086ec  xdc_runtime_Memory_Module__id__C                                                    
000086ee  xdc_runtime_SysMin_flushAtExit__C                                                   
000086f0  xdc_runtime_Text_charCnt__C                                                         
000086f2  xdc_runtime_Text_isLoaded__C                                                        
000086f4  xdc_runtime_Text_registryModsLastId__C                                              
000086f6  xdc_runtime_Text_unnamedModsLastId__C                                               
000086f8  __TI_static_base__                                                                  
00008940  __TI_Handler_Table_Base                                                             
0000894c  __TI_Handler_Table_Limit                                                            
00008960  __TI_CINIT_Base                                                                     
00008978  __TI_CINIT_Limit                                                                    
20000000  ti_sysbios_family_arm_m3_Hwi_ramVectors                                             
20000140  ti_sysbios_heaps_HeapMem_Instance_State_0_buf__A                                    
20003020  AP                                                                                  
20004150  Agent1                                                                              
20004550  Agent2                                                                              
20004950  Agent3                                                                              
20004d50  ti_sysbios_family_arm_m3_Hwi_dispatchTable                                          
20004e90  __CIOBUF_                                                                           
20004fb0  xdc_runtime_SysMin_Module_State_0_outbuf__A                                         
20005060  Reading2                                                                            
20005084  Reading                                                                             
200050a8  Writing                                                                             
200050d4  Reading2AID                                                                         
200050d8  ReadingAID                                                                          
200050dc  WritingAID                                                                          
200050e0  _ZSt16__dummy_typeinfo                                                              
200050e4  ti_sysbios_knl_Task_Module_State_0_readyQ__A                                        
200051e4  PowerMSP432_perfLevels                                                              
20005280  ti_sysbios_knl_Swi_Module_State_0_readyQ__A                                         
20005300  ti_sysbios_family_arm_msp432_Timer_Object__table__V                                 
2000534c  ti_sysbios_knl_Task_Module__state__V                                                
20005390  ti_sysbios_gates_GateMutex_Object__table__V                                         
200053c8  ti_sysbios_family_arm_m3_Hwi_Module__state__V                                       
2000542c  ti_sysbios_knl_Swi_Object__table__V                                                 
2000545c  ti_sysbios_knl_Clock_Module__state__V                                               
20005488  PowerMSP432_module                                                                  
200054b0  ti_sysbios_BIOS_Module__state__V                                                    
200054d4  ti_sysbios_family_arm_msp432_Timer_Module_State_0_device__A                         
200054f4  ti_sysbios_knl_Swi_Module__state__V                                                 
20005510  ti_sysbios_family_arm_m3_Hwi_Object__table__V                                       
20005528  ti_sysbios_heaps_HeapMem_Object__table__V                                           
20005540  gpioPinConfigs                                                                      
20005550  ti_sysbios_family_arm_msp432_Timer_Module_State_0_handles__A                        
20005560  __TI_cleanup_ptr                                                                    
20005564  __TI_dtors_ptr                                                                      
20005568  __TI_enable_exit_profile_output                                                     
2000556c  ti_sysbios_family_arm_msp432_ClockFreqs_Module__state__V                            
20005578  ti_sysbios_family_arm_msp432_Timer_Module__state__V                                 
20005584  xdc_runtime_SysMin_Module__state__V                                                 
20005590  _lock                                                                               
20005594  _unlock                                                                             
20005598  gpioCallbackFunctions                                                               
200055a0  ti_sysbios_family_arm_m3_Hwi_Module__root__V                                        
200055a8  ti_sysbios_gates_GateHwi_Module__root__V                                            
200055b0  ti_sysbios_gates_GateMutex_Module__root__V                                          
200055b8  ti_sysbios_heaps_HeapMem_Module__root__V                                            
200055c0  ti_sysbios_knl_Mailbox_Module__root__V                                              
200055c8  ti_sysbios_knl_Queue_Module__root__V                                                
200055d0  ti_sysbios_knl_Semaphore_Module__root__V                                            
200055d8  ti_sysbios_knl_Task_Module__root__V                                                 
200055e0  xdc_runtime_Registry_Module__state__V                                               
200055e8  xdc_runtime_Startup_Module__state__V                                                
200055f0  xdc_runtime_System_Module_State_0_atexitHandlers__A                                 
200055f8  xdc_runtime_System_Module__state__V                                                 
20005600  main_func_sp                                                                        
20005604  ti_sysbios_family_arm_m3_Hwi_Module_State_0_excContext__A                           
20005608  ti_sysbios_family_arm_m3_Hwi_Module_State_0_excStack__A                             
2000560c  ti_sysbios_gates_GateHwi_Object__table__V                                           
20005610  ti_sysbios_knl_Task_Module_State_0_idleTask__A                                      
20005614  xdc_runtime_Memory_Module__state__V                                                 
20005618  ti_sysbios_family_arm_m3_Hwi_Module_State_0_excActive__A                            
2000561a  xdc_runtime_Error_Module__state__V                                                  
2000fd00  __stack                                                                             
20010000  __STACK_END                                                                         
4000480c  WDTCTL_SYM                                                                          
e000e000  ti_sysbios_family_arm_m3_Hwi_nvic                                                   
ffffffff  __TI_pprof_out_hndl                                                                 
ffffffff  __TI_prof_data_size                                                                 
ffffffff  __TI_prof_data_start                                                                
ffffffff  __binit__                                                                           
ffffffff  __c_args__                                                                          
ffffffff  binit                                                                               

[744 symbols]
