******************************************************************************
                  TI ARM Linker PC v16.9.1                     
******************************************************************************
>> Linked Tue Aug 08 15:11:10 2017

OUTPUT FILE NAME:   <Test.out>
ENTRY POINT SYMBOL: "_c_int00"  address: 0000ac51


MEMORY CONFIGURATION

         name            origin    length      used     unused   attr    fill
----------------------  --------  ---------  --------  --------  ----  --------
  MAIN                  00000000   00040000  000106fa  0002f906  R  X
  INFO                  00200000   00004000  00000000  00004000  R  X
  SRAM_CODE             01000000   00010000  00000000  00010000  RW X
  SRAM_DATA             20000000   00010000  00003e95  0000c16b  RW  


SEGMENT ALLOCATION MAP

run origin  load origin   length   init length attrs members
----------  ----------- ---------- ----------- ----- -------
00000000    00000000    00010700   00010700    r-x
  00000000    00000000    0000003c   0000003c    r-- .resetVecs
  00000040    00000040    0000db1a   0000db1a    r-x .text
  0000db5c    0000db5c    000028d4   000028d4    r-- .const
  00010430    00010430    000002d0   000002d0    r-- .cinit
20000000    20000000    00000140   00000000    rw-
  20000000    20000000    00000140   00000000    rw- .vecs
20000180    20000180    00003a55   00000000    rw-
  20000180    20000180    00002fb0   00000000    rw- .bss
  20003130    20003130    00000aa5   00000000    rw- .data
2000fd00    2000fd00    00000300   00000000    rw-
  2000fd00    2000fd00    00000300   00000000    rw- .stack


SECTION ALLOCATION MAP

 output                                  attributes/
section   page    origin      length       input sections
--------  ----  ----------  ----------   ----------------
.text      0    00000040    0000db1a     
                  00000040    00000a8c     bmi160_support.obj (.text:bmi160_config_running_mode)
                  00000acc    000009d0     bmi160.obj (.text:bmi160_read_fifo_header_data)
                  0000149c    000004ac     bmi160.obj (.text:bmi160_read_bmm150_mag_trim)
                  00001948    00000430     sysbios.aem4f : BIOS.obj (.text:ti_sysbios_family_arm_m3_Hwi_excDumpRegs__I)
                  00001d78    00000358     bmi160.obj (.text:bmi160_set_bmm150_mag_presetmode)
                  000020d0    0000034c     ti.targets.arm.rtsarm.aem4f : System.oem4f (.text:xdc_runtime_System_doPrint__I)
                  0000241c    00000338     main.obj (.text:MissionFxn)
                  00002754    00000324     rtsv7M4_T_le_v4SPD16_eabi.lib : trgdrv.obj (.text)
                  00002a78    000002ec     sysbios.aem4f : BIOS.obj (.text:ti_sysbios_knl_Semaphore_pend__E)
                  00002d64    000002d8     bmi160.obj (.text:bmi160_set_intr_enable_0)
                  0000303c    0000029c     bmi160.obj (.text:bmi160_bmm150_mag_interface_init)
                  000032d8    00000264     drivers_MSP432P401R.aem4f : PowerMSP432.oem4f (.text:Power_sleep)
                  0000353c    00000260                               : UARTMSP432.oem4f (.text:UARTMSP432_open)
                  0000379c    00000004     msp432p4xx_driverlib.lib : cpu.o (.text:CPU_wfi)
                  000037a0    00000258     sysbios.aem4f : BIOS.obj (.text:ti_sysbios_heaps_HeapMem_free__E)
                  000039f8    00000250     bmi160.obj (.text:bmi160_accel_foc_trigger_xyz)
                  00003c48    00000248     sysbios.aem4f : BIOS.obj (.text:ti_sysbios_heaps_HeapMem_alloc__E)
                  00003e90    00000224                   : BIOS.obj (.text:ti_sysbios_knl_Task_Instance_finalize__E)
                  000040b4    00000004     tirtosport.aem4f : HwiP_tirtos.oem4f (.text:HwiP_disable)
                  000040b8    00000200     sysbios.aem4f : BIOS.obj (.text:ti_sysbios_knl_Task_sleep__E)
                  000042b8    000001fc                   : BIOS.obj (.text:ti_sysbios_family_arm_m3_Hwi_excHandlerMax__I)
                  000044b4    00000004     msp432p4xx_driverlib.lib : i2c.o (.text:I2C_setSlaveAddress)
                  000044b8    000001c8     sysbios.aem4f : BIOS.obj (.text:ti_sysbios_knl_Task_Instance_init__E)
                  00004680    000001a0     msp432p4xx_driverlib.lib : pcm.o (.text:__PCM_setPowerStateAdvanced)
                  00004820    0000018c     bmi160.obj (.text:bmi160_set_foc_gyro_enable)
                  000049ac    00000178     drivers_MSP432P401R.aem4f : I2CMSP432.oem4f (.text:I2CMSP432_open)
                  00004b24    00000004                               : List.oem4f (.text:List_head)
                  00004b28    00000174     sysbios.aem4f : BIOS.obj (.text:ti_sysbios_family_arm_m3_Hwi_excBusFault__I)
                  00004c9c    00000004     drivers_MSP432P401R.aem4f : List.oem4f (.text:List_next)
                  00004ca0    00000164     sysbios.aem4f : BIOS.obj (.text:ti_sysbios_family_arm_m3_Hwi_excUsageFault__I)
                  00004e04    00000160     bmi160.obj (.text:bmi160_bmm150_mag_set_power_mode)
                  00004f64    00000160     main.obj (.text:main)
                  000050c4    00000158     bmi160.obj (.text:bmi160_set_intr_enable_2)
                  0000521c    00000004     drivers_MSP432P401R.aem4f : PowerMSP432.oem4f (.text:PowerMSP432_getNumPerfLevels)
                  00005220    00000148     sysbios.aem4f : BIOS.obj (.text:ti_sysbios_family_arm_m3_Hwi_excMemFault__I)
                  00005368    00000144                   : BIOS.obj (.text:ti_sysbios_family_arm_m3_Hwi_dispatchC__I)
                  000054ac    00000140     drivers_MSP432P401R.aem4f : GPIOMSP432.oem4f (.text:GPIO_setConfig)
                  000055ec    00000004     main_pem4f.oem4f (.text:ti_sysbios_BIOS_RtsGateProxy_enter__E)
                  000055f0    00000140     sysbios.aem4f : BIOS.obj (.text:ti_sysbios_knl_Semaphore_post__E)
                  00005730    0000013c                   : BIOS.obj (.text:ti_sysbios_heaps_HeapMem_Instance_init__E)
                  0000586c    00000004     main_pem4f.oem4f (.text:ti_sysbios_BIOS_RtsGateProxy_leave__E)
                  00005870    0000013c     sysbios.aem4f : BIOS.obj (.text:ti_sysbios_knl_Clock_workFunc__E)
                  000059ac    00000138     main_pem4f.oem4f (.text:ti_uia_loggers_LoggerStopMode_writeMemoryRange__E)
                  00005ae4    00000124     bmi160.obj (.text:bmi160_set_bmm150_mag_and_secondary_if_power_mode)
                  00005c08    0000011c     sysbios.aem4f : BIOS.obj (.text:ti_sysbios_knl_Clock_Instance_init__E)
                  00005d24    00000004     main_pem4f.oem4f (.text:ti_sysbios_family_arm_m3_Hwi_destruct)
                  00005d28    0000011c     sysbios.aem4f : BIOS.obj (.text:ti_sysbios_knl_Swi_run__I)
                  00005e44    00000118     drivers_MSP432P401R.aem4f : I2CMSP432.oem4f (.text:I2CMSP432_hwiIntFxn)
                  00005f5c    00000118     ti.targets.arm.rtsarm.aem4f : Error.oem4f (.text:xdc_runtime_Error_policyDefault__E)
                  00006074    0000010c     main_pem4f.oem4f (.text:ti_uia_loggers_LoggerStopMode_write8__E)
                  00006180    00000100     ti.targets.arm.rtsarm.aem4f : Core-mem.oem4f (.text:xdc_runtime_Core_createObject__I)
                  00006280    000000f8     bmi160.obj (.text:bmi160_set_intr_fifo_wm)
                  00006378    000000f8     bmi160.obj (.text:bmi160_set_intr_level)
                  00006470    000000f8     bmi160.obj (.text:bmi160_set_output_enable)
                  00006568    000000f8     main.obj (.text:sensorFxn)
                  00006660    000000f8     ti.targets.arm.rtsarm.aem4f : Startup.oem4f (.text:xdc_runtime_Startup_startMods__I)
                  00006758    000000f8     main_pem4f.oem4f (.text:xdc_runtime_System_printfExtend__I)
                  00006850    000000f4     main_pem4f.oem4f (.text:ti_uia_loggers_LoggerStopMode_write4__E)
                  00006944    000000f0     drivers_MSP432P401R.aem4f : PowerMSP432.oem4f (.text:initPerfControl)
                  00006a34    000000ec     sysbios.aem4f : m3_Hwi_asm.obj (.text:ti_sysbios_family_arm_m3_Hwi_dispatch__I)
                  00006b20    000000e8     main_pem4f.oem4f (.text:ti_uia_loggers_LoggerStopMode_write1__E)
                  00006c08    000000e8     main_pem4f.oem4f (.text:ti_uia_loggers_LoggerStopMode_write2__E)
                  00006cf0    000000e0     msp432p4xx_driverlib.lib : cs.o (.text:CS_initClockSignal)
                  00006dd0    000000dc                              : pcm.o (.text:__PCM_setPowerModeAdvanced)
                  00006eac    000000d8     main_pem4f.oem4f (.text:ti_uia_loggers_LoggerStopMode_write0__E)
                  00006f84    000000d4     bmi160.obj (.text:bmi160_bmm150_mag_wakeup)
                  00007058    000000d0     bmi160.obj (.text:bmi160_set_gyro_output_data_rate)
                  00007128    000000cc     sysbios.aem4f : BIOS.obj (.text:ti_sysbios_knl_Task_schedule__I)
                  000071f4    000000cc     ti.targets.arm.rtsarm.aem4f : Core-smem.oem4f (.text:xdc_runtime_Core_constructObject__I)
                  000072c0    000000c4     bmi160.obj (.text:bmi160_bmm150_mag_compensate_X)
                  00007384    000000c4     bmi160.obj (.text:bmi160_bmm150_mag_compensate_Y)
                  00007448    000000c0     bmi160.obj (.text:bmi160_read_mag_xyzr)
                  00007508    000000bc     bmi160.obj (.text:bmi160_get_gyro_offset_compensation_yaxis)
                  000075c4    000000bc     bmi160.obj (.text:bmi160_get_gyro_offset_compensation_zaxis)
                  00007680    000000bc     sysbios.aem4f : BIOS.obj (.text:ti_sysbios_family_arm_m3_Hwi_excDebugMon__I)
                  0000773c    00000004     main_pem4f.oem4f (.text:ti_sysbios_family_arm_m3_TaskSupport_Module__startupDone__S)
                  00007740    000000bc     sysbios.aem4f : BIOS.obj (.text:ti_sysbios_family_arm_m3_Hwi_excHardFault__I)
                  000077fc    00000004     main_pem4f.oem4f (.text:ti_sysbios_heaps_HeapMem_Module_GateProxy_enter__E)
                  00007800    000000bc     sysbios.aem4f : BIOS.obj (.text:ti_sysbios_knl_Task_startCore__E)
                  000078bc    00000004     main_pem4f.oem4f (.text:ti_sysbios_heaps_HeapMem_Module_GateProxy_leave__E)
                  000078c0    000000bc     sysbios.aem4f : BIOS.obj (.text:ti_sysbios_utils_Load_updateLoads__E)
                  0000797c    000000b8     bmi160.obj (.text:bmi160_get_gyro_offset_compensation_xaxis)
                  00007a34    00000004     main_pem4f.oem4f (.text:ti_sysbios_knl_Clock_TimerProxy_getMaxTicks__E)
                  00007a38    000000b4     sysbios.aem4f : BIOS.obj (.text:ti_sysbios_gates_GateMutex_enter__E)
                  00007aec    00000004     main_pem4f.oem4f (.text:ti_sysbios_knl_Clock_destruct)
                  00007af0    000000b4     sysbios.aem4f : BIOS.obj (.text:ti_sysbios_knl_Task_checkStacks__E)
                  00007ba4    000000b0     drivers_MSP432P401R.aem4f : UARTMSP432.oem4f (.text:UARTMSP432_readPolling)
                  00007c54    000000b0     msp432p4xx_driverlib.lib : pcm.o (.text:__PCM_setCoreVoltageLevelAdvanced)
                  00007d04    00000004     main_pem4f.oem4f (.text:ti_sysbios_knl_Queue_destruct)
                  00007d08    000000b0     sysbios.aem4f : BIOS.obj (.text:ti_sysbios_utils_Load_idleFxn__E)
                  00007db8    000000ac                   : BIOS.obj (.text:ti_sysbios_knl_Swi_post__E)
                  00007e64    000000a8     bmi160.obj (.text:bmi160_set_accel_range)
                  00007f0c    000000a8     bmi160.obj (.text:bmi160_set_mag_output_data_rate)
                  00007fb4    00000004     main_pem4f.oem4f (.text:ti_sysbios_knl_Semaphore_destruct)
                  00007fb8    000000a8     sysbios.aem4f : BIOS.obj (.text:ti_sysbios_family_arm_msp432_Timer_periodicStub__E)
                  00008060    000000a8                   : BIOS.obj (.text:ti_sysbios_knl_Task_blockI__E)
                  00008108    000000a8                   : BIOS.obj (.text:ti_sysbios_knl_Task_postInit__I)
                  000081b0    000000a4     drivers_MSP432P401R.aem4f : UARTMSP432.oem4f (.text:UARTMSP432_control)
                  00008254    00000004     ti.uia.loggers.aem4f : LoggerStopMode.oem4f (.text:ti_uia_loggers_LoggerStopMode_getContents__E)
                  00008258    000000a4     sysbios.aem4f : BIOS.obj (.text:ti_sysbios_knl_Clock_Instance_finalize__E)
                  000082fc    000000a0     auto_init.aem4f : auto_init.oem4f (.text)
                  0000839c    000000a0     bmi160_support.obj (.text:bmi160_i2c_bus_write)
                  0000843c    000000a0     ti.targets.arm.rtsarm.aem4f : Text.oem4f (.text:xdc_runtime_Text_putMod__E)
                  000084dc    0000009c     drivers_MSP432P401R.aem4f : UARTMSP432.oem4f (.text:readTaskBlocking)
                  00008578    0000009c     rtsv7M4_T_le_v4SPD16_eabi.lib : memcpy_t2.obj (.text)
                  00008614    00000004     main_pem4f.oem4f (.text:ti_uia_loggers_LoggerStopMode_getFilterLevel__E)
                  00008618    0000009c     sysbios.aem4f : BIOS.obj (.text:ti_sysbios_knl_Semaphore_Instance_init__E)
                  000086b4    0000009a     ti.targets.arm.rtsarm.aem4f : Text.oem4f (.text:xdc_runtime_Text_putSite__E)
                  0000874e    00000002     power_tirtos_MSP432P401R.aem4f : PowerMSP432_tirtos.oem4f (.text:PowerMSP432_initPolicy)
                  00008750    00000098     bmi160.obj (.text:bmi160_set_accel_output_data_rate)
                  000087e8    00000094     msp432p4xx_driverlib.lib : uart.o (.text:UART_initModule)
                  0000887c    00000094     bmi160.obj (.text:bmi160_bmm150_mag_compensate_Z)
                  00008910    00000094     sysbios.aem4f : BIOS.obj (.text:ti_sysbios_family_arm_m3_Hwi_Instance_init__E)
                  000089a4    00000004     ti.uia.loggers.aem4f : LoggerStopMode.oem4f (.text:ti_uia_loggers_LoggerStopMode_getInstanceId__E)
                  000089a8    00000094     sysbios.aem4f : BIOS.obj (.text:ti_sysbios_family_arm_m3_Hwi_initNVIC__E)
                  00008a3c    00000004     ti.uia.loggers.aem4f : LoggerStopMode.oem4f (.text:ti_uia_loggers_LoggerStopMode_getMaxLength__E)
                  00008a40    00000094     sysbios.aem4f : BIOS.obj (.text:ti_sysbios_knl_Task_exit__E)
                  00008ad4    00000092     drivers_MSP432P401R.aem4f : I2CMSP432.oem4f (.text:I2CMSP432_cancel)
                  00008b66    00000002     rtsv7M4_T_le_v4SPD16_eabi.lib : i_div0.obj (.text)
                  00008b68    00000090     bmi160.obj (.text:bmi160_set_accel_bw)
                  00008bf8    00000090     bmi160.obj (.text:bmi160_set_fifo_accel_enable)
                  00008c88    00000090     bmi160.obj (.text:bmi160_set_fifo_gyro_enable)
                  00008d18    00000090     bmi160.obj (.text:bmi160_set_fifo_header_enable)
                  00008da8    00000090     bmi160.obj (.text:bmi160_set_fifo_mag_enable)
                  00008e38    00000090     bmi160.obj (.text:bmi160_set_fifo_stop_on_full)
                  00008ec8    00000090     bmi160.obj (.text:bmi160_set_fifo_time_enable)
                  00008f58    00000090     bmi160.obj (.text:bmi160_set_gyro_bw)
                  00008fe8    00000090     bmi160.obj (.text:bmi160_set_gyro_range)
                  00009078    00000090     bmi160.obj (.text:bmi160_set_gyro_sleep_state)
                  00009108    00000090     bmi160.obj (.text:bmi160_set_gyro_sleep_trigger)
                  00009198    00000090     bmi160.obj (.text:bmi160_set_gyro_wakeup_intr)
                  00009228    00000090     bmi160.obj (.text:bmi160_set_gyro_wakeup_trigger)
                  000092b8    00000090     bmi160.obj (.text:bmi160_set_if_mode)
                  00009348    00000090     bmi160.obj (.text:bmi160_set_mag_manual_enable)
                  000093d8    00000090     bmi160.obj (.text:bmi160_set_paging_enable)
                  00009468    00000090     bmi160.obj (.text:bmi160_set_pullup_configuration)
                  000094f8    00000090     bmi160.obj (.text:bmi160_set_target_page)
                  00009588    00000090     sysbios.aem4f : BIOS.obj (.text:ti_sysbios_knl_Task_unblockI__E)
                  00009618    00000090     ti.uia.loggers.aem4f : LoggerStopMode.oem4f (.text:ti_uia_loggers_LoggerStopMode_initQueueDescriptor__E)
                  000096a8    0000008c     drivers_MSP432P401R.aem4f : I2CMSP432.oem4f (.text:I2CMSP432_transfer)
                  00009734    0000008c     sysbios.aem4f : m3_TaskSupport_asm.obj (.text:ti_sysbios_family_arm_m3_TaskSupport_buildTaskStack)
                  000097c0    0000008a     drivers_MSP432P401R.aem4f : UARTMSP432.oem4f (.text:UARTMSP432_close)
                  0000984a    00000006                               : I2CMSP432.oem4f (.text:I2CMSP432_control)
                  00009850    00000088     sysbios.aem4f : BIOS.obj (.text:ti_sysbios_family_arm_msp432_Timer_Module_startup__E)
                  000098d8    00000084     drivers_MSP432P401R.aem4f : UARTMSP432.oem4f (.text:initHw)
                  0000995c    00000004     ti.uia.loggers.aem4f : LoggerStopMode.oem4f (.text:ti_uia_loggers_LoggerStopMode_getPriority__E)
                  00009960    00000084     sysbios.aem4f : BIOS.obj (.text:ti_sysbios_family_arm_m3_Hwi_postInit__I)
                  000099e4    00000084     drivers_MSP432P401R.aem4f : UARTMSP432.oem4f (.text:writeData)
                  00009a68    00000082                               : UARTMSP432.oem4f (.text:readIsrTextCallback)
                  00009aea    00000002     main_pem4f.oem4f (.text:ti_sysbios_BIOS_nullFunc__I)
                  00009aec    00000080     bmi160_support.obj (.text:bmi160_interrupt_configuration)
                  00009b6c    00000080     bmi160.obj (.text:bmi160_set_accel_offset_enable)
                  00009bec    00000080     bmi160.obj (.text:bmi160_set_gyro_offset_enable)
                  00009c6c    00000080     bmi160.obj (.text:bmi160_set_i2c_device_addr)
                  00009cec    00000004     ti.uia.loggers.aem4f : LoggerStopMode.oem4f (.text:ti_uia_loggers_LoggerStopMode_getTransferType__E)
                  00009cf0    00000080     sysbios.aem4f : BIOS.obj (.text:ti_sysbios_family_arm_msp432_Timer_startup__E)
                  00009d70    0000007c     msp432p4xx_driverlib.lib : pcm.o (.text:PCM_gotoLPM3)
                  00009dec    0000007a     drivers_MSP432P401R.aem4f : UARTMSP432.oem4f (.text:UARTMSP432_write)
                  00009e66    0000007a                               : UARTMSP432.oem4f (.text:readTaskCallback)
                  00009ee0    0000007a     rtsv7M4_T_le_v4SPD16_eabi.lib : memset_t2.obj (.text)
                  00009f5a    00000002     main_pem4f.oem4f (.text:ti_uia_loggers_LoggerStopMode_setFilterLevel__E)
                  00009f5c    00000078     bmi160.obj (.text:bmi160_read_accel_xyz)
                  00009fd4    00000078     bmi160.obj (.text:bmi160_read_gyro_xyz)
                  0000a04c    00000074     drivers_MSP432P401R.aem4f : UARTMSP432.oem4f (.text:readIsrTextBlocking)
                  0000a0c0    00000074     sysbios.aem4f : BIOS.obj (.text:ti_sysbios_family_arm_m3_TimestampProvider_get64__E)
                  0000a134    00000004     ti.targets.arm.rtsarm.aem4f : Error.oem4f (.text:xdc_runtime_Error_getSite__E)
                  0000a138    00000074     sysbios.aem4f : BIOS.obj (.text:ti_sysbios_knl_Clock_start__E)
                  0000a1ac    00000074     ti.uia.runtime.aem4f : QueueDescriptor.oem4f (.text:ti_uia_runtime_QueueDescriptor_addToList__E)
                  0000a220    0000006d     ti.targets.arm.rtsarm.aem4f : System.oem4f (.text:xdc_runtime_System_formatNum__I)
                  0000a28d    00000001     --HOLE-- [fill = 0]
                  0000a28e    00000002     ti.uia.loggers.aem4f : LoggerStopMode.oem4f (.text:ti_uia_loggers_LoggerStopMode_setPriority__E)
                  0000a290    0000006c     bmi160_support.obj (.text:bmi160_i2c_burst_read)
                  0000a2fc    0000006c     bmi160_support.obj (.text:bmi160_i2c_bus_read)
                  0000a368    0000006c     sysbios.aem4f : BIOS.obj (.text:ti_sysbios_knl_Swi_restoreHwi__E)
                  0000a3d4    0000006c     ti.targets.arm.rtsarm.aem4f : Error.oem4f (.text:xdc_runtime_Error_print__E)
                  0000a440    0000006c                                 : Memory.oem4f (.text:xdc_runtime_Memory_alloc__E)
                  0000a4ac    00000068     rtsv7M4_T_le_v4SPD16_eabi.lib : copy_decompress_lzss.obj (.text:decompress:lzss)
                  0000a514    00000068     drivers_MSP432P401R.aem4f : I2CMSP432.oem4f (.text:primeTransfer)
                  0000a57c    00000068     rtsv7M4_T_le_v4SPD16_eabi.lib : trgmsg.obj (.text)
                  0000a5e4    00000066     drivers_MSP432P401R.aem4f : I2CMSP432.oem4f (.text:I2CMSP432_close)
                  0000a64a    00000066     ti.uia.loggers.aem4f : LoggerStopMode.oem4f (.text:ti_uia_loggers_LoggerStopMode_flush__E)
                  0000a6b0    00000066     ti.targets.arm.rtsarm.aem4f : Core-mem.oem4f (.text:xdc_runtime_Core_deleteObject__I)
                  0000a716    00000064     drivers_MSP432P401R.aem4f : UARTMSP432.oem4f (.text:UARTMSP432_writePolling)
                  0000a77a    00000002     --HOLE-- [fill = 0]
                  0000a77c    00000064     bmi160.obj (.text:bmi160_init)
                  0000a7e0    00000062     tirtosport.aem4f : HwiP_tirtos.oem4f (.text:HwiP_create)
                  0000a842    00000002     --HOLE-- [fill = 0]
                  0000a844    00000060     main.obj (.text:LEDfxn)
                  0000a8a4    00000004     main_pem4f.oem4f (.text:xdc_runtime_System_Module_GateProxy_enter__E)
                  0000a8a8    00000060     sysbios.aem4f : BIOS.obj (.text:ti_sysbios_family_arm_m3_TimestampProvider_get32__E)
                  0000a908    00000060                   : BIOS.obj (.text:ti_sysbios_knl_Clock_logTick__E)
                  0000a968    00000060                   : BIOS.obj (.text:ti_sysbios_utils_Load_logCPULoad__I)
                  0000a9c8    0000005c     drivers_MSP432P401R.aem4f : GPIOMSP432.oem4f (.text:GPIO_init)
                  0000aa24    00000004     main_pem4f.oem4f (.text:xdc_runtime_System_Module_GateProxy_leave__E)
                  0000aa28    0000005c     sysbios.aem4f : BIOS.obj (.text:ti_sysbios_knl_Swi_schedule__I)
                  0000aa84    00000004     ti.targets.arm.rtsarm.aem4f : System.oem4f (.text:xdc_runtime_System_aprintf_va__F)
                  0000aa88    0000005c     sysbios.aem4f : BIOS.obj (.text:ti_sysbios_knl_Task_Module_startup__E)
                  0000aae4    0000005c     main_pem4f.oem4f (.text:ti_sysbios_knl_Task_create)
                  0000ab40    0000005b     ti.targets.arm.rtsarm.aem4f : Text.oem4f (.text:xdc_runtime_Text_putLab__E)
                  0000ab9b    00000001     --HOLE-- [fill = 0]
                  0000ab9c    0000005a     tirtosport.aem4f : ClockP_tirtos.oem4f (.text:ClockP_create)
                  0000abf6    00000058                      : SemaphoreP_tirtos.oem4f (.text:SemaphoreP_create)
                  0000ac4e    00000002     --HOLE-- [fill = 0]
                  0000ac50    00000058     boot.aem4f : boot.oem4f (.text)
                  0000aca8    00000058     main_pem4f.oem4f (.text:ti_sysbios_family_arm_m3_Hwi_construct)
                  0000ad00    00000058     sysbios.aem4f : m3_Hwi_asm_switch.obj (.text:ti_sysbios_family_arm_m3_Hwi_initStacks__E)
                  0000ad58    00000058                   : BIOS.obj (.text:ti_sysbios_family_arm_m3_Timer_setPeriod__E)
                  0000adb0    00000054     drivers_MSP432P401R.aem4f : GPIOMSP432.oem4f (.text:GPIO_hwiIntFxn)
                  0000ae04    00000054                               : GPIOMSP432.oem4f (.text:GPIO_setCallback)
                  0000ae58    00000054     bmi160.obj (.text:bmi160_get_foc_rdy)
                  0000aeac    00000054     bmi160.obj (.text:bmi160_get_if_mode)
                  0000af00    00000054     bmi160.obj (.text:bmi160_get_mag_manual_enable)
                  0000af54    00000054     bmi160.obj (.text:bmi160_get_paging_enable)
                  0000afa8    00000054     bmi160.obj (.text:bmi160_get_pullup_configuration)
                  0000affc    00000054     bmi160.obj (.text:bmi160_get_target_page)
                  0000b050    00000054     drivers_MSP432P401R.aem4f : I2CMSP432.oem4f (.text:initHw)
                  0000b0a4    00000054     rtsv7M4_T_le_v4SPD16_eabi.lib : exit.obj (.text)
                  0000b0f8    00000054     sysbios.aem4f : BIOS.obj (.text:ti_sysbios_family_arm_m3_Timer_start__E)
                  0000b14c    00000004     ti.targets.arm.rtsarm.aem4f : System.oem4f (.text:xdc_runtime_System_printf_va__F)
                  0000b150    00000054     sysbios.aem4f : BIOS.obj (.text:ti_sysbios_family_arm_msp432_Timer_initDevice__I)
                  0000b1a4    00000004     --HOLE-- [fill = 0]
                  0000b1a8    00000054                   : BIOS.obj (.text:ti_sysbios_family_arm_msp432_init_Boot_configureClocksHigh)
                  0000b1fc    00000054     ti.targets.arm.rtsarm.aem4f : Assert.oem4f (.text:xdc_runtime_Assert_raise__I)
                  0000b250    00000052     drivers_MSP432P401R.aem4f : UARTMSP432.oem4f (.text:UARTMSP432_writeCancel)
                  0000b2a2    00000052     bmi160.obj (.text:bmi160_bmm150_mag_compensate_xyz)
                  0000b2f4    00000050     drivers_MSP432P401R.aem4f : GPIOMSP432.oem4f (.text:GPIO_write)
                  0000b344    00000050     msp432p4xx_driverlib.lib : pcm.o (.text:PCM_shutdownDevice)
                  0000b394    00000050     bmi160.obj (.text:bmi160_get_accel_offset_compensation_xaxis)
                  0000b3e4    00000050     bmi160.obj (.text:bmi160_get_accel_offset_compensation_yaxis)
                  0000b434    00000050     bmi160.obj (.text:bmi160_get_accel_offset_compensation_zaxis)
                  0000b484    00000050     bmi160.obj (.text:bmi160_get_mag_power_mode_stat)
                  0000b4d4    00000004     --HOLE-- [fill = 0]
                  0000b4d8    00000050     sysbios.aem4f : BIOS.obj (.text:ti_sysbios_family_arm_m3_Hwi_Module_startup__E)
                  0000b528    00000050     ti.targets.arm.rtsarm.aem4f : Startup.oem4f (.text:xdc_runtime_Startup_exec__E)
                  0000b578    00000050                                 : Text.oem4f (.text:xdc_runtime_Text_visitRope2__I)
                  0000b5c8    0000004c     rtsv7M4_T_le_v4SPD16_eabi.lib : cpy_tbl.obj (.text)
                  0000b614    00000004     --HOLE-- [fill = 0]
                  0000b618    0000004c     sysbios.aem4f : BIOS.obj (.text:ti_sysbios_heaps_HeapMem_getStats__E)
                  0000b664    00000004     --HOLE-- [fill = 0]
                  0000b668    0000004c                   : BIOS.obj (.text:ti_sysbios_knl_Swi_runLoop__I)
                  0000b6b4    00000004     --HOLE-- [fill = 0]
                  0000b6b8    0000004c                   : BIOS.obj (.text:ti_sysbios_knl_Task_allBlockedFunction__I)
                  0000b704    0000004c     ti.uia.loggers.aem4f : LoggerStopMode.oem4f (.text:ti_uia_loggers_LoggerStopMode_Module_startup__E)
                  0000b750    00000048     bmi160.obj (.text:bmi160_read_reg)
                  0000b798    00000048     bmi160.obj (.text:bmi160_write_reg)
                  0000b7e0    00000048     bmi160_support.obj (.text:i2c_routine)
                  0000b828    00000048     sysbios.aem4f : BIOS.obj (.text:ti_sysbios_family_arm_m3_Hwi_disableInterrupt__E)
                  0000b870    00000048                   : BIOS.obj (.text:ti_sysbios_family_arm_m3_Hwi_enableInterrupt__E)
                  0000b8b8    00000048                   : BIOS.obj (.text:ti_sysbios_family_arm_m3_Hwi_excReserved__I)
                  0000b900    00000048                   : BIOS.obj (.text:ti_sysbios_family_arm_m3_Timer_initDevice__I)
                  0000b948    00000046     drivers_MSP432P401R.aem4f : RingBuf.oem4f (.text:RingBuf_put)
                  0000b98e    00000046                               : UARTMSP432.oem4f (.text:readIsrBinaryBlocking)
                  0000b9d4    00000046     ti.targets.arm.rtsarm.aem4f : Core-params.oem4f (.text:xdc_runtime_Core_assignParams__I)
                  0000ba1a    00000002     --HOLE-- [fill = 0]
                  0000ba1c    00000044     drivers_MSP432P401R.aem4f : PowerMSP432.oem4f (.text:Power_init)
                  0000ba60    00000044     sysbios.aem4f : BIOS.obj (.text:ti_sysbios_family_arm_m3_Hwi_getStackInfo__E)
                  0000baa4    00000044     ti.uia.loggers.aem4f : LoggerStopMode.oem4f (.text:ti_uia_loggers_LoggerStopMode_initBuffer__I)
                  0000bae8    00000044     ti.targets.arm.rtsarm.aem4f : Error.oem4f (.text:xdc_runtime_Error_setX__E)
                  0000bb2c    00000044                                 : SysMin.oem4f (.text:xdc_runtime_SysMin_flush__E)
                  0000bb70    00000044                                 : Text.oem4f (.text:xdc_runtime_Text_xprintf__I)
                  0000bbb4    00000042     drivers_MSP432P401R.aem4f : UARTMSP432.oem4f (.text:UARTMSP432_hwiIntFxn)
                  0000bbf6    00000042                               : I2CMSP432.oem4f (.text:completeTransfer)
                  0000bc38    00000040     msp432p4xx_driverlib.lib : flash.o (.text:FlashCtl_disableReadBuffering)
                  0000bc78    00000040                              : i2c.o (.text:I2C_masterSendMultiByteFinish)
                  0000bcb8    00000040     drivers_MSP432P401R.aem4f : RingBuf.oem4f (.text:RingBuf_get)
                  0000bcf8    00000040                               : UARTMSP432.oem4f (.text:UARTMSP432_read)
                  0000bd38    00000040     bmi160.obj (.text:bmi160_fifo_data)
                  0000bd78    00000040     bmi160.obj (.text:bmi160_set_command_register)
                  0000bdb8    00000040     bmi160.obj (.text:bmi160_set_fifo_wm)
                  0000bdf8    00000040     bmi160.obj (.text:bmi160_set_mag_read_addr)
                  0000be38    00000040     bmi160.obj (.text:bmi160_set_mag_write_addr)
                  0000be78    00000040     bmi160.obj (.text:bmi160_set_mag_write_data)
                  0000beb8    00000040     drivers_MSP432P401R.aem4f : PowerMSP432.oem4f (.text:notify)
                  0000bef8    00000040     rtsv7M4_T_le_v4SPD16_eabi.lib : u_divt2.obj (.text)
                  0000bf38    00000040     sysbios.aem4f : BIOS.obj (.text:ti_sysbios_family_arm_m3_Timer_Module_startup__E)
                  0000bf78    0000003e     msp432p4xx_driverlib.lib : i2c.o (.text:I2C_initMaster)
                  0000bfb6    0000003c     power_tirtos_MSP432P401R.aem4f : PowerMSP432_tirtos.oem4f (.text:PowerMSP432_sleepPolicy)
                  0000bff2    00000002     --HOLE-- [fill = 0]
                  0000bff4    0000003c     bmi160_support.obj (.text:bmi160_initialize_sensor)
                  0000c030    0000003c     sysbios.aem4f : BIOS.obj (.text:ti_sysbios_family_arm_m3_Hwi_excSvCall__I)
                  0000c06c    00000004     --HOLE-- [fill = 0]
                  0000c070    0000003c                   : BIOS.obj (.text:ti_sysbios_heaps_HeapMem_init__I)
                  0000c0ac    00000004     --HOLE-- [fill = 0]
                  0000c0b0    0000003c                   : BIOS.obj (.text:ti_sysbios_knl_Swi_restore__E)
                  0000c0ec    0000003a     drivers_MSP432P401R.aem4f : UARTMSP432.oem4f (.text:readIsrBinaryCallback)
                  0000c126    00000002     --HOLE-- [fill = 0]
                  0000c128    00000038                               : I2C.oem4f (.text:I2C_init)
                  0000c160    00000038                               : UART.oem4f (.text:UART_init)
                  0000c198    00000038                               : I2CMSP432.oem4f (.text:perfChangeNotifyFxn)
                  0000c1d0    00000038     sysbios.aem4f : BIOS.obj (.text:ti_sysbios_family_arm_m3_Hwi_excNoIsr__I)
                  0000c208    00000038                   : BIOS.obj (.text:ti_sysbios_knl_Task_processVitalTaskFlag__I)
                  0000c240    00000038     ti.targets.arm.rtsarm.aem4f : SysMin.oem4f (.text:xdc_runtime_SysMin_putch__E)
                  0000c278    00000038                                 : System.oem4f (.text:xdc_runtime_System_atexit__E)
                  0000c2b0    00000036     drivers_MSP432P401R.aem4f : UARTMSP432.oem4f (.text:UARTMSP432_readCancel)
                  0000c2e6    00000036                               : UARTMSP432.oem4f (.text:perfChangeNotifyFxn)
                  0000c31c    00000034     msp432p4xx_driverlib.lib : flash.o (.text:FlashCtl_enableReadBuffering)
                  0000c350    00000034     main_pem4f.oem4f (.text:ti_sysbios_BIOS_startFunc__I)
                  0000c384    00000004     --HOLE-- [fill = 0]
                  0000c388    00000034     sysbios.aem4f : BIOS.obj (.text:ti_sysbios_family_arm_m3_Hwi_Instance_finalize__E)
                  0000c3bc    00000004     --HOLE-- [fill = 0]
                  0000c3c0    00000034                   : BIOS.obj (.text:ti_sysbios_family_arm_m3_Hwi_excNmi__I)
                  0000c3f4    00000004     --HOLE-- [fill = 0]
                  0000c3f8    00000034                   : BIOS.obj (.text:ti_sysbios_family_arm_m3_Timer_periodicStub__I)
                  0000c42c    00000004     --HOLE-- [fill = 0]
                  0000c430    00000034                   : BIOS.obj (.text:ti_sysbios_hal_Hwi_checkStack)
                  0000c464    00000034     main_pem4f.oem4f (.text:ti_sysbios_knl_Clock_construct)
                  0000c498    00000034     main_pem4f.oem4f (.text:ti_sysbios_knl_Semaphore_create)
                  0000c4cc    00000034     ti.uia.loggers.aem4f : LoggerStopMode.oem4f (.text:ti_uia_loggers_LoggerStopMode_reset__E)
                  0000c500    00000034     ti.targets.arm.rtsarm.aem4f : Core-label.oem4f (.text:xdc_runtime_Core_assignLabel__I)
                  0000c534    00000033                                 : Text.oem4f (.text:xdc_runtime_Text_printVisFxn__I)
                  0000c567    00000001     --HOLE-- [fill = 0]
                  0000c568    00000032     sysbios.aem4f : BIOS.obj (.text:ti_sysbios_hal_Hwi_initStack)
                  0000c59a    00000006     msp432p4xx_driverlib.lib : i2c.o (.text:I2C_getEnabledInterruptStatus)
                  0000c5a0    00000032     sysbios.aem4f : BIOS.obj (.text:ti_sysbios_knl_Semaphore_pendTimeout__I)
                  0000c5d2    00000002     --HOLE-- [fill = 0]
                  0000c5d4    00000030     msp432p4xx_driverlib.lib : gpio.o (.text:GPIO_getEnabledInterruptStatus)
                  0000c604    00000030                              : gpio.o (.text:GPIO_setAsInputPinWithPullDownResistor)
                  0000c634    00000030                              : gpio.o (.text:GPIO_setAsInputPinWithPullUpResistor)
                  0000c664    00000030     drivers_MSP432P401R.aem4f : GPIOMSP432.oem4f (.text:GPIO_toggle)
                  0000c694    00000030                               : I2C.oem4f (.text:I2C_open)
                  0000c6c4    00000030                               : UART.oem4f (.text:UART_open)
                  0000c6f4    00000030     main_pem4f.oem4f (.text:ti_sysbios_BIOS_atExitFunc__I)
                  0000c724    00000004     --HOLE-- [fill = 0]
                  0000c728    00000030     sysbios.aem4f : BIOS.obj (.text:ti_sysbios_family_arm_m3_TaskSupport_start__E)
                  0000c758    00000030     main_pem4f.oem4f (.text:ti_sysbios_gates_GateHwi_Object__create__S)
                  0000c788    00000030     main_pem4f.oem4f (.text:ti_sysbios_gates_GateMutex_Object__create__S)
                  0000c7b8    00000030     main_pem4f.oem4f (.text:ti_sysbios_heaps_HeapMem_Object__create__S)
                  0000c7e8    00000030     main_pem4f.oem4f (.text:ti_sysbios_knl_Semaphore_construct)
                  0000c818    00000030     sysbios.aem4f : BIOS.obj (.text:ti_sysbios_utils_Load_updateCurrentThreadTime__E)
                  0000c848    00000030     main_pem4f.oem4f (.text:ti_uia_loggers_LoggerStopMode_Object__create__S)
                  0000c878    00000030     ti.targets.arm.rtsarm.aem4f : SysMin.oem4f (.text:xdc_runtime_SysMin_abort__E)
                  0000c8a8    00000030                                 : System.oem4f (.text:xdc_runtime_System_processAtExit__E)
                  0000c8d8    0000002c     msp432p4xx_driverlib.lib : gpio.o (.text:GPIO_setAsInputPin)
                  0000c904    0000002c     MSP_EXP432P401R.obj (.text:MSP_EXP432P401R_initUART)
                  0000c930    0000002c     msp432p4xx_driverlib.lib : pcm.o (.text:PCM_getCoreVoltageLevel)
                  0000c95c    0000002c     power_tirtos_MSP432P401R.aem4f : PowerMSP432_tirtos.oem4f (.text:PowerMSP432_updateFreqs)
                  0000c988    0000002c     drivers_MSP432P401R.aem4f : PowerMSP432.oem4f (.text:Power_releaseConstraint)
                  0000c9b4    0000002c                               : PowerMSP432.oem4f (.text:Power_setConstraint)
                  0000c9e0    0000002c     main_pem4f.oem4f (.text:ti_sysbios_knl_Clock_doTick__I)
                  0000ca0c    0000002c     main_pem4f.oem4f (.text:ti_sysbios_knl_Queue_construct)
                  0000ca38    0000002c     sysbios.aem4f : BIOS.obj (.text:ti_sysbios_knl_Task_restore__E)
                  0000ca64    0000002c     ti.targets.arm.rtsarm.aem4f : Text.oem4f (.text:xdc_runtime_Text_cordText__E)
                  0000ca90    0000002a     msp432p4xx_driverlib.lib : pcm.o (.text:PCM_getPowerMode)
                  0000caba    0000002a     bmi160_support.obj (.text:bmi160_delay_ms)
                  0000cae4    0000002a     drivers_MSP432P401R.aem4f : UARTMSP432.oem4f (.text:findBaudDividerIndex)
                  0000cb0e    0000002a     ti.targets.arm.rtsarm.aem4f : System.oem4f (.text:xdc_runtime_System_putchar__I)
                  0000cb38    00000028     msp432p4xx_driverlib.lib : flash.o (.text:FlashCtl_setWaitState)
                  0000cb60    00000028                              : pcm.o (.text:PCM_gotoLPM0)
                  0000cb88    00000028     sysbios.aem4f : BIOS.obj (.text:ti_sysbios_knl_Swi_Module_startup__E)
                  0000cbb0    00000026     drivers_MSP432P401R.aem4f : List.oem4f (.text:List_put)
                  0000cbd6    00000026     sysbios.aem4f : m3_Hwi_asm.obj (.text:ti_sysbios_family_arm_m3_Hwi_pendSV__I)
                  0000cbfc    00000026     ti.targets.arm.rtsarm.aem4f : System.oem4f (.text:xdc_runtime_System_avprintf__E)
                  0000cc22    00000002     --HOLE-- [fill = 0]
                  0000cc24    00000024     msp432p4xx_driverlib.lib : cs.o (.text:CS_setDCOCenteredFrequency)
                  0000cc48    00000024                              : gpio.o (.text:GPIO_setAsOutputPin)
                  0000cc6c    00000024                              : i2c.o (.text:I2C_masterSendMultiByteNext)
                  0000cc90    00000024                              : rtc_c.o (.text:RTC_C_holdClock)
                  0000ccb4    00000024                              : rtc_c.o (.text:RTC_C_startClock)
                  0000ccd8    00000024                              : uart.o (.text:UART_disableInterrupt)
                  0000ccfc    00000024                              : uart.o (.text:UART_receiveData)
                  0000cd20    00000024                              : uart.o (.text:UART_transmitData)
                  0000cd44    00000024     main_pem4f.oem4f (.text:ti_sysbios_BIOS_errorRaiseHook__I)
                  0000cd68    00000024     main_pem4f.oem4f (.text:ti_sysbios_BIOS_registerRTSLock__I)
                  0000cd8c    00000024     main_pem4f.oem4f (.text:ti_sysbios_BIOS_removeRTSLock__I)
                  0000cdb0    00000024     sysbios.aem4f : BIOS.obj (.text:ti_sysbios_family_arm_m3_Timer_startup__E)
                  0000cdd4    00000004     --HOLE-- [fill = 0]
                  0000cdd8    00000024                   : BIOS.obj (.text:ti_sysbios_family_arm_msp432_ClockFreqs_setFrequency__E)
                  0000cdfc    00000024     main_pem4f.oem4f (.text:ti_sysbios_gates_GateMutex_Object__delete__S)
                  0000ce20    00000024     sysbios.aem4f : BIOS.obj (.text:ti_sysbios_knl_Clock_Module_startup__E)
                  0000ce44    00000004     --HOLE-- [fill = 0]
                  0000ce48    00000024                   : BIOS.obj (.text:ti_sysbios_knl_Task_restoreHwi__E)
                  0000ce6c    00000024     ti.targets.arm.rtsarm.aem4f : System.oem4f (.text:xdc_runtime_System_vprintf__E)
                  0000ce90    00000022     main_pem4f.oem4f (.text:xdc_runtime_SysMin_output__I)
                  0000ceb2    00000002     --HOLE-- [fill = 0]
                  0000ceb4    00000020     msp432p4xx_driverlib.lib : gpio.o (.text:GPIO_interruptEdgeSelect)
                  0000ced4    00000020     drivers_MSP432P401R.aem4f : PowerMSP432.oem4f (.text:PowerMSP432_getFreqs)
                  0000cef4    00000020                               : PowerMSP432.oem4f (.text:Power_unregisterNotify)
                  0000cf14    00000020                               : RingBuf.oem4f (.text:RingBuf_peek)
                  0000cf34    00000020     main_pem4f.oem4f (.text:ti_sysbios_BIOS_rtsLock__I)
                  0000cf54    00000020     sysbios.aem4f : m3_Hwi_asm.obj (.text:ti_sysbios_family_arm_m3_Hwi_excHandlerAsm__I)
                  0000cf74    00000004     --HOLE-- [fill = 0]
                  0000cf78    00000020                   : BIOS.obj (.text:ti_sysbios_family_arm_m3_Hwi_excHandler__I)
                  0000cf98    00000020                   : BIOS.obj (.text:ti_sysbios_family_arm_m3_TimestampProvider_Module_startup__E)
                  0000cfb8    00000020     main_pem4f.oem4f (.text:ti_sysbios_gates_GateHwi_Object__delete__S)
                  0000cfd8    00000020     main_pem4f.oem4f (.text:ti_sysbios_heaps_HeapMem_Object__delete__S)
                  0000cff8    00000020     main_pem4f.oem4f (.text:ti_sysbios_knl_Clock_Object__destruct__S)
                  0000d018    00000020     sysbios.aem4f : BIOS.obj (.text:ti_sysbios_knl_Idle_run__E)
                  0000d038    00000020     main_pem4f.oem4f (.text:ti_sysbios_knl_Semaphore_Object__destruct__S)
                  0000d058    00000020     main_pem4f.oem4f (.text:ti_uia_loggers_LoggerStopMode_Object__delete__S)
                  0000d078    00000020     ti.targets.arm.rtsarm.aem4f : Registry.oem4f (.text:xdc_runtime_Registry_findById__E)
                  0000d098    00000020                                 : SysMin.oem4f (.text:xdc_runtime_SysMin_Module_startup__E)
                  0000d0b8    0000001e     sysbios.aem4f : m3_Hwi_asm_switch.obj (.text:ti_sysbios_family_xxx_Hwi_switchAndRunFunc)
                  0000d0d6    00000002     --HOLE-- [fill = 0]
                  0000d0d8    0000001c     MSP_EXP432P401R.obj (.text:MSP_EXP432P401R_initI2C)
                  0000d0f4    0000001c     msp432p4xx_driverlib.lib : pcm.o (.text:PCM_enableRudeMode)
                  0000d110    0000001c     drivers_MSP432P401R.aem4f : PowerMSP432.oem4f (.text:Power_registerNotify)
                  0000d12c    0000001c     main_pem4f.oem4f (.text:ti_sysbios_family_arm_m3_Hwi_Object__destruct__S)
                  0000d148    0000001c     sysbios.aem4f : BIOS.obj (.text:ti_sysbios_gates_GateMutex_Instance_init__E)
                  0000d164    0000001c     main_pem4f.oem4f (.text:ti_sysbios_knl_Queue_Object__destruct__S)
                  0000d180    0000001c     sysbios.aem4f : BIOS.obj (.text:ti_sysbios_knl_Task_enter__I)
                  0000d19c    0000001c     ti.uia.loggers.aem4f : LoggerStopMode.oem4f (.text:ti_uia_loggers_LoggerStopMode_Instance_init__E)
                  0000d1b8    0000001c     ti.targets.arm.rtsarm.aem4f : Error.oem4f (.text:xdc_runtime_Error_raiseX__E)
                  0000d1d4    0000001c                                 : Memory.oem4f (.text:xdc_runtime_Memory_valloc__E)
                  0000d1f0    0000001c                                 : SysMin.oem4f (.text:xdc_runtime_SysMin_exit__E)
                  0000d20c    0000001c                                 : System.oem4f (.text:xdc_runtime_System_abort__E)
                  0000d228    0000001a     drivers_MSP432P401R.aem4f : List.oem4f (.text:List_remove)
                  0000d242    0000001a     main_pem4f.oem4f (.text:ti_sysbios_family_arm_m3_Hwi_Handle__label__S)
                  0000d25c    0000001a     main_pem4f.oem4f (.text:ti_sysbios_gates_GateHwi_Handle__label__S)
                  0000d276    0000001a     main_pem4f.oem4f (.text:ti_sysbios_gates_GateMutex_Handle__label__S)
                  0000d290    0000001a     main_pem4f.oem4f (.text:ti_sysbios_heaps_HeapMem_Handle__label__S)
                  0000d2aa    0000001a     main_pem4f.oem4f (.text:ti_sysbios_knl_Swi_Handle__label__S)
                  0000d2c4    0000001a     main_pem4f.oem4f (.text:ti_sysbios_knl_Task_Handle__label__S)
                  0000d2de    00000002     --HOLE-- [fill = 0]
                  0000d2e0    0000001a     sysbios.aem4f : BIOS.obj (.text:ti_sysbios_knl_Task_sleepTimeout__I)
                  0000d2fa    0000001a     main_pem4f.oem4f (.text:ti_uia_loggers_LoggerStopMode_Handle__label__S)
                  0000d314    0000001a     main_pem4f.oem4f (.text:xdc_runtime_System_aprintf__E)
                  0000d32e    0000001a     main_pem4f.oem4f (.text:xdc_runtime_System_printf__E)
                  0000d348    00000018     msp432p4xx_driverlib.lib : gpio.o (.text:GPIO_clearInterruptFlag)
                  0000d360    00000018                              : gpio.o (.text:GPIO_setDriveStrengthLow)
                  0000d378    00000018                              : gpio.o (.text:GPIO_setOutputLowOnPin)
                  0000d390    00000018                              : i2c.o (.text:I2C_masterIsStartSent)
                  0000d3a8    00000018     drivers_MSP432P401R.aem4f : UART.oem4f (.text:UART_Params_init)
                  0000d3c0    00000018     msp432p4xx_driverlib.lib : wdt_a.o (.text:WDT_A_holdTimer)
                  0000d3d8    00000018     rtsv7M4_T_le_v4SPD16_eabi.lib : args_main.obj (.text)
                  0000d3f0    00000018                                   : strcmp.obj (.text)
                  0000d408    00000018     main_pem4f.oem4f (.text:ti_sysbios_BIOS_rtsUnlock__I)
                  0000d420    00000018     main_pem4f.oem4f (.text:ti_sysbios_family_arm_m3_Hwi_Module__startupDone__F)
                  0000d438    00000018     sysbios.aem4f : m3_TaskSupport_asm.obj (.text:ti_sysbios_family_arm_m3_TaskSupport_swap__E)
                  0000d450    00000018     main_pem4f.oem4f (.text:ti_sysbios_family_arm_msp432_Timer_Module__startupDone__F)
                  0000d468    00000018     sysbios.aem4f : BIOS.obj (.text:ti_sysbios_gates_GateMutex_leave__E)
                  0000d480    00000018     ti.targets.arm.rtsarm.aem4f : Error.oem4f (.text:xdc_runtime_Error_check__E)
                  0000d498    00000018                                 : System.oem4f (.text:xdc_runtime_System_exit__E)
                  0000d4b0    00000018                                 : Text.oem4f (.text:xdc_runtime_Text_ropeText__E)
                  0000d4c8    00000016     tirtosport.aem4f : ClockP_tirtos.oem4f (.text:ClockP_delete)
                  0000d4de    00000016                      : HwiP_tirtos.oem4f (.text:HwiP_delete)
                  0000d4f4    00000016                      : SemaphoreP_tirtos.oem4f (.text:SemaphoreP_delete)
                  0000d50a    00000016     msp432p4xx_driverlib.lib : uart.o (.text:UART_enableInterrupt)
                  0000d520    00000016     main_pem4f.oem4f (.text:ti_sysbios_BIOS_exitFunc__I)
                  0000d536    00000016     main.obj (.text:ti_sysbios_knl_Task_Params_init)
                  0000d54c    00000016     ti.uia.loggers.aem4f : LoggerStopMode.oem4f (.text:ti_uia_loggers_LoggerStopMode_disable__E)
                  0000d562    00000016                          : LoggerStopMode.oem4f (.text:ti_uia_loggers_LoggerStopMode_enable__E)
                  0000d578    00000014     msp432p4xx_driverlib.lib : gpio.o (.text:GPIO_setDriveStrengthHigh)
                  0000d58c    00000014                              : gpio.o (.text:GPIO_setOutputHighOnPin)
                  0000d5a0    00000014                              : gpio.o (.text:GPIO_toggleOutputOnPin)
                  0000d5b4    00000014     drivers_MSP432P401R.aem4f : PowerMSP432.oem4f (.text:Power_idleFunc)
                  0000d5c8    00000014     msp432p4xx_driverlib.lib : wdt_a.o (.text:WDT_A_startTimer)
                  0000d5dc    00000014     rtsv7M4_T_le_v4SPD16_eabi.lib : _lock.obj (.text)
                  0000d5f0    00000014                                   : strcpy.obj (.text)
                  0000d604    00000014                                   : strlen.obj (.text)
                  0000d618    00000014     main_pem4f.oem4f (.text:ti_sysbios_family_arm_m3_Hwi_Object__get__S)
                  0000d62c    00000004     --HOLE-- [fill = 0]
                  0000d630    00000014     sysbios.aem4f : BIOS.obj (.text:ti_sysbios_family_arm_m3_Hwi_switchFromBootStack__E)
                  0000d644    00000014     main_pem4f.oem4f (.text:ti_sysbios_heaps_HeapMem_Object__get__S)
                  0000d658    00000014     main_pem4f.oem4f (.text:ti_sysbios_knl_Swi_Object__get__S)
                  0000d66c    00000012     tirtosport.aem4f : ClockP_tirtos.oem4f (.text:ClockP_start)
                  0000d67e    00000012     drivers_MSP432P401R.aem4f : RingBuf.oem4f (.text:RingBuf_construct)
                  0000d690    00000012     tirtosport.aem4f : SemaphoreP_tirtos.oem4f (.text:SemaphoreP_pend)
                  0000d6a2    00000006     msp432p4xx_driverlib.lib : i2c.o (.text:I2C_getInterruptStatus)
                  0000d6a8    00000012     sysbios.aem4f : BIOS.obj (.text:ti_sysbios_hal_Hwi_Module_startup__E)
                  0000d6ba    00000012     main_pem4f.oem4f (.text:xdc_runtime_Startup_exec__I)
                  0000d6cc    00000010     msp432p4xx_driverlib.lib : gpio.o (.text:GPIO_getInterruptStatus)
                  0000d6dc    00000010     drivers_MSP432P401R.aem4f : I2C.oem4f (.text:I2C_Params_init)
                  0000d6ec    00000010     msp432p4xx_driverlib.lib : i2c.o (.text:I2C_masterReceiveMultiByteStop)
                  0000d6fc    00000010                              : i2c.o (.text:I2C_masterReceiveStart)
                  0000d70c    00000010                              : i2c.o (.text:I2C_masterSendStart)
                  0000d71c    00000010                              : pcm.o (.text:PCM_gotoLPM4)
                  0000d72c    00000010     drivers_MSP432P401R.aem4f : UARTMSP432.oem4f (.text:readBlockingTimeout)
                  0000d73c    00000004     --HOLE-- [fill = 0]
                  0000d740    00000010     sysbios.aem4f : BIOS.obj (.text:ti_sysbios_BIOS_getCpuFreq__E)
                  0000d750    00000010                   : BIOS.obj (.text:ti_sysbios_BIOS_setCpuFreq__E)
                  0000d760    00000010                   : BIOS.obj (.text:ti_sysbios_BIOS_setThreadType__E)
                  0000d770    00000010                   : BIOS.obj (.text:ti_sysbios_BIOS_start__E)
                  0000d780    00000010                   : m3_TaskSupport_asm.obj (.text:ti_sysbios_family_arm_m3_TaskSupport_glue)
                  0000d790    00000010                   : BIOS.obj (.text:ti_sysbios_family_arm_msp432_init_Boot_disableWatchdog)
                  0000d7a0    00000010                   : BIOS.obj (.text:ti_sysbios_gates_GateMutex_Instance_finalize__E)
                  0000d7b0    00000010                   : BIOS.obj (.text:ti_sysbios_knl_Semaphore_Instance_finalize__E)
                  0000d7c0    00000010                   : BIOS.obj (.text:ti_sysbios_knl_Swi_disable__E)
                  0000d7d0    00000010                   : BIOS.obj (.text:ti_sysbios_knl_Task_disable__E)
                  0000d7e0    00000010     main_pem4f.oem4f (.text:ti_uia_loggers_LoggerStopMode_Object__get__S)
                  0000d7f0    00000010     ti.uia.loggers.aem4f : LoggerStopMode.oem4f (.text:ti_uia_loggers_LoggerStopMode_isEmpty__E)
                  0000d800    00000010     ti.targets.arm.rtsarm.aem4f : Gate.oem4f (.text:xdc_runtime_Gate_leaveSystem__E)
                  0000d810    00000010                                 : Memory.oem4f (.text:xdc_runtime_Memory_free__E)
                  0000d820    00000010                                 : SysMin.oem4f (.text:xdc_runtime_SysMin_ready__E)
                  0000d830    00000010                                 : System.oem4f (.text:xdc_runtime_System_vsnprintf__E)
                  0000d840    00000010     main_pem4f.oem4f (.text:xdc_runtime_Text_visitRope__I)
                  0000d850    0000000e     tirtosport.aem4f : HwiP_tirtos.oem4f (.text:HwiP_Params_init)
                  0000d85e    0000000e     msp432p4xx_driverlib.lib : i2c.o (.text:I2C_clearInterruptFlag)
                  0000d86c    0000000e                              : i2c.o (.text:I2C_disableInterrupt)
                  0000d87a    0000000e                              : i2c.o (.text:I2C_setMode)
                  0000d888    0000000e                              : uart.o (.text:UART_clearInterruptFlag)
                  0000d896    0000000e     rtsv7M4_T_le_v4SPD16_eabi.lib : copy_decompress_none.obj (.text:decompress:none)
                  0000d8a4    00000004     --HOLE-- [fill = 0]
                  0000d8a8    0000000e     sysbios.aem4f : BIOS.obj (.text:ti_sysbios_knl_Queue_empty__E)
                  0000d8b6    0000000e     main_pem4f.oem4f (.text:ti_sysbios_knl_Task_Object__get__S)
                  0000d8c4    0000000c     main_pem4f.oem4f (.text:.bootCodeSection:ti_sysbios_family_arm_msp432_init_Boot_init__I)
                  0000d8d0    0000000c     msp432p4xx_driverlib.lib : cpu.o (.text:CPU_cpsid)
                  0000d8dc    0000000c                              : cpu.o (.text:CPU_cpsie)
                  0000d8e8    0000000c                              : i2c.o (.text:I2C_disableModule)
                  0000d8f4    0000000c                              : i2c.o (.text:I2C_enableModule)
                  0000d900    0000000c                              : pcm.o (.text:PCM_getPowerState)
                  0000d90c    0000000c     drivers_MSP432P401R.aem4f : PowerMSP432.oem4f (.text:Power_getConstraintMask)
                  0000d918    0000000c                               : PowerMSP432.oem4f (.text:Power_getPerformanceLevel)
                  0000d924    0000000c                               : UARTMSP432.oem4f (.text:UARTMSP432_init)
                  0000d930    0000000c     msp432p4xx_driverlib.lib : uart.o (.text:UART_disableModule)
                  0000d93c    0000000c                              : uart.o (.text:UART_enableModule)
                  0000d948    0000000c     rtsv7M4_T_le_v4SPD16_eabi.lib : copy_zero_init.obj (.text:decompress:ZI)
                  0000d954    0000000c     main_pem4f.oem4f (.text:ti_sysbios_family_arm_m3_Hwi_Params__init__S)
                  0000d960    0000000c     sysbios.aem4f : BIOS.obj (.text:ti_sysbios_family_arm_m3_Hwi_disableFxn__E)
                  0000d96c    00000004     --HOLE-- [fill = 0]
                  0000d970    0000000c                   : BIOS.obj (.text:ti_sysbios_family_arm_m3_TaskSupport_checkStack__E)
                  0000d97c    00000004     --HOLE-- [fill = 0]
                  0000d980    0000000c                   : BIOS.obj (.text:ti_sysbios_family_arm_m3_TaskSupport_getStackAlignment__E)
                  0000d98c    00000004     --HOLE-- [fill = 0]
                  0000d990    0000000c                   : BIOS.obj (.text:ti_sysbios_family_arm_m3_TimestampProvider_startTimer__E)
                  0000d99c    00000004     --HOLE-- [fill = 0]
                  0000d9a0    0000000c                   : BIOS.obj (.text:ti_sysbios_family_arm_msp432_Timer_getMaxTicks__E)
                  0000d9ac    00000004     --HOLE-- [fill = 0]
                  0000d9b0    0000000c                   : BIOS.obj (.text:ti_sysbios_gates_GateHwi_enter__E)
                  0000d9bc    0000000c     main_pem4f.oem4f (.text:ti_sysbios_knl_Clock_Params__init__S)
                  0000d9c8    0000000c     main_pem4f.oem4f (.text:ti_sysbios_knl_Queue_Object__get__S)
                  0000d9d4    0000000c     main_pem4f.oem4f (.text:ti_sysbios_knl_Semaphore_Params__init__S)
                  0000d9e0    0000000c     main_pem4f.oem4f (.text:ti_sysbios_knl_Task_Params__init__S)
                  0000d9ec    0000000c     ti.targets.arm.rtsarm.aem4f : Error.oem4f (.text:xdc_runtime_Error_init__E)
                  0000d9f8    0000000c                                 : Gate.oem4f (.text:xdc_runtime_Gate_enterSystem__E)
                  0000da04    0000000c                                 : Memory.oem4f (.text:xdc_runtime_Memory_calloc__E)
                  0000da10    0000000c                                 : Memory.oem4f (.text:xdc_runtime_Memory_getMaxDefaultTypeAlign__E)
                  0000da1c    0000000c                                 : Startup.oem4f (.text:xdc_runtime_Startup_rtsDone__E)
                  0000da28    0000000a     tirtosport.aem4f : ClockP_tirtos.oem4f (.text:ClockP_stop)
                  0000da32    0000000a     drivers_MSP432P401R.aem4f : I2CMSP432.oem4f (.text:I2CMSP432_init)
                  0000da3c    0000000a                               : I2C.oem4f (.text:I2C_transfer)
                  0000da46    0000000a     tirtosport.aem4f : SemaphoreP_tirtos.oem4f (.text:SemaphoreP_post)
                  0000da50    0000000a     drivers_MSP432P401R.aem4f : UART.oem4f (.text:UART_read)
                  0000da5a    0000000a                               : UART.oem4f (.text:UART_write)
                  0000da64    0000000a     main_pem4f.oem4f (.text:xdc_runtime_IHeap_alloc)
                  0000da6e    0000000a     main_pem4f.oem4f (.text:xdc_runtime_IHeap_free)
                  0000da78    00000008     tirtosport.aem4f : ClockP_tirtos.oem4f (.text:ClockP_Params_init)
                  0000da80    00000008     msp432p4xx_driverlib.lib : i2c.o (.text:I2C_enableInterrupt)
                  0000da88    00000008     MSP_EXP432P401R.obj (.text:MSP_EXP432P401R_initGPIO)
                  0000da90    00000008     MSP_EXP432P401R.obj (.text:MSP_EXP432P401R_initGeneral)
                  0000da98    00000008     msp432p4xx_driverlib.lib : pcm.o (.text:PCM_setPowerMode)
                  0000daa0    00000008                              : pcm.o (.text:PCM_setPowerState)
                  0000daa8    00000008     tirtosport.aem4f : SemaphoreP_tirtos.oem4f (.text:SemaphoreP_Params_init)
                  0000dab0    00000008     drivers_MSP432P401R.aem4f : I2CMSP432.oem4f (.text:blockingTransferCallback)
                  0000dab8    00000008                               : UARTMSP432.oem4f (.text:readSemCallback)
                  0000dac0    00000008     sysbios.aem4f : BIOS.obj (.text:ti_sysbios_family_arm_m3_Hwi_doSwiRestore__I)
                  0000dac8    00000008                   : BIOS.obj (.text:ti_sysbios_family_arm_m3_Hwi_startup__E)
                  0000dad0    00000008     drivers_MSP432P401R.aem4f : UARTMSP432.oem4f (.text:writeSemCallback)
                  0000dad8    00000006     msp432p4xx_driverlib.lib : i2c.o (.text:I2C_masterReceiveMultiByteNext)
                  0000dade    00000006                              : uart.o (.text:UART_getInterruptStatus)
                  0000dae4    00000006                              : uart.o (.text:UART_queryStatusFlags)
                  0000daea    00000006     ti.targets.arm.rtsarm.aem4f : System.oem4f (.text:xdc_runtime_System_Module_startup__E)
                  0000daf0    00000006     sysbios.aem4f : BIOS.obj (.text:ti_sysbios_family_arm_m3_Hwi_doTaskRestore__I)
                  0000daf6    00000002     --HOLE-- [fill = 0]
                  0000daf8    00000006                   : BIOS.obj (.text:ti_sysbios_family_arm_m3_Hwi_restoreFxn__E)
                  0000dafe    00000002     --HOLE-- [fill = 0]
                  0000db00    00000006                   : BIOS.obj (.text:ti_sysbios_gates_GateHwi_leave__E)
                  0000db06    00000002     --HOLE-- [fill = 0]
                  0000db08    00000006                   : BIOS.obj (.text:ti_sysbios_heaps_HeapMem_isBlocking__E)
                  0000db0e    00000002     --HOLE-- [fill = 0]
                  0000db10    00000006                   : BIOS.obj (.text:ti_sysbios_knl_Clock_stop__E)
                  0000db16    00000002     --HOLE-- [fill = 0]
                  0000db18    00000006                   : BIOS.obj (.text:ti_sysbios_knl_Queue_Instance_init__E)
                  0000db1e    00000002     --HOLE-- [fill = 0]
                  0000db20    00000006                   : BIOS.obj (.text:ti_sysbios_knl_Swi_startup__E)
                  0000db26    00000002     --HOLE-- [fill = 0]
                  0000db28    00000004                   : BIOS.obj (.text:ti_sysbios_gates_GateHwi_query__E)
                  0000db2c    00000004     --HOLE-- [fill = 0]
                  0000db30    00000004                   : BIOS.obj (.text:ti_sysbios_gates_GateMutex_query__E)
                  0000db34    00000004     --HOLE-- [fill = 0]
                  0000db38    00000004                   : BIOS.obj (.text:ti_sysbios_knl_Clock_setTimeout__E)
                  0000db3c    00000004     --HOLE-- [fill = 0]
                  0000db40    00000004                   : BIOS.obj (.text:ti_sysbios_knl_Task_startup__E)
                  0000db44    00000004     --HOLE-- [fill = 0]
                  0000db48    00000002                   : BIOS.obj (.text:ti_sysbios_BIOS_linkedWithIncorrectBootLibrary__E)
                  0000db4a    00000006     --HOLE-- [fill = 0]
                  0000db50    00000002                   : BIOS.obj (.text:ti_sysbios_family_arm_m3_TimestampProvider_rolloverFunc__E)
                  0000db52    00000006     --HOLE-- [fill = 0]
                  0000db58    00000002                   : BIOS.obj (.text:ti_sysbios_gates_GateHwi_Instance_init__E)

.const     0    0000db5c    000028d4     
                  0000db5c    00001f4d     main_pem4f.oem4f (.const:xdc_runtime_Text_charTab__A)
                  0000faa9    00000001     main_pem4f.oem4f (.const:xdc_runtime_Error_policy__C)
                  0000faaa    00000100     main_pem4f.oem4f (.const:xdc_runtime_Text_nodeTab__A)
                  0000fbaa    00000002     main_pem4f.oem4f (.const:ti_sysbios_family_arm_m3_Hwi_Module__id__C)
                  0000fbac    00000070     MSP_EXP432P401R.obj (.const:uartMSP432Baudrates)
                  0000fc1c    00000060     main_pem4f.oem4f (.const:ti_uia_loggers_LoggerStopMode_Module__FXNS__C)
                  0000fc7c    00000048     main_pem4f.oem4f (.const:.string)
                  0000fcc4    00000048     MSP_EXP432P401R.obj (.const:uartMSP432HWAttrs)
                  0000fd0c    0000003c     main_pem4f.oem4f (.const:ti_sysbios_knl_Task_Object__PARAMS__C)
                  0000fd48    00000030     main_pem4f.oem4f (.const:ti_sysbios_family_arm_m3_Hwi_Object__PARAMS__C)
                  0000fd78    0000002c     main_pem4f.oem4f (.const:xdc_runtime_Startup_sfxnTab__A)
                  0000fda4    00000028     drivers_MSP432P401R.aem4f : UARTMSP432.oem4f (.const:UARTMSP432_fxnTable)
                  0000fdcc    00000028     main_pem4f.oem4f (.const:ti_sysbios_heaps_HeapMem_Module__FXNS__C)
                  0000fdf4    00000028     main_pem4f.oem4f (.const:ti_uia_loggers_LoggerStopMode_Object__PARAMS__C)
                  0000fe1c    00000024     MSP_EXP432P401R.obj (.const:UART_config)
                  0000fe40    00000024     drivers_MSP432P401R.aem4f : UART.oem4f (.const:UART_defaultParams)
                  0000fe64    00000024                               : UARTMSP432.oem4f (.const)
                  0000fe88    00000024     main_pem4f.oem4f (.const:ti_sysbios_gates_GateHwi_Module__FXNS__C)
                  0000feac    00000024     main_pem4f.oem4f (.const:ti_sysbios_gates_GateMutex_Module__FXNS__C)
                  0000fed0    00000024     main_pem4f.oem4f (.const:ti_sysbios_heaps_HeapMem_Object__PARAMS__C)
                  0000fef4    00000024     main_pem4f.oem4f (.const:ti_sysbios_knl_Clock_Object__PARAMS__C)
                  0000ff18    00000024     main_pem4f.oem4f (.const:ti_sysbios_knl_Semaphore_Object__PARAMS__C)
                  0000ff3c    00000020     drivers_MSP432P401R.aem4f : I2CMSP432.oem4f (.const)
                  0000ff5c    00000020     main_pem4f.oem4f (.const:ti_sysbios_family_arm_m3_Hwi_Object__DESC__C)
                  0000ff7c    00000020     main_pem4f.oem4f (.const:ti_sysbios_gates_GateHwi_Object__DESC__C)
                  0000ff9c    00000020     main_pem4f.oem4f (.const:ti_sysbios_gates_GateMutex_Object__DESC__C)
                  0000ffbc    00000020     main_pem4f.oem4f (.const:ti_sysbios_heaps_HeapMem_Object__DESC__C)
                  0000ffdc    00000020     main_pem4f.oem4f (.const:ti_sysbios_knl_Clock_Object__DESC__C)
                  0000fffc    00000020     main_pem4f.oem4f (.const:ti_sysbios_knl_Queue_Object__DESC__C)
                  0001001c    00000020     main_pem4f.oem4f (.const:ti_sysbios_knl_Semaphore_Object__DESC__C)
                  0001003c    00000020     main_pem4f.oem4f (.const:ti_sysbios_knl_Task_Object__DESC__C)
                  0001005c    00000020     main_pem4f.oem4f (.const:ti_uia_loggers_LoggerStopMode_Object__DESC__C)
                  0001007c    00000018     MSP_EXP432P401R.obj (.const:I2C_config)
                  00010094    00000018     main_pem4f.oem4f (.const:ti_sysbios_gates_GateHwi_Object__PARAMS__C)
                  000100ac    00000018     main_pem4f.oem4f (.const:ti_sysbios_gates_GateMutex_Object__PARAMS__C)
                  000100c4    00000018     main_pem4f.oem4f (.const:ti_sysbios_knl_Queue_Object__PARAMS__C)
                  000100dc    00000016     main_pem4f.oem4f (.const:xdc_runtime_Startup_sfxnRts__A)
                  000100f2    00000002     main_pem4f.oem4f (.const:ti_sysbios_family_arm_m3_Hwi_Module__loggerDefined__C)
                  000100f4    00000014     MSP_EXP432P401R.obj (.const:GPIOMSP432_config)
                  00010108    00000010     MSP_EXP432P401R.obj (.const:PowerMSP432_config)
                  00010118    00000010     drivers_MSP432P401R.aem4f : I2C.oem4f (.const)
                  00010128    00000010     MSP_EXP432P401R.obj (.const:i2cMSP432HWAttrs)
                  00010138    0000000c     drivers_MSP432P401R.aem4f : GPIOMSP432.oem4f (.const:.string)
                  00010144    0000000c     main_pem4f.oem4f (.const:ti_sysbios_knl_Idle_funcList__A)
                  00010150    0000000c     main_pem4f.oem4f (.const:xdc_runtime_Startup_firstFxns__A)
                  0001015c    00000008     main_pem4f.oem4f (.const:ti_sysbios_family_arm_m3_Hwi_excHookFuncs__A)
                  00010164    00000008     main_pem4f.oem4f (.const:ti_sysbios_knl_Idle_funcList__C)
                  0001016c    00000008     main_pem4f.oem4f (.const:xdc_runtime_Startup_firstFxns__C)
                  00010174    00000008     main_pem4f.oem4f (.const:xdc_runtime_Startup_lastFxns__C)
                  0001017c    00000005     drivers_MSP432P401R.aem4f : UARTMSP432.oem4f (.const:.string)
                  00010181    00000001     --HOLE-- [fill = 0]
                  00010182    00000002     main_pem4f.oem4f (.const:ti_sysbios_family_arm_m3_Timer_Module__id__C)
                  00010184    00000004     main_pem4f.oem4f (.const:ti_sysbios_family_arm_m3_Hwi_E_NMI__C)
                  00010188    00000004     main_pem4f.oem4f (.const:ti_sysbios_family_arm_m3_Hwi_E_alreadyDefined__C)
                  0001018c    00000004     main_pem4f.oem4f (.const:ti_sysbios_family_arm_m3_Hwi_E_busFault__C)
                  00010190    00000004     main_pem4f.oem4f (.const:ti_sysbios_family_arm_m3_Hwi_E_debugMon__C)
                  00010194    00000004     main_pem4f.oem4f (.const:ti_sysbios_family_arm_m3_Hwi_E_hardFault__C)
                  00010198    00000004     main_pem4f.oem4f (.const:ti_sysbios_family_arm_m3_Hwi_E_memFault__C)
                  0001019c    00000004     main_pem4f.oem4f (.const:ti_sysbios_family_arm_m3_Hwi_E_noIsr__C)
                  000101a0    00000004     main_pem4f.oem4f (.const:ti_sysbios_family_arm_m3_Hwi_E_reserved__C)
                  000101a4    00000004     main_pem4f.oem4f (.const:ti_sysbios_family_arm_m3_Hwi_E_svCall__C)
                  000101a8    00000004     main_pem4f.oem4f (.const:ti_sysbios_family_arm_m3_Hwi_E_usageFault__C)
                  000101ac    00000004     main_pem4f.oem4f (.const:ti_sysbios_family_arm_m3_Hwi_LD_end__C)
                  000101b0    00000004     main_pem4f.oem4f (.const:ti_sysbios_family_arm_m3_Hwi_LM_begin__C)
                  000101b4    00000004     main_pem4f.oem4f (.const:ti_sysbios_family_arm_m3_Hwi_Module__diagsEnabled__C)
                  000101b8    00000004     main_pem4f.oem4f (.const:ti_sysbios_family_arm_m3_Hwi_Module__diagsIncluded__C)
                  000101bc    00000004     main_pem4f.oem4f (.const:ti_sysbios_family_arm_m3_Hwi_Module__diagsMask__C)
                  000101c0    00000004     main_pem4f.oem4f (.const:ti_sysbios_family_arm_m3_Hwi_Module__loggerFxn1__C)
                  000101c4    00000004     main_pem4f.oem4f (.const:ti_sysbios_family_arm_m3_Hwi_Module__loggerFxn8__C)
                  000101c8    00000004     main_pem4f.oem4f (.const:ti_sysbios_family_arm_m3_Hwi_Module__loggerObj__C)
                  000101cc    00000004     main_pem4f.oem4f (.const:ti_sysbios_family_arm_m3_Hwi_NUM_INTERRUPTS__C)
                  000101d0    00000004     main_pem4f.oem4f (.const:ti_sysbios_family_arm_m3_Hwi_Object__count__C)
                  000101d4    00000004     main_pem4f.oem4f (.const:ti_sysbios_family_arm_m3_Hwi_ccr__C)
                  000101d8    00000004     main_pem4f.oem4f (.const:ti_sysbios_family_arm_m3_Hwi_excHandlerFunc__C)
                  000101dc    00000004     main_pem4f.oem4f (.const:ti_sysbios_family_arm_m3_Hwi_excHookFuncs__C)
                  000101e0    00000004     main_pem4f.oem4f (.const:ti_sysbios_family_arm_m3_Hwi_nullIsrFunc__C)
                  000101e4    00000004     main_pem4f.oem4f (.const:ti_sysbios_family_arm_m3_Hwi_priGroup__C)
                  000101e8    00000004     main_pem4f.oem4f (.const:ti_sysbios_family_arm_m3_TaskSupport_stackAlignment__C)
                  000101ec    00000004     main_pem4f.oem4f (.const:ti_sysbios_family_arm_m3_Timer_E_cannotSupport__C)
                  000101f0    00000004     main_pem4f.oem4f (.const:ti_sysbios_family_arm_m3_Timer_startupNeeded__C)
                  000101f4    00000004     main_pem4f.oem4f (.const:ti_sysbios_family_arm_msp432_Timer_numTimerDevices__C)
                  000101f8    00000004     main_pem4f.oem4f (.const:ti_sysbios_family_arm_msp432_Timer_startupNeeded__C)
                  000101fc    00000004     main_pem4f.oem4f (.const:ti_sysbios_gates_GateMutex_A_badContext__C)
                  00010200    00000004     main_pem4f.oem4f (.const:ti_sysbios_gates_GateMutex_Instance_State_sem__O)
                  00010204    00000004     main_pem4f.oem4f (.const:ti_sysbios_gates_GateMutex_Module__diagsEnabled__C)
                  00010208    00000004     main_pem4f.oem4f (.const:ti_sysbios_gates_GateMutex_Module__diagsIncluded__C)
                  0001020c    00000004     main_pem4f.oem4f (.const:ti_sysbios_gates_GateMutex_Module__diagsMask__C)
                  00010210    00000004     main_pem4f.oem4f (.const:ti_sysbios_hal_Hwi_E_stackOverflow__C)
                  00010214    00000004     main_pem4f.oem4f (.const:ti_sysbios_heaps_HeapMem_A_align__C)
                  00010218    00000004     main_pem4f.oem4f (.const:ti_sysbios_heaps_HeapMem_A_heapSize__C)
                  0001021c    00000004     main_pem4f.oem4f (.const:ti_sysbios_heaps_HeapMem_A_invalidFree__C)
                  00010220    00000004     main_pem4f.oem4f (.const:ti_sysbios_heaps_HeapMem_A_zeroBlock__C)
                  00010224    00000004     main_pem4f.oem4f (.const:ti_sysbios_heaps_HeapMem_E_memory__C)
                  00010228    00000004     main_pem4f.oem4f (.const:ti_sysbios_heaps_HeapMem_Module__diagsEnabled__C)
                  0001022c    00000004     main_pem4f.oem4f (.const:ti_sysbios_heaps_HeapMem_Module__diagsIncluded__C)
                  00010230    00000004     main_pem4f.oem4f (.const:ti_sysbios_heaps_HeapMem_Module__diagsMask__C)
                  00010234    00000004     main_pem4f.oem4f (.const:ti_sysbios_heaps_HeapMem_Module__gateObj__C)
                  00010238    00000004     main_pem4f.oem4f (.const:ti_sysbios_heaps_HeapMem_Object__count__C)
                  0001023c    00000004     main_pem4f.oem4f (.const:ti_sysbios_heaps_HeapMem_reqAlign__C)
                  00010240    00000004     main_pem4f.oem4f (.const:ti_sysbios_knl_Clock_A_badThreadType__C)
                  00010244    00000004     main_pem4f.oem4f (.const:ti_sysbios_knl_Clock_LM_begin__C)
                  00010248    00000004     main_pem4f.oem4f (.const:ti_sysbios_knl_Clock_LM_tick__C)
                  0001024c    00000004     main_pem4f.oem4f (.const:ti_sysbios_knl_Clock_LW_delayed__C)
                  00010250    00000004     main_pem4f.oem4f (.const:ti_sysbios_knl_Clock_Module_State_clockQ__O)
                  00010254    00000004     main_pem4f.oem4f (.const:ti_sysbios_knl_Clock_Module__diagsEnabled__C)
                  00010258    00000004     main_pem4f.oem4f (.const:ti_sysbios_knl_Clock_Module__diagsIncluded__C)
                  0001025c    00000004     main_pem4f.oem4f (.const:ti_sysbios_knl_Clock_Module__diagsMask__C)
                  00010260    00000004     main_pem4f.oem4f (.const:ti_sysbios_knl_Clock_Module__loggerFxn1__C)
                  00010264    00000004     main_pem4f.oem4f (.const:ti_sysbios_knl_Clock_Module__loggerFxn2__C)
                  00010268    00000004     main_pem4f.oem4f (.const:ti_sysbios_knl_Clock_Module__loggerObj__C)
                  0001026c    00000004     main_pem4f.oem4f (.const:ti_sysbios_knl_Semaphore_A_badContext__C)
                  00010270    00000004     main_pem4f.oem4f (.const:ti_sysbios_knl_Semaphore_A_noEvents__C)
                  00010274    00000004     main_pem4f.oem4f (.const:ti_sysbios_knl_Semaphore_A_overflow__C)
                  00010278    00000004     main_pem4f.oem4f (.const:ti_sysbios_knl_Semaphore_A_pendTaskDisabled__C)
                  0001027c    00000004     main_pem4f.oem4f (.const:ti_sysbios_knl_Semaphore_Instance_State_pendQ__O)
                  00010280    00000004     main_pem4f.oem4f (.const:ti_sysbios_knl_Semaphore_LM_pend__C)
                  00010284    00000004     main_pem4f.oem4f (.const:ti_sysbios_knl_Semaphore_LM_post__C)
                  00010288    00000004     main_pem4f.oem4f (.const:ti_sysbios_knl_Semaphore_Module__diagsEnabled__C)
                  0001028c    00000004     main_pem4f.oem4f (.const:ti_sysbios_knl_Semaphore_Module__diagsIncluded__C)
                  00010290    00000004     main_pem4f.oem4f (.const:ti_sysbios_knl_Semaphore_Module__diagsMask__C)
                  00010294    00000004     main_pem4f.oem4f (.const:ti_sysbios_knl_Semaphore_Module__loggerFxn2__C)
                  00010298    00000004     main_pem4f.oem4f (.const:ti_sysbios_knl_Semaphore_Module__loggerFxn4__C)
                  0001029c    00000004     main_pem4f.oem4f (.const:ti_sysbios_knl_Semaphore_Module__loggerObj__C)
                  000102a0    00000004     main_pem4f.oem4f (.const:ti_sysbios_knl_Swi_LD_end__C)
                  000102a4    00000004     main_pem4f.oem4f (.const:ti_sysbios_knl_Swi_LM_begin__C)
                  000102a8    00000004     main_pem4f.oem4f (.const:ti_sysbios_knl_Swi_LM_post__C)
                  000102ac    00000004     main_pem4f.oem4f (.const:ti_sysbios_knl_Swi_Module__diagsEnabled__C)
                  000102b0    00000004     main_pem4f.oem4f (.const:ti_sysbios_knl_Swi_Module__diagsIncluded__C)
                  000102b4    00000004     main_pem4f.oem4f (.const:ti_sysbios_knl_Swi_Module__diagsMask__C)
                  000102b8    00000004     main_pem4f.oem4f (.const:ti_sysbios_knl_Swi_Module__loggerFxn1__C)
                  000102bc    00000004     main_pem4f.oem4f (.const:ti_sysbios_knl_Swi_Module__loggerFxn4__C)
                  000102c0    00000004     main_pem4f.oem4f (.const:ti_sysbios_knl_Swi_Module__loggerObj__C)
                  000102c4    00000004     main_pem4f.oem4f (.const:ti_sysbios_knl_Swi_Object__count__C)
                  000102c8    00000004     main_pem4f.oem4f (.const:ti_sysbios_knl_Task_A_badPriority__C)
                  000102cc    00000004     main_pem4f.oem4f (.const:ti_sysbios_knl_Task_A_badTaskState__C)
                  000102d0    00000004     main_pem4f.oem4f (.const:ti_sysbios_knl_Task_A_badThreadType__C)
                  000102d4    00000004     main_pem4f.oem4f (.const:ti_sysbios_knl_Task_A_badTimeout__C)
                  000102d8    00000004     main_pem4f.oem4f (.const:ti_sysbios_knl_Task_A_noPendElem__C)
                  000102dc    00000004     main_pem4f.oem4f (.const:ti_sysbios_knl_Task_A_sleepTaskDisabled__C)
                  000102e0    00000004     main_pem4f.oem4f (.const:ti_sysbios_knl_Task_E_spOutOfBounds__C)
                  000102e4    00000004     main_pem4f.oem4f (.const:ti_sysbios_knl_Task_E_stackOverflow__C)
                  000102e8    00000004     main_pem4f.oem4f (.const:ti_sysbios_knl_Task_LD_block__C)
                  000102ec    00000004     main_pem4f.oem4f (.const:ti_sysbios_knl_Task_LD_exit__C)
                  000102f0    00000004     main_pem4f.oem4f (.const:ti_sysbios_knl_Task_LD_ready__C)
                  000102f4    00000004     main_pem4f.oem4f (.const:ti_sysbios_knl_Task_LM_sleep__C)
                  000102f8    00000004     main_pem4f.oem4f (.const:ti_sysbios_knl_Task_LM_switch__C)
                  000102fc    00000004     main_pem4f.oem4f (.const:ti_sysbios_knl_Task_Module_State_inactiveQ__O)
                  00010300    00000004     main_pem4f.oem4f (.const:ti_sysbios_knl_Task_Module__diagsEnabled__C)
                  00010304    00000004     main_pem4f.oem4f (.const:ti_sysbios_knl_Task_Module__diagsIncluded__C)
                  00010308    00000004     main_pem4f.oem4f (.const:ti_sysbios_knl_Task_Module__diagsMask__C)
                  0001030c    00000004     main_pem4f.oem4f (.const:ti_sysbios_knl_Task_Module__loggerFxn2__C)
                  00010310    00000004     main_pem4f.oem4f (.const:ti_sysbios_knl_Task_Module__loggerFxn4__C)
                  00010314    00000004     main_pem4f.oem4f (.const:ti_sysbios_knl_Task_Module__loggerObj__C)
                  00010318    00000004     main_pem4f.oem4f (.const:ti_sysbios_knl_Task_Object__count__C)
                  0001031c    00000004     main_pem4f.oem4f (.const:ti_sysbios_knl_Task_allBlockedFunc__C)
                  00010320    00000004     main_pem4f.oem4f (.const:ti_sysbios_knl_Task_defaultStackHeap__C)
                  00010324    00000004     main_pem4f.oem4f (.const:ti_sysbios_knl_Task_defaultStackSize__C)
[...]
000101fc  ti_sysbios_gates_GateMutex_A_badContext__C                   
00010200  ti_sysbios_gates_GateMutex_Instance_State_sem__O             
00010204  ti_sysbios_gates_GateMutex_Module__diagsEnabled__C           
00010208  ti_sysbios_gates_GateMutex_Module__diagsIncluded__C          
0001020c  ti_sysbios_gates_GateMutex_Module__diagsMask__C              
00010210  ti_sysbios_hal_Hwi_E_stackOverflow__C                        
00010214  ti_sysbios_heaps_HeapMem_A_align__C                          
00010218  ti_sysbios_heaps_HeapMem_A_heapSize__C                       
0001021c  ti_sysbios_heaps_HeapMem_A_invalidFree__C                    
00010220  ti_sysbios_heaps_HeapMem_A_zeroBlock__C                      
00010224  ti_sysbios_heaps_HeapMem_E_memory__C                         
00010228  ti_sysbios_heaps_HeapMem_Module__diagsEnabled__C             
0001022c  ti_sysbios_heaps_HeapMem_Module__diagsIncluded__C            
00010230  ti_sysbios_heaps_HeapMem_Module__diagsMask__C                
00010234  ti_sysbios_heaps_HeapMem_Module__gateObj__C                  
00010238  ti_sysbios_heaps_HeapMem_Object__count__C                    
0001023c  ti_sysbios_heaps_HeapMem_reqAlign__C                         
00010240  ti_sysbios_knl_Clock_A_badThreadType__C                      
00010244  ti_sysbios_knl_Clock_LM_begin__C                             
00010248  ti_sysbios_knl_Clock_LM_tick__C                              
0001024c  ti_sysbios_knl_Clock_LW_delayed__C                           
00010250  ti_sysbios_knl_Clock_Module_State_clockQ__O                  
00010254  ti_sysbios_knl_Clock_Module__diagsEnabled__C                 
00010258  ti_sysbios_knl_Clock_Module__diagsIncluded__C                
0001025c  ti_sysbios_knl_Clock_Module__diagsMask__C                    
00010260  ti_sysbios_knl_Clock_Module__loggerFxn1__C                   
00010264  ti_sysbios_knl_Clock_Module__loggerFxn2__C                   
00010268  ti_sysbios_knl_Clock_Module__loggerObj__C                    
0001026c  ti_sysbios_knl_Semaphore_A_badContext__C                     
00010270  ti_sysbios_knl_Semaphore_A_noEvents__C                       
00010274  ti_sysbios_knl_Semaphore_A_overflow__C                       
00010278  ti_sysbios_knl_Semaphore_A_pendTaskDisabled__C               
0001027c  ti_sysbios_knl_Semaphore_Instance_State_pendQ__O             
00010280  ti_sysbios_knl_Semaphore_LM_pend__C                          
00010284  ti_sysbios_knl_Semaphore_LM_post__C                          
00010288  ti_sysbios_knl_Semaphore_Module__diagsEnabled__C             
0001028c  ti_sysbios_knl_Semaphore_Module__diagsIncluded__C            
00010290  ti_sysbios_knl_Semaphore_Module__diagsMask__C                
00010294  ti_sysbios_knl_Semaphore_Module__loggerFxn2__C               
00010298  ti_sysbios_knl_Semaphore_Module__loggerFxn4__C               
0001029c  ti_sysbios_knl_Semaphore_Module__loggerObj__C                
000102a0  ti_sysbios_knl_Swi_LD_end__C                                 
000102a4  ti_sysbios_knl_Swi_LM_begin__C                               
000102a8  ti_sysbios_knl_Swi_LM_post__C                                
000102ac  ti_sysbios_knl_Swi_Module__diagsEnabled__C                   
000102b0  ti_sysbios_knl_Swi_Module__diagsIncluded__C                  
000102b4  ti_sysbios_knl_Swi_Module__diagsMask__C                      
000102b8  ti_sysbios_knl_Swi_Module__loggerFxn1__C                     
000102bc  ti_sysbios_knl_Swi_Module__loggerFxn4__C                     
000102c0  ti_sysbios_knl_Swi_Module__loggerObj__C                      
000102c4  ti_sysbios_knl_Swi_Object__count__C                          
000102c8  ti_sysbios_knl_Task_A_badPriority__C                         
000102cc  ti_sysbios_knl_Task_A_badTaskState__C                        
000102d0  ti_sysbios_knl_Task_A_badThreadType__C                       
000102d4  ti_sysbios_knl_Task_A_badTimeout__C                          
000102d8  ti_sysbios_knl_Task_A_noPendElem__C                          
000102dc  ti_sysbios_knl_Task_A_sleepTaskDisabled__C                   
000102e0  ti_sysbios_knl_Task_E_spOutOfBounds__C                       
000102e4  ti_sysbios_knl_Task_E_stackOverflow__C                       
000102e8  ti_sysbios_knl_Task_LD_block__C                              
000102ec  ti_sysbios_knl_Task_LD_exit__C                               
000102f0  ti_sysbios_knl_Task_LD_ready__C                              
000102f4  ti_sysbios_knl_Task_LM_sleep__C                              
000102f8  ti_sysbios_knl_Task_LM_switch__C                             
000102fc  ti_sysbios_knl_Task_Module_State_inactiveQ__O                
00010300  ti_sysbios_knl_Task_Module__diagsEnabled__C                  
00010304  ti_sysbios_knl_Task_Module__diagsIncluded__C                 
00010308  ti_sysbios_knl_Task_Module__diagsMask__C                     
0001030c  ti_sysbios_knl_Task_Module__loggerFxn2__C                    
00010310  ti_sysbios_knl_Task_Module__loggerFxn4__C                    
00010314  ti_sysbios_knl_Task_Module__loggerObj__C                     
00010318  ti_sysbios_knl_Task_Object__count__C                         
0001031c  ti_sysbios_knl_Task_allBlockedFunc__C                        
00010320  ti_sysbios_knl_Task_defaultStackHeap__C                      
00010324  ti_sysbios_knl_Task_defaultStackSize__C                      
00010328  ti_sysbios_knl_Task_numConstructedTasks__C                   
0001032c  ti_sysbios_utils_Load_LS_cpuLoad__C                          
00010330  ti_sysbios_utils_Load_Module__diagsEnabled__C                
00010334  ti_sysbios_utils_Load_Module__diagsIncluded__C               
00010338  ti_sysbios_utils_Load_Module__diagsMask__C                   
0001033c  ti_sysbios_utils_Load_Module__loggerFxn1__C                  
00010340  ti_sysbios_utils_Load_Module__loggerObj__C                   
00010344  ti_sysbios_utils_Load_postUpdate__C                          
00010348  ti_sysbios_utils_Load_windowInMs__C                          
0001034c  ti_uia_loggers_LoggerStopMode_Module__diagsEnabled__C        
00010350  ti_uia_loggers_LoggerStopMode_Module__diagsIncluded__C       
00010354  ti_uia_loggers_LoggerStopMode_Module__diagsMask__C           
00010358  ti_uia_loggers_LoggerStopMode_Object__count__C               
0001035c  ti_uia_runtime_ILoggerSnapshot_Interface__BASE__C            
00010360  ti_uia_runtime_IUIATransfer_Interface__BASE__C               
00010364  xdc_runtime_Assert_E_assertFailed__C                         
00010368  xdc_runtime_Core_A_initializedParams__C                      
0001036c  xdc_runtime_Core_Module__diagsEnabled__C                     
00010370  xdc_runtime_Core_Module__diagsIncluded__C                    
00010374  xdc_runtime_Core_Module__diagsMask__C                        
00010378  xdc_runtime_Error_E_memory__C                                
0001037c  xdc_runtime_Error_Module__diagsEnabled__C                    
00010380  xdc_runtime_Error_Module__diagsIncluded__C                   
00010384  xdc_runtime_Error_Module__diagsMask__C                       
00010388  xdc_runtime_Error_Module__loggerFxn8__C                      
0001038c  xdc_runtime_Error_Module__loggerObj__C                       
00010390  xdc_runtime_Error_policyFxn__C                               
00010394  xdc_runtime_Error_raiseHook__C                               
00010398  xdc_runtime_IFilterLogger_Interface__BASE__C                 
0001039c  xdc_runtime_IGateProvider_Interface__BASE__C                 
000103a0  xdc_runtime_IHeap_Interface__BASE__C                         
000103a4  xdc_runtime_ILogger_Interface__BASE__C                       
000103a8  xdc_runtime_IModule_Interface__BASE__C                       
000103ac  xdc_runtime_Log_L_error__C                                   
000103b0  xdc_runtime_Memory_defaultHeapInstance__C                    
000103b4  xdc_runtime_Startup_execImpl__C                              
000103b8  xdc_runtime_Startup_lastFxns__A                              
000103bc  xdc_runtime_Startup_maxPasses__C                             
000103c0  xdc_runtime_Startup_sfxnRts__C                               
000103c4  xdc_runtime_Startup_sfxnTab__C                               
000103c8  xdc_runtime_SysMin_bufSize__C                                
000103cc  xdc_runtime_SysMin_outputFunc__C                             
000103d0  xdc_runtime_System_Module__gateObj__C                        
000103d4  xdc_runtime_System_abortFxn__C                               
000103d8  xdc_runtime_System_exitFxn__C                                
000103dc  xdc_runtime_System_extendFxn__C                              
000103e0  xdc_runtime_System_maxAtexitHandlers__C                      
000103e4  xdc_runtime_Text_charTab__C                                  
000103e8  xdc_runtime_Text_nameEmpty__C                                
000103ec  xdc_runtime_Text_nameStatic__C                               
000103f0  xdc_runtime_Text_nameUnknown__C                              
000103f4  xdc_runtime_Text_nodeTab__C                                  
000103f8  xdc_runtime_Text_visitRopeFxn__C                             
000103fc  ti_sysbios_family_arm_m3_TimestampProvider_configTimer__C    
000103fe  ti_sysbios_gates_GateMutex_Module__id__C                     
00010400  ti_sysbios_hal_Hwi_Module__id__C                             
00010402  ti_sysbios_heaps_HeapMem_Module__id__C                       
00010404  ti_sysbios_knl_Clock_Module__id__C                           
00010406  ti_sysbios_knl_Clock_Module__loggerDefined__C                
00010408  ti_sysbios_knl_Semaphore_Module__id__C                       
0001040a  ti_sysbios_knl_Semaphore_Module__loggerDefined__C            
0001040c  ti_sysbios_knl_Swi_Module__id__C                             
0001040e  ti_sysbios_knl_Swi_Module__loggerDefined__C                  
00010410  ti_sysbios_knl_Task_Module__id__C                            
00010412  ti_sysbios_knl_Task_Module__loggerDefined__C                 
00010414  ti_sysbios_utils_Load_Module__id__C                          
00010416  ti_sysbios_utils_Load_Module__loggerDefined__C               
00010418  ti_sysbios_utils_Load_updateInIdle__C                        
0001041a  ti_uia_loggers_LoggerStopMode_Module__id__C                  
0001041c  ti_uia_loggers_LoggerStopMode_isTimestampEnabled__C          
0001041e  xdc_runtime_Core_Module__id__C                               
00010420  xdc_runtime_Error_Module__loggerDefined__C                   
00010422  xdc_runtime_Error_maxDepth__C                                
00010424  xdc_runtime_Memory_Module__id__C                             
00010426  xdc_runtime_SysMin_flushAtExit__C                            
00010428  xdc_runtime_Text_charCnt__C                                  
0001042a  xdc_runtime_Text_isLoaded__C                                 
0001042c  xdc_runtime_Text_registryModsLastId__C                       
0001042e  xdc_runtime_Text_unnamedModsLastId__C                        
00010430  __TI_static_base__                                           
000106c8  __TI_Handler_Table_Base                                      
000106d4  __TI_Handler_Table_Limit                                     
000106e8  __TI_CINIT_Base                                              
00010700  __TI_CINIT_Limit                                             
20000000  ti_sysbios_family_arm_m3_Hwi_ramVectors                      
20000180  ti_sysbios_heaps_HeapMem_Instance_State_0_buf__A             
20000980  LED0_STACK                                                   
20000d80  LED1_STACK                                                   
20001180  SENSOR_STACK                                                 
20001580  UART_STACK                                                   
20001980  ti_uia_loggers_LoggerStopMode_Instance_State_2_packetArray__A
20001d80  accel_fifo                                                   
200020ec  gyro_fifo                                                    
20002458  mag_fifo                                                     
200027f4  s_magcompXYZ                                                 
20002800  ti_uia_loggers_LoggerStopMode_Instance_State_1_packetArray__A
20002a00  ti_sysbios_family_arm_m3_Hwi_dispatchTable                   
20002b40  __CIOBUF_                                                    
20002c60  i2cTransaction                                               
20002c80  ti_uia_loggers_LoggerStopMode_Instance_State_0_packetArray__A
20002d80  uartMSP432Objects                                            
20002e80  xdc_runtime_SysMin_Module_State_0_outbuf__A                  
20002f00  i2cMSP432Objects                                             
20002f48  uartMSP432RingBuffer                                         
20002f88  s_bmi160                                                     
20002fac  i2cParams                                                    
20002fc4  accelxyz                                                     
20002fca  gyroxyz                                                      
20002fd0  s_accelXYZ                                                   
20002fd6  s_gyroXYZ                                                    
20002fdc  i2c                                                          
20002fe0  led0_handle                                                  
20002fe4  led0_sem                                                     
20002fe8  led1_sem                                                     
20002fec  output                                                       
20002ff0  sensor_handle                                                
20002ff4  sensor_sem                                                   
20002ff8  uart                                                         
20002ffc  uart_handle                                                  
20003000  ti_uia_loggers_LoggerStopMode_Instance_State_0_hdr__A        
20003030  gyro_off_x                                                   
20003032  gyro_off_y                                                   
20003034  gyro_off_z                                                   
20003036  accel_off_x                                                  
20003037  accel_off_y                                                  
20003038  accel_off_z                                                  
20003080  ti_uia_loggers_LoggerStopMode_Instance_State_1_hdr__A        
20003100  ti_uia_loggers_LoggerStopMode_Instance_State_2_hdr__A        
20003130  v_fifo_data_u8                                               
20003530  PowerMSP432_perfLevels                                       
200035cc  ti_uia_loggers_LoggerStopMode_Object__table__V               
20003668  ti_sysbios_utils_Load_Module__state__V                       
20003700  ti_sysbios_knl_Swi_Module_State_0_readyQ__A                  
20003780  ti_sysbios_knl_Task_Module_State_0_readyQ__A                 
20003800  ti_sysbios_family_arm_msp432_Timer_Object__table__V          
2000384c  ti_sysbios_knl_Task_Module__state__V                         
20003890  ti_sysbios_gates_GateMutex_Object__table__V                  
200038c8  ti_sysbios_family_arm_m3_Hwi_Module__state__V                
2000392c  ti_sysbios_family_arm_m3_Hwi_Object__table__V                
2000395c  ti_sysbios_family_arm_m3_Timer_Object__table__V              
2000398c  ti_sysbios_knl_Swi_Object__table__V                          
200039bc  ti_sysbios_knl_Clock_Module__state__V                        
200039e8  PowerMSP432_module                                           
20003a10  ti_sysbios_BIOS_Module__state__V                             
20003a34  ti_sysbios_family_arm_msp432_Timer_Module_State_0_device__A  
20003a54  rxBuffer                                                     
20003a72  ti_sysbios_family_arm_m3_Hwi_Module_State_0_excActive__A     
20003a74  ti_sysbios_knl_Swi_Module__state__V                          
20003a90  ti_sysbios_heaps_HeapMem_Object__table__V                    
20003aa8  gpioPinConfigs                                               
20003ab8  ti_sysbios_family_arm_msp432_Timer_Module_State_0_handles__A 
20003ac8  __TI_cleanup_ptr                                             
20003acc  __TI_dtors_ptr                                               
20003ad0  __TI_enable_exit_profile_output                              
20003ad4  ti_sysbios_family_arm_m3_Timer_Module__state__V              
20003ae0  ti_sysbios_family_arm_msp432_ClockFreqs_Module__state__V     
20003aec  ti_sysbios_family_arm_msp432_Timer_Module__state__V          
20003af8  ti_sysbios_knl_Task_Module__root__V                          
20003b04  ti_uia_runtime_QueueDescriptor_Module__state__V              
20003b10  xdc_runtime_SysMin_Module__state__V                          
20003b1c  txBuffer                                                     
20003b26  xdc_runtime_Error_Module__state__V                           
20003b28  _lock                                                        
20003b2c  _unlock                                                      
20003b30  V_bmm150_maual_auto_condition_u8                             
20003b34  V_fifo_time_U32                                              
20003b38  gpioCallbackFunctions                                        
20003b40  ti_uia_runtime_QueueDescriptor_gPtrToFirstDescriptor         
20003b44  ti_uia_runtime_QueueDescriptor_gUpdateCount                  
20003b48  ti_sysbios_family_arm_m3_Hwi_Module__root__V                 
20003b50  ti_sysbios_gates_GateHwi_Module__root__V                     
20003b58  ti_sysbios_gates_GateMutex_Module__root__V                   
20003b60  ti_sysbios_heaps_HeapMem_Module__root__V                     
20003b68  ti_sysbios_knl_Clock_Module__root__V                         
20003b70  ti_sysbios_knl_Queue_Module__root__V                         
20003b78  ti_sysbios_knl_Semaphore_Module__root__V                     
20003b80  ti_uia_loggers_LoggerStopMode_Module__root__V                
20003b88  xdc_runtime_Registry_Module__state__V                        
20003b90  xdc_runtime_Startup_Module__state__V                         
20003b98  xdc_runtime_System_Module_State_0_atexitHandlers__A          
20003ba0  xdc_runtime_System_Module__state__V                          
20003bb0  main_func_sp                                                 
20003bb4  ti_sysbios_family_arm_m3_Hwi_Module_State_0_excContext__A    
20003bb8  ti_sysbios_family_arm_m3_Hwi_Module_State_0_excStack__A      
20003bbc  ti_sysbios_family_arm_m3_TimestampProvider_Module__state__V  
20003bc0  ti_sysbios_gates_GateHwi_Object__table__V                    
20003bc4  ti_sysbios_knl_Task_Module_State_0_idleTask__A               
20003bc8  ti_sysbios_utils_Load_Module_State_0_runningTask__A          
20003bcc  ti_sysbios_utils_Load_Module_State_0_taskStartTime__A        
20003bd0  xdc_runtime_Memory_Module__state__V                          
2000fd00  __stack                                                      
20010000  __STACK_END                                                  
4000480c  WDTCTL_SYM                                                   
e000e000  ti_sysbios_family_arm_m3_Hwi_nvic                            
ffffffff  __TI_pprof_out_hndl                                          
ffffffff  __TI_prof_data_size                                          
ffffffff  __TI_prof_data_start                                         
ffffffff  __binit__                                                    
ffffffff  __c_args__                                                   
ffffffff  binit                                                        
UNDEFED   SHT$$INIT_ARRAY$$Base                                        
UNDEFED   SHT$$INIT_ARRAY$$Limit                                       

[948 symbols]
