******************************************************************************
                  TI ARM Linker PC v16.9.1                     
******************************************************************************
>> Linked Fri Aug 11 11:16:20 2017

OUTPUT FILE NAME:   <Test - Telemetry.out>
ENTRY POINT SYMBOL: "_c_int00"  address: 00007471


MEMORY CONFIGURATION

         name            origin    length      used     unused   attr    fill
----------------------  --------  ---------  --------  --------  ----  --------
  MAIN                  00000000   00040000  0000c9aa  00033656  R  X
  INFO                  00200000   00004000  00000000  00004000  R  X
  SRAM_CODE             01000000   00010000  00000000  00010000  RW X
  SRAM_DATA             20000000   00010000  00005add  0000a523  RW  


SEGMENT ALLOCATION MAP

run origin  load origin   length   init length attrs members
----------  ----------- ---------- ----------- ----- -------
00000000    00000000    0000c9b0   0000c9b0    r-x
  00000000    00000000    0000003c   0000003c    r-- .resetVecs
  00000040    00000040    00009f5a   00009f5a    r-x .text
  00009f9c    00009f9c    00002724   00002724    r-- .const
  0000c6c0    0000c6c0    000002f0   000002f0    r-- .cinit
20000000    20000000    00000140   00000000    rw-
  20000000    20000000    00000140   00000000    rw- .vecs
20000180    20000180    0000569d   00000000    rw-
  20000180    20000180    00004fb0   00000000    rw- .bss
  20005130    20005130    000006ed   00000000    rw- .data
2000fd00    2000fd00    00000300   00000000    rw-
  2000fd00    2000fd00    00000300   00000000    rw- .stack


SECTION ALLOCATION MAP

 output                                  attributes/
section   page    origin      length       input sections
--------  ----  ----------  ----------   ----------------
.text      0    00000040    00009f5a     
                  00000040    0000113e     rtsv7M4_T_le_v4SPD16_eabi.lib : _printfi.obj (.text)
                  0000117e    00000002     power_tirtos_MSP432P401R.aem4f : PowerMSP432_tirtos.oem4f (.text:PowerMSP432_initPolicy)
                  00001180    00000430     sysbios.aem4f : BIOS.obj (.text:ti_sysbios_family_arm_m3_Hwi_excDumpRegs__I)
                  000015b0    0000034c     ti.targets.arm.rtsarm.aem4f : System.oem4f (.text:xdc_runtime_System_doPrint__I)
                  000018fc    00000324     rtsv7M4_T_le_v4SPD16_eabi.lib : trgdrv.obj (.text)
                  00001c20    00000264     drivers_MSP432P401R.aem4f : PowerMSP432.oem4f (.text:Power_sleep)
                  00001e84    00000260                               : UARTMSP432.oem4f (.text:UARTMSP432_open)
                  000020e4    0000024c     telemetry.obj (.text:gen_meas)
                  00002330    000001fc     sysbios.aem4f : BIOS.obj (.text:ti_sysbios_family_arm_m3_Hwi_excHandlerMax__I)
                  0000252c    000001f4     rtsv7M4_T_le_v4SPD16_eabi.lib : ull_div_t2.obj (.text)
                  00002720    000001bc     telemetry.obj (.text:main)
                  000028dc    000001b6     rtsv7M4_T_le_v4SPD16_eabi.lib : fd_add_t2.obj (.text)
                  00002a92    000001a0     msp432p4xx_driverlib.lib : pcm.o (.text:__PCM_setPowerStateAdvanced)
                  00002c32    00000006                              : uart.o (.text:UART_getInterruptStatus)
                  00002c38    00000180     sysbios.aem4f : BIOS.obj (.text:ti_sysbios_knl_Semaphore_pend__E)
                  00002db8    00000174                   : BIOS.obj (.text:ti_sysbios_family_arm_m3_Hwi_excBusFault__I)
                  00002f2c    00000004     msp432p4xx_driverlib.lib : cpu.o (.text:CPU_wfi)
                  00002f30    00000164     sysbios.aem4f : BIOS.obj (.text:ti_sysbios_family_arm_m3_Hwi_excUsageFault__I)
                  00003094    00000004     tirtosport.aem4f : HwiP_tirtos.oem4f (.text:HwiP_disable)
                  00003098    00000148     sysbios.aem4f : BIOS.obj (.text:ti_sysbios_family_arm_m3_Hwi_excMemFault__I)
                  000031e0    00000144                   : BIOS.obj (.text:ti_sysbios_family_arm_m3_Hwi_dispatchC__I)
                  00003324    00000140     drivers_MSP432P401R.aem4f : GPIOMSP432.oem4f (.text:GPIO_setConfig)
                  00003464    00000004                               : List.oem4f (.text:List_head)
                  00003468    0000013c     sysbios.aem4f : BIOS.obj (.text:ti_sysbios_knl_Clock_workFunc__E)
                  000035a4    00000138     empty_min_pem4f.oem4f (.text:ti_uia_loggers_LoggerStopMode_writeMemoryRange__E)
                  000036dc    00000136     rtsv7M4_T_le_v4SPD16_eabi.lib : fd_div_t2.obj (.text)
                  00003812    00000006     msp432p4xx_driverlib.lib : uart.o (.text:UART_queryStatusFlags)
                  00003818    0000011c     sysbios.aem4f : BIOS.obj (.text:ti_sysbios_knl_Swi_run__I)
                  00003934    00000118     ti.targets.arm.rtsarm.aem4f : Error.oem4f (.text:xdc_runtime_Error_policyDefault__E)
                  00003a4c    0000010c     empty_min_pem4f.oem4f (.text:ti_uia_loggers_LoggerStopMode_write8__E)
                  00003b58    00000108     sysbios.aem4f : BIOS.obj (.text:ti_sysbios_knl_Task_schedule__I)
                  00003c60    00000104                   : BIOS.obj (.text:ti_sysbios_knl_Task_Instance_finalize__E)
                  00003d64    00000100     ti.targets.arm.rtsarm.aem4f : Core-mem.oem4f (.text:xdc_runtime_Core_createObject__I)
                  00003e64    000000fc     rtsv7M4_T_le_v4SPD16_eabi.lib : fd_mul_t2.obj (.text)
                  00003f60    000000fc                                   : s_scalbn.obj (.text)
                  0000405c    00000004     drivers_MSP432P401R.aem4f : List.oem4f (.text:List_next)
                  00004060    000000fc     sysbios.aem4f : BIOS.obj (.text:ti_sysbios_knl_Task_startCore__E)
                  0000415c    000000f8     ti.targets.arm.rtsarm.aem4f : Startup.oem4f (.text:xdc_runtime_Startup_startMods__I)
                  00004254    000000f8     empty_min_pem4f.oem4f (.text:xdc_runtime_System_printfExtend__I)
                  0000434c    00000004     drivers_MSP432P401R.aem4f : PowerMSP432.oem4f (.text:PowerMSP432_getNumPerfLevels)
                  00004350    000000f4     sysbios.aem4f : BIOS.obj (.text:ti_sysbios_knl_Task_Instance_init__E)
                  00004444    000000f4     empty_min_pem4f.oem4f (.text:ti_uia_loggers_LoggerStopMode_write4__E)
                  00004538    000000f0     drivers_MSP432P401R.aem4f : PowerMSP432.oem4f (.text:initPerfControl)
                  00004628    000000f0     sysbios.aem4f : BIOS.obj (.text:ti_sysbios_knl_Task_sleep__E)
                  00004718    000000ec                   : m3_Hwi_asm.obj (.text:ti_sysbios_family_arm_m3_Hwi_dispatch__I)
                  00004804    00000004     empty_min_pem4f.oem4f (.text:ti_sysbios_BIOS_RtsGateProxy_enter__E)
                  00004808    000000ec     sysbios.aem4f : BIOS.obj (.text:ti_sysbios_knl_Task_postInit__I)
                  000048f4    000000e8     empty_min_pem4f.oem4f (.text:ti_uia_loggers_LoggerStopMode_write1__E)
                  000049dc    000000e8     empty_min_pem4f.oem4f (.text:ti_uia_loggers_LoggerStopMode_write2__E)
                  00004ac4    000000e0     msp432p4xx_driverlib.lib : cs.o (.text:CS_initClockSignal)
                  00004ba4    000000dc                              : pcm.o (.text:__PCM_setPowerModeAdvanced)
                  00004c80    000000d8     empty_min_pem4f.oem4f (.text:ti_uia_loggers_LoggerStopMode_write0__E)
                  00004d58    000000d4     sysbios.aem4f : BIOS.obj (.text:ti_sysbios_knl_Mailbox_Instance_init__E)
                  00004e2c    00000004     empty_min_pem4f.oem4f (.text:ti_sysbios_BIOS_RtsGateProxy_leave__E)
                  00004e30    000000cc     sysbios.aem4f : BIOS.obj (.text:ti_sysbios_heaps_HeapMem_alloc__E)
                  00004efc    000000cc     ti.targets.arm.rtsarm.aem4f : Core-smem.oem4f (.text:xdc_runtime_Core_constructObject__I)
                  00004fc8    000000c8     sysbios.aem4f : BIOS.obj (.text:ti_sysbios_knl_Task_exit__E)
                  00005090    000000c4                   : BIOS.obj (.text:ti_sysbios_knl_Semaphore_post__E)
                  00005154    00000004     empty_min_pem4f.oem4f (.text:ti_sysbios_family_arm_m3_Hwi_destruct)
                  00005158    000000c4     sysbios.aem4f : BIOS.obj (.text:ti_sysbios_utils_Load_logLoads__I)
                  0000521c    00000004     empty_min_pem4f.oem4f (.text:ti_sysbios_family_arm_m3_TaskSupport_Module__startupDone__S)
                  00005220    000000bc     sysbios.aem4f : BIOS.obj (.text:ti_sysbios_family_arm_m3_Hwi_excDebugMon__I)
                  000052dc    00000004     empty_min_pem4f.oem4f (.text:ti_sysbios_heaps_HeapMem_Module_GateProxy_enter__E)
                  000052e0    000000bc     sysbios.aem4f : BIOS.obj (.text:ti_sysbios_family_arm_m3_Hwi_excHardFault__I)
                  0000539c    00000004     empty_min_pem4f.oem4f (.text:ti_sysbios_heaps_HeapMem_Module_GateProxy_leave__E)
                  000053a0    000000b8     sysbios.aem4f : BIOS.obj (.text:ti_sysbios_knl_Task_unblockI__E)
                  00005458    000000b0     drivers_MSP432P401R.aem4f : UARTMSP432.oem4f (.text:UARTMSP432_readPolling)
                  00005508    000000b0     msp432p4xx_driverlib.lib : pcm.o (.text:__PCM_setCoreVoltageLevelAdvanced)
                  000055b8    000000b0     sysbios.aem4f : BIOS.obj (.text:ti_sysbios_utils_Load_updateLoads__E)
                  00005668    000000ac                   : BIOS.obj (.text:ti_sysbios_knl_Swi_post__E)
                  00005714    00000004     empty_min_pem4f.oem4f (.text:ti_sysbios_knl_Clock_TimerProxy_getMaxTicks__E)
                  00005718    000000ac     sysbios.aem4f : BIOS.obj (.text:ti_sysbios_utils_Load_updateThreadContexts__E)
                  000057c4    00000004     empty_min_pem4f.oem4f (.text:ti_sysbios_knl_Clock_destruct)
                  000057c8    000000a8     sysbios.aem4f : BIOS.obj (.text:ti_sysbios_family_arm_msp432_Timer_periodicStub__E)
                  00005870    000000a8                   : BIOS.obj (.text:ti_sysbios_knl_Task_blockI__E)
                  00005918    000000a4     drivers_MSP432P401R.aem4f : UARTMSP432.oem4f (.text:UARTMSP432_control)
                  000059bc    000000a0     auto_init.aem4f : auto_init.oem4f (.text)
                  00005a5c    000000a0     ti.targets.arm.rtsarm.aem4f : Text.oem4f (.text:xdc_runtime_Text_putMod__E)
                  00005afc    0000009c     drivers_MSP432P401R.aem4f : UARTMSP432.oem4f (.text:readTaskBlocking)
                  00005b98    0000009c     rtsv7M4_T_le_v4SPD16_eabi.lib : memcpy_t2.obj (.text)
                  00005c34    0000009a     ti.targets.arm.rtsarm.aem4f : Text.oem4f (.text:xdc_runtime_Text_putSite__E)
                  00005cce    00000002     rtsv7M4_T_le_v4SPD16_eabi.lib : i_div0.obj (.text)
                  00005cd0    00000094     msp432p4xx_driverlib.lib : uart.o (.text:UART_initModule)
                  00005d64    00000094     rtsv7M4_T_le_v4SPD16_eabi.lib : snprintf.obj (.text)
                  00005df8    00000094     sysbios.aem4f : BIOS.obj (.text:ti_sysbios_family_arm_m3_Hwi_Instance_init__E)
                  00005e8c    00000004     empty_min_pem4f.oem4f (.text:ti_sysbios_knl_Queue_destruct)
                  00005e90    00000094     sysbios.aem4f : BIOS.obj (.text:ti_sysbios_family_arm_m3_Hwi_initNVIC__E)
                  00005f24    00000004     empty_min_pem4f.oem4f (.text:ti_sysbios_knl_Semaphore_destruct)
                  00005f28    00000090     sysbios.aem4f : BIOS.obj (.text:ti_sysbios_knl_Task_Module_startup__E)
                  00005fb8    00000090     ti.uia.loggers.aem4f : LoggerStopMode.oem4f (.text:ti_uia_loggers_LoggerStopMode_initQueueDescriptor__E)
                  00006048    0000008c     sysbios.aem4f : m3_TaskSupport_asm.obj (.text:ti_sysbios_family_arm_m3_TaskSupport_buildTaskStack)
                  000060d4    0000008a     drivers_MSP432P401R.aem4f : UARTMSP432.oem4f (.text:UARTMSP432_close)
                  0000615e    00000002     empty_min_pem4f.oem4f (.text:ti_sysbios_BIOS_nullFunc__I)
                  00006160    00000088     sysbios.aem4f : BIOS.obj (.text:ti_sysbios_family_arm_msp432_Timer_Module_startup__E)
                  000061e8    00000088                   : BIOS.obj (.text:ti_sysbios_knl_Mailbox_post__E)
                  00006270    00000086     rtsv7M4_T_le_v4SPD16_eabi.lib : fd_cmp_t2.obj (.text:__aeabi_cdcmple)
                  000062f6    00000086                                   : fd_cmp_t2.obj (.text:__aeabi_cdrcmple)
                  0000637c    00000084     drivers_MSP432P401R.aem4f : UARTMSP432.oem4f (.text:initHw)
                  00006400    00000084     sysbios.aem4f : BIOS.obj (.text:ti_sysbios_family_arm_m3_Hwi_postInit__I)
                  00006484    00000084     drivers_MSP432P401R.aem4f : UARTMSP432.oem4f (.text:writeData)
                  00006508    00000082                               : UARTMSP432.oem4f (.text:readIsrTextCallback)
                  0000658a    00000002     empty_min_pem4f.oem4f (.text:ti_uia_loggers_LoggerStopMode_setFilterLevel__E)
                  0000658c    0000007c     msp432p4xx_driverlib.lib : pcm.o (.text:PCM_gotoLPM3)
                  00006608    0000007c     sysbios.aem4f : BIOS.obj (.text:ti_sysbios_heaps_HeapMem_free__E)
                  00006684    0000007a     drivers_MSP432P401R.aem4f : UARTMSP432.oem4f (.text:UARTMSP432_write)
                  000066fe    0000007a                               : UARTMSP432.oem4f (.text:readTaskCallback)
                  00006778    0000007a     rtsv7M4_T_le_v4SPD16_eabi.lib : memset_t2.obj (.text)
                  000067f2    00000074     drivers_MSP432P401R.aem4f : UARTMSP432.oem4f (.text:readIsrTextBlocking)
                  00006866    00000002     ti.uia.loggers.aem4f : LoggerStopMode.oem4f (.text:ti_uia_loggers_LoggerStopMode_setPriority__E)
                  00006868    00000074     sysbios.aem4f : BIOS.obj (.text:ti_sysbios_family_arm_m3_TimestampProvider_get64__E)
                  000068dc    00000004     ti.uia.loggers.aem4f : LoggerStopMode.oem4f (.text:ti_uia_loggers_LoggerStopMode_getContents__E)
                  000068e0    00000074     sysbios.aem4f : BIOS.obj (.text:ti_sysbios_knl_Mailbox_pend__E)
                  00006954    00000074     ti.uia.runtime.aem4f : QueueDescriptor.oem4f (.text:ti_uia_runtime_QueueDescriptor_addToList__E)
                  000069c8    00000070     sysbios.aem4f : BIOS.obj (.text:ti_sysbios_knl_Mailbox_Instance_finalize__E)
                  00006a38    0000006d     ti.targets.arm.rtsarm.aem4f : System.oem4f (.text:xdc_runtime_System_formatNum__I)
                  00006aa5    00000003     --HOLE-- [fill = 0]
                  00006aa8    0000006c     telemetry.obj (.text:logger)
                  00006b14    00000004     empty_min_pem4f.oem4f (.text:ti_uia_loggers_LoggerStopMode_getFilterLevel__E)
                  00006b18    0000006c     sysbios.aem4f : BIOS.obj (.text:ti_sysbios_knl_Swi_restoreHwi__E)
                  00006b84    00000004     ti.uia.loggers.aem4f : LoggerStopMode.oem4f (.text:ti_uia_loggers_LoggerStopMode_getInstanceId__E)
                  00006b88    0000006c     sysbios.aem4f : BIOS.obj (.text:ti_sysbios_utils_Load_taskCreateHook__E)
                  00006bf4    0000006c     ti.targets.arm.rtsarm.aem4f : Error.oem4f (.text:xdc_runtime_Error_print__E)
                  00006c60    0000006c                                 : Memory.oem4f (.text:xdc_runtime_Memory_alloc__E)
                  00006ccc    00000068     rtsv7M4_T_le_v4SPD16_eabi.lib : copy_decompress_lzss.obj (.text:decompress:lzss)
                  00006d34    00000068                                   : trgmsg.obj (.text)
                  00006d9c    00000004     ti.uia.loggers.aem4f : LoggerStopMode.oem4f (.text:ti_uia_loggers_LoggerStopMode_getMaxLength__E)
                  00006da0    00000068     sysbios.aem4f : BIOS.obj (.text:ti_sysbios_utils_Load_addTask__E)
                  00006e08    00000066     ti.uia.loggers.aem4f : LoggerStopMode.oem4f (.text:ti_uia_loggers_LoggerStopMode_flush__E)
                  00006e6e    00000066     ti.targets.arm.rtsarm.aem4f : Core-mem.oem4f (.text:xdc_runtime_Core_deleteObject__I)
                  00006ed4    00000064     drivers_MSP432P401R.aem4f : UARTMSP432.oem4f (.text:UARTMSP432_writePolling)
                  00006f38    00000064     rtsv7M4_T_le_v4SPD16_eabi.lib : s_frexp.obj (.text)
                  00006f9c    00000064     empty_min_pem4f.oem4f (.text:ti_sysbios_knl_Mailbox_create)
                  00007000    00000064     sysbios.aem4f : BIOS.obj (.text:ti_sysbios_utils_Load_idleFxn__E)
                  00007064    00000062     tirtosport.aem4f : HwiP_tirtos.oem4f (.text:HwiP_create)
                  000070c6    00000002     --HOLE-- [fill = 0]
                  000070c8    00000060     sysbios.aem4f : BIOS.obj (.text:ti_sysbios_family_arm_m3_TimestampProvider_get32__E)
                  00007128    00000060                   : BIOS.obj (.text:ti_sysbios_knl_Clock_logTick__E)
                  00007188    00000060                   : BIOS.obj (.text:ti_sysbios_utils_Load_logCPULoad__I)
                  000071e8    00000060                   : BIOS.obj (.text:ti_sysbios_utils_Load_updateCurrentThreadTime__E)
                  00007248    0000005c     drivers_MSP432P401R.aem4f : GPIOMSP432.oem4f (.text:GPIO_init)
                  000072a4    00000004     ti.uia.loggers.aem4f : LoggerStopMode.oem4f (.text:ti_uia_loggers_LoggerStopMode_getPriority__E)
                  000072a8    0000005c     sysbios.aem4f : BIOS.obj (.text:ti_sysbios_knl_Swi_schedule__I)
                  00007304    0000005c     empty_min_pem4f.oem4f (.text:ti_sysbios_knl_Task_create)
                  00007360    0000005b     ti.targets.arm.rtsarm.aem4f : Text.oem4f (.text:xdc_runtime_Text_putLab__E)
                  000073bb    00000001     --HOLE-- [fill = 0]
                  000073bc    0000005a     tirtosport.aem4f : ClockP_tirtos.oem4f (.text:ClockP_create)
                  00007416    00000058                      : SemaphoreP_tirtos.oem4f (.text:SemaphoreP_create)
                  0000746e    00000002     --HOLE-- [fill = 0]
                  00007470    00000058     boot.aem4f : boot.oem4f (.text)
                  000074c8    00000058     empty_min_pem4f.oem4f (.text:ti_sysbios_family_arm_m3_Hwi_construct)
                  00007520    00000058     sysbios.aem4f : m3_Hwi_asm_switch.obj (.text:ti_sysbios_family_arm_m3_Hwi_initStacks__E)
                  00007578    00000054     drivers_MSP432P401R.aem4f : GPIOMSP432.oem4f (.text:GPIO_hwiIntFxn)
                  000075cc    00000054                               : GPIOMSP432.oem4f (.text:GPIO_setCallback)
                  00007620    00000054     rtsv7M4_T_le_v4SPD16_eabi.lib : exit.obj (.text)
                  00007674    00000054                                   : ltoa.obj (.text)
                  000076c8    00000054     sysbios.aem4f : BIOS.obj (.text:ti_sysbios_family_arm_m3_Timer_setPeriod__E)
                  0000771c    00000004     ti.uia.loggers.aem4f : LoggerStopMode.oem4f (.text:ti_uia_loggers_LoggerStopMode_getTransferType__E)
                  00007720    00000054     sysbios.aem4f : BIOS.obj (.text:ti_sysbios_family_arm_m3_Timer_start__E)
                  00007774    00000004     ti.targets.arm.rtsarm.aem4f : Error.oem4f (.text:xdc_runtime_Error_getSite__E)
                  00007778    00000054     sysbios.aem4f : BIOS.obj (.text:ti_sysbios_family_arm_msp432_Timer_initDevice__I)
                  000077cc    00000004     empty_min_pem4f.oem4f (.text:xdc_runtime_System_Module_GateProxy_enter__E)
                  000077d0    00000054     sysbios.aem4f : BIOS.obj (.text:ti_sysbios_family_arm_msp432_init_Boot_configureClocksHigh)
                  00007824    00000004     empty_min_pem4f.oem4f (.text:xdc_runtime_System_Module_GateProxy_leave__E)
                  00007828    00000054     sysbios.aem4f : BIOS.obj (.text:ti_sysbios_utils_Load_taskSwitchHook__E)
                  0000787c    00000054     ti.targets.arm.rtsarm.aem4f : Assert.oem4f (.text:xdc_runtime_Assert_raise__I)
                  000078d0    00000052     drivers_MSP432P401R.aem4f : UARTMSP432.oem4f (.text:UARTMSP432_writeCancel)
                  00007922    00000002     --HOLE-- [fill = 0]
                  00007924    00000050                               : GPIOMSP432.oem4f (.text:GPIO_write)
                  00007974    00000050     msp432p4xx_driverlib.lib : pcm.o (.text:PCM_shutdownDevice)
                  000079c4    00000004     ti.targets.arm.rtsarm.aem4f : System.oem4f (.text:xdc_runtime_System_aprintf_va__F)
                  000079c8    00000050     sysbios.aem4f : BIOS.obj (.text:ti_sysbios_family_arm_m3_Hwi_Module_startup__E)
                  00007a18    00000050                   : BIOS.obj (.text:ti_sysbios_knl_Clock_Instance_init__E)
                  00007a68    00000050     ti.targets.arm.rtsarm.aem4f : Startup.oem4f (.text:xdc_runtime_Startup_exec__E)
                  00007ab8    00000050                                 : Text.oem4f (.text:xdc_runtime_Text_visitRope2__I)
                  00007b08    0000004c     rtsv7M4_T_le_v4SPD16_eabi.lib : atoi.obj (.text)
                  00007b54    0000004c                                   : cpy_tbl.obj (.text)
                  00007ba0    0000004c                                   : rand.obj (.text)
                  00007bec    00000004     ti.targets.arm.rtsarm.aem4f : System.oem4f (.text:xdc_runtime_System_printf_va__F)
                  00007bf0    0000004c     sysbios.aem4f : BIOS.obj (.text:ti_sysbios_family_arm_msp432_Timer_start__E)
                  00007c3c    00000004     --HOLE-- [fill = 0]
                  00007c40    0000004c                   : BIOS.obj (.text:ti_sysbios_heaps_HeapMem_getStats__E)
                  00007c8c    00000004     --HOLE-- [fill = 0]
                  00007c90    0000004c                   : BIOS.obj (.text:ti_sysbios_knl_Swi_runLoop__I)
                  00007cdc    00000004     --HOLE-- [fill = 0]
                  00007ce0    0000004c                   : BIOS.obj (.text:ti_sysbios_knl_Task_allBlockedFunction__I)
                  00007d2c    0000004c     ti.uia.loggers.aem4f : LoggerStopMode.oem4f (.text:ti_uia_loggers_LoggerStopMode_Module_startup__E)
                  00007d78    00000048     rtsv7M4_T_le_v4SPD16_eabi.lib : fd_toi_t2.obj (.text)
                  00007dc0    00000048     sysbios.aem4f : BIOS.obj (.text:ti_sysbios_family_arm_m3_Hwi_disableInterrupt__E)
                  00007e08    00000048                   : BIOS.obj (.text:ti_sysbios_family_arm_m3_Hwi_enableInterrupt__E)
                  00007e50    00000048                   : BIOS.obj (.text:ti_sysbios_family_arm_m3_Hwi_excReserved__I)
                  00007e98    00000048                   : BIOS.obj (.text:ti_sysbios_family_arm_m3_Timer_initDevice__I)
                  00007ee0    00000048                   : BIOS.obj (.text:ti_sysbios_knl_Mailbox_Module_startup__E)
                  00007f28    00000048                   : BIOS.obj (.text:ti_sysbios_utils_Load_taskDeleteHook__E)
                  00007f70    00000046     drivers_MSP432P401R.aem4f : RingBuf.oem4f (.text:RingBuf_put)
                  00007fb6    00000046                               : UARTMSP432.oem4f (.text:readIsrBinaryBlocking)
                  00007ffc    00000046     ti.targets.arm.rtsarm.aem4f : Core-params.oem4f (.text:xdc_runtime_Core_assignParams__I)
                  00008042    00000002     --HOLE-- [fill = 0]
                  00008044    00000044     drivers_MSP432P401R.aem4f : PowerMSP432.oem4f (.text:Power_init)
                  00008088    00000044     sysbios.aem4f : BIOS.obj (.text:ti_sysbios_family_arm_m3_Hwi_getStackInfo__E)
                  000080cc    00000004     --HOLE-- [fill = 0]
                  000080d0    00000044                   : BIOS.obj (.text:ti_sysbios_knl_Mailbox_postInit__I)
                  00008114    00000004     --HOLE-- [fill = 0]
                  00008118    00000044                   : BIOS.obj (.text:ti_sysbios_utils_Load_removeTask__E)
                  0000815c    00000044     ti.uia.loggers.aem4f : LoggerStopMode.oem4f (.text:ti_uia_loggers_LoggerStopMode_initBuffer__I)
                  000081a0    00000044     ti.targets.arm.rtsarm.aem4f : Error.oem4f (.text:xdc_runtime_Error_setX__E)
                  000081e4    00000044                                 : SysMin.oem4f (.text:xdc_runtime_SysMin_flush__E)
                  00008228    00000044                                 : Text.oem4f (.text:xdc_runtime_Text_xprintf__I)
                  0000826c    00000042     drivers_MSP432P401R.aem4f : UARTMSP432.oem4f (.text:UARTMSP432_hwiIntFxn)
                  000082ae    00000002     --HOLE-- [fill = 0]
                  000082b0    00000040     msp432p4xx_driverlib.lib : flash.o (.text:FlashCtl_disableReadBuffering)
                  000082f0    00000040     drivers_MSP432P401R.aem4f : RingBuf.oem4f (.text:RingBuf_get)
                  00008330    00000040                               : UARTMSP432.oem4f (.text:UARTMSP432_read)
                  00008370    00000040                               : PowerMSP432.oem4f (.text:notify)
                  000083b0    00000040     rtsv7M4_T_le_v4SPD16_eabi.lib : u_divt2.obj (.text)
                  000083f0    00000040     sysbios.aem4f : BIOS.obj (.text:ti_sysbios_family_arm_m3_Timer_Module_startup__E)
                  00008430    00000040                   : BIOS.obj (.text:ti_sysbios_family_arm_msp432_Timer_startup__E)
                  00008470    00000040                   : BIOS.obj (.text:ti_sysbios_heaps_HeapMem_Instance_init__E)
                  000084b0    0000003c     power_tirtos_MSP432P401R.aem4f : PowerMSP432_tirtos.oem4f (.text:PowerMSP432_sleepPolicy)
                  000084ec    00000004     --HOLE-- [fill = 0]
                  000084f0    0000003c     sysbios.aem4f : BIOS.obj (.text:ti_sysbios_family_arm_m3_Hwi_excSvCall__I)
                  0000852c    00000004     --HOLE-- [fill = 0]
                  00008530    0000003c                   : BIOS.obj (.text:ti_sysbios_heaps_HeapMem_init__I)
                  0000856c    00000004     --HOLE-- [fill = 0]
                  00008570    0000003c                   : BIOS.obj (.text:ti_sysbios_knl_Swi_restore__E)
                  000085ac    0000003a     drivers_MSP432P401R.aem4f : UARTMSP432.oem4f (.text:readIsrBinaryCallback)
                  000085e6    00000002     --HOLE-- [fill = 0]
                  000085e8    00000038                               : UART.oem4f (.text:UART_init)
                  00008620    00000038     rtsv7M4_T_le_v4SPD16_eabi.lib : fs_tod_t2.obj (.text)
                  00008658    00000038     empty_min_pem4f.oem4f (.text:ti_sysbios_BIOS_startFunc__I)
                  00008690    00000038     sysbios.aem4f : BIOS.obj (.text:ti_sysbios_family_arm_m3_Hwi_excNoIsr__I)
                  000086c8    00000038                   : BIOS.obj (.text:ti_sysbios_knl_Task_processVitalTaskFlag__I)
                  00008700    00000038     ti.targets.arm.rtsarm.aem4f : SysMin.oem4f (.text:xdc_runtime_SysMin_putch__E)
                  00008738    00000038                                 : System.oem4f (.text:xdc_runtime_System_atexit__E)
                  00008770    00000036     drivers_MSP432P401R.aem4f : UARTMSP432.oem4f (.text:UARTMSP432_readCancel)
                  000087a6    00000036                               : UARTMSP432.oem4f (.text:perfChangeNotifyFxn)
                  000087dc    00000034     msp432p4xx_driverlib.lib : flash.o (.text:FlashCtl_enableReadBuffering)
                  00008810    00000034     sysbios.aem4f : BIOS.obj (.text:ti_sysbios_family_arm_m3_Hwi_Instance_finalize__E)
                  00008844    00000004     --HOLE-- [fill = 0]
                  00008848    00000034                   : BIOS.obj (.text:ti_sysbios_family_arm_m3_Hwi_excNmi__I)
                  0000887c    00000004     --HOLE-- [fill = 0]
                  00008880    00000034                   : BIOS.obj (.text:ti_sysbios_family_arm_m3_Timer_periodicStub__I)
                  000088b4    00000004     --HOLE-- [fill = 0]
                  000088b8    00000034                   : BIOS.obj (.text:ti_sysbios_hal_Hwi_checkStack)
                  000088ec    00000034     empty_min_pem4f.oem4f (.text:ti_sysbios_knl_Clock_construct)
                  00008920    00000034     sysbios.aem4f : BIOS.obj (.text:ti_sysbios_utils_Load_startup__E)
                  00008954    00000034     ti.uia.loggers.aem4f : LoggerStopMode.oem4f (.text:ti_uia_loggers_LoggerStopMode_reset__E)
                  00008988    00000034     ti.targets.arm.rtsarm.aem4f : Core-label.oem4f (.text:xdc_runtime_Core_assignLabel__I)
                  000089bc    00000033                                 : Text.oem4f (.text:xdc_runtime_Text_printVisFxn__I)
                  000089ef    00000001     --HOLE-- [fill = 0]
                  000089f0    00000032     sysbios.aem4f : BIOS.obj (.text:ti_sysbios_hal_Hwi_initStack)
                  00008a22    00000006     ti.targets.arm.rtsarm.aem4f : System.oem4f (.text:xdc_runtime_System_Module_startup__E)
                  00008a28    00000032     sysbios.aem4f : BIOS.obj (.text:ti_sysbios_knl_Semaphore_pendTimeout__I)
                  00008a5a    00000002     --HOLE-- [fill = 0]
                  00008a5c    00000030     msp432p4xx_driverlib.lib : gpio.o (.text:GPIO_getEnabledInterruptStatus)
                  00008a8c    00000030                              : gpio.o (.text:GPIO_setAsInputPinWithPullDownResistor)
                  00008abc    00000030                              : gpio.o (.text:GPIO_setAsInputPinWithPullUpResistor)
                  00008aec    00000030     drivers_MSP432P401R.aem4f : UART.oem4f (.text:UART_open)
                  00008b1c    00000030     empty_min_pem4f.oem4f (.text:ti_sysbios_BIOS_atExitFunc__I)
                  00008b4c    00000004     --HOLE-- [fill = 0]
                  00008b50    00000030     sysbios.aem4f : BIOS.obj (.text:ti_sysbios_family_arm_m3_TaskSupport_start__E)
                  00008b80    00000030     empty_min_pem4f.oem4f (.text:ti_sysbios_gates_GateHwi_Object__create__S)
                  00008bb0    00000030     empty_min_pem4f.oem4f (.text:ti_sysbios_gates_GateMutex_Object__create__S)
                  00008be0    00000030     sysbios.aem4f : BIOS.obj (.text:ti_sysbios_gates_GateMutex_enter__E)
                  00008c10    00000030     empty_min_pem4f.oem4f (.text:ti_sysbios_heaps_HeapMem_Object__create__S)
                  00008c40    00000030     empty_min_pem4f.oem4f (.text:ti_sysbios_knl_Semaphore_construct)
                  00008c70    00000030     empty_min_pem4f.oem4f (.text:ti_uia_loggers_LoggerStopMode_Object__create__S)
                  00008ca0    00000030     ti.targets.arm.rtsarm.aem4f : SysMin.oem4f (.text:xdc_runtime_SysMin_abort__E)
                  00008cd0    00000030                                 : System.oem4f (.text:xdc_runtime_System_processAtExit__E)
                  00008d00    0000002e     rtsv7M4_T_le_v4SPD16_eabi.lib : i_tofd_t2.obj (.text)
                  00008d2e    00000002     --HOLE-- [fill = 0]
                  00008d30    0000002c     msp432p4xx_driverlib.lib : gpio.o (.text:GPIO_setAsInputPin)
                  00008d5c    0000002c     MSP_EXP432P401R.obj (.text:MSP_EXP432P401R_initUART)
                  00008d88    0000002c     msp432p4xx_driverlib.lib : pcm.o (.text:PCM_getCoreVoltageLevel)
                  00008db4    0000002c     power_tirtos_MSP432P401R.aem4f : PowerMSP432_tirtos.oem4f (.text:PowerMSP432_updateFreqs)
                  00008de0    0000002c     drivers_MSP432P401R.aem4f : PowerMSP432.oem4f (.text:Power_releaseConstraint)
                  00008e0c    0000002c                               : PowerMSP432.oem4f (.text:Power_setConstraint)
                  00008e38    0000002c     empty_min_pem4f.oem4f (.text:ti_sysbios_knl_Clock_doTick__I)
                  00008e64    0000002c     empty_min_pem4f.oem4f (.text:ti_sysbios_knl_Queue_construct)
                  00008e90    0000002c     sysbios.aem4f : BIOS.obj (.text:ti_sysbios_knl_Task_restore__E)
                  00008ebc    0000002c     ti.targets.arm.rtsarm.aem4f : Text.oem4f (.text:xdc_runtime_Text_cordText__E)
                  00008ee8    0000002a     msp432p4xx_driverlib.lib : pcm.o (.text:PCM_getPowerMode)
                  00008f12    0000002a     drivers_MSP432P401R.aem4f : UARTMSP432.oem4f (.text:findBaudDividerIndex)
                  00008f3c    0000002a     ti.targets.arm.rtsarm.aem4f : System.oem4f (.text:xdc_runtime_System_putchar__I)
                  00008f66    00000002     --HOLE-- [fill = 0]
                  00008f68    00000028     msp432p4xx_driverlib.lib : flash.o (.text:FlashCtl_setWaitState)
                  00008f90    00000028                              : pcm.o (.text:PCM_gotoLPM0)
                  00008fb8    00000028     sysbios.aem4f : BIOS.obj (.text:ti_sysbios_knl_Clock_addI__E)
                  00008fe0    00000028                   : BIOS.obj (.text:ti_sysbios_knl_Swi_Module_startup__E)
                  00009008    00000026     drivers_MSP432P401R.aem4f : List.oem4f (.text:List_put)
                  0000902e    00000026     sysbios.aem4f : m3_Hwi_asm.obj (.text:ti_sysbios_family_arm_m3_Hwi_pendSV__I)
                  00009054    00000026     ti.targets.arm.rtsarm.aem4f : System.oem4f (.text:xdc_runtime_System_avprintf__E)
                  0000907a    00000002     --HOLE-- [fill = 0]
                  0000907c    00000024     msp432p4xx_driverlib.lib : cs.o (.text:CS_setDCOCenteredFrequency)
                  000090a0    00000024                              : gpio.o (.text:GPIO_setAsOutputPin)
                  000090c4    00000024                              : rtc_c.o (.text:RTC_C_holdClock)
                  000090e8    00000024                              : rtc_c.o (.text:RTC_C_startClock)
                  0000910c    00000024                              : uart.o (.text:UART_disableInterrupt)
                  00009130    00000024                              : uart.o (.text:UART_receiveData)
                  00009154    00000024                              : uart.o (.text:UART_transmitData)
                  00009178    00000024     empty_min_pem4f.oem4f (.text:ti_sysbios_BIOS_errorRaiseHook__I)
                  0000919c    00000024     empty_min_pem4f.oem4f (.text:ti_sysbios_BIOS_registerRTSLock__I)
                  000091c0    00000024     empty_min_pem4f.oem4f (.text:ti_sysbios_BIOS_removeRTSLock__I)
                  000091e4    00000004     --HOLE-- [fill = 0]
                  000091e8    00000024     sysbios.aem4f : BIOS.obj (.text:ti_sysbios_family_arm_m3_Timer_startup__E)
                  0000920c    00000004     --HOLE-- [fill = 0]
                  00009210    00000024                   : BIOS.obj (.text:ti_sysbios_family_arm_msp432_ClockFreqs_setFrequency__E)
                  00009234    00000024     empty_min_pem4f.oem4f (.text:ti_sysbios_gates_GateMutex_Object__delete__S)
                  00009258    00000024     sysbios.aem4f : BIOS.obj (.text:ti_sysbios_knl_Clock_Module_startup__E)
                  0000927c    00000004     --HOLE-- [fill = 0]
                  00009280    00000024                   : BIOS.obj (.text:ti_sysbios_knl_Clock_start__E)
                  000092a4    00000004     --HOLE-- [fill = 0]
                  000092a8    00000024                   : BIOS.obj (.text:ti_sysbios_knl_Semaphore_Instance_init__E)
                  000092cc    00000004     --HOLE-- [fill = 0]
                  000092d0    00000024                   : BIOS.obj (.text:ti_sysbios_knl_Task_restoreHwi__E)
                  000092f4    00000024     ti.targets.arm.rtsarm.aem4f : System.oem4f (.text:xdc_runtime_System_vprintf__E)
                  00009318    00000022     empty_min_pem4f.oem4f (.text:xdc_runtime_SysMin_output__I)
                  0000933a    00000002     --HOLE-- [fill = 0]
                  0000933c    00000020     msp432p4xx_driverlib.lib : gpio.o (.text:GPIO_interruptEdgeSelect)
                  0000935c    00000020     drivers_MSP432P401R.aem4f : PowerMSP432.oem4f (.text:PowerMSP432_getFreqs)
                  0000937c    00000020                               : PowerMSP432.oem4f (.text:Power_unregisterNotify)
                  0000939c    00000020                               : RingBuf.oem4f (.text:RingBuf_peek)
                  000093bc    00000020     empty_min_pem4f.oem4f (.text:ti_sysbios_BIOS_rtsLock__I)
                  000093dc    00000020     sysbios.aem4f : m3_Hwi_asm.obj (.text:ti_sysbios_family_arm_m3_Hwi_excHandlerAsm__I)
                  000093fc    00000004     --HOLE-- [fill = 0]
                  00009400    00000020                   : BIOS.obj (.text:ti_sysbios_family_arm_m3_Hwi_excHandler__I)
                  00009420    00000020                   : BIOS.obj (.text:ti_sysbios_family_arm_m3_TimestampProvider_Module_startup__E)
                  00009440    00000020     empty_min_pem4f.oem4f (.text:ti_sysbios_gates_GateHwi_Object__delete__S)
                  00009460    00000020     empty_min_pem4f.oem4f (.text:ti_sysbios_heaps_HeapMem_Object__delete__S)
                  00009480    00000020     empty_min_pem4f.oem4f (.text:ti_sysbios_knl_Clock_Object__destruct__S)
                  000094a0    00000020     sysbios.aem4f : BIOS.obj (.text:ti_sysbios_knl_Idle_run__E)
                  000094c0    00000020     empty_min_pem4f.oem4f (.text:ti_sysbios_knl_Semaphore_Object__destruct__S)
                  000094e0    00000020     empty_min_pem4f.oem4f (.text:ti_uia_loggers_LoggerStopMode_Object__delete__S)
                  00009500    00000020     ti.targets.arm.rtsarm.aem4f : Registry.oem4f (.text:xdc_runtime_Registry_findById__E)
                  00009520    00000020                                 : SysMin.oem4f (.text:xdc_runtime_SysMin_Module_startup__E)
                  00009540    0000001e     sysbios.aem4f : m3_Hwi_asm_switch.obj (.text:ti_sysbios_family_xxx_Hwi_switchAndRunFunc)
                  0000955e    00000002     --HOLE-- [fill = 0]
                  00009560    0000001c     msp432p4xx_driverlib.lib : pcm.o (.text:PCM_enableRudeMode)
                  0000957c    0000001c     drivers_MSP432P401R.aem4f : PowerMSP432.oem4f (.text:Power_registerNotify)
                  00009598    0000001c     rtsv7M4_T_le_v4SPD16_eabi.lib : memccpy.obj (.text)
                  000095b4    0000001c     empty_min_pem4f.oem4f (.text:ti_sysbios_family_arm_m3_Hwi_Object__destruct__S)
                  000095d0    0000001c     sysbios.aem4f : BIOS.obj (.text:ti_sysbios_gates_GateMutex_Instance_init__E)
                  000095ec    00000004     --HOLE-- [fill = 0]
                  000095f0    0000001c                   : BIOS.obj (.text:ti_sysbios_knl_Clock_Instance_finalize__E)
                  0000960c    0000001c     empty_min_pem4f.oem4f (.text:ti_sysbios_knl_Queue_Object__destruct__S)
                  00009628    0000001c     sysbios.aem4f : BIOS.obj (.text:ti_sysbios_knl_Queue_get__E)
                  00009644    00000004     --HOLE-- [fill = 0]
                  00009648    0000001c                   : BIOS.obj (.text:ti_sysbios_knl_Queue_put__E)
                  00009664    00000004     --HOLE-- [fill = 0]
                  00009668    0000001c                   : BIOS.obj (.text:ti_sysbios_knl_Task_enter__I)
                  00009684    0000001c     ti.uia.loggers.aem4f : LoggerStopMode.oem4f (.text:ti_uia_loggers_LoggerStopMode_Instance_init__E)
                  000096a0    0000001c     ti.targets.arm.rtsarm.aem4f : Error.oem4f (.text:xdc_runtime_Error_raiseX__E)
                  000096bc    0000001c                                 : Memory.oem4f (.text:xdc_runtime_Memory_valloc__E)
                  000096d8    0000001c                                 : SysMin.oem4f (.text:xdc_runtime_SysMin_exit__E)
                  000096f4    0000001c                                 : System.oem4f (.text:xdc_runtime_System_abort__E)
                  00009710    0000001a     drivers_MSP432P401R.aem4f : List.oem4f (.text:List_remove)
                  0000972a    00000006     --HOLE-- [fill = 0]
                  00009730    0000001a     sysbios.aem4f : BIOS.obj (.text:ti_sysbios_knl_Task_sleepTimeout__I)
                  0000974a    0000001a     empty_min_pem4f.oem4f (.text:xdc_runtime_System_aprintf__E)
                  00009764    0000001a     empty_min_pem4f.oem4f (.text:xdc_runtime_System_printf__E)
                  0000977e    00000002     --HOLE-- [fill = 0]
                  00009780    00000018     msp432p4xx_driverlib.lib : gpio.o (.text:GPIO_clearInterruptFlag)
                  00009798    00000018                              : gpio.o (.text:GPIO_setDriveStrengthLow)
                  000097b0    00000018                              : gpio.o (.text:GPIO_setOutputLowOnPin)
                  000097c8    00000018     drivers_MSP432P401R.aem4f : UART.oem4f (.text:UART_Params_init)
                  000097e0    00000018     msp432p4xx_driverlib.lib : wdt_a.o (.text:WDT_A_holdTimer)
                  000097f8    00000018     rtsv7M4_T_le_v4SPD16_eabi.lib : args_main.obj (.text)
                  00009810    00000018     empty_min_pem4f.oem4f (.text:ti_sysbios_BIOS_rtsUnlock__I)
                  00009828    00000018     empty_min_pem4f.oem4f (.text:ti_sysbios_family_arm_m3_Hwi_Handle__label__S)
                  00009840    00000018     empty_min_pem4f.oem4f (.text:ti_sysbios_family_arm_m3_Hwi_Module__startupDone__F)
                  00009858    00000018     sysbios.aem4f : m3_TaskSupport_asm.obj (.text:ti_sysbios_family_arm_m3_TaskSupport_swap__E)
                  00009870    00000018     empty_min_pem4f.oem4f (.text:ti_sysbios_family_arm_msp432_Timer_Module__startupDone__F)
                  00009888    00000018     empty_min_pem4f.oem4f (.text:ti_sysbios_gates_GateHwi_Handle__label__S)
                  000098a0    00000018     empty_min_pem4f.oem4f (.text:ti_sysbios_gates_GateMutex_Handle__label__S)
                  000098b8    00000018     sysbios.aem4f : BIOS.obj (.text:ti_sysbios_gates_GateMutex_leave__E)
                  000098d0    00000018     empty_min_pem4f.oem4f (.text:ti_sysbios_heaps_HeapMem_Handle__label__S)
                  000098e8    00000018     empty_min_pem4f.oem4f (.text:ti_sysbios_knl_Swi_Handle__label__S)
                  00009900    00000018     empty_min_pem4f.oem4f (.text:ti_sysbios_knl_Task_Handle__label__S)
                  00009918    00000018     empty_min_pem4f.oem4f (.text:ti_uia_loggers_LoggerStopMode_Handle__label__S)
                  00009930    00000018     ti.targets.arm.rtsarm.aem4f : Error.oem4f (.text:xdc_runtime_Error_check__E)
                  00009948    00000018                                 : System.oem4f (.text:xdc_runtime_System_exit__E)
                  00009960    00000018                                 : Text.oem4f (.text:xdc_runtime_Text_ropeText__E)
                  00009978    00000016     tirtosport.aem4f : ClockP_tirtos.oem4f (.text:ClockP_delete)
                  0000998e    00000016                      : HwiP_tirtos.oem4f (.text:HwiP_delete)
                  000099a4    00000016                      : SemaphoreP_tirtos.oem4f (.text:SemaphoreP_delete)
                  000099ba    00000016     msp432p4xx_driverlib.lib : uart.o (.text:UART_enableInterrupt)
                  000099d0    00000016     rtsv7M4_T_le_v4SPD16_eabi.lib : strchr.obj (.text)
                  000099e6    00000016     empty_min_pem4f.oem4f (.text:ti_sysbios_BIOS_exitFunc__I)
                  000099fc    00000016     telemetry.obj (.text:ti_sysbios_knl_Mailbox_Params_init)
                  00009a12    00000016     telemetry.obj (.text:ti_sysbios_knl_Task_Params_init)
                  00009a28    00000016     ti.uia.loggers.aem4f : LoggerStopMode.oem4f (.text:ti_uia_loggers_LoggerStopMode_disable__E)
                  00009a3e    00000016                          : LoggerStopMode.oem4f (.text:ti_uia_loggers_LoggerStopMode_enable__E)
                  00009a54    00000014     msp432p4xx_driverlib.lib : gpio.o (.text:GPIO_setDriveStrengthHigh)
                  00009a68    00000014                              : gpio.o (.text:GPIO_setOutputHighOnPin)
                  00009a7c    00000014     drivers_MSP432P401R.aem4f : PowerMSP432.oem4f (.text:Power_idleFunc)
                  00009a90    00000014     msp432p4xx_driverlib.lib : wdt_a.o (.text:WDT_A_startTimer)
                  00009aa4    00000014     rtsv7M4_T_le_v4SPD16_eabi.lib : _lock.obj (.text)
                  00009ab8    00000014                                   : s_copysign.obj (.text)
                  00009acc    00000014                                   : strcpy.obj (.text)
                  00009ae0    00000014                                   : strlen.obj (.text)
                  00009af4    00000014     empty_min_pem4f.oem4f (.text:ti_sysbios_family_arm_m3_Hwi_Object__get__S)
                  00009b08    00000014     sysbios.aem4f : BIOS.obj (.text:ti_sysbios_family_arm_m3_Hwi_switchFromBootStack__E)
                  00009b1c    00000014     empty_min_pem4f.oem4f (.text:ti_sysbios_heaps_HeapMem_Object__get__S)
                  00009b30    00000014     empty_min_pem4f.oem4f (.text:ti_sysbios_knl_Swi_Object__get__S)
                  00009b44    00000014     empty_min_pem4f.oem4f (.text:ti_sysbios_knl_Task_Object__get__S)
                  00009b58    00000012     tirtosport.aem4f : ClockP_tirtos.oem4f (.text:ClockP_start)
                  00009b6a    00000012     drivers_MSP432P401R.aem4f : RingBuf.oem4f (.text:RingBuf_construct)
                  00009b7c    00000012     tirtosport.aem4f : SemaphoreP_tirtos.oem4f (.text:SemaphoreP_pend)
                  00009b8e    00000002     --HOLE-- [fill = 0]
                  00009b90    00000012     sysbios.aem4f : BIOS.obj (.text:ti_sysbios_hal_Hwi_Module_startup__E)
                  00009ba2    00000012     empty_min_pem4f.oem4f (.text:xdc_runtime_Startup_exec__I)
                  00009bb4    00000010     msp432p4xx_driverlib.lib : gpio.o (.text:GPIO_getInterruptStatus)
                  00009bc4    00000010                              : pcm.o (.text:PCM_gotoLPM4)
                  00009bd4    00000010     drivers_MSP432P401R.aem4f : UARTMSP432.oem4f (.text:readBlockingTimeout)
                  00009be4    00000004     --HOLE-- [fill = 0]
                  00009be8    00000010     sysbios.aem4f : BIOS.obj (.text:ti_sysbios_BIOS_getCpuFreq__E)
                  00009bf8    00000010                   : BIOS.obj (.text:ti_sysbios_BIOS_setCpuFreq__E)
                  00009c08    00000010                   : BIOS.obj (.text:ti_sysbios_BIOS_setThreadType__E)
                  00009c18    00000010                   : BIOS.obj (.text:ti_sysbios_BIOS_start__E)
                  00009c28    00000010                   : m3_TaskSupport_asm.obj (.text:ti_sysbios_family_arm_m3_TaskSupport_glue)
                  00009c38    00000010                   : BIOS.obj (.text:ti_sysbios_family_arm_msp432_init_Boot_disableWatchdog)
                  00009c48    00000010                   : BIOS.obj (.text:ti_sysbios_gates_GateMutex_Instance_finalize__E)
                  00009c58    00000010     empty_min_pem4f.oem4f (.text:ti_sysbios_knl_Mailbox_Object__get__S)
                  00009c68    00000010     sysbios.aem4f : BIOS.obj (.text:ti_sysbios_knl_Semaphore_Instance_finalize__E)
                  00009c78    00000010                   : BIOS.obj (.text:ti_sysbios_knl_Swi_disable__E)
                  00009c88    00000010                   : BIOS.obj (.text:ti_sysbios_knl_Task_disable__E)
                  00009c98    00000010     empty_min_pem4f.oem4f (.text:ti_uia_loggers_LoggerStopMode_Object__get__S)
                  00009ca8    00000010     ti.uia.loggers.aem4f : LoggerStopMode.oem4f (.text:ti_uia_loggers_LoggerStopMode_isEmpty__E)
                  00009cb8    00000010     ti.targets.arm.rtsarm.aem4f : Gate.oem4f (.text:xdc_runtime_Gate_leaveSystem__E)
                  00009cc8    00000010                                 : Memory.oem4f (.text:xdc_runtime_Memory_free__E)
                  00009cd8    00000010                                 : SysMin.oem4f (.text:xdc_runtime_SysMin_ready__E)
                  00009ce8    00000010                                 : System.oem4f (.text:xdc_runtime_System_vsnprintf__E)
                  00009cf8    0000000e     tirtosport.aem4f : HwiP_tirtos.oem4f (.text:HwiP_Params_init)
                  00009d06    0000000e     msp432p4xx_driverlib.lib : uart.o (.text:UART_clearInterruptFlag)
                  00009d14    0000000e     rtsv7M4_T_le_v4SPD16_eabi.lib : copy_decompress_none.obj (.text:decompress:none)
                  00009d22    00000006     --HOLE-- [fill = 0]
                  00009d28    0000000e     sysbios.aem4f : BIOS.obj (.text:ti_sysbios_knl_Idle_loop__E)
                  00009d36    00000002     --HOLE-- [fill = 0]
                  00009d38    0000000e                   : BIOS.obj (.text:ti_sysbios_knl_Queue_empty__E)
                  00009d46    0000000c     empty_min_pem4f.oem4f (.text:.bootCodeSection:ti_sysbios_family_arm_msp432_init_Boot_init__I)
                  00009d52    0000000c     msp432p4xx_driverlib.lib : cpu.o (.text:CPU_cpsid)
                  00009d5e    0000000c                              : cpu.o (.text:CPU_cpsie)
                  00009d6a    00000002     --HOLE-- [fill = 0]
                  00009d6c    0000000c                              : pcm.o (.text:PCM_getPowerState)
                  00009d78    0000000c     drivers_MSP432P401R.aem4f : PowerMSP432.oem4f (.text:Power_getConstraintMask)
                  00009d84    0000000c                               : PowerMSP432.oem4f (.text:Power_getPerformanceLevel)
                  00009d90    0000000c                               : UARTMSP432.oem4f (.text:UARTMSP432_init)
                  00009d9c    0000000c     msp432p4xx_driverlib.lib : uart.o (.text:UART_disableModule)
                  00009da8    0000000c                              : uart.o (.text:UART_enableModule)
                  00009db4    0000000c     rtsv7M4_T_le_v4SPD16_eabi.lib : copy_zero_init.obj (.text:decompress:ZI)
                  00009dc0    0000000c     empty_min_pem4f.oem4f (.text:ti_sysbios_family_arm_m3_Hwi_Params__init__S)
                  00009dcc    00000004     --HOLE-- [fill = 0]
                  00009dd0    0000000c     sysbios.aem4f : BIOS.obj (.text:ti_sysbios_family_arm_m3_Hwi_disableFxn__E)
                  00009ddc    00000004     --HOLE-- [fill = 0]
                  00009de0    0000000c                   : BIOS.obj (.text:ti_sysbios_family_arm_m3_TaskSupport_getStackAlignment__E)
                  00009dec    00000004     --HOLE-- [fill = 0]
                  00009df0    0000000c                   : BIOS.obj (.text:ti_sysbios_family_arm_m3_TimestampProvider_startTimer__E)
                  00009dfc    00000004     --HOLE-- [fill = 0]
                  00009e00    0000000c                   : BIOS.obj (.text:ti_sysbios_family_arm_msp432_Timer_getMaxTicks__E)
                  00009e0c    00000004     --HOLE-- [fill = 0]
                  00009e10    0000000c                   : BIOS.obj (.text:ti_sysbios_gates_GateHwi_enter__E)
                  00009e1c    0000000c     empty_min_pem4f.oem4f (.text:ti_sysbios_knl_Clock_Params__init__S)
                  00009e28    0000000c     empty_min_pem4f.oem4f (.text:ti_sysbios_knl_Mailbox_Params__init__S)
                  00009e34    0000000c     empty_min_pem4f.oem4f (.text:ti_sysbios_knl_Queue_Object__get__S)
                  00009e40    0000000c     empty_min_pem4f.oem4f (.text:ti_sysbios_knl_Semaphore_Params__init__S)
                  00009e4c    0000000c     empty_min_pem4f.oem4f (.text:ti_sysbios_knl_Task_Params__init__S)
                  00009e58    0000000c     sysbios.aem4f : BIOS.obj (.text:ti_sysbios_utils_Load_taskRegHook__E)
                  00009e64    0000000c     ti.targets.arm.rtsarm.aem4f : Error.oem4f (.text:xdc_runtime_Error_init__E)
                  00009e70    0000000c                                 : Gate.oem4f (.text:xdc_runtime_Gate_enterSystem__E)
                  00009e7c    0000000c                                 : Memory.oem4f (.text:xdc_runtime_Memory_calloc__E)
                  00009e88    0000000c                                 : Memory.oem4f (.text:xdc_runtime_Memory_getMaxDefaultTypeAlign__E)
                  00009e94    0000000c                                 : Startup.oem4f (.text:xdc_runtime_Startup_rtsDone__E)
                  00009ea0    0000000a     tirtosport.aem4f : ClockP_tirtos.oem4f (.text:ClockP_stop)
                  00009eaa    0000000a                      : SemaphoreP_tirtos.oem4f (.text:SemaphoreP_post)
                  00009eb4    0000000a     drivers_MSP432P401R.aem4f : UART.oem4f (.text:UART_write)
                  00009ebe    0000000a     empty_min_pem4f.oem4f (.text:xdc_runtime_IHeap_alloc)
                  00009ec8    0000000a     empty_min_pem4f.oem4f (.text:xdc_runtime_IHeap_free)
                  00009ed2    0000000a     empty_min_pem4f.oem4f (.text:xdc_runtime_Text_visitRope__I)
                  00009edc    00000008     tirtosport.aem4f : ClockP_tirtos.oem4f (.text:ClockP_Params_init)
                  00009ee4    00000008     MSP_EXP432P401R.obj (.text:MSP_EXP432P401R_initGPIO)
                  00009eec    00000008     MSP_EXP432P401R.obj (.text:MSP_EXP432P401R_initGeneral)
                  00009ef4    00000008     msp432p4xx_driverlib.lib : pcm.o (.text:PCM_setPowerMode)
                  00009efc    00000008                              : pcm.o (.text:PCM_setPowerState)
                  00009f04    00000008     tirtosport.aem4f : SemaphoreP_tirtos.oem4f (.text:SemaphoreP_Params_init)
                  00009f0c    00000008     drivers_MSP432P401R.aem4f : UARTMSP432.oem4f (.text:readSemCallback)
                  00009f14    00000004     --HOLE-- [fill = 0]
                  00009f18    00000008     sysbios.aem4f : BIOS.obj (.text:ti_sysbios_family_arm_m3_Hwi_doSwiRestore__I)
                  00009f20    00000008                   : BIOS.obj (.text:ti_sysbios_family_arm_m3_Hwi_startup__E)
                  00009f28    00000008     drivers_MSP432P401R.aem4f : UARTMSP432.oem4f (.text:writeSemCallback)
                  00009f30    00000006     sysbios.aem4f : BIOS.obj (.text:ti_sysbios_family_arm_m3_Hwi_doTaskRestore__I)
                  00009f36    00000002     --HOLE-- [fill = 0]
                  00009f38    00000006                   : BIOS.obj (.text:ti_sysbios_family_arm_m3_Hwi_restoreFxn__E)
                  00009f3e    00000002     --HOLE-- [fill = 0]
                  00009f40    00000006                   : BIOS.obj (.text:ti_sysbios_gates_GateHwi_leave__E)
                  00009f46    00000002     --HOLE-- [fill = 0]
                  00009f48    00000006                   : BIOS.obj (.text:ti_sysbios_heaps_HeapMem_isBlocking__E)
                  00009f4e    00000002     --HOLE-- [fill = 0]
                  00009f50    00000006                   : BIOS.obj (.text:ti_sysbios_knl_Clock_stop__E)
                  00009f56    00000002     --HOLE-- [fill = 0]
                  00009f58    00000006                   : BIOS.obj (.text:ti_sysbios_knl_Queue_Instance_init__E)
                  00009f5e    00000002     --HOLE-- [fill = 0]
                  00009f60    00000006                   : BIOS.obj (.text:ti_sysbios_knl_Swi_startup__E)
                  00009f66    00000002     --HOLE-- [fill = 0]
                  00009f68    00000004                   : BIOS.obj (.text:ti_sysbios_gates_GateHwi_query__E)
                  00009f6c    00000004     --HOLE-- [fill = 0]
                  00009f70    00000004                   : BIOS.obj (.text:ti_sysbios_gates_GateMutex_query__E)
                  00009f74    00000004     --HOLE-- [fill = 0]
                  00009f78    00000004                   : BIOS.obj (.text:ti_sysbios_knl_Clock_setTimeout__E)
                  00009f7c    00000004     --HOLE-- [fill = 0]
                  00009f80    00000004                   : BIOS.obj (.text:ti_sysbios_knl_Task_startup__E)
                  00009f84    00000004     --HOLE-- [fill = 0]
                  00009f88    00000002                   : BIOS.obj (.text:ti_sysbios_BIOS_linkedWithIncorrectBootLibrary__E)
                  00009f8a    00000006     --HOLE-- [fill = 0]
                  00009f90    00000002                   : BIOS.obj (.text:ti_sysbios_family_arm_m3_TimestampProvider_rolloverFunc__E)
                  00009f92    00000006     --HOLE-- [fill = 0]
                  00009f98    00000002                   : BIOS.obj (.text:ti_sysbios_gates_GateHwi_Instance_init__E)

.const     0    00009f9c    00002724     
                  00009f9c    00001da2     empty_min_pem4f.oem4f (.const:xdc_runtime_Text_charTab__A)
                  0000bd3e    00000101     rtsv7M4_T_le_v4SPD16_eabi.lib : ctype.obj (.const:.string:_ctypes_)
                  0000be3f    00000001     empty_min_pem4f.oem4f (.const:xdc_runtime_Error_policy__C)
                  0000be40    00000070     MSP_EXP432P401R.obj (.const:uartMSP432Baudrates)
                  0000beb0    00000060     empty_min_pem4f.oem4f (.const:ti_uia_loggers_LoggerStopMode_Module__FXNS__C)
                  0000bf10    00000048     empty_min_pem4f.oem4f (.const:.string)
                  0000bf58    00000048     MSP_EXP432P401R.obj (.const:uartMSP432HWAttrs)
                  0000bfa0    0000003c     empty_min_pem4f.oem4f (.const:ti_sysbios_knl_Task_Object__PARAMS__C)
                  0000bfdc    00000034     empty_min_pem4f.oem4f (.const:ti_sysbios_knl_Mailbox_Object__PARAMS__C)
                  0000c010    00000030     empty_min_pem4f.oem4f (.const:ti_sysbios_family_arm_m3_Hwi_Object__PARAMS__C)
                  0000c040    00000030     empty_min_pem4f.oem4f (.const:xdc_runtime_Startup_sfxnTab__A)
                  0000c070    00000028     drivers_MSP432P401R.aem4f : UARTMSP432.oem4f (.const:UARTMSP432_fxnTable)
                  0000c098    00000028     empty_min_pem4f.oem4f (.const:ti_sysbios_heaps_HeapMem_Module__FXNS__C)
                  0000c0c0    00000028     empty_min_pem4f.oem4f (.const:ti_uia_loggers_LoggerStopMode_Object__PARAMS__C)
                  0000c0e8    00000024     MSP_EXP432P401R.obj (.const:UART_config)
                  0000c10c    00000024     drivers_MSP432P401R.aem4f : UART.oem4f (.const:UART_defaultParams)
                  0000c130    00000024                               : UARTMSP432.oem4f (.const)
                  0000c154    00000024     empty_min_pem4f.oem4f (.const:ti_sysbios_gates_GateHwi_Module__FXNS__C)
                  0000c178    00000024     empty_min_pem4f.oem4f (.const:ti_sysbios_gates_GateMutex_Module__FXNS__C)
                  0000c19c    00000024     empty_min_pem4f.oem4f (.const:ti_sysbios_heaps_HeapMem_Object__PARAMS__C)
                  0000c1c0    00000024     empty_min_pem4f.oem4f (.const:ti_sysbios_knl_Clock_Object__PARAMS__C)
                  0000c1e4    00000024     empty_min_pem4f.oem4f (.const:ti_sysbios_knl_Semaphore_Object__PARAMS__C)
                  0000c208    00000020     empty_min_pem4f.oem4f (.const:ti_sysbios_family_arm_m3_Hwi_Object__DESC__C)
                  0000c228    00000020     empty_min_pem4f.oem4f (.const:ti_sysbios_gates_GateHwi_Object__DESC__C)
                  0000c248    00000020     empty_min_pem4f.oem4f (.const:ti_sysbios_gates_GateMutex_Object__DESC__C)
                  0000c268    00000020     empty_min_pem4f.oem4f (.const:ti_sysbios_heaps_HeapMem_Object__DESC__C)
                  0000c288    00000020     empty_min_pem4f.oem4f (.const:ti_sysbios_knl_Clock_Object__DESC__C)
                  0000c2a8    00000020     empty_min_pem4f.oem4f (.const:ti_sysbios_knl_Mailbox_Object__DESC__C)
                  0000c2c8    00000020     empty_min_pem4f.oem4f (.const:ti_sysbios_knl_Queue_Object__DESC__C)
                  0000c2e8    00000020     empty_min_pem4f.oem4f (.const:ti_sysbios_knl_Semaphore_Object__DESC__C)
                  0000c308    00000020     empty_min_pem4f.oem4f (.const:ti_sysbios_knl_Task_Object__DESC__C)
                  0000c328    00000020     empty_min_pem4f.oem4f (.const:ti_uia_loggers_LoggerStopMode_Object__DESC__C)
                  0000c348    00000018     empty_min_pem4f.oem4f (.const:ti_sysbios_gates_GateHwi_Object__PARAMS__C)
                  0000c360    00000018     empty_min_pem4f.oem4f (.const:ti_sysbios_gates_GateMutex_Object__PARAMS__C)
                  0000c378    00000018     empty_min_pem4f.oem4f (.const:ti_sysbios_knl_Queue_Object__PARAMS__C)
                  0000c390    00000018     empty_min_pem4f.oem4f (.const:ti_sysbios_knl_Task_hooks__A)
                  0000c3a8    00000018     empty_min_pem4f.oem4f (.const:xdc_runtime_Startup_sfxnRts__A)
                  0000c3c0    00000014     MSP_EXP432P401R.obj (.const:GPIOMSP432_config)
                  0000c3d4    00000010     MSP_EXP432P401R.obj (.const:PowerMSP432_config)
                  0000c3e4    00000010     empty_min_pem4f.oem4f (.const:xdc_runtime_Text_nodeTab__A)
                  0000c3f4    0000000c     drivers_MSP432P401R.aem4f : GPIOMSP432.oem4f (.const:.string)
                  0000c400    0000000c     empty_min_pem4f.oem4f (.const:ti_sysbios_knl_Idle_funcList__A)
                  0000c40c    0000000c     empty_min_pem4f.oem4f (.const:xdc_runtime_Startup_firstFxns__A)
                  0000c418    00000008     empty_min_pem4f.oem4f (.const:ti_sysbios_family_arm_m3_Hwi_excHookFuncs__A)
                  0000c420    00000008     empty_min_pem4f.oem4f (.const:ti_sysbios_knl_Idle_funcList__C)
                  0000c428    00000008     empty_min_pem4f.oem4f (.const:ti_sysbios_knl_Task_hooks__C)
                  0000c430    00000008     empty_min_pem4f.oem4f (.const:xdc_runtime_Startup_firstFxns__C)
                  0000c438    00000008     empty_min_pem4f.oem4f (.const:xdc_runtime_Startup_lastFxns__C)
                  0000c440    00000005     drivers_MSP432P401R.aem4f : UARTMSP432.oem4f (.const:.string)
                  0000c445    00000001     --HOLE-- [fill = 0]
                  0000c446    00000002     empty_min_pem4f.oem4f (.const:ti_sysbios_family_arm_m3_Hwi_Module__id__C)
                  0000c448    00000004     empty_min_pem4f.oem4f (.const:ti_sysbios_family_arm_m3_Hwi_E_NMI__C)
                  0000c44c    00000004     empty_min_pem4f.oem4f (.const:ti_sysbios_family_arm_m3_Hwi_E_alreadyDefined__C)
                  0000c450    00000004     empty_min_pem4f.oem4f (.const:ti_sysbios_family_arm_m3_Hwi_E_busFault__C)
                  0000c454    00000004     empty_min_pem4f.oem4f (.const:ti_sysbios_family_arm_m3_Hwi_E_debugMon__C)
                  0000c458    00000004     empty_min_pem4f.oem4f (.const:ti_sysbios_family_arm_m3_Hwi_E_hardFault__C)
                  0000c45c    00000004     empty_min_pem4f.oem4f (.const:ti_sysbios_family_arm_m3_Hwi_E_memFault__C)
                  0000c460    00000004     empty_min_pem4f.oem4f (.const:ti_sysbios_family_arm_m3_Hwi_E_noIsr__C)
                  0000c464    00000004     empty_min_pem4f.oem4f (.const:ti_sysbios_family_arm_m3_Hwi_E_reserved__C)
                  0000c468    00000004     empty_min_pem4f.oem4f (.const:ti_sysbios_family_arm_m3_Hwi_E_svCall__C)
                  0000c46c    00000004     empty_min_pem4f.oem4f (.const:ti_sysbios_family_arm_m3_Hwi_E_usageFault__C)
                  0000c470    00000004     empty_min_pem4f.oem4f (.const:ti_sysbios_family_arm_m3_Hwi_LD_end__C)
                  0000c474    00000004     empty_min_pem4f.oem4f (.const:ti_sysbios_family_arm_m3_Hwi_LM_begin__C)
                  0000c478    00000004     empty_min_pem4f.oem4f (.const:ti_sysbios_family_arm_m3_Hwi_Module__diagsEnabled__C)
                  0000c47c    00000004     empty_min_pem4f.oem4f (.const:ti_sysbios_family_arm_m3_Hwi_Module__diagsIncluded__C)
                  0000c480    00000004     empty_min_pem4f.oem4f (.const:ti_sysbios_family_arm_m3_Hwi_Module__diagsMask__C)
                  0000c484    00000004     empty_min_pem4f.oem4f (.const:ti_sysbios_family_arm_m3_Hwi_Module__loggerFxn1__C)
                  0000c488    00000004     empty_min_pem4f.oem4f (.const:ti_sysbios_family_arm_m3_Hwi_Module__loggerFxn8__C)
                  0000c48c    00000004     empty_min_pem4f.oem4f (.const:ti_sysbios_family_arm_m3_Hwi_Module__loggerObj__C)
                  0000c490    00000004     empty_min_pem4f.oem4f (.const:ti_sysbios_family_arm_m3_Hwi_NUM_INTERRUPTS__C)
                  0000c494    00000004     empty_min_pem4f.oem4f (.const:ti_sysbios_family_arm_m3_Hwi_Object__count__C)
                  0000c498    00000004     empty_min_pem4f.oem4f (.const:ti_sysbios_family_arm_m3_Hwi_ccr__C)
                  0000c49c    00000004     empty_min_pem4f.oem4f (.const:ti_sysbios_family_arm_m3_Hwi_excHandlerFunc__C)
                  0000c4a0    00000004     empty_min_pem4f.oem4f (.const:ti_sysbios_family_arm_m3_Hwi_excHookFuncs__C)
                  0000c4a4    00000004     empty_min_pem4f.oem4f (.const:ti_sysbios_family_arm_m3_Hwi_nullIsrFunc__C)
                  0000c4a8    00000004     empty_min_pem4f.oem4f (.const:ti_sysbios_family_arm_m3_Hwi_priGroup__C)
                  0000c4ac    00000004     empty_min_pem4f.oem4f (.const:ti_sysbios_family_arm_m3_TaskSupport_stackAlignment__C)
                  0000c4b0    00000004     empty_min_pem4f.oem4f (.const:ti_sysbios_family_arm_m3_Timer_E_cannotSupport__C)
                  0000c4b4    00000004     empty_min_pem4f.oem4f (.const:ti_sysbios_family_arm_m3_Timer_startupNeeded__C)
                  0000c4b8    00000004     empty_min_pem4f.oem4f (.const:ti_sysbios_family_arm_msp432_Timer_numTimerDevices__C)
                  0000c4bc    00000004     empty_min_pem4f.oem4f (.const:ti_sysbios_family_arm_msp432_Timer_startupNeeded__C)
                  0000c4c0    00000004     empty_min_pem4f.oem4f (.const:ti_sysbios_gates_GateMutex_Instance_State_sem__O)
                  0000c4c4    00000004     empty_min_pem4f.oem4f (.const:ti_sysbios_hal_Hwi_E_stackOverflow__C)
                  0000c4c8    00000004     empty_min_pem4f.oem4f (.const:ti_sysbios_heaps_HeapMem_E_memory__C)
                  0000c4cc    00000004     empty_min_pem4f.oem4f (.const:ti_sysbios_heaps_HeapMem_Module__gateObj__C)
                  0000c4d0    00000004     empty_min_pem4f.oem4f (.const:ti_sysbios_heaps_HeapMem_Object__count__C)
                  0000c4d4    00000004     empty_min_pem4f.oem4f (.const:ti_sysbios_heaps_HeapMem_reqAlign__C)
                  0000c4d8    00000004     empty_min_pem4f.oem4f (.const:ti_sysbios_knl_Clock_LM_begin__C)
                  0000c4dc    00000004     empty_min_pem4f.oem4f (.const:ti_sysbios_knl_Clock_LM_tick__C)
                  0000c4e0    00000004     empty_min_pem4f.oem4f (.const:ti_sysbios_knl_Clock_LW_delayed__C)
                  0000c4e4    00000004     empty_min_pem4f.oem4f (.const:ti_sysbios_knl_Clock_Module_State_clockQ__O)
                  0000c4e8    00000004     empty_min_pem4f.oem4f (.const:ti_sysbios_knl_Clock_Module__diagsEnabled__C)
                  0000c4ec    00000004     empty_min_pem4f.oem4f (.const:ti_sysbios_knl_Clock_Module__diagsIncluded__C)
                  0000c4f0    00000004     empty_min_pem4f.oem4f (.const:ti_sysbios_knl_Clock_Module__diagsMask__C)
                  0000c4f4    00000004     empty_min_pem4f.oem4f (.const:ti_sysbios_knl_Clock_Module__loggerFxn1__C)
                  0000c4f8    00000004     empty_min_pem4f.oem4f (.const:ti_sysbios_knl_Clock_Module__loggerFxn2__C)
                  0000c4fc    00000004     empty_min_pem4f.oem4f (.const:ti_sysbios_knl_Clock_Module__loggerObj__C)
                  0000c500    00000004     empty_min_pem4f.oem4f (.const:ti_sysbios_knl_Mailbox_Instance_State_dataQue__O)
                  0000c504    00000004     empty_min_pem4f.oem4f (.const:ti_sysbios_knl_Mailbox_Instance_State_dataSem__O)
                  0000c508    00000004     empty_min_pem4f.oem4f (.const:ti_sysbios_knl_Mailbox_Instance_State_freeQue__O)
                  0000c50c    00000004     empty_min_pem4f.oem4f (.const:ti_sysbios_knl_Mailbox_Instance_State_freeSem__O)
                  0000c510    00000004     empty_min_pem4f.oem4f (.const:ti_sysbios_knl_Mailbox_Object__count__C)
                  0000c514    00000004     empty_min_pem4f.oem4f (.const:ti_sysbios_knl_Mailbox_maxTypeAlign__C)
                  0000c518    00000004     empty_min_pem4f.oem4f (.const:ti_sysbios_knl_Semaphore_Instance_State_pendQ__O)
                  0000c51c    00000004     empty_min_pem4f.oem4f (.const:ti_sysbios_knl_Semaphore_LM_pend__C)
                  0000c520    00000004     empty_min_pem4f.oem4f (.const:ti_sysbios_knl_Semaphore_LM_post__C)
                  0000c524    00000004     empty_min_pem4f.oem4f (.const:ti_sysbios_knl_Semaphore_Module__diagsEnabled__C)
                  0000c528    00000004     empty_min_pem4f.oem4f (.const:ti_sysbios_knl_Semaphore_Module__diagsIncluded__C)
                  0000c52c    00000004     empty_min_pem4f.oem4f (.const:ti_sysbios_knl_Semaphore_Module__diagsMask__C)
                  0000c530    00000004     empty_min_pem4f.oem4f (.const:ti_sysbios_knl_Semaphore_Module__loggerFxn2__C)
                  0000c534    00000004     empty_min_pem4f.oem4f (.const:ti_sysbios_knl_Semaphore_Module__loggerFxn4__C)
                  0000c538    00000004     empty_min_pem4f.oem4f (.const:ti_sysbios_knl_Semaphore_Module__loggerObj__C)
                  0000c53c    00000004     empty_min_pem4f.oem4f (.const:ti_sysbios_knl_Swi_LD_end__C)
                  0000c540    00000004     empty_min_pem4f.oem4f (.const:ti_sysbios_knl_Swi_LM_begin__C)
                  0000c544    00000004     empty_min_pem4f.oem4f (.const:ti_sysbios_knl_Swi_LM_post__C)
                  0000c548    00000004     empty_min_pem4f.oem4f (.const:ti_sysbios_knl_Swi_Module__diagsEnabled__C)
                  0000c54c    00000004     empty_min_pem4f.oem4f (.const:ti_sysbios_knl_Swi_Module__diagsIncluded__C)
                  0000c550    00000004     empty_min_pem4f.oem4f (.const:ti_sysbios_knl_Swi_Module__diagsMask__C)
                  0000c554    00000004     empty_min_pem4f.oem4f (.const:ti_sysbios_knl_Swi_Module__loggerFxn1__C)
                  0000c558    00000004     empty_min_pem4f.oem4f (.const:ti_sysbios_knl_Swi_Module__loggerFxn4__C)
                  0000c55c    00000004     empty_min_pem4f.oem4f (.const:ti_sysbios_knl_Swi_Module__loggerObj__C)
                  0000c560    00000004     empty_min_pem4f.oem4f (.const:ti_sysbios_knl_Swi_Object__count__C)
                  0000c564    00000004     empty_min_pem4f.oem4f (.const:ti_sysbios_knl_Task_LD_block__C)
                  0000c568    00000004     empty_min_pem4f.oem4f (.const:ti_sysbios_knl_Task_LD_exit__C)
                  0000c56c    00000004     empty_min_pem4f.oem4f (.const:ti_sysbios_knl_Task_LD_ready__C)
                  0000c570    00000004     empty_min_pem4f.oem4f (.const:ti_sysbios_knl_Task_LM_sleep__C)
                  0000c574    00000004     empty_min_pem4f.oem4f (.const:ti_sysbios_knl_Task_LM_switch__C)
                  0000c578    00000004     empty_min_pem4f.oem4f (.const:ti_sysbios_knl_Task_Module_State_inactiveQ__O)
                  0000c57c    00000004     empty_min_pem4f.oem4f (.const:ti_sysbios_knl_Task_Module__diagsEnabled__C)
                  0000c580    00000004     empty_min_pem4f.oem4f (.const:ti_sysbios_knl_Task_Module__diagsIncluded__C)
                  0000c584    00000004     empty_min_pem4f.oem4f (.const:ti_sysbios_knl_Task_Module__diagsMask__C)
                  0000c588    00000004     empty_min_pem4f.oem4f (.const:ti_sysbios_knl_Task_Module__loggerFxn2__C)
                  0000c58c    00000004     empty_min_pem4f.oem4f (.const:ti_sysbios_knl_Task_Module__loggerFxn4__C)
                  0000c590    00000004     empty_min_pem4f.oem4f (.const:ti_sysbios_knl_Task_Module__loggerObj__C)
                  0000c594    00000004     empty_min_pem4f.oem4f (.const:ti_sysbios_knl_Task_Object__count__C)
                  0000c598    00000004     empty_min_pem4f.oem4f (.const:ti_sysbios_knl_Task_Object__heap__C)
                  0000c59c    00000004     empty_min_pem4f.oem4f (.const:ti_sysbios_knl_Task_allBlockedFunc__C)
                  0000c5a0    00000004     empty_min_pem4f.oem4f (.const:ti_sysbios_knl_Task_defaultStackHeap__C)
                  0000c5a4    00000004     empty_min_pem4f.oem4f (.const:ti_sysbios_knl_Task_defaultStackSize__C)
                  0000c5a8    00000004     empty_min_pem4f.oem4f (.const:ti_sysbios_knl_Task_numConstructedTasks__C)
                  0000c5ac    00000004     empty_min_pem4f.oem4f (.const:ti_sysbios_utils_Load_LS_cpuLoad__C)
                  0000c5b0    00000004     empty_min_pem4f.oem4f (.const:ti_sysbios_utils_Load_LS_taskLoad__C)
                  0000c5b4    00000004     empty_min_pem4f.oem4f (.const:ti_sysbios_utils_Load_Module_State_taskList__O)
                  0000c5b8    00000004     empty_min_pem4f.oem4f (.const:ti_sysbios_utils_Load_Module__diagsEnabled__C)
                  0000c5bc    00000004     empty_min_pem4f.oem4f (.const:ti_sysbios_utils_Load_Module__diagsIncluded__C)
                  0000c5c0    00000004     empty_min_pem4f.oem4f (.const:ti_sysbios_utils_Load_Module__diagsMask__C)
                  0000c5c4    00000004     empty_min_pem4f.oem4f (.const:ti_sysbios_utils_Load_Module__loggerFxn1__C)
                  0000c5c8    00000004     empty_min_pem4f.oem4f (.const:ti_sysbios_utils_Load_Module__loggerFxn4__C)
                  0000c5cc    00000004     empty_min_pem4f.oem4f (.const:ti_sysbios_utils_Load_Module__loggerObj__C)
                  0000c5d0    00000004     empty_min_pem4f.oem4f (.const:ti_sysbios_utils_Load_postUpdate__C)
                  0000c5d4    00000004     empty_min_pem4f.oem4f (.const:ti_sysbios_utils_Load_windowInMs__C)
                  0000c5d8    00000004     empty_min_pem4f.oem4f (.const:ti_uia_loggers_LoggerStopMode_Module__diagsEnabled__C)
                  0000c5dc    00000004     empty_min_pem4f.oem4f (.const:ti_uia_loggers_LoggerStopMode_Module__diagsIncluded__C)
                  0000c5e0    00000004     empty_min_pem4f.oem4f (.const:ti_uia_loggers_LoggerStopMode_Module__diagsMask__C)
                  0000c5e4    00000004     empty_min_pem4f.oem4f (.const:ti_uia_loggers_LoggerStopMode_Object__count__C)
                  0000c5e8    00000004     empty_min_pem4f.oem4f (.const:ti_uia_runtime_ILoggerSnapshot_Interface__BASE__C)
                  0000c5ec    00000004     empty_min_pem4f.oem4f (.const:ti_uia_runtime_IUIATransfer_Interface__BASE__C)
                  0000c5f0    00000004     empty_min_pem4f.oem4f (.const:xdc_runtime_Assert_E_assertFailed__C)
                  0000c5f4    00000004     empty_min_pem4f.oem4f (.const:xdc_runtime_Core_A_initializedParams__C)
                  0000c5f8    00000004     empty_min_pem4f.oem4f (.const:xdc_runtime_Core_Module__diagsEnabled__C)
                  0000c5fc    00000004     empty_min_pem4f.oem4f (.const:xdc_runtime_Core_Module__diagsIncluded__C)
                  0000c600    00000004     empty_min_pem4f.oem4f (.const:xdc_runtime_Core_Module__diagsMask__C)
                  0000c604    00000004     empty_min_pem4f.oem4f (.const:xdc_runtime_Error_E_memory__C)
                  0000c608    00000004     empty_min_pem4f.oem4f (.const:xdc_runtime_Error_Module__diagsEnabled__C)
                  0000c60c    00000004     empty_min_pem4f.oem4f (.const:xdc_runtime_Error_Module__diagsIncluded__C)
                  0000c610    00000004     empty_min_pem4f.oem4f (.const:xdc_runtime_Error_Module__diagsMask__C)
                  0000c614    00000004     empty_min_pem4f.oem4f (.const:xdc_runtime_Error_Module__loggerFxn8__C)
                  0000c618    00000004     empty_min_pem4f.oem4f (.const:xdc_runtime_Error_Module__loggerObj__C)
                  0000c61c    00000004     empty_min_pem4f.oem4f (.const:xdc_runtime_Error_policyFxn__C)
                  0000c620    00000004     empty_min_pem4f.oem4f (.const:xdc_runtime_Error_raiseHook__C)
                  0000c624    00000004     empty_min_pem4f.oem4f (.const:xdc_runtime_IFilterLogger_Interface__BASE__C)
                  0000c628    00000004     empty_min_pem4f.oem4f (.const:xdc_runtime_IGateProvider_Interface__BASE__C)
                  0000c62c    00000004     empty_min_pem4f.oem4f (.const:xdc_runtime_IHeap_Interface__BASE__C)
                  0000c630    00000004     empty_min_pem4f.oem4f (.const:xdc_runtime_ILogger_Interface__BASE__C)
                  0000c634    00000004     empty_min_pem4f.oem4f (.const:xdc_runtime_IModule_Interface__BASE__C)
                  0000c638    00000004     empty_min_pem4f.oem4f (.const:xdc_runtime_Log_L_error__C)
                  0000c63c    00000004     empty_min_pem4f.oem4f (.const:xdc_runtime_Memory_defaultHeapInstance__C)
                  0000c640    00000004     empty_min_pem4f.oem4f (.const:xdc_runtime_Startup_execImpl__C)
                  0000c644    00000004     empty_min_pem4f.oem4f (.const:xdc_runtime_Startup_lastFxns__A)
                  0000c648    00000004     empty_min_pem4f.oem4f (.const:xdc_runtime_Startup_maxPasses__C)
                  0000c64c    00000004     empty_min_pem4f.oem4f (.const:xdc_runtime_Startup_sfxnRts__C)
                  0000c650    00000004     empty_min_pem4f.oem4f (.const:xdc_runtime_Startup_sfxnTab__C)
                  0000c654    00000004     empty_min_pem4f.oem4f (.const:xdc_runtime_SysMin_bufSize__C)
                  0000c658    00000004     empty_min_pem4f.oem4f (.const:xdc_runtime_SysMin_outputFunc__C)
                  0000c65c    00000004     empty_min_pem4f.oem4f (.const:xdc_runtime_System_Module__gateObj__C)
                  0000c660    00000004     empty_min_pem4f.oem4f (.const:xdc_runtime_System_abortFxn__C)
                  0000c664    00000004     empty_min_pem4f.oem4f (.const:xdc_runtime_System_exitFxn__C)
                  0000c668    00000004     empty_min_pem4f.oem4f (.const:xdc_runtime_System_extendFxn__C)
                  0000c66c    00000004     empty_min_pem4f.oem4f (.const:xdc_runtime_System_maxAtexitHandlers__C)
                  0000c670    00000004     empty_min_pem4f.oem4f (.const:xdc_runtime_Text_charTab__C)
                  0000c674    00000004     empty_min_pem4f.oem4f (.const:xdc_runtime_Text_nameEmpty__C)
                  0000c678    00000004     empty_min_pem4f.oem4f (.const:xdc_runtime_Text_nameStatic__C)
                  0000c67c    00000004     empty_min_pem4f.oem4f (.const:xdc_runtime_Text_nameUnknown__C)
                  0000c680    00000004     empty_min_pem4f.oem4f (.const:xdc_runtime_Text_nodeTab__C)
                  0000c684    00000004     empty_min_pem4f.oem4f (.const:xdc_runtime_Text_visitRopeFxn__C)
                  0000c688    00000002     empty_min_pem4f.oem4f (.const:ti_sysbios_family_arm_m3_Hwi_Module__loggerDefined__C)
                  0000c68a    00000002     empty_min_pem4f.oem4f (.const:ti_sysbios_family_arm_m3_Timer_Module__id__C)
                  0000c68c    00000002     empty_min_pem4f.oem4f (.const:ti_sysbios_family_arm_m3_TimestampProvider_configTimer__C)
                  0000c68e    00000002     empty_min_pem4f.oem4f (.const:ti_sysbios_hal_Hwi_Module__id__C)
                  0000c690    00000002     empty_min_pem4f.oem4f (.const:ti_sysbios_heaps_HeapMem_Module__id__C)
                  0000c692    00000002     empty_min_pem4f.oem4f (.const:ti_sysbios_knl_Clock_Module__id__C)
[...]
0000c45c  ti_sysbios_family_arm_m3_Hwi_E_memFault__C                   
0000c460  ti_sysbios_family_arm_m3_Hwi_E_noIsr__C                      
0000c464  ti_sysbios_family_arm_m3_Hwi_E_reserved__C                   
0000c468  ti_sysbios_family_arm_m3_Hwi_E_svCall__C                     
0000c46c  ti_sysbios_family_arm_m3_Hwi_E_usageFault__C                 
0000c470  ti_sysbios_family_arm_m3_Hwi_LD_end__C                       
0000c474  ti_sysbios_family_arm_m3_Hwi_LM_begin__C                     
0000c478  ti_sysbios_family_arm_m3_Hwi_Module__diagsEnabled__C         
0000c47c  ti_sysbios_family_arm_m3_Hwi_Module__diagsIncluded__C        
0000c480  ti_sysbios_family_arm_m3_Hwi_Module__diagsMask__C            
0000c484  ti_sysbios_family_arm_m3_Hwi_Module__loggerFxn1__C           
0000c488  ti_sysbios_family_arm_m3_Hwi_Module__loggerFxn8__C           
0000c48c  ti_sysbios_family_arm_m3_Hwi_Module__loggerObj__C            
0000c490  ti_sysbios_family_arm_m3_Hwi_NUM_INTERRUPTS__C               
0000c494  ti_sysbios_family_arm_m3_Hwi_Object__count__C                
0000c498  ti_sysbios_family_arm_m3_Hwi_ccr__C                          
0000c49c  ti_sysbios_family_arm_m3_Hwi_excHandlerFunc__C               
0000c4a0  ti_sysbios_family_arm_m3_Hwi_excHookFuncs__C                 
0000c4a4  ti_sysbios_family_arm_m3_Hwi_nullIsrFunc__C                  
0000c4a8  ti_sysbios_family_arm_m3_Hwi_priGroup__C                     
0000c4ac  ti_sysbios_family_arm_m3_TaskSupport_stackAlignment__C       
0000c4b0  ti_sysbios_family_arm_m3_Timer_E_cannotSupport__C            
0000c4b4  ti_sysbios_family_arm_m3_Timer_startupNeeded__C              
0000c4b8  ti_sysbios_family_arm_msp432_Timer_numTimerDevices__C        
0000c4bc  ti_sysbios_family_arm_msp432_Timer_startupNeeded__C          
0000c4c0  ti_sysbios_gates_GateMutex_Instance_State_sem__O             
0000c4c4  ti_sysbios_hal_Hwi_E_stackOverflow__C                        
0000c4c8  ti_sysbios_heaps_HeapMem_E_memory__C                         
0000c4cc  ti_sysbios_heaps_HeapMem_Module__gateObj__C                  
0000c4d0  ti_sysbios_heaps_HeapMem_Object__count__C                    
0000c4d4  ti_sysbios_heaps_HeapMem_reqAlign__C                         
0000c4d8  ti_sysbios_knl_Clock_LM_begin__C                             
0000c4dc  ti_sysbios_knl_Clock_LM_tick__C                              
0000c4e0  ti_sysbios_knl_Clock_LW_delayed__C                           
0000c4e4  ti_sysbios_knl_Clock_Module_State_clockQ__O                  
0000c4e8  ti_sysbios_knl_Clock_Module__diagsEnabled__C                 
0000c4ec  ti_sysbios_knl_Clock_Module__diagsIncluded__C                
0000c4f0  ti_sysbios_knl_Clock_Module__diagsMask__C                    
0000c4f4  ti_sysbios_knl_Clock_Module__loggerFxn1__C                   
0000c4f8  ti_sysbios_knl_Clock_Module__loggerFxn2__C                   
0000c4fc  ti_sysbios_knl_Clock_Module__loggerObj__C                    
0000c500  ti_sysbios_knl_Mailbox_Instance_State_dataQue__O             
0000c504  ti_sysbios_knl_Mailbox_Instance_State_dataSem__O             
0000c508  ti_sysbios_knl_Mailbox_Instance_State_freeQue__O             
0000c50c  ti_sysbios_knl_Mailbox_Instance_State_freeSem__O             
0000c510  ti_sysbios_knl_Mailbox_Object__count__C                      
0000c514  ti_sysbios_knl_Mailbox_maxTypeAlign__C                       
0000c518  ti_sysbios_knl_Semaphore_Instance_State_pendQ__O             
0000c51c  ti_sysbios_knl_Semaphore_LM_pend__C                          
0000c520  ti_sysbios_knl_Semaphore_LM_post__C                          
0000c524  ti_sysbios_knl_Semaphore_Module__diagsEnabled__C             
0000c528  ti_sysbios_knl_Semaphore_Module__diagsIncluded__C            
0000c52c  ti_sysbios_knl_Semaphore_Module__diagsMask__C                
0000c530  ti_sysbios_knl_Semaphore_Module__loggerFxn2__C               
0000c534  ti_sysbios_knl_Semaphore_Module__loggerFxn4__C               
0000c538  ti_sysbios_knl_Semaphore_Module__loggerObj__C                
0000c53c  ti_sysbios_knl_Swi_LD_end__C                                 
0000c540  ti_sysbios_knl_Swi_LM_begin__C                               
0000c544  ti_sysbios_knl_Swi_LM_post__C                                
0000c548  ti_sysbios_knl_Swi_Module__diagsEnabled__C                   
0000c54c  ti_sysbios_knl_Swi_Module__diagsIncluded__C                  
0000c550  ti_sysbios_knl_Swi_Module__diagsMask__C                      
0000c554  ti_sysbios_knl_Swi_Module__loggerFxn1__C                     
0000c558  ti_sysbios_knl_Swi_Module__loggerFxn4__C                     
0000c55c  ti_sysbios_knl_Swi_Module__loggerObj__C                      
0000c560  ti_sysbios_knl_Swi_Object__count__C                          
0000c564  ti_sysbios_knl_Task_LD_block__C                              
0000c568  ti_sysbios_knl_Task_LD_exit__C                               
0000c56c  ti_sysbios_knl_Task_LD_ready__C                              
0000c570  ti_sysbios_knl_Task_LM_sleep__C                              
0000c574  ti_sysbios_knl_Task_LM_switch__C                             
0000c578  ti_sysbios_knl_Task_Module_State_inactiveQ__O                
0000c57c  ti_sysbios_knl_Task_Module__diagsEnabled__C                  
0000c580  ti_sysbios_knl_Task_Module__diagsIncluded__C                 
0000c584  ti_sysbios_knl_Task_Module__diagsMask__C                     
0000c588  ti_sysbios_knl_Task_Module__loggerFxn2__C                    
0000c58c  ti_sysbios_knl_Task_Module__loggerFxn4__C                    
0000c590  ti_sysbios_knl_Task_Module__loggerObj__C                     
0000c594  ti_sysbios_knl_Task_Object__count__C                         
0000c598  ti_sysbios_knl_Task_Object__heap__C                          
0000c59c  ti_sysbios_knl_Task_allBlockedFunc__C                        
0000c5a0  ti_sysbios_knl_Task_defaultStackHeap__C                      
0000c5a4  ti_sysbios_knl_Task_defaultStackSize__C                      
0000c5a8  ti_sysbios_knl_Task_numConstructedTasks__C                   
0000c5ac  ti_sysbios_utils_Load_LS_cpuLoad__C                          
0000c5b0  ti_sysbios_utils_Load_LS_taskLoad__C                         
0000c5b4  ti_sysbios_utils_Load_Module_State_taskList__O               
0000c5b8  ti_sysbios_utils_Load_Module__diagsEnabled__C                
0000c5bc  ti_sysbios_utils_Load_Module__diagsIncluded__C               
0000c5c0  ti_sysbios_utils_Load_Module__diagsMask__C                   
0000c5c4  ti_sysbios_utils_Load_Module__loggerFxn1__C                  
0000c5c8  ti_sysbios_utils_Load_Module__loggerFxn4__C                  
0000c5cc  ti_sysbios_utils_Load_Module__loggerObj__C                   
0000c5d0  ti_sysbios_utils_Load_postUpdate__C                          
0000c5d4  ti_sysbios_utils_Load_windowInMs__C                          
0000c5d8  ti_uia_loggers_LoggerStopMode_Module__diagsEnabled__C        
0000c5dc  ti_uia_loggers_LoggerStopMode_Module__diagsIncluded__C       
0000c5e0  ti_uia_loggers_LoggerStopMode_Module__diagsMask__C           
0000c5e4  ti_uia_loggers_LoggerStopMode_Object__count__C               
0000c5e8  ti_uia_runtime_ILoggerSnapshot_Interface__BASE__C            
0000c5ec  ti_uia_runtime_IUIATransfer_Interface__BASE__C               
0000c5f0  xdc_runtime_Assert_E_assertFailed__C                         
0000c5f4  xdc_runtime_Core_A_initializedParams__C                      
0000c5f8  xdc_runtime_Core_Module__diagsEnabled__C                     
0000c5fc  xdc_runtime_Core_Module__diagsIncluded__C                    
0000c600  xdc_runtime_Core_Module__diagsMask__C                        
0000c604  xdc_runtime_Error_E_memory__C                                
0000c608  xdc_runtime_Error_Module__diagsEnabled__C                    
0000c60c  xdc_runtime_Error_Module__diagsIncluded__C                   
0000c610  xdc_runtime_Error_Module__diagsMask__C                       
0000c614  xdc_runtime_Error_Module__loggerFxn8__C                      
0000c618  xdc_runtime_Error_Module__loggerObj__C                       
0000c61c  xdc_runtime_Error_policyFxn__C                               
0000c620  xdc_runtime_Error_raiseHook__C                               
0000c624  xdc_runtime_IFilterLogger_Interface__BASE__C                 
0000c628  xdc_runtime_IGateProvider_Interface__BASE__C                 
0000c62c  xdc_runtime_IHeap_Interface__BASE__C                         
0000c630  xdc_runtime_ILogger_Interface__BASE__C                       
0000c634  xdc_runtime_IModule_Interface__BASE__C                       
0000c638  xdc_runtime_Log_L_error__C                                   
0000c63c  xdc_runtime_Memory_defaultHeapInstance__C                    
0000c640  xdc_runtime_Startup_execImpl__C                              
0000c644  xdc_runtime_Startup_lastFxns__A                              
0000c648  xdc_runtime_Startup_maxPasses__C                             
0000c64c  xdc_runtime_Startup_sfxnRts__C                               
0000c650  xdc_runtime_Startup_sfxnTab__C                               
0000c654  xdc_runtime_SysMin_bufSize__C                                
0000c658  xdc_runtime_SysMin_outputFunc__C                             
0000c65c  xdc_runtime_System_Module__gateObj__C                        
0000c660  xdc_runtime_System_abortFxn__C                               
0000c664  xdc_runtime_System_exitFxn__C                                
0000c668  xdc_runtime_System_extendFxn__C                              
0000c66c  xdc_runtime_System_maxAtexitHandlers__C                      
0000c670  xdc_runtime_Text_charTab__C                                  
0000c674  xdc_runtime_Text_nameEmpty__C                                
0000c678  xdc_runtime_Text_nameStatic__C                               
0000c67c  xdc_runtime_Text_nameUnknown__C                              
0000c680  xdc_runtime_Text_nodeTab__C                                  
0000c684  xdc_runtime_Text_visitRopeFxn__C                             
0000c688  ti_sysbios_family_arm_m3_Hwi_Module__loggerDefined__C        
0000c68a  ti_sysbios_family_arm_m3_Timer_Module__id__C                 
0000c68c  ti_sysbios_family_arm_m3_TimestampProvider_configTimer__C    
0000c68e  ti_sysbios_hal_Hwi_Module__id__C                             
0000c690  ti_sysbios_heaps_HeapMem_Module__id__C                       
0000c692  ti_sysbios_knl_Clock_Module__id__C                           
0000c694  ti_sysbios_knl_Clock_Module__loggerDefined__C                
0000c696  ti_sysbios_knl_Semaphore_Module__id__C                       
0000c698  ti_sysbios_knl_Semaphore_Module__loggerDefined__C            
0000c69a  ti_sysbios_knl_Swi_Module__id__C                             
0000c69c  ti_sysbios_knl_Swi_Module__loggerDefined__C                  
0000c69e  ti_sysbios_knl_Task_Module__id__C                            
0000c6a0  ti_sysbios_knl_Task_Module__loggerDefined__C                 
0000c6a2  ti_sysbios_utils_Load_Module__id__C                          
0000c6a4  ti_sysbios_utils_Load_Module__loggerDefined__C               
0000c6a6  ti_sysbios_utils_Load_autoAddTasks__C                        
0000c6a8  ti_sysbios_utils_Load_updateInIdle__C                        
0000c6aa  ti_uia_loggers_LoggerStopMode_Module__id__C                  
0000c6ac  ti_uia_loggers_LoggerStopMode_isTimestampEnabled__C          
0000c6ae  xdc_runtime_Core_Module__id__C                               
0000c6b0  xdc_runtime_Error_Module__loggerDefined__C                   
0000c6b2  xdc_runtime_Error_maxDepth__C                                
0000c6b4  xdc_runtime_Memory_Module__id__C                             
0000c6b6  xdc_runtime_SysMin_flushAtExit__C                            
0000c6b8  xdc_runtime_Text_charCnt__C                                  
0000c6ba  xdc_runtime_Text_isLoaded__C                                 
0000c6bc  xdc_runtime_Text_registryModsLastId__C                       
0000c6be  xdc_runtime_Text_unnamedModsLastId__C                        
0000c6c0  __TI_static_base__                                           
0000c978  __TI_Handler_Table_Base                                      
0000c984  __TI_Handler_Table_Limit                                     
0000c998  __TI_CINIT_Base                                              
0000c9b0  __TI_CINIT_Limit                                             
20000000  ti_sysbios_family_arm_m3_Hwi_ramVectors                      
20000180  ti_sysbios_heaps_HeapMem_Instance_State_0_buf__A             
20001180  ti_uia_loggers_LoggerStopMode_Instance_State_0_packetArray__A
20002180  currentstack                                                 
20002980  measurement                                                  
20003180  temperaturestack                                             
20003980  voltagestack                                                 
20004180  ti_uia_loggers_LoggerStopMode_Instance_State_1_packetArray__A
20004580  ti_uia_loggers_LoggerStopMode_Instance_State_2_packetArray__A
20004980  ti_sysbios_knl_Task_Instance_State_0_stack__A                
20004b80  ti_sysbios_family_arm_m3_Hwi_dispatchTable                   
20004cc0  __CIOBUF_                                                    
20004de0  uartMSP432Objects                                            
20004ee0  xdc_runtime_SysMin_Module_State_0_outbuf__A                  
20004f60  uartMSP432RingBuffer                                         
20004fd0  uartParams                                                   
20004ff4  log_current                                                  
20005000  ti_uia_loggers_LoggerStopMode_Instance_State_0_hdr__A        
20005030  log_temperature                                              
2000503c  log_voltage                                                  
20005050  logcurrent_h                                                 
20005054  logcurrent_m                                                 
20005058  logtemperature_h                                             
2000505c  logtemperature_m                                             
20005060  logvoltage_h                                                 
20005064  logvoltage_m                                                 
20005068  meas_h                                                       
2000506c  meas_m                                                       
20005070  ti_sysbios_knl_Task_Instance_State_0_hookEnv__A              
20005074  uart                                                         
20005080  ti_uia_loggers_LoggerStopMode_Instance_State_1_hdr__A        
20005100  ti_uia_loggers_LoggerStopMode_Instance_State_2_hdr__A        
20005130  PowerMSP432_perfLevels                                       
200051cc  ti_uia_loggers_LoggerStopMode_Object__table__V               
20005268  ti_sysbios_utils_Load_Module__state__V                       
20005300  ti_sysbios_knl_Swi_Module_State_0_readyQ__A                  
20005380  ti_sysbios_knl_Task_Module_State_0_readyQ__A                 
20005400  ti_sysbios_knl_Task_Object__table__V                         
20005450  ti_sysbios_family_arm_msp432_Timer_Object__table__V          
2000549c  ti_sysbios_knl_Task_Module__state__V                         
200054e0  ti_sysbios_gates_GateMutex_Object__table__V                  
20005518  ti_sysbios_family_arm_m3_Hwi_Module__state__V                
2000557c  ti_sysbios_family_arm_m3_Hwi_Object__table__V                
200055ac  ti_sysbios_family_arm_m3_Timer_Object__table__V              
200055dc  ti_sysbios_knl_Swi_Object__table__V                          
2000560c  ti_sysbios_knl_Clock_Module__state__V                        
20005638  PowerMSP432_module                                           
20005660  ti_sysbios_BIOS_Module__state__V                             
20005684  ti_sysbios_family_arm_msp432_Timer_Module_State_0_device__A  
200056a4  ti_sysbios_knl_Swi_Module__state__V                          
200056c0  ti_sysbios_utils_Load_Module_State_0_taskEnv__A              
200056dc  ti_sysbios_heaps_HeapMem_Object__table__V                    
200056f4  gpioPinConfigs                                               
20005704  ti_sysbios_family_arm_msp432_Timer_Module_State_0_handles__A 
20005714  __TI_cleanup_ptr                                             
20005718  __TI_dtors_ptr                                               
2000571c  __TI_enable_exit_profile_output                              
20005720  ti_sysbios_family_arm_m3_Timer_Module__state__V              
2000572c  ti_sysbios_family_arm_msp432_ClockFreqs_Module__state__V     
20005738  ti_sysbios_family_arm_msp432_Timer_Module__state__V          
20005744  ti_sysbios_knl_Task_Module__root__V                          
20005750  ti_uia_runtime_QueueDescriptor_Module__state__V              
2000575c  xdc_runtime_SysMin_Module__state__V                          
20005768  _lock                                                        
2000576c  _unlock                                                      
20005770  gpioCallbackFunctions                                        
20005778  ti_uia_runtime_QueueDescriptor_gPtrToFirstDescriptor         
2000577c  ti_uia_runtime_QueueDescriptor_gUpdateCount                  
20005780  ti_sysbios_family_arm_m3_Hwi_Module__root__V                 
20005788  ti_sysbios_gates_GateHwi_Module__root__V                     
20005790  ti_sysbios_gates_GateMutex_Module__root__V                   
20005798  ti_sysbios_heaps_HeapMem_Module__root__V                     
200057a0  ti_sysbios_knl_Clock_Module__root__V                         
200057a8  ti_sysbios_knl_Mailbox_Module__root__V                       
200057b0  ti_sysbios_knl_Queue_Module__root__V                         
200057b8  ti_sysbios_knl_Semaphore_Module__root__V                     
200057c0  ti_uia_loggers_LoggerStopMode_Module__root__V                
200057c8  xdc_runtime_Registry_Module__state__V                        
200057d0  xdc_runtime_Startup_Module__state__V                         
200057d8  xdc_runtime_System_Module_State_0_atexitHandlers__A          
200057e0  xdc_runtime_System_Module__state__V                          
200057ec  errno                                                        
200057f4  main_func_sp                                                 
200057f8  ti_sysbios_family_arm_m3_Hwi_Module_State_0_excContext__A    
200057fc  ti_sysbios_family_arm_m3_Hwi_Module_State_0_excStack__A      
20005800  ti_sysbios_family_arm_m3_TimestampProvider_Module__state__V  
20005804  ti_sysbios_gates_GateHwi_Object__table__V                    
20005808  ti_sysbios_knl_Task_Module_State_0_idleTask__A               
2000580c  ti_sysbios_utils_Load_Module_State_0_runningTask__A          
20005810  ti_sysbios_utils_Load_Module_State_0_taskStartTime__A        
20005814  xdc_runtime_Memory_Module__state__V                          
20005818  ti_sysbios_family_arm_m3_Hwi_Module_State_0_excActive__A     
2000581a  xdc_runtime_Error_Module__state__V                           
2000fd00  __stack                                                      
20010000  __STACK_END                                                  
4000480c  WDTCTL_SYM                                                   
e000e000  ti_sysbios_family_arm_m3_Hwi_nvic                            
ffffffff  __TI_pprof_out_hndl                                          
ffffffff  __TI_prof_data_size                                          
ffffffff  __TI_prof_data_start                                         
ffffffff  __binit__                                                    
ffffffff  __c_args__                                                   
ffffffff  binit                                                        
UNDEFED   SHT$$INIT_ARRAY$$Base                                        
UNDEFED   SHT$$INIT_ARRAY$$Limit                                       

[858 symbols]
