******************************************************************************
                  TI ARM Linker PC v16.9.1                     
******************************************************************************
>> Linked Fri Aug 04 14:09:52 2017

OUTPUT FILE NAME:   <Test - Blinking Led.out>
ENTRY POINT SYMBOL: "_c_int00"  address: 00003539


MEMORY CONFIGURATION

         name            origin    length      used     unused   attr    fill
----------------------  --------  ---------  --------  --------  ----  --------
  MAIN                  00000000   00040000  000075c7  00038a39  R  X
  INFO                  00200000   00004000  00000000  00004000  R  X
  SRAM_CODE             01000000   00010000  00000000  00010000  RW X
  SRAM_DATA             20000000   00010000  000022c1  0000dd3f  RW  


SEGMENT ALLOCATION MAP

run origin  load origin   length   init length attrs members
----------  ----------- ---------- ----------- ----- -------
00000000    00000000    000075d0   000075d0    r-x
  00000000    00000000    0000003c   0000003c    r-- .resetVecs
  00000040    00000040    000056f2   000056f2    r-x .text
  00005734    00005734    00001c21   00001c21    r-- .const
  00007358    00007358    00000278   00000278    r-- .cinit
20000000    20000000    00001fc1   00000000    rw-
  20000000    20000000    00000140   00000000    rw- .vecs
  20000140    20000140    0000192c   00000000    rw- .bss
  20001a6c    20001a6c    00000555   00000000    rw- .data
2000fd00    2000fd00    00000300   00000000    rw-
  2000fd00    2000fd00    00000300   00000000    rw- .stack


SECTION ALLOCATION MAP

 output                                  attributes/
section   page    origin      length       input sections
--------  ----  ----------  ----------   ----------------
.text      0    00000040    000056f2     
                  00000040    00000430     sysbios.aem4f : BIOS.obj (.text:ti_sysbios_family_arm_m3_Hwi_excDumpRegs__I)
                  00000470    0000034c     ti.targets.arm.rtsarm.aem4f : System.oem4f (.text:xdc_runtime_System_doPrint__I)
                  000007bc    00000324     rtsv7M4_T_le_v4SPD16_eabi.lib : trgdrv.obj (.text)
                  00000ae0    00000264     drivers_MSP432P401R.aem4f : PowerMSP432.oem4f (.text:Power_sleep)
                  00000d44    000001a0     msp432p4xx_driverlib.lib : pcm.o (.text:__PCM_setPowerStateAdvanced)
                  00000ee4    00000004                              : cpu.o (.text:CPU_wfi)
                  00000ee8    00000174     sysbios.aem4f : BIOS.obj (.text:ti_sysbios_family_arm_m3_Hwi_excBusFault__I)
                  0000105c    00000004     tirtosport.aem4f : HwiP_tirtos.oem4f (.text:HwiP_disable)
                  00001060    00000164     sysbios.aem4f : BIOS.obj (.text:ti_sysbios_family_arm_m3_Hwi_excUsageFault__I)
                  000011c4    00000004     drivers_MSP432P401R.aem4f : List.oem4f (.text:List_head)
                  000011c8    00000148     sysbios.aem4f : BIOS.obj (.text:ti_sysbios_family_arm_m3_Hwi_excMemFault__I)
                  00001310    00000140     drivers_MSP432P401R.aem4f : GPIOMSP432.oem4f (.text:GPIO_setConfig)
                  00001450    00000128     sysbios.aem4f : BIOS.obj (.text:ti_sysbios_knl_Semaphore_pend__E)
                  00001578    00000118     ti.targets.arm.rtsarm.aem4f : Error.oem4f (.text:xdc_runtime_Error_policyDefault__E)
                  00001690    0000010c     sysbios.aem4f : BIOS.obj (.text:ti_sysbios_family_arm_m3_Hwi_excFillContext__I)
                  0000179c    00000004     drivers_MSP432P401R.aem4f : List.oem4f (.text:List_next)
                  000017a0    00000108     sysbios.aem4f : BIOS.obj (.text:ti_sysbios_family_arm_m3_Hwi_excHandlerMax__I)
                  000018a8    00000100     ti.targets.arm.rtsarm.aem4f : Core-mem.oem4f (.text:xdc_runtime_Core_createObject__I)
                  000019a8    000000fc     empty_min.obj (.text:main)
                  00001aa4    000000f8     ti.targets.arm.rtsarm.aem4f : Startup.oem4f (.text:xdc_runtime_Startup_startMods__I)
                  00001b9c    000000f8     empty_min_pem4f.oem4f (.text:xdc_runtime_System_printfExtend__I)
                  00001c94    000000f0     drivers_MSP432P401R.aem4f : PowerMSP432.oem4f (.text:initPerfControl)
                  00001d84    000000ec     sysbios.aem4f : m3_Hwi_asm.obj (.text:ti_sysbios_family_arm_m3_Hwi_dispatch__I)
                  00001e70    000000e0     msp432p4xx_driverlib.lib : cs.o (.text:CS_initClockSignal)
                  00001f50    000000dc                              : pcm.o (.text:__PCM_setPowerModeAdvanced)
                  0000202c    00000004     empty_min_pem4f.oem4f (.text:ti_sysbios_BIOS_RtsGateProxy_enter__E)
                  00002030    000000cc     sysbios.aem4f : BIOS.obj (.text:ti_sysbios_heaps_HeapMem_alloc__E)
                  000020fc    00000004     empty_min_pem4f.oem4f (.text:ti_sysbios_BIOS_RtsGateProxy_leave__E)
                  00002100    000000cc     sysbios.aem4f : BIOS.obj (.text:ti_sysbios_knl_Task_Instance_init__E)
                  000021cc    000000cc     ti.targets.arm.rtsarm.aem4f : Core-smem.oem4f (.text:xdc_runtime_Core_constructObject__I)
                  00002298    000000c0     sysbios.aem4f : BIOS.obj (.text:ti_sysbios_knl_Task_sleep__E)
                  00002358    000000bc                   : BIOS.obj (.text:ti_sysbios_family_arm_m3_Hwi_excDebugMon__I)
                  00002414    00000004     empty_min_pem4f.oem4f (.text:ti_sysbios_family_arm_m3_TaskSupport_Module__startupDone__S)
                  00002418    000000bc     sysbios.aem4f : BIOS.obj (.text:ti_sysbios_family_arm_m3_Hwi_excHardFault__I)
                  000024d4    00000004     empty_min_pem4f.oem4f (.text:ti_sysbios_heaps_HeapMem_Module_GateProxy_enter__E)
                  000024d8    000000b4     sysbios.aem4f : BIOS.obj (.text:ti_sysbios_knl_Task_Instance_finalize__E)
                  0000258c    000000b0     msp432p4xx_driverlib.lib : pcm.o (.text:__PCM_setCoreVoltageLevelAdvanced)
                  0000263c    00000004     empty_min_pem4f.oem4f (.text:ti_sysbios_heaps_HeapMem_Module_GateProxy_leave__E)
                  00002640    000000a8     sysbios.aem4f : BIOS.obj (.text:ti_sysbios_family_arm_msp432_Timer_periodicStub__E)
                  000026e8    000000a0     auto_init.aem4f : auto_init.oem4f (.text)
                  00002788    000000a0     ti.targets.arm.rtsarm.aem4f : Text.oem4f (.text:xdc_runtime_Text_putMod__E)
                  00002828    0000009c     rtsv7M4_T_le_v4SPD16_eabi.lib : memcpy_t2.obj (.text)
                  000028c4    0000009a     ti.targets.arm.rtsarm.aem4f : Text.oem4f (.text:xdc_runtime_Text_putSite__E)
                  0000295e    00000002     power_tirtos_MSP432P401R.aem4f : PowerMSP432_tirtos.oem4f (.text:PowerMSP432_initPolicy)
                  00002960    00000094     sysbios.aem4f : BIOS.obj (.text:ti_sysbios_family_arm_m3_Hwi_Instance_init__E)
                  000029f4    00000004     empty_min_pem4f.oem4f (.text:ti_sysbios_knl_Clock_TimerProxy_getMaxTicks__E)
                  000029f8    00000094     sysbios.aem4f : BIOS.obj (.text:ti_sysbios_family_arm_m3_Hwi_initNVIC__E)
                  00002a8c    0000008c                   : m3_TaskSupport_asm.obj (.text:ti_sysbios_family_arm_m3_TaskSupport_buildTaskStack)
                  00002b18    0000008c                   : BIOS.obj (.text:ti_sysbios_knl_Task_postInit__I)
                  00002ba4    00000004     empty_min_pem4f.oem4f (.text:ti_sysbios_knl_Queue_destruct)
                  00002ba8    00000084     sysbios.aem4f : BIOS.obj (.text:ti_sysbios_family_arm_m3_Hwi_postInit__I)
                  00002c2c    0000007c     msp432p4xx_driverlib.lib : pcm.o (.text:PCM_gotoLPM3)
                  00002ca8    0000007c     sysbios.aem4f : BIOS.obj (.text:ti_sysbios_heaps_HeapMem_free__E)
                  00002d24    0000007a     rtsv7M4_T_le_v4SPD16_eabi.lib : memset_t2.obj (.text)
                  00002d9e    00000002                                   : i_div0.obj (.text)
                  00002da0    00000070     sysbios.aem4f : BIOS.obj (.text:ti_sysbios_knl_Semaphore_post__E)
                  00002e10    00000070                   : BIOS.obj (.text:ti_sysbios_knl_Task_exit__E)
                  00002e80    0000006d     ti.targets.arm.rtsarm.aem4f : System.oem4f (.text:xdc_runtime_System_formatNum__I)
                  00002eed    00000001     --HOLE-- [fill = 0]
                  00002eee    00000002     empty_min_pem4f.oem4f (.text:ti_sysbios_BIOS_nullFunc__I)
                  00002ef0    0000006c     sysbios.aem4f : BIOS.obj (.text:ti_sysbios_knl_Clock_workFunc__E)
                  00002f5c    00000004     empty_min_pem4f.oem4f (.text:ti_sysbios_knl_Semaphore_destruct)
                  00002f60    0000006c     sysbios.aem4f : BIOS.obj (.text:ti_sysbios_knl_Swi_restoreHwi__E)
                  00002fcc    0000006c     ti.targets.arm.rtsarm.aem4f : Error.oem4f (.text:xdc_runtime_Error_print__E)
                  00003038    0000006c                                 : Memory.oem4f (.text:xdc_runtime_Memory_alloc__E)
                  000030a4    00000068     rtsv7M4_T_le_v4SPD16_eabi.lib : copy_decompress_lzss.obj (.text:decompress:lzss)
                  0000310c    00000068                                   : trgmsg.obj (.text)
                  00003174    00000066     ti.targets.arm.rtsarm.aem4f : Core-mem.oem4f (.text:xdc_runtime_Core_deleteObject__I)
                  000031da    00000006                                 : System.oem4f (.text:xdc_runtime_System_Module_startup__E)
                  000031e0    00000064     sysbios.aem4f : BIOS.obj (.text:ti_sysbios_family_arm_m3_Hwi_dispatchC__I)
                  00003244    00000062     tirtosport.aem4f : HwiP_tirtos.oem4f (.text:HwiP_create)
                  000032a6    00000002     --HOLE-- [fill = 0]
                  000032a8    0000005c     drivers_MSP432P401R.aem4f : GPIOMSP432.oem4f (.text:GPIO_init)
                  00003304    00000004     ti.targets.arm.rtsarm.aem4f : Error.oem4f (.text:xdc_runtime_Error_getSite__E)
                  00003308    0000005c     sysbios.aem4f : BIOS.obj (.text:ti_sysbios_knl_Swi_run__I)
                  00003364    00000004     empty_min_pem4f.oem4f (.text:xdc_runtime_System_Module_GateProxy_enter__E)
                  00003368    0000005c     sysbios.aem4f : BIOS.obj (.text:ti_sysbios_knl_Swi_schedule__I)
                  000033c4    00000004     empty_min_pem4f.oem4f (.text:xdc_runtime_System_Module_GateProxy_leave__E)
                  000033c8    0000005c     sysbios.aem4f : BIOS.obj (.text:ti_sysbios_knl_Task_Module_startup__E)
                  00003424    0000005c     empty_min_pem4f.oem4f (.text:ti_sysbios_knl_Task_create)
                  00003480    0000005c     sysbios.aem4f : BIOS.obj (.text:ti_sysbios_knl_Task_startCore__E)
                  000034dc    0000005b     ti.targets.arm.rtsarm.aem4f : Text.oem4f (.text:xdc_runtime_Text_putLab__E)
                  00003537    00000001     --HOLE-- [fill = 0]
                  00003538    00000058     boot.aem4f : boot.oem4f (.text)
                  00003590    00000058     empty_min_pem4f.oem4f (.text:ti_sysbios_family_arm_m3_Hwi_construct)
                  000035e8    00000058     sysbios.aem4f : m3_Hwi_asm_switch.obj (.text:ti_sysbios_family_arm_m3_Hwi_initStacks__E)
                  00003640    00000054     drivers_MSP432P401R.aem4f : GPIOMSP432.oem4f (.text:GPIO_hwiIntFxn)
                  00003694    00000054                               : GPIOMSP432.oem4f (.text:GPIO_setCallback)
                  000036e8    00000054     rtsv7M4_T_le_v4SPD16_eabi.lib : exit.obj (.text)
                  0000373c    00000004     ti.targets.arm.rtsarm.aem4f : System.oem4f (.text:xdc_runtime_System_aprintf_va__F)
                  00003740    00000054     sysbios.aem4f : BIOS.obj (.text:ti_sysbios_family_arm_m3_Timer_start__E)
                  00003794    00000004     ti.targets.arm.rtsarm.aem4f : System.oem4f (.text:xdc_runtime_System_printf_va__F)
                  00003798    00000054     sysbios.aem4f : BIOS.obj (.text:ti_sysbios_family_arm_msp432_Timer_initDevice__I)
                  000037ec    00000004     --HOLE-- [fill = 0]
                  000037f0    00000054                   : BIOS.obj (.text:ti_sysbios_family_arm_msp432_init_Boot_configureClocksHigh)
                  00003844    00000054     ti.targets.arm.rtsarm.aem4f : Assert.oem4f (.text:xdc_runtime_Assert_raise__I)
                  00003898    00000050     drivers_MSP432P401R.aem4f : GPIOMSP432.oem4f (.text:GPIO_write)
                  000038e8    00000050     msp432p4xx_driverlib.lib : pcm.o (.text:PCM_shutdownDevice)
                  00003938    00000050     sysbios.aem4f : BIOS.obj (.text:ti_sysbios_family_arm_m3_Hwi_Module_startup__E)
                  00003988    00000050     ti.targets.arm.rtsarm.aem4f : Startup.oem4f (.text:xdc_runtime_Startup_exec__E)
                  000039d8    00000050                                 : Text.oem4f (.text:xdc_runtime_Text_visitRope2__I)
                  00003a28    0000004c     rtsv7M4_T_le_v4SPD16_eabi.lib : cpy_tbl.obj (.text)
                  00003a74    00000004     --HOLE-- [fill = 0]
                  00003a78    0000004c     sysbios.aem4f : BIOS.obj (.text:ti_sysbios_family_arm_msp432_Timer_start__E)
                  00003ac4    00000004     --HOLE-- [fill = 0]
                  00003ac8    0000004c                   : BIOS.obj (.text:ti_sysbios_heaps_HeapMem_getStats__E)
                  00003b14    00000004     --HOLE-- [fill = 0]
                  00003b18    0000004c                   : BIOS.obj (.text:ti_sysbios_knl_Swi_runLoop__I)
                  00003b64    00000004     --HOLE-- [fill = 0]
                  00003b68    0000004c                   : BIOS.obj (.text:ti_sysbios_knl_Task_allBlockedFunction__I)
                  00003bb4    00000004     --HOLE-- [fill = 0]
                  00003bb8    0000004c                   : BIOS.obj (.text:ti_sysbios_knl_Task_schedule__I)
                  00003c04    00000004     --HOLE-- [fill = 0]
                  00003c08    00000048                   : BIOS.obj (.text:ti_sysbios_family_arm_m3_Hwi_disableInterrupt__E)
                  00003c50    00000048                   : BIOS.obj (.text:ti_sysbios_family_arm_m3_Hwi_enableInterrupt__E)
                  00003c98    00000048                   : BIOS.obj (.text:ti_sysbios_family_arm_m3_Hwi_excReserved__I)
                  00003ce0    00000048                   : BIOS.obj (.text:ti_sysbios_family_arm_m3_Timer_initDevice__I)
                  00003d28    00000048                   : BIOS.obj (.text:ti_sysbios_family_arm_m3_Timer_setPeriod__E)
                  00003d70    00000048                   : BIOS.obj (.text:ti_sysbios_knl_Mailbox_Module_startup__E)
                  00003db8    00000046     ti.targets.arm.rtsarm.aem4f : Core-params.oem4f (.text:xdc_runtime_Core_assignParams__I)
                  00003dfe    00000002     --HOLE-- [fill = 0]
                  00003e00    00000044     drivers_MSP432P401R.aem4f : PowerMSP432.oem4f (.text:Power_init)
                  00003e44    00000004     --HOLE-- [fill = 0]
                  00003e48    00000044     sysbios.aem4f : BIOS.obj (.text:ti_sysbios_family_arm_m3_Hwi_getStackInfo__E)
                  00003e8c    00000004     --HOLE-- [fill = 0]
                  00003e90    00000044                   : BIOS.obj (.text:ti_sysbios_knl_Swi_post__E)
                  00003ed4    00000044     ti.targets.arm.rtsarm.aem4f : Error.oem4f (.text:xdc_runtime_Error_setX__E)
                  00003f18    00000044                                 : SysMin.oem4f (.text:xdc_runtime_SysMin_flush__E)
                  00003f5c    00000044                                 : Text.oem4f (.text:xdc_runtime_Text_xprintf__I)
                  00003fa0    00000040     msp432p4xx_driverlib.lib : flash.o (.text:FlashCtl_disableReadBuffering)
                  00003fe0    00000040     drivers_MSP432P401R.aem4f : PowerMSP432.oem4f (.text:notify)
                  00004020    00000040     rtsv7M4_T_le_v4SPD16_eabi.lib : u_divt2.obj (.text)
                  00004060    00000040     sysbios.aem4f : BIOS.obj (.text:ti_sysbios_family_arm_msp432_Timer_Module_startup__E)
                  000040a0    00000040                   : BIOS.obj (.text:ti_sysbios_family_arm_msp432_Timer_startup__E)
                  000040e0    00000040                   : BIOS.obj (.text:ti_sysbios_heaps_HeapMem_Instance_init__E)
                  00004120    0000003c     power_tirtos_MSP432P401R.aem4f : PowerMSP432_tirtos.oem4f (.text:PowerMSP432_sleepPolicy)
                  0000415c    00000004     --HOLE-- [fill = 0]
                  00004160    0000003c     sysbios.aem4f : BIOS.obj (.text:ti_sysbios_family_arm_m3_Hwi_excSvCall__I)
                  0000419c    00000004     --HOLE-- [fill = 0]
                  000041a0    0000003c                   : BIOS.obj (.text:ti_sysbios_heaps_HeapMem_init__I)
                  000041dc    00000004     --HOLE-- [fill = 0]
                  000041e0    0000003c                   : BIOS.obj (.text:ti_sysbios_knl_Swi_restore__E)
                  0000421c    0000003c     empty_min.obj (.text:writing)
                  00004258    00000038     sysbios.aem4f : BIOS.obj (.text:ti_sysbios_family_arm_m3_Hwi_excNoIsr__I)
                  00004290    00000038     ti.targets.arm.rtsarm.aem4f : SysMin.oem4f (.text:xdc_runtime_SysMin_putch__E)
                  000042c8    00000038                                 : System.oem4f (.text:xdc_runtime_System_atexit__E)
                  00004300    00000034     msp432p4xx_driverlib.lib : flash.o (.text:FlashCtl_enableReadBuffering)
                  00004334    00000034     empty_min_pem4f.oem4f (.text:ti_sysbios_BIOS_startFunc__I)
                  00004368    00000034     sysbios.aem4f : BIOS.obj (.text:ti_sysbios_family_arm_m3_Hwi_Instance_finalize__E)
                  0000439c    00000004     --HOLE-- [fill = 0]
                  000043a0    00000034                   : BIOS.obj (.text:ti_sysbios_family_arm_m3_Hwi_excNmi__I)
                  000043d4    00000004     --HOLE-- [fill = 0]
                  000043d8    00000034                   : BIOS.obj (.text:ti_sysbios_family_arm_m3_Timer_periodicStub__I)
                  0000440c    00000004     --HOLE-- [fill = 0]
                  00004410    00000034                   : BIOS.obj (.text:ti_sysbios_hal_Hwi_checkStack)
                  00004444    00000034     empty_min_pem4f.oem4f (.text:ti_sysbios_knl_Semaphore_create)
                  00004478    00000034     ti.targets.arm.rtsarm.aem4f : Core-label.oem4f (.text:xdc_runtime_Core_assignLabel__I)
                  000044ac    00000033                                 : Text.oem4f (.text:xdc_runtime_Text_printVisFxn__I)
                  000044df    00000001     --HOLE-- [fill = 0]
                  000044e0    00000032     sysbios.aem4f : BIOS.obj (.text:ti_sysbios_hal_Hwi_initStack)
                  00004512    00000002     --HOLE-- [fill = 0]
                  00004514    00000030     msp432p4xx_driverlib.lib : gpio.o (.text:GPIO_getEnabledInterruptStatus)
                  00004544    00000030                              : gpio.o (.text:GPIO_setAsInputPinWithPullDownResistor)
                  00004574    00000030                              : gpio.o (.text:GPIO_setAsInputPinWithPullUpResistor)
                  000045a4    00000030     drivers_MSP432P401R.aem4f : GPIOMSP432.oem4f (.text:GPIO_toggle)
                  000045d4    00000030     empty_min.obj (.text:reading2)
                  00004604    00000030     empty_min.obj (.text:reading)
                  00004634    00000030     empty_min_pem4f.oem4f (.text:ti_sysbios_BIOS_atExitFunc__I)
                  00004664    00000004     --HOLE-- [fill = 0]
                  00004668    00000030     sysbios.aem4f : BIOS.obj (.text:ti_sysbios_family_arm_m3_TaskSupport_start__E)
                  00004698    00000030                   : BIOS.obj (.text:ti_sysbios_family_arm_msp432_Timer_setPeriod__E)
                  000046c8    00000030     empty_min_pem4f.oem4f (.text:ti_sysbios_gates_GateHwi_Object__create__S)
                  000046f8    00000030     empty_min_pem4f.oem4f (.text:ti_sysbios_gates_GateMutex_Object__create__S)
                  00004728    00000030     sysbios.aem4f : BIOS.obj (.text:ti_sysbios_gates_GateMutex_enter__E)
                  00004758    00000030     empty_min_pem4f.oem4f (.text:ti_sysbios_heaps_HeapMem_Object__create__S)
                  00004788    00000030     sysbios.aem4f : BIOS.obj (.text:ti_sysbios_knl_Mailbox_postInit__I)
                  000047b8    00000030     empty_min_pem4f.oem4f (.text:ti_sysbios_knl_Semaphore_construct)
                  000047e8    00000030     sysbios.aem4f : BIOS.obj (.text:ti_sysbios_knl_Semaphore_pendTimeout__I)
                  00004818    00000030                   : BIOS.obj (.text:ti_sysbios_knl_Task_processVitalTaskFlag__I)
                  00004848    00000030                   : BIOS.obj (.text:ti_sysbios_knl_Task_unblockI__E)
                  00004878    00000030     ti.targets.arm.rtsarm.aem4f : SysMin.oem4f (.text:xdc_runtime_SysMin_abort__E)
                  000048a8    00000030                                 : System.oem4f (.text:xdc_runtime_System_processAtExit__E)
                  000048d8    0000002c     msp432p4xx_driverlib.lib : gpio.o (.text:GPIO_setAsInputPin)
                  00004904    0000002c                              : pcm.o (.text:PCM_getCoreVoltageLevel)
                  00004930    0000002c     power_tirtos_MSP432P401R.aem4f : PowerMSP432_tirtos.oem4f (.text:PowerMSP432_updateFreqs)
                  0000495c    0000002c     empty_min_pem4f.oem4f (.text:ti_sysbios_knl_Clock_doTick__I)
                  00004988    0000002c     empty_min_pem4f.oem4f (.text:ti_sysbios_knl_Queue_construct)
                  000049b4    00000004     --HOLE-- [fill = 0]
                  000049b8    0000002c     sysbios.aem4f : BIOS.obj (.text:ti_sysbios_knl_Task_restore__E)
                  000049e4    0000002c     ti.targets.arm.rtsarm.aem4f : Text.oem4f (.text:xdc_runtime_Text_cordText__E)
                  00004a10    0000002a     msp432p4xx_driverlib.lib : pcm.o (.text:PCM_getPowerMode)
                  00004a3a    0000002a     ti.targets.arm.rtsarm.aem4f : System.oem4f (.text:xdc_runtime_System_putchar__I)
                  00004a64    00000028     msp432p4xx_driverlib.lib : flash.o (.text:FlashCtl_setWaitState)
                  00004a8c    00000028                              : pcm.o (.text:PCM_gotoLPM0)
                  00004ab4    00000004     --HOLE-- [fill = 0]
                  00004ab8    00000028     sysbios.aem4f : BIOS.obj (.text:ti_sysbios_knl_Clock_addI__E)
                  00004ae0    00000028                   : BIOS.obj (.text:ti_sysbios_knl_Swi_Module_startup__E)
                  00004b08    00000026                   : m3_Hwi_asm.obj (.text:ti_sysbios_family_arm_m3_Hwi_pendSV__I)
                  00004b2e    00000026     ti.targets.arm.rtsarm.aem4f : System.oem4f (.text:xdc_runtime_System_avprintf__E)
                  00004b54    00000024     msp432p4xx_driverlib.lib : cs.o (.text:CS_setDCOCenteredFrequency)
                  00004b78    00000024                              : gpio.o (.text:GPIO_setAsOutputPin)
                  00004b9c    00000024                              : rtc_c.o (.text:RTC_C_holdClock)
                  00004bc0    00000024                              : rtc_c.o (.text:RTC_C_startClock)
                  00004be4    00000024     empty_min_pem4f.oem4f (.text:ti_sysbios_BIOS_errorRaiseHook__I)
                  00004c08    00000024     empty_min_pem4f.oem4f (.text:ti_sysbios_BIOS_registerRTSLock__I)
                  00004c2c    00000024     empty_min_pem4f.oem4f (.text:ti_sysbios_BIOS_removeRTSLock__I)
                  00004c50    00000024     sysbios.aem4f : BIOS.obj (.text:ti_sysbios_family_arm_m3_Timer_Module_startup__E)
                  00004c74    00000004     --HOLE-- [fill = 0]
                  00004c78    00000024                   : BIOS.obj (.text:ti_sysbios_family_arm_m3_Timer_postInit__I)
                  00004c9c    00000004     --HOLE-- [fill = 0]
                  00004ca0    00000024                   : BIOS.obj (.text:ti_sysbios_family_arm_m3_Timer_startup__E)
                  00004cc4    00000004     --HOLE-- [fill = 0]
                  00004cc8    00000024                   : BIOS.obj (.text:ti_sysbios_family_arm_msp432_ClockFreqs_setFrequency__E)
                  00004cec    00000004     --HOLE-- [fill = 0]
                  00004cf0    00000024                   : BIOS.obj (.text:ti_sysbios_family_arm_msp432_Timer_postInit__I)
                  00004d14    00000024     empty_min_pem4f.oem4f (.text:ti_sysbios_gates_GateMutex_Object__delete__S)
                  00004d38    00000024     sysbios.aem4f : BIOS.obj (.text:ti_sysbios_knl_Clock_Module_startup__E)
                  00004d5c    00000004     --HOLE-- [fill = 0]
                  00004d60    00000024                   : BIOS.obj (.text:ti_sysbios_knl_Semaphore_Instance_init__E)
                  00004d84    00000004     --HOLE-- [fill = 0]
                  00004d88    00000024                   : BIOS.obj (.text:ti_sysbios_knl_Task_restoreHwi__E)
                  00004dac    00000024     ti.targets.arm.rtsarm.aem4f : System.oem4f (.text:xdc_runtime_System_vprintf__E)
                  00004dd0    00000022     empty_min_pem4f.oem4f (.text:xdc_runtime_SysMin_output__I)
                  00004df2    00000002     --HOLE-- [fill = 0]
                  00004df4    00000020     msp432p4xx_driverlib.lib : gpio.o (.text:GPIO_interruptEdgeSelect)
                  00004e14    00000020     empty_min_pem4f.oem4f (.text:ti_sysbios_BIOS_rtsLock__I)
                  00004e34    00000020     sysbios.aem4f : m3_Hwi_asm.obj (.text:ti_sysbios_family_arm_m3_Hwi_excHandlerAsm__I)
                  00004e54    00000004     --HOLE-- [fill = 0]
                  00004e58    00000020                   : BIOS.obj (.text:ti_sysbios_family_arm_m3_Hwi_excHandler__I)
                  00004e78    00000020                   : BIOS.obj (.text:ti_sysbios_family_arm_m3_TimestampProvider_Module_startup__E)
                  00004e98    00000020     empty_min_pem4f.oem4f (.text:ti_sysbios_gates_GateHwi_Object__delete__S)
                  00004eb8    00000020     empty_min_pem4f.oem4f (.text:ti_sysbios_heaps_HeapMem_Object__delete__S)
                  00004ed8    00000020     sysbios.aem4f : BIOS.obj (.text:ti_sysbios_knl_Idle_run__E)
                  00004ef8    00000020     empty_min_pem4f.oem4f (.text:ti_sysbios_knl_Semaphore_Object__destruct__S)
                  00004f18    00000020     ti.targets.arm.rtsarm.aem4f : Registry.oem4f (.text:xdc_runtime_Registry_findById__E)
                  00004f38    00000020                                 : SysMin.oem4f (.text:xdc_runtime_SysMin_Module_startup__E)
                  00004f58    0000001e     sysbios.aem4f : m3_Hwi_asm_switch.obj (.text:ti_sysbios_family_xxx_Hwi_switchAndRunFunc)
                  00004f76    00000002     --HOLE-- [fill = 0]
                  00004f78    0000001c     msp432p4xx_driverlib.lib : pcm.o (.text:PCM_enableRudeMode)
                  00004f94    00000004     --HOLE-- [fill = 0]
                  00004f98    0000001c     sysbios.aem4f : BIOS.obj (.text:ti_sysbios_family_arm_m3_Timer_stop__E)
                  00004fb4    00000004     --HOLE-- [fill = 0]
                  00004fb8    0000001c                   : BIOS.obj (.text:ti_sysbios_gates_GateMutex_Instance_init__E)
                  00004fd4    0000001c     empty_min_pem4f.oem4f (.text:ti_sysbios_knl_Queue_Object__destruct__S)
                  00004ff0    0000001c     sysbios.aem4f : BIOS.obj (.text:ti_sysbios_knl_Queue_put__E)
                  0000500c    00000004     --HOLE-- [fill = 0]
                  00005010    0000001c                   : BIOS.obj (.text:ti_sysbios_knl_Task_enter__I)
                  0000502c    0000001c     ti.targets.arm.rtsarm.aem4f : Error.oem4f (.text:xdc_runtime_Error_raiseX__E)
                  00005048    0000001c                                 : Memory.oem4f (.text:xdc_runtime_Memory_valloc__E)
                  00005064    0000001c                                 : SysMin.oem4f (.text:xdc_runtime_SysMin_exit__E)
                  00005080    0000001c                                 : System.oem4f (.text:xdc_runtime_System_abort__E)
                  0000509c    0000001a     empty_min_pem4f.oem4f (.text:xdc_runtime_System_aprintf__E)
                  000050b6    0000001a     empty_min_pem4f.oem4f (.text:xdc_runtime_System_printf__E)
                  000050d0    00000018     msp432p4xx_driverlib.lib : gpio.o (.text:GPIO_clearInterruptFlag)
                  000050e8    00000018                              : gpio.o (.text:GPIO_setDriveStrengthLow)
                  00005100    00000018                              : gpio.o (.text:GPIO_setOutputLowOnPin)
                  00005118    00000018                              : wdt_a.o (.text:WDT_A_holdTimer)
                  00005130    00000018     rtsv7M4_T_le_v4SPD16_eabi.lib : args_main.obj (.text)
                  00005148    00000018     empty_min_pem4f.oem4f (.text:ti_sysbios_BIOS_rtsUnlock__I)
                  00005160    00000018     empty_min_pem4f.oem4f (.text:ti_sysbios_family_arm_m3_Hwi_Handle__label__S)
                  00005178    00000018     empty_min_pem4f.oem4f (.text:ti_sysbios_family_arm_m3_Hwi_Module__startupDone__F)
                  00005190    00000018     sysbios.aem4f : m3_TaskSupport_asm.obj (.text:ti_sysbios_family_arm_m3_TaskSupport_swap__E)
                  000051a8    00000018     empty_min_pem4f.oem4f (.text:ti_sysbios_family_arm_msp432_Timer_Module__startupDone__F)
                  000051c0    00000018     empty_min_pem4f.oem4f (.text:ti_sysbios_gates_GateHwi_Handle__label__S)
                  000051d8    00000018     empty_min_pem4f.oem4f (.text:ti_sysbios_gates_GateMutex_Handle__label__S)
                  000051f0    00000018     sysbios.aem4f : BIOS.obj (.text:ti_sysbios_gates_GateMutex_leave__E)
                  00005208    00000018     empty_min_pem4f.oem4f (.text:ti_sysbios_heaps_HeapMem_Handle__label__S)
                  00005220    00000018     empty_min_pem4f.oem4f (.text:ti_sysbios_knl_Swi_Handle__label__S)
                  00005238    00000018     empty_min_pem4f.oem4f (.text:ti_sysbios_knl_Task_Handle__label__S)
                  00005250    00000018     sysbios.aem4f : BIOS.obj (.text:ti_sysbios_knl_Task_sleepTimeout__I)
                  00005268    00000018     ti.targets.arm.rtsarm.aem4f : Error.oem4f (.text:xdc_runtime_Error_check__E)
                  00005280    00000018                                 : System.oem4f (.text:xdc_runtime_System_exit__E)
                  00005298    00000018                                 : Text.oem4f (.text:xdc_runtime_Text_ropeText__E)
                  000052b0    00000016     empty_min_pem4f.oem4f (.text:ti_sysbios_BIOS_exitFunc__I)
                  000052c6    00000016     empty_min.obj (.text:ti_sysbios_knl_Task_Params_init)
                  000052dc    00000004     --HOLE-- [fill = 0]
                  000052e0    00000016     sysbios.aem4f : BIOS.obj (.text:ti_sysbios_knl_Task_unblock__E)
                  000052f6    00000002     --HOLE-- [fill = 0]
                  000052f8    00000014     msp432p4xx_driverlib.lib : gpio.o (.text:GPIO_setDriveStrengthHigh)
                  0000530c    00000014                              : gpio.o (.text:GPIO_setOutputHighOnPin)
                  00005320    00000014                              : gpio.o (.text:GPIO_toggleOutputOnPin)
                  00005334    00000014     drivers_MSP432P401R.aem4f : PowerMSP432.oem4f (.text:Power_idleFunc)
                  00005348    00000014     msp432p4xx_driverlib.lib : wdt_a.o (.text:WDT_A_startTimer)
                  0000535c    00000014     rtsv7M4_T_le_v4SPD16_eabi.lib : _lock.obj (.text)
                  00005370    00000014                                   : strcpy.obj (.text)
                  00005384    00000014                                   : strlen.obj (.text)
                  00005398    00000014     empty_min_pem4f.oem4f (.text:ti_sysbios_family_arm_m3_Hwi_Object__get__S)
                  000053ac    00000004     --HOLE-- [fill = 0]
                  000053b0    00000014     sysbios.aem4f : BIOS.obj (.text:ti_sysbios_family_arm_m3_Hwi_switchFromBootStack__E)
                  000053c4    00000014     empty_min_pem4f.oem4f (.text:ti_sysbios_heaps_HeapMem_Object__get__S)
                  000053d8    00000014     empty_min_pem4f.oem4f (.text:ti_sysbios_knl_Swi_Object__get__S)
                  000053ec    00000004     --HOLE-- [fill = 0]
                  000053f0    00000012     sysbios.aem4f : BIOS.obj (.text:ti_sysbios_hal_Hwi_Module_startup__E)
                  00005402    00000012     empty_min_pem4f.oem4f (.text:xdc_runtime_Startup_exec__I)
                  00005414    00000010     msp432p4xx_driverlib.lib : gpio.o (.text:GPIO_getInterruptStatus)
                  00005424    00000010                              : pcm.o (.text:PCM_gotoLPM4)
                  00005434    00000004     --HOLE-- [fill = 0]
                  00005438    00000010     sysbios.aem4f : BIOS.obj (.text:ti_sysbios_BIOS_exit__E)
                  00005448    00000010                   : BIOS.obj (.text:ti_sysbios_BIOS_setCpuFreq__E)
                  00005458    00000010                   : BIOS.obj (.text:ti_sysbios_BIOS_setThreadType__E)
                  00005468    00000010                   : BIOS.obj (.text:ti_sysbios_BIOS_start__E)
                  00005478    00000010                   : m3_TaskSupport_asm.obj (.text:ti_sysbios_family_arm_m3_TaskSupport_glue)
                  00005488    00000010                   : BIOS.obj (.text:ti_sysbios_family_arm_msp432_init_Boot_disableWatchdog)
                  00005498    00000010                   : BIOS.obj (.text:ti_sysbios_gates_GateMutex_Instance_finalize__E)
                  000054a8    00000010     empty_min_pem4f.oem4f (.text:ti_sysbios_knl_Mailbox_Object__get__S)
                  000054b8    00000010     sysbios.aem4f : BIOS.obj (.text:ti_sysbios_knl_Semaphore_Instance_finalize__E)
                  000054c8    00000010                   : BIOS.obj (.text:ti_sysbios_knl_Swi_disable__E)
                  000054d8    00000010     empty_min_pem4f.oem4f (.text:ti_sysbios_knl_Task_Object__get__S)
                  000054e8    00000010     sysbios.aem4f : BIOS.obj (.text:ti_sysbios_knl_Task_disable__E)
                  000054f8    00000010     ti.targets.arm.rtsarm.aem4f : Gate.oem4f (.text:xdc_runtime_Gate_leaveSystem__E)
                  00005508    00000010                                 : Memory.oem4f (.text:xdc_runtime_Memory_free__E)
                  00005518    00000010                                 : SysMin.oem4f (.text:xdc_runtime_SysMin_ready__E)
                  00005528    00000010                                 : System.oem4f (.text:xdc_runtime_System_vsnprintf__E)
                  00005538    0000000e     tirtosport.aem4f : HwiP_tirtos.oem4f (.text:HwiP_Params_init)
                  00005546    0000000e     rtsv7M4_T_le_v4SPD16_eabi.lib : copy_decompress_none.obj (.text:decompress:none)
                  00005554    00000004     --HOLE-- [fill = 0]
                  00005558    0000000e     sysbios.aem4f : BIOS.obj (.text:ti_sysbios_knl_Clock_removeI__E)
                  00005566    00000002     --HOLE-- [fill = 0]
                  00005568    0000000e                   : BIOS.obj (.text:ti_sysbios_knl_Idle_loop__E)
                  00005576    00000002     --HOLE-- [fill = 0]
                  00005578    0000000e                   : BIOS.obj (.text:ti_sysbios_knl_Queue_empty__E)
                  00005586    0000000c     empty_min_pem4f.oem4f (.text:.bootCodeSection:ti_sysbios_family_arm_msp432_init_Boot_init__I)
                  00005592    0000000c     msp432p4xx_driverlib.lib : cpu.o (.text:CPU_cpsid)
                  0000559e    0000000c                              : cpu.o (.text:CPU_cpsie)
                  000055aa    00000002     --HOLE-- [fill = 0]
                  000055ac    0000000c                              : pcm.o (.text:PCM_getPowerState)
                  000055b8    0000000c     drivers_MSP432P401R.aem4f : PowerMSP432.oem4f (.text:Power_getConstraintMask)
                  000055c4    0000000c     rtsv7M4_T_le_v4SPD16_eabi.lib : copy_zero_init.obj (.text:decompress:ZI)
                  000055d0    0000000c     empty_min_pem4f.oem4f (.text:ti_sysbios_family_arm_m3_Hwi_Params__init__S)
                  000055dc    00000004     --HOLE-- [fill = 0]
                  000055e0    0000000c     sysbios.aem4f : BIOS.obj (.text:ti_sysbios_family_arm_m3_Hwi_disableFxn__E)
                  000055ec    00000004     --HOLE-- [fill = 0]
                  000055f0    0000000c                   : BIOS.obj (.text:ti_sysbios_family_arm_m3_TaskSupport_getStackAlignment__E)
                  000055fc    00000004     --HOLE-- [fill = 0]
                  00005600    0000000c                   : BIOS.obj (.text:ti_sysbios_family_arm_m3_TimestampProvider_startTimer__E)
                  0000560c    00000004     --HOLE-- [fill = 0]
                  00005610    0000000c                   : BIOS.obj (.text:ti_sysbios_family_arm_msp432_Timer_getMaxTicks__E)
                  0000561c    00000004     --HOLE-- [fill = 0]
                  00005620    0000000c                   : BIOS.obj (.text:ti_sysbios_gates_GateHwi_enter__E)
                  0000562c    0000000c     empty_min_pem4f.oem4f (.text:ti_sysbios_knl_Queue_Object__get__S)
                  00005638    0000000c     empty_min_pem4f.oem4f (.text:ti_sysbios_knl_Task_Params__init__S)
                  00005644    0000000c     ti.targets.arm.rtsarm.aem4f : Error.oem4f (.text:xdc_runtime_Error_init__E)
                  00005650    0000000c                                 : Gate.oem4f (.text:xdc_runtime_Gate_enterSystem__E)
                  0000565c    0000000c                                 : Memory.oem4f (.text:xdc_runtime_Memory_calloc__E)
                  00005668    0000000c                                 : Memory.oem4f (.text:xdc_runtime_Memory_getMaxDefaultTypeAlign__E)
                  00005674    0000000c                                 : Startup.oem4f (.text:xdc_runtime_Startup_rtsDone__E)
                  00005680    0000000a     empty_min_pem4f.oem4f (.text:xdc_runtime_IHeap_alloc)
                  0000568a    0000000a     empty_min_pem4f.oem4f (.text:xdc_runtime_IHeap_free)
                  00005694    0000000a     empty_min_pem4f.oem4f (.text:xdc_runtime_Text_visitRope__I)
                  0000569e    00000008     MSP_EXP432P401R.obj (.text:MSP_EXP432P401R_initGPIO)
                  000056a6    00000008     MSP_EXP432P401R.obj (.text:MSP_EXP432P401R_initGeneral)
                  000056ae    00000008     msp432p4xx_driverlib.lib : pcm.o (.text:PCM_setPowerMode)
                  000056b6    00000008                              : pcm.o (.text:PCM_setPowerState)
                  000056be    00000002     --HOLE-- [fill = 0]
                  000056c0    00000008     sysbios.aem4f : BIOS.obj (.text:ti_sysbios_family_arm_m3_Hwi_doSwiRestore__I)
                  000056c8    00000008                   : BIOS.obj (.text:ti_sysbios_family_arm_m3_Hwi_startup__E)
                  000056d0    00000006                   : BIOS.obj (.text:ti_sysbios_family_arm_m3_Hwi_doTaskRestore__I)
                  000056d6    00000002     --HOLE-- [fill = 0]
                  000056d8    00000006                   : BIOS.obj (.text:ti_sysbios_family_arm_m3_Hwi_restoreFxn__E)
                  000056de    00000002     --HOLE-- [fill = 0]
                  000056e0    00000006                   : BIOS.obj (.text:ti_sysbios_gates_GateHwi_leave__E)
                  000056e6    00000002     --HOLE-- [fill = 0]
                  000056e8    00000006                   : BIOS.obj (.text:ti_sysbios_heaps_HeapMem_isBlocking__E)
                  000056ee    00000002     --HOLE-- [fill = 0]
                  000056f0    00000006                   : BIOS.obj (.text:ti_sysbios_knl_Queue_Instance_init__E)
                  000056f6    00000002     --HOLE-- [fill = 0]
                  000056f8    00000006                   : BIOS.obj (.text:ti_sysbios_knl_Swi_startup__E)
                  000056fe    00000002     --HOLE-- [fill = 0]
                  00005700    00000004                   : BIOS.obj (.text:ti_sysbios_gates_GateHwi_query__E)
                  00005704    00000004     --HOLE-- [fill = 0]
                  00005708    00000004                   : BIOS.obj (.text:ti_sysbios_gates_GateMutex_query__E)
                  0000570c    00000004     --HOLE-- [fill = 0]
                  00005710    00000004                   : BIOS.obj (.text:ti_sysbios_knl_Task_startup__E)
                  00005714    00000004     --HOLE-- [fill = 0]
                  00005718    00000002                   : BIOS.obj (.text:ti_sysbios_BIOS_linkedWithIncorrectBootLibrary__E)
                  0000571a    00000006     --HOLE-- [fill = 0]
                  00005720    00000002                   : BIOS.obj (.text:ti_sysbios_family_arm_m3_TimestampProvider_rolloverFunc__E)
                  00005722    00000006     --HOLE-- [fill = 0]
                  00005728    00000002                   : BIOS.obj (.text:ti_sysbios_gates_GateHwi_Instance_init__E)
                  0000572a    00000006     --HOLE-- [fill = 0]
                  00005730    00000002                   : BIOS.obj (.text:ti_sysbios_knl_Clock_logTick__E)

.const     0    00005734    00001c21     
                  00005734    0000178a     empty_min_pem4f.oem4f (.const:xdc_runtime_Text_charTab__A)
                  00006ebe    00000002     empty_min_pem4f.oem4f (.const:ti_sysbios_family_arm_m3_Hwi_Module__id__C)
                  00006ec0    00000048     empty_min_pem4f.oem4f (.const:.string)
                  00006f08    0000003c     empty_min_pem4f.oem4f (.const:ti_sysbios_knl_Task_Object__PARAMS__C)
                  00006f44    00000030     empty_min_pem4f.oem4f (.const:ti_sysbios_family_arm_m3_Hwi_Object__PARAMS__C)
                  00006f74    0000002c     empty_min_pem4f.oem4f (.const:xdc_runtime_Startup_sfxnTab__A)
                  00006fa0    00000028     empty_min_pem4f.oem4f (.const:ti_sysbios_heaps_HeapMem_Module__FXNS__C)
                  00006fc8    00000024     empty_min_pem4f.oem4f (.const:ti_sysbios_gates_GateHwi_Module__FXNS__C)
                  00006fec    00000024     empty_min_pem4f.oem4f (.const:ti_sysbios_gates_GateMutex_Module__FXNS__C)
                  00007010    00000024     empty_min_pem4f.oem4f (.const:ti_sysbios_heaps_HeapMem_Object__PARAMS__C)
                  00007034    00000024     empty_min_pem4f.oem4f (.const:ti_sysbios_knl_Semaphore_Object__PARAMS__C)
                  00007058    00000020     empty_min_pem4f.oem4f (.const:ti_sysbios_family_arm_m3_Hwi_Object__DESC__C)
                  00007078    00000020     empty_min_pem4f.oem4f (.const:ti_sysbios_gates_GateHwi_Object__DESC__C)
                  00007098    00000020     empty_min_pem4f.oem4f (.const:ti_sysbios_gates_GateMutex_Object__DESC__C)
                  000070b8    00000020     empty_min_pem4f.oem4f (.const:ti_sysbios_heaps_HeapMem_Object__DESC__C)
                  000070d8    00000020     empty_min_pem4f.oem4f (.const:ti_sysbios_knl_Queue_Object__DESC__C)
                  000070f8    00000020     empty_min_pem4f.oem4f (.const:ti_sysbios_knl_Semaphore_Object__DESC__C)
                  00007118    00000020     empty_min_pem4f.oem4f (.const:ti_sysbios_knl_Task_Object__DESC__C)
                  00007138    00000018     empty_min_pem4f.oem4f (.const:ti_sysbios_gates_GateHwi_Object__PARAMS__C)
                  00007150    00000018     empty_min_pem4f.oem4f (.const:ti_sysbios_gates_GateMutex_Object__PARAMS__C)
                  00007168    00000018     empty_min_pem4f.oem4f (.const:ti_sysbios_knl_Queue_Object__PARAMS__C)
                  00007180    00000016     empty_min_pem4f.oem4f (.const:xdc_runtime_Startup_sfxnRts__A)
                  00007196    00000002     empty_min_pem4f.oem4f (.const:ti_sysbios_family_arm_m3_Timer_Module__id__C)
                  00007198    00000014     MSP_EXP432P401R.obj (.const:GPIOMSP432_config)
                  000071ac    00000010     MSP_EXP432P401R.obj (.const:PowerMSP432_config)
                  000071bc    00000010     empty_min_pem4f.oem4f (.const:xdc_runtime_Text_nodeTab__A)
                  000071cc    0000000c     drivers_MSP432P401R.aem4f : GPIOMSP432.oem4f (.const:.string)
                  000071d8    0000000c     empty_min_pem4f.oem4f (.const:xdc_runtime_Startup_firstFxns__A)
                  000071e4    00000008     empty_min_pem4f.oem4f (.const:ti_sysbios_family_arm_m3_Hwi_excHookFuncs__A)
                  000071ec    00000008     empty_min_pem4f.oem4f (.const:ti_sysbios_knl_Idle_funcList__A)
                  000071f4    00000008     empty_min_pem4f.oem4f (.const:ti_sysbios_knl_Idle_funcList__C)
                  000071fc    00000008     empty_min_pem4f.oem4f (.const:xdc_runtime_Startup_firstFxns__C)
                  00007204    00000008     empty_min_pem4f.oem4f (.const:xdc_runtime_Startup_lastFxns__C)
                  0000720c    00000004     empty_min_pem4f.oem4f (.const:ti_sysbios_family_arm_m3_Hwi_E_NMI__C)
                  00007210    00000004     empty_min_pem4f.oem4f (.const:ti_sysbios_family_arm_m3_Hwi_E_alreadyDefined__C)
                  00007214    00000004     empty_min_pem4f.oem4f (.const:ti_sysbios_family_arm_m3_Hwi_E_busFault__C)
                  00007218    00000004     empty_min_pem4f.oem4f (.const:ti_sysbios_family_arm_m3_Hwi_E_debugMon__C)
                  0000721c    00000004     empty_min_pem4f.oem4f (.const:ti_sysbios_family_arm_m3_Hwi_E_hardFault__C)
                  00007220    00000004     empty_min_pem4f.oem4f (.const:ti_sysbios_family_arm_m3_Hwi_E_memFault__C)
                  00007224    00000004     empty_min_pem4f.oem4f (.const:ti_sysbios_family_arm_m3_Hwi_E_noIsr__C)
                  00007228    00000004     empty_min_pem4f.oem4f (.const:ti_sysbios_family_arm_m3_Hwi_E_reserved__C)
                  0000722c    00000004     empty_min_pem4f.oem4f (.const:ti_sysbios_family_arm_m3_Hwi_E_svCall__C)
                  00007230    00000004     empty_min_pem4f.oem4f (.const:ti_sysbios_family_arm_m3_Hwi_E_usageFault__C)
                  00007234    00000004     empty_min_pem4f.oem4f (.const:ti_sysbios_family_arm_m3_Hwi_NUM_INTERRUPTS__C)
                  00007238    00000004     empty_min_pem4f.oem4f (.const:ti_sysbios_family_arm_m3_Hwi_Object__count__C)
                  0000723c    00000004     empty_min_pem4f.oem4f (.const:ti_sysbios_family_arm_m3_Hwi_ccr__C)
                  00007240    00000004     empty_min_pem4f.oem4f (.const:ti_sysbios_family_arm_m3_Hwi_excHandlerFunc__C)
                  00007244    00000004     empty_min_pem4f.oem4f (.const:ti_sysbios_family_arm_m3_Hwi_excHookFuncs__C)
                  00007248    00000004     empty_min_pem4f.oem4f (.const:ti_sysbios_family_arm_m3_Hwi_nullIsrFunc__C)
                  0000724c    00000004     empty_min_pem4f.oem4f (.const:ti_sysbios_family_arm_m3_Hwi_priGroup__C)
                  00007250    00000004     empty_min_pem4f.oem4f (.const:ti_sysbios_family_arm_m3_TaskSupport_stackAlignment__C)
                  00007254    00000004     empty_min_pem4f.oem4f (.const:ti_sysbios_family_arm_m3_Timer_E_cannotSupport__C)
                  00007258    00000004     empty_min_pem4f.oem4f (.const:ti_sysbios_family_arm_m3_Timer_startupNeeded__C)
                  0000725c    00000004     empty_min_pem4f.oem4f (.const:ti_sysbios_family_arm_msp432_Timer_numTimerDevices__C)
                  00007260    00000004     empty_min_pem4f.oem4f (.const:ti_sysbios_family_arm_msp432_Timer_startupNeeded__C)
                  00007264    00000004     empty_min_pem4f.oem4f (.const:ti_sysbios_gates_GateMutex_Instance_State_sem__O)
                  00007268    00000004     empty_min_pem4f.oem4f (.const:ti_sysbios_hal_Hwi_E_stackOverflow__C)
                  0000726c    00000004     empty_min_pem4f.oem4f (.const:ti_sysbios_heaps_HeapMem_E_memory__C)
                  00007270    00000004     empty_min_pem4f.oem4f (.const:ti_sysbios_heaps_HeapMem_Module__gateObj__C)
                  00007274    00000004     empty_min_pem4f.oem4f (.const:ti_sysbios_heaps_HeapMem_Object__count__C)
                  00007278    00000004     empty_min_pem4f.oem4f (.const:ti_sysbios_heaps_HeapMem_reqAlign__C)
                  0000727c    00000004     empty_min_pem4f.oem4f (.const:ti_sysbios_knl_Clock_Module_State_clockQ__O)
                  00007280    00000004     empty_min_pem4f.oem4f (.const:ti_sysbios_knl_Mailbox_Instance_State_freeQue__O)
                  00007284    00000004     empty_min_pem4f.oem4f (.const:ti_sysbios_knl_Mailbox_Object__count__C)
                  00007288    00000004     empty_min_pem4f.oem4f (.const:ti_sysbios_knl_Mailbox_maxTypeAlign__C)
                  0000728c    00000004     empty_min_pem4f.oem4f (.const:ti_sysbios_knl_Semaphore_Instance_State_pendQ__O)
                  00007290    00000004     empty_min_pem4f.oem4f (.const:ti_sysbios_knl_Swi_Object__count__C)
                  00007294    00000004     empty_min_pem4f.oem4f (.const:ti_sysbios_knl_Task_Module_State_inactiveQ__O)
                  00007298    00000004     empty_min_pem4f.oem4f (.const:ti_sysbios_knl_Task_Object__count__C)
                  0000729c    00000004     empty_min_pem4f.oem4f (.const:ti_sysbios_knl_Task_allBlockedFunc__C)
                  000072a0    00000004     empty_min_pem4f.oem4f (.const:ti_sysbios_knl_Task_defaultStackHeap__C)
                  000072a4    00000004     empty_min_pem4f.oem4f (.const:ti_sysbios_knl_Task_defaultStackSize__C)
                  000072a8    00000004     empty_min_pem4f.oem4f (.const:ti_sysbios_knl_Task_numConstructedTasks__C)
                  000072ac    00000004     empty_min_pem4f.oem4f (.const:xdc_runtime_Assert_E_assertFailed__C)
                  000072b0    00000004     empty_min_pem4f.oem4f (.const:xdc_runtime_Core_A_initializedParams__C)
                  000072b4    00000004     empty_min_pem4f.oem4f (.const:xdc_runtime_Core_Module__diagsEnabled__C)
                  000072b8    00000004     empty_min_pem4f.oem4f (.const:xdc_runtime_Core_Module__diagsIncluded__C)
                  000072bc    00000004     empty_min_pem4f.oem4f (.const:xdc_runtime_Core_Module__diagsMask__C)
                  000072c0    00000004     empty_min_pem4f.oem4f (.const:xdc_runtime_Error_E_memory__C)
                  000072c4    00000004     empty_min_pem4f.oem4f (.const:xdc_runtime_Error_Module__diagsEnabled__C)
                  000072c8    00000004     empty_min_pem4f.oem4f (.const:xdc_runtime_Error_Module__diagsIncluded__C)
                  000072cc    00000004     empty_min_pem4f.oem4f (.const:xdc_runtime_Error_Module__diagsMask__C)
                  000072d0    00000004     empty_min_pem4f.oem4f (.const:xdc_runtime_Error_Module__loggerFxn8__C)
                  000072d4    00000004     empty_min_pem4f.oem4f (.const:xdc_runtime_Error_Module__loggerObj__C)
                  000072d8    00000004     empty_min_pem4f.oem4f (.const:xdc_runtime_Error_policyFxn__C)
                  000072dc    00000004     empty_min_pem4f.oem4f (.const:xdc_runtime_Error_raiseHook__C)
                  000072e0    00000004     empty_min_pem4f.oem4f (.const:xdc_runtime_IGateProvider_Interface__BASE__C)
                  000072e4    00000004     empty_min_pem4f.oem4f (.const:xdc_runtime_IHeap_Interface__BASE__C)
                  000072e8    00000004     empty_min_pem4f.oem4f (.const:xdc_runtime_IModule_Interface__BASE__C)
                  000072ec    00000004     empty_min_pem4f.oem4f (.const:xdc_runtime_Log_L_error__C)
                  000072f0    00000004     empty_min_pem4f.oem4f (.const:xdc_runtime_Memory_defaultHeapInstance__C)
                  000072f4    00000004     empty_min_pem4f.oem4f (.const:xdc_runtime_Startup_execImpl__C)
                  000072f8    00000004     empty_min_pem4f.oem4f (.const:xdc_runtime_Startup_lastFxns__A)
                  000072fc    00000004     empty_min_pem4f.oem4f (.const:xdc_runtime_Startup_maxPasses__C)
                  00007300    00000004     empty_min_pem4f.oem4f (.const:xdc_runtime_Startup_sfxnRts__C)
                  00007304    00000004     empty_min_pem4f.oem4f (.const:xdc_runtime_Startup_sfxnTab__C)
                  00007308    00000004     empty_min_pem4f.oem4f (.const:xdc_runtime_SysMin_bufSize__C)
                  0000730c    00000004     empty_min_pem4f.oem4f (.const:xdc_runtime_SysMin_outputFunc__C)
                  00007310    00000004     empty_min_pem4f.oem4f (.const:xdc_runtime_System_Module__gateObj__C)
                  00007314    00000004     empty_min_pem4f.oem4f (.const:xdc_runtime_System_abortFxn__C)
                  00007318    00000004     empty_min_pem4f.oem4f (.const:xdc_runtime_System_exitFxn__C)
                  0000731c    00000004     empty_min_pem4f.oem4f (.const:xdc_runtime_System_extendFxn__C)
                  00007320    00000004     empty_min_pem4f.oem4f (.const:xdc_runtime_System_maxAtexitHandlers__C)
                  00007324    00000004     empty_min_pem4f.oem4f (.const:xdc_runtime_Text_charTab__C)
                  00007328    00000004     empty_min_pem4f.oem4f (.const:xdc_runtime_Text_nameEmpty__C)
                  0000732c    00000004     empty_min_pem4f.oem4f (.const:xdc_runtime_Text_nameStatic__C)
                  00007330    00000004     empty_min_pem4f.oem4f (.const:xdc_runtime_Text_nameUnknown__C)
                  00007334    00000004     empty_min_pem4f.oem4f (.const:xdc_runtime_Text_nodeTab__C)
                  00007338    00000004     empty_min_pem4f.oem4f (.const:xdc_runtime_Text_visitRopeFxn__C)
                  0000733c    00000002     empty_min_pem4f.oem4f (.const:ti_sysbios_family_arm_m3_TimestampProvider_configTimer__C)
                  0000733e    00000002     empty_min_pem4f.oem4f (.const:ti_sysbios_hal_Hwi_Module__id__C)
                  00007340    00000002     empty_min_pem4f.oem4f (.const:ti_sysbios_heaps_HeapMem_Module__id__C)
                  00007342    00000002     empty_min_pem4f.oem4f (.const:xdc_runtime_Core_Module__id__C)
                  00007344    00000002     empty_min_pem4f.oem4f (.const:xdc_runtime_Error_Module__loggerDefined__C)
                  00007346    00000002     empty_min_pem4f.oem4f (.const:xdc_runtime_Error_maxDepth__C)
                  00007348    00000002     empty_min_pem4f.oem4f (.const:xdc_runtime_Memory_Module__id__C)
                  0000734a    00000002     empty_min_pem4f.oem4f (.const:xdc_runtime_SysMin_flushAtExit__C)
                  0000734c    00000002     empty_min_pem4f.oem4f (.const:xdc_runtime_Text_charCnt__C)
                  0000734e    00000002     empty_min_pem4f.oem4f (.const:xdc_runtime_Text_isLoaded__C)
                  00007350    00000002     empty_min_pem4f.oem4f (.const:xdc_runtime_Text_registryModsLastId__C)
                  00007352    00000002     empty_min_pem4f.oem4f (.const:xdc_runtime_Text_unnamedModsLastId__C)
                  00007354    00000001     empty_min_pem4f.oem4f (.const:xdc_runtime_Error_policy__C)

.cinit     0    00007358    00000278     
                  00007358    00000243     (.cinit..data.load) [load image, compression = lzss]
                  0000759b    00000001     --HOLE-- [fill = 0]
                  0000759c    0000000c     (__TI_handler_table)
                  000075a8    00000008     (.cinit..bss.load) [load image, compression = zero_init]
                  000075b0    00000008     (.cinit..vecs.load) [load image, compression = zero_init]
                  000075b8    00000018     (__TI_cinit_table)

.init_array 
*          0    00000000    00000000     UNINITIALIZED

.resetVecs 
*          0    00000000    0000003c     
                  00000000    0000003c     empty_min_pem4f.oem4f (.resetVecs)

.binit     0    00000000    00000000     

.vecs      0    20000000    00000140     UNINITIALIZED
                  20000000    00000140     empty_min_pem4f.oem4f (.vecs)

.bss       0    20000140    0000192c     UNINITIALIZED
                  20000140    00000800     (.common:ti_sysbios_heaps_HeapMem_Instance_State_0_buf__A)
                  20000940    00000400     (.common:reading2_stack)
                  20000d40    00000400     (.common:reading_stack)
                  20001140    00000400     (.common:writing_stack)
                  20001540    00000200     empty_min_pem4f.oem4f (.bss:taskStackSection)
                  20001740    00000140     (.common:ti_sysbios_family_arm_m3_Hwi_dispatchTable)
                  20001880    00000120     rtsv7M4_T_le_v4SPD16_eabi.lib : trgmsg.obj (.bss:_CIOBUF_)
                  200019a0    00000080     (.common:xdc_runtime_SysMin_Module_State_0_outbuf__A)
                  20001a20    00000030     drivers_MSP432P401R.aem4f : GPIOMSP432.oem4f (.bss:gpioCallbackInfo)
                  20001a50    00000008     rtsv7M4_T_le_v4SPD16_eabi.lib : trgdrv.obj (.bss:parmbuf)
                  20001a58    00000004     (.common:S1)
                  20001a5c    00000004     (.common:S2)
                  20001a60    00000004     (.common:r1)
                  20001a64    00000004     (.common:r2)
                  20001a68    00000004     (.common:w1)

.data      0    20001a6c    00000555     UNINITIALIZED
                  20001a6c    0000009c     drivers_MSP432P401R.aem4f : PowerMSP432.oem4f (.data:PowerMSP432_perfLevels)
                  20001b08    00000080     empty_min_pem4f.oem4f (.data:ti_sysbios_knl_Swi_Module_State_0_readyQ__A)
                  20001b88    00000080     empty_min_pem4f.oem4f (.data:ti_sysbios_knl_Task_Module_State_0_readyQ__A)
                  20001c08    0000004c     empty_min_pem4f.oem4f (.data:ti_sysbios_family_arm_msp432_Timer_Object__table__V)
                  20001c54    0000004c     empty_min_pem4f.oem4f (.data:ti_sysbios_knl_Task_Object__table__V)
                  20001ca0    00000044     empty_min_pem4f.oem4f (.data:ti_sysbios_knl_Task_Module__state__V)
                  20001ce4    00000038     empty_min_pem4f.oem4f (.data:ti_sysbios_gates_GateMutex_Object__table__V)
                  20001d1c    00000034     empty_min_pem4f.oem4f (.data:ti_sysbios_family_arm_m3_Hwi_Module__state__V)
                  20001d50    00000030     msp432p4xx_driverlib.lib : gpio.o (.data:GPIO_PORT_TO_BASE)
                  20001d80    00000030     empty_min_pem4f.oem4f (.data:ti_sysbios_family_arm_m3_Hwi_Object__table__V)
                  20001db0    00000030     empty_min_pem4f.oem4f (.data:ti_sysbios_family_arm_m3_Timer_Object__table__V)
                  20001de0    00000030     empty_min_pem4f.oem4f (.data:ti_sysbios_knl_Swi_Object__table__V)
                  20001e10    0000002c     empty_min_pem4f.oem4f (.data:ti_sysbios_knl_Clock_Module__state__V)
                  20001e3c    00000028     drivers_MSP432P401R.aem4f : PowerMSP432.oem4f (.data:PowerMSP432_module)
                  20001e64    00000024     empty_min_pem4f.oem4f (.data:ti_sysbios_BIOS_Module__state__V)
                  20001e88    00000020     empty_min_pem4f.oem4f (.data:ti_sysbios_family_arm_msp432_Timer_Module_State_0_device__A)
                  20001ea8    0000001c     empty_min_pem4f.oem4f (.data:ti_sysbios_knl_Swi_Module__state__V)
                  20001ec4    00000018     empty_min_pem4f.oem4f (.data:ti_sysbios_heaps_HeapMem_Object__table__V)
                  20001edc    00000010     MSP_EXP432P401R.obj (.data:gpioPinConfigs)
                  20001eec    00000010     empty_min_pem4f.oem4f (.data:ti_sysbios_family_arm_msp432_Timer_Module_State_0_handles__A)
                  20001efc    0000000c     rtsv7M4_T_le_v4SPD16_eabi.lib : exit.obj (.data:$O1$$)
                  20001f08    0000000c     empty_min_pem4f.oem4f (.data:ti_sysbios_family_arm_m3_Timer_Module__state__V)
                  20001f14    0000000c     empty_min_pem4f.oem4f (.data:ti_sysbios_family_arm_msp432_ClockFreqs_Module__state__V)
                  20001f20    0000000c     empty_min_pem4f.oem4f (.data:ti_sysbios_family_arm_msp432_Timer_Module__state__V)
                  20001f2c    0000000c     empty_min_pem4f.oem4f (.data:xdc_runtime_SysMin_Module__state__V)
                  20001f38    00000008     rtsv7M4_T_le_v4SPD16_eabi.lib : _lock.obj (.data:$O1$$)
                  20001f40    00000008     MSP_EXP432P401R.obj (.data:gpioCallbackFunctions)
                  20001f48    00000008     empty_min_pem4f.oem4f (.data:ti_sysbios_family_arm_m3_Hwi_Module__root__V)
                  20001f50    00000008     empty_min_pem4f.oem4f (.data:ti_sysbios_gates_GateHwi_Module__root__V)
                  20001f58    00000008     empty_min_pem4f.oem4f (.data:ti_sysbios_gates_GateMutex_Module__root__V)
                  20001f60    00000008     empty_min_pem4f.oem4f (.data:ti_sysbios_heaps_HeapMem_Module__root__V)
                  20001f68    00000008     empty_min_pem4f.oem4f (.data:ti_sysbios_knl_Queue_Module__root__V)
                  20001f70    00000008     empty_min_pem4f.oem4f (.data:ti_sysbios_knl_Semaphore_Module__root__V)
                  20001f78    00000008     empty_min_pem4f.oem4f (.data:ti_sysbios_knl_Task_Module__root__V)
                  20001f80    00000008     empty_min_pem4f.oem4f (.data:xdc_runtime_Registry_Module__state__V)
                  20001f88    00000008     empty_min_pem4f.oem4f (.data:xdc_runtime_Startup_Module__state__V)
                  20001f90    00000008     empty_min_pem4f.oem4f (.data:xdc_runtime_System_Module_State_0_atexitHandlers__A)
                  20001f98    00000008     empty_min_pem4f.oem4f (.data:xdc_runtime_System_Module__state__V)
                  20001fa0    00000004     rtsv7M4_T_le_v4SPD16_eabi.lib : stkdepth_vars.obj (.data)
                  20001fa4    00000004     empty_min_pem4f.oem4f (.data:ti_sysbios_family_arm_m3_Hwi_Module_State_0_excContext__A)
                  20001fa8    00000004     empty_min_pem4f.oem4f (.data:ti_sysbios_family_arm_m3_Hwi_Module_State_0_excStack__A)
                  20001fac    00000004     empty_min_pem4f.oem4f (.data:ti_sysbios_family_arm_m3_TimestampProvider_Module__state__V)
                  20001fb0    00000004     empty_min_pem4f.oem4f (.data:ti_sysbios_gates_GateHwi_Object__table__V)
                  20001fb4    00000004     empty_min_pem4f.oem4f (.data:ti_sysbios_knl_Task_Module_State_0_idleTask__A)
                  20001fb8    00000004     empty_min_pem4f.oem4f (.data:xdc_runtime_Memory_Module__state__V)
                  20001fbc    00000002     empty_min_pem4f.oem4f (.data:ti_sysbios_family_arm_m3_Hwi_Module_State_0_excActive__A)
                  20001fbe    00000002     empty_min_pem4f.oem4f (.data:xdc_runtime_Error_Module__state__V)
                  20001fc0    00000001     drivers_MSP432P401R.aem4f : GPIOMSP432.oem4f (.data)

.stack     0    2000fd00    00000300     UNINITIALIZED
                  2000fd00    00000300     --HOLE--

.bootVecs 
*          0    00000000    00000008     DSECT
                  00000000    00000008     boot.aem4f : boot.oem4f (.bootVecs)

xdc.meta   0    00000000    000000ef     COPY SECTION
                  00000000    000000ef     empty_min_pem4f.oem4f (xdc.meta)

MODULE SUMMARY

       Module                     code    ro data   rw data
       ------                     ----    -------   -------
    .\
       empty_min.obj              430     0         3092   
       MSP_EXP432P401R.obj        16      36        24     
    +--+--------------------------+-------+---------+---------+
       Total:                     446     36        3116   
                                                           
    C:\Users\Carmen\workspace_v7\Test - Blinking Led\Debug\configPkg\package\cfg\
       empty_min_pem4f.oem4f      1714    7213      4400   
    +--+--------------------------+-------+---------+---------+
       Total:                     1714    7213      4400   
                                                           
    C:/ti/tirtos_msp43x_2_20_00_06/products/msp432_driverlib_3_21_00_05/driverlib/MSP432P4xx/ccs/msp432p4xx_driverlib.lib
       pcm.o                      1214    0         0      
       gpio.o                     404     0         48     
       cs.o                       260     0         0      
       flash.o                    156     0         0      
       rtc_c.o                    72      0         0      
       wdt_a.o                    44      0         0      
       cpu.o                      28      0         0      
    +--+--------------------------+-------+---------+---------+
       Total:                     2178    0         48     
                                                           
    C:/ti/tirtos_msp43x_2_20_00_06/products/tidrivers_msp43x_2_20_00_08/packages/ti/drivers/lib/drivers_MSP432P401R.aem4f
       PowerMSP432.oem4f          1016    0         196    
       GPIOMSP432.oem4f           708     12        49     
       List.oem4f                 8       0         0      
    +--+--------------------------+-------+---------+---------+
       Total:                     1732    12        245    
                                                           
    C:/ti/tirtos_msp43x_2_20_00_06/products/tidrivers_msp43x_2_20_00_08/packages/ti/drivers/lib/power_tirtos_MSP432P401R.aem4f
       PowerMSP432_tirtos.oem4f   106     0         0      
    +--+--------------------------+-------+---------+---------+
       Total:                     106     0         0      
                                                           
    C:/ti/tirtos_msp43x_2_20_00_06/products/tidrivers_msp43x_2_20_00_08/packages/ti/drivers/ports/lib/tirtosport.aem4f
       HwiP_tirtos.oem4f          116     0         0      
    +--+--------------------------+-------+---------+---------+
       Total:                     116     0         0      
                                                           
    C:\Users\Carmen\workspace_v7\Test - Blinking Led\src\sysbios\sysbios.aem4f
       BIOS.obj                   9228    0         0      
       m3_Hwi_asm.obj             306     0         0      
       m3_TaskSupport_asm.obj     180     0         0      
       m3_Hwi_asm_switch.obj      118     0         0      
    +--+--------------------------+-------+---------+---------+
       Total:                     9832    0         0      
                                                           
    C:\ti\ccsv7\tools\compiler\ti-cgt-arm_16.9.1.LTS\lib\rtsv7M4_T_le_v4SPD16_eabi.lib
       trgdrv.obj                 804     0         8      
       trgmsg.obj                 104     0         288    
       memcpy_t2.obj              156     0         0      
       memset_t2.obj              122     0         0      
       copy_decompress_lzss.obj   104     0         0      
       exit.obj                   84      0         12     
       cpy_tbl.obj                76      0         0      
       u_divt2.obj                64      0         0      
       _lock.obj                  20      0         8      
       args_main.obj              24      0         0      
       strcpy.obj                 20      0         0      
       strlen.obj                 20      0         0      
       copy_decompress_none.obj   14      0         0      
       copy_zero_init.obj         12      0         0      
       stkdepth_vars.obj          0       0         4      
       i_div0.obj                 2       0         0      
    +--+--------------------------+-------+---------+---------+
       Total:                     1626    0         320    
                                                           
    C:\ti\tirtos_msp43x_2_20_00_06\products\bios_6_46_00_23\packages\ti\targets\arm\rtsarm\lib\auto_init.aem4f
       auto_init.oem4f            160     0         0      
    +--+--------------------------+-------+---------+---------+
       Total:                     160     0         0      
                                                           
    C:\ti\tirtos_msp43x_2_20_00_06\products\bios_6_46_00_23\packages\ti\targets\arm\rtsarm\lib\boot.aem4f
       boot.oem4f                 88      0         0      
    +--+--------------------------+-------+---------+---------+
       Total:                     88      0         0      
                                                           
    C:\ti\tirtos_msp43x_2_20_00_06\products\bios_6_46_00_23\packages\ti\targets\arm\rtsarm\lib\ti.targets.arm.rtsarm.aem4f
       System.oem4f               1255    0         0      
       Text.oem4f                 672     0         0      
       Error.oem4f                524     0         0      
       Core-mem.oem4f             358     0         0      
       Startup.oem4f              340     0         0      
       SysMin.oem4f               248     0         0      
       Core-smem.oem4f            204     0         0      
       Memory.oem4f               176     0         0      
       Assert.oem4f               84      0         0      
       Core-params.oem4f          70      0         0      
       Core-label.oem4f           52      0         0      
       Registry.oem4f             32      0         0      
       Gate.oem4f                 28      0         0      
    +--+--------------------------+-------+---------+---------+
       Total:                     4043    0         0      
                                                           
       Stack:                     0       0         768    
       Linker Generated:          0       631       0      
    +--+--------------------------+-------+---------+---------+
       Grand Total:               22041   7892      8897   


LINKER GENERATED COPY TABLES

__TI_cinit_table @ 000075b8 records: 3, size/record: 8, table size: 24
	.data: load addr=00007358, load size=00000243 bytes, run addr=20001a6c, run size=00000555 bytes, compression=lzss
	.bss: load addr=000075a8, load size=00000008 bytes, run addr=20000140, run size=0000192c bytes, compression=zero_init
	.vecs: load addr=000075b0, load size=00000008 bytes, run addr=20000000, run size=00000140 bytes, compression=zero_init


LINKER GENERATED HANDLER TABLE

__TI_handler_table @ 0000759c records: 3, size/record: 4, table size: 12
	index: 0, handler: __TI_decompress_lzss
	index: 1, handler: __TI_decompress_none
	index: 2, handler: __TI_zero_init


GLOBAL SYMBOLS: SORTED ALPHABETICALLY BY Name 

address   name                                                        
-------   ----                                                        
000036e9  C$$EXIT                                                     
0000313b  C$$IO$$                                                     
00005593  CPU_cpsid                                                   
0000559f  CPU_cpsie                                                   
00000ee5  CPU_wfi                                                     
00001e71  CS_initClockSignal                                          
00004b55  CS_setDCOCenteredFrequency                                  
00003fa1  FlashCtl_disableReadBuffering                               
00004301  FlashCtl_enableReadBuffering                                
00004a65  FlashCtl_setWaitState                                       
00007198  GPIOMSP432_config                                           
000050d1  GPIO_clearInterruptFlag                                     
00004515  GPIO_getEnabledInterruptStatus                              
00005415  GPIO_getInterruptStatus                                     
00003641  GPIO_hwiIntFxn                                              
000032a9  GPIO_init                                                   
00004df5  GPIO_interruptEdgeSelect                                    
000048d9  GPIO_setAsInputPin                                          
00004545  GPIO_setAsInputPinWithPullDownResistor                      
00004575  GPIO_setAsInputPinWithPullUpResistor                        
00004b79  GPIO_setAsOutputPin                                         
00003695  GPIO_setCallback                                            
00001311  GPIO_setConfig                                              
000052f9  GPIO_setDriveStrengthHigh                                   
000050e9  GPIO_setDriveStrengthLow                                    
0000530d  GPIO_setOutputHighOnPin                                     
00005101  GPIO_setOutputLowOnPin                                      
000045a5  GPIO_toggle                                                 
00005321  GPIO_toggleOutputOnPin                                      
00003899  GPIO_write                                                  
00000a97  HOSTclock                                                   
00000a5f  HOSTclose                                                   
00000a21  HOSTgetenv                                                  
000009c5  HOSTlseek                                                   
00000973  HOSTopen                                                    
00000927  HOSTread                                                    
000008c9  HOSTrename                                                  
0000088f  HOSTtime                                                    
00000841  HOSTtime64                                                  
00000809  HOSTunlink                                                  
000007bd  HOSTwrite                                                   
00005539  HwiP_Params_init                                            
00003245  HwiP_create                                                 
0000105d  HwiP_disable                                                
000056d9  HwiP_restore                                                
000011c5  List_head                                                   
0000179d  List_next                                                   
0000569f  MSP_EXP432P401R_initGPIO                                    
000056a7  MSP_EXP432P401R_initGeneral                                 
00004f79  PCM_enableRudeMode                                          
00004905  PCM_getCoreVoltageLevel                                     
00004a11  PCM_getPowerMode                                            
000055ad  PCM_getPowerState                                           
00004a8d  PCM_gotoLPM0                                                
00002c2d  PCM_gotoLPM3                                                
00005425  PCM_gotoLPM4                                                
000056af  PCM_setPowerMode                                            
000056b7  PCM_setPowerState                                           
000038e9  PCM_shutdownDevice                                          
000071ac  PowerMSP432_config                                          
0000295f  PowerMSP432_initPolicy                                      
20001e3c  PowerMSP432_module                                          
20001a6c  PowerMSP432_perfLevels                                      
00004121  PowerMSP432_sleepPolicy                                     
00004931  PowerMSP432_updateFreqs                                     
000055b9  Power_getConstraintMask                                     
00005335  Power_idleFunc                                              
00003e01  Power_init                                                  
00000ae1  Power_sleep                                                 
00004b9d  RTC_C_holdClock                                             
00004bc1  RTC_C_startClock                                            
20001a58  S1                                                          
20001a5c  S2                                                          
UNDEFED   SHT$$INIT_ARRAY$$Base                                       
UNDEFED   SHT$$INIT_ARRAY$$Limit                                      
4000480c  WDTCTL_SYM                                                  
00005119  WDT_A_holdTimer                                             
00005349  WDT_A_startTimer                                            
00000000  __ASM__                                                     
20001880  __CIOBUF_                                                   
0000006b  __ISA__                                                     
0000007e  __PLAT__                                                    
20010000  __STACK_END                                                 
00000300  __STACK_SIZE                                                
000000a1  __TARG__                                                    
000075b8  __TI_CINIT_Base                                             
000075d0  __TI_CINIT_Limit                                            
0000759c  __TI_Handler_Table_Base                                     
000075a8  __TI_Handler_Table_Limit                                    
000026e9  __TI_auto_init                                              
20001efc  __TI_cleanup_ptr                                            
000030a5  __TI_decompress_lzss                                        
00005547  __TI_decompress_none                                        
20001f00  __TI_dtors_ptr                                              
20001f04  __TI_enable_exit_profile_output                             
ffffffff  __TI_pprof_out_hndl                                         
ffffffff  __TI_prof_data_size                                         
ffffffff  __TI_prof_data_start                                        
0000313f  __TI_readmsg                                                
00007358  __TI_static_base__                                          
0000310d  __TI_writemsg                                               
000055c5  __TI_zero_init                                              
000000c7  __TRDR__                                                    
00002d9f  __aeabi_idiv0                                               
00002d25  __aeabi_memclr                                              
00002d25  __aeabi_memclr4                                             
00002d25  __aeabi_memclr8                                             
00002829  __aeabi_memcpy                                              
00002829  __aeabi_memcpy4                                             
00002829  __aeabi_memcpy8                                             
00002d27  __aeabi_memset                                              
00002d27  __aeabi_memset4                                             
00002d27  __aeabi_memset8                                             
00004021  __aeabi_uidiv                                               
00004021  __aeabi_uidivmod                                            
ffffffff  __binit__                                                   
ffffffff  __c_args__                                                  
2000fd00  __stack                                                     
00005131  _args_main                                                  
00003539  _c_int00                                                    
20001f38  _lock                                                       
0000536b  _nop                                                        
00005363  _register_lock                                              
0000535d  _register_unlock                                            
20001f3c  _unlock                                                     
[...]
000053d9  ti_sysbios_knl_Swi_Object__get__S                           
000053f1  ti_sysbios_hal_Hwi_Module_startup__E                        
00005403  xdc_runtime_Startup_exec__I                                 
00005415  GPIO_getInterruptStatus                                     
00005425  PCM_gotoLPM4                                                
00005439  ti_sysbios_BIOS_exit__E                                     
00005449  ti_sysbios_BIOS_setCpuFreq__E                               
00005459  ti_sysbios_BIOS_setThreadType__E                            
00005469  osi_start                                                   
00005469  ti_sysbios_BIOS_start__E                                    
00005479  ti_sysbios_family_arm_m3_TaskSupport_glue                   
00005489  ti_sysbios_family_arm_msp432_init_Boot_disableWatchdog      
00005499  ti_sysbios_gates_GateMutex_Instance_finalize__E             
000054a9  ti_sysbios_knl_Mailbox_Object__get__S                       
000054b9  ti_sysbios_knl_Semaphore_Instance_finalize__E               
000054c9  ti_sysbios_knl_Swi_disable__E                               
000054d9  ti_sysbios_knl_Task_Object__get__S                          
000054e9  osi_TaskDisable                                             
000054e9  ti_sysbios_knl_Task_disable__E                              
000054f9  xdc_runtime_Gate_leaveSystem__E                             
00005509  xdc_runtime_Memory_free__E                                  
00005519  xdc_runtime_SysMin_ready__E                                 
00005519  xdc_runtime_System_SupportProxy_ready__E                    
00005529  xdc_runtime_System_vsnprintf__E                             
00005539  HwiP_Params_init                                            
00005547  __TI_decompress_none                                        
00005559  ti_sysbios_knl_Clock_removeI__E                             
00005569  ti_sysbios_knl_Idle_loop__E                                 
00005579  ti_sysbios_knl_Queue_empty__E                               
00005587  ti_sysbios_family_arm_msp432_init_Boot_init__I              
00005587  xdc_runtime_Startup_reset__I                                
00005593  CPU_cpsid                                                   
0000559f  CPU_cpsie                                                   
000055ad  PCM_getPowerState                                           
000055b9  Power_getConstraintMask                                     
000055c5  __TI_zero_init                                              
000055d1  ti_sysbios_family_arm_m3_Hwi_Params__init__S                
000055d1  ti_sysbios_hal_Hwi_HwiProxy_Params__init__S                 
000055e1  ti_sysbios_family_arm_m3_Hwi_disableFxn__E                  
000055e1  ti_sysbios_hal_Hwi_HwiProxy_disable__E                      
000055f1  ti_sysbios_family_arm_m3_TaskSupport_getStackAlignment__E   
000055f1  ti_sysbios_knl_Task_SupportProxy_getStackAlignment__E       
00005601  ti_sysbios_family_arm_m3_TimestampProvider_startTimer__E    
00005611  ti_sysbios_family_arm_msp432_Timer_getMaxTicks__E           
00005621  ti_sysbios_gates_GateHwi_enter__E                           
0000562d  ti_sysbios_knl_Queue_Object__get__S                         
00005639  ti_sysbios_knl_Task_Params__init__S                         
00005645  xdc_runtime_Error_init__E                                   
00005651  xdc_runtime_Gate_enterSystem__E                             
0000565d  xdc_runtime_Memory_calloc__E                                
00005669  xdc_runtime_Memory_getMaxDefaultTypeAlign__E                
00005675  xdc_runtime_Startup_rtsDone__E                              
00005681  xdc_runtime_Memory_HeapProxy_alloc__E                       
0000568b  xdc_runtime_Memory_HeapProxy_free__E                        
00005695  xdc_runtime_Text_visitRope__I                               
0000569f  MSP_EXP432P401R_initGPIO                                    
000056a7  MSP_EXP432P401R_initGeneral                                 
000056af  PCM_setPowerMode                                            
000056b7  PCM_setPowerState                                           
000056c1  ti_sysbios_family_arm_m3_Hwi_doSwiRestore__I                
000056c9  ti_sysbios_family_arm_m3_Hwi_startup__E                     
000056c9  ti_sysbios_hal_Hwi_HwiProxy_startup__E                      
000056d1  ti_sysbios_family_arm_m3_Hwi_doTaskRestore__I               
000056d9  HwiP_restore                                                
000056d9  ti_sysbios_family_arm_m3_Hwi_restoreFxn__E                  
000056d9  ti_sysbios_hal_Hwi_HwiProxy_restore__E                      
000056e1  ti_sysbios_gates_GateHwi_leave__E                           
000056e9  ti_sysbios_heaps_HeapMem_isBlocking__E                      
000056f1  ti_sysbios_knl_Queue_Instance_init__E                       
000056f9  ti_sysbios_knl_Swi_startup__E                               
00005701  ti_sysbios_gates_GateHwi_query__E                           
00005701  xdc_runtime_Main_Module_GateProxy_query__E                  
00005701  xdc_runtime_System_Module_GateProxy_query__E                
00005709  ti_sysbios_BIOS_RtsGateProxy_query__E                       
00005709  ti_sysbios_gates_GateMutex_query__E                         
00005709  ti_sysbios_heaps_HeapMem_Module_GateProxy_query__E          
00005711  ti_sysbios_knl_Task_startup__E                              
00005719  ti_sysbios_BIOS_linkedWithIncorrectBootLibrary__E           
00005721  ti_sysbios_family_arm_m3_TimestampProvider_rolloverFunc__E  
00005729  ti_sysbios_gates_GateHwi_Instance_init__E                   
00005731  ti_sysbios_knl_Clock_logTick__E                             
00005734  xdc_runtime_Text_charTab__A                                 
00006ebe  ti_sysbios_family_arm_m3_Hwi_Module__id__C                  
00006f08  ti_sysbios_knl_Task_Object__PARAMS__C                       
00006f44  ti_sysbios_family_arm_m3_Hwi_Object__PARAMS__C              
00006f74  xdc_runtime_Startup_sfxnTab__A                              
00006fa0  ti_sysbios_heaps_HeapMem_Module__FXNS__C                    
00006fc8  ti_sysbios_gates_GateHwi_Module__FXNS__C                    
00006fec  ti_sysbios_gates_GateMutex_Module__FXNS__C                  
00007010  ti_sysbios_heaps_HeapMem_Object__PARAMS__C                  
00007034  ti_sysbios_knl_Semaphore_Object__PARAMS__C                  
00007058  ti_sysbios_family_arm_m3_Hwi_Object__DESC__C                
00007078  ti_sysbios_gates_GateHwi_Object__DESC__C                    
00007098  ti_sysbios_gates_GateMutex_Object__DESC__C                  
000070b8  ti_sysbios_heaps_HeapMem_Object__DESC__C                    
000070d8  ti_sysbios_knl_Queue_Object__DESC__C                        
000070f8  ti_sysbios_knl_Semaphore_Object__DESC__C                    
00007118  ti_sysbios_knl_Task_Object__DESC__C                         
00007138  ti_sysbios_gates_GateHwi_Object__PARAMS__C                  
00007150  ti_sysbios_gates_GateMutex_Object__PARAMS__C                
00007168  ti_sysbios_knl_Queue_Object__PARAMS__C                      
00007180  xdc_runtime_Startup_sfxnRts__A                              
00007196  ti_sysbios_family_arm_m3_Timer_Module__id__C                
00007198  GPIOMSP432_config                                           
000071ac  PowerMSP432_config                                          
000071bc  xdc_runtime_Text_nodeTab__A                                 
000071d8  xdc_runtime_Startup_firstFxns__A                            
000071e4  ti_sysbios_family_arm_m3_Hwi_excHookFuncs__A                
000071ec  ti_sysbios_knl_Idle_funcList__A                             
000071f4  ti_sysbios_knl_Idle_funcList__C                             
000071fc  xdc_runtime_Startup_firstFxns__C                            
00007204  xdc_runtime_Startup_lastFxns__C                             
0000720c  ti_sysbios_family_arm_m3_Hwi_E_NMI__C                       
00007210  ti_sysbios_family_arm_m3_Hwi_E_alreadyDefined__C            
00007214  ti_sysbios_family_arm_m3_Hwi_E_busFault__C                  
00007218  ti_sysbios_family_arm_m3_Hwi_E_debugMon__C                  
0000721c  ti_sysbios_family_arm_m3_Hwi_E_hardFault__C                 
00007220  ti_sysbios_family_arm_m3_Hwi_E_memFault__C                  
00007224  ti_sysbios_family_arm_m3_Hwi_E_noIsr__C                     
00007228  ti_sysbios_family_arm_m3_Hwi_E_reserved__C                  
0000722c  ti_sysbios_family_arm_m3_Hwi_E_svCall__C                    
00007230  ti_sysbios_family_arm_m3_Hwi_E_usageFault__C                
00007234  ti_sysbios_family_arm_m3_Hwi_NUM_INTERRUPTS__C              
00007238  ti_sysbios_family_arm_m3_Hwi_Object__count__C               
0000723c  ti_sysbios_family_arm_m3_Hwi_ccr__C                         
00007240  ti_sysbios_family_arm_m3_Hwi_excHandlerFunc__C              
00007244  ti_sysbios_family_arm_m3_Hwi_excHookFuncs__C                
00007248  ti_sysbios_family_arm_m3_Hwi_nullIsrFunc__C                 
0000724c  ti_sysbios_family_arm_m3_Hwi_priGroup__C                    
00007250  ti_sysbios_family_arm_m3_TaskSupport_stackAlignment__C      
00007254  ti_sysbios_family_arm_m3_Timer_E_cannotSupport__C           
00007258  ti_sysbios_family_arm_m3_Timer_startupNeeded__C             
0000725c  ti_sysbios_family_arm_msp432_Timer_numTimerDevices__C       
00007260  ti_sysbios_family_arm_msp432_Timer_startupNeeded__C         
00007264  ti_sysbios_gates_GateMutex_Instance_State_sem__O            
00007268  ti_sysbios_hal_Hwi_E_stackOverflow__C                       
0000726c  ti_sysbios_heaps_HeapMem_E_memory__C                        
00007270  ti_sysbios_heaps_HeapMem_Module__gateObj__C                 
00007274  ti_sysbios_heaps_HeapMem_Object__count__C                   
00007278  ti_sysbios_heaps_HeapMem_reqAlign__C                        
0000727c  ti_sysbios_knl_Clock_Module_State_clockQ__O                 
00007280  ti_sysbios_knl_Mailbox_Instance_State_freeQue__O            
00007284  ti_sysbios_knl_Mailbox_Object__count__C                     
00007288  ti_sysbios_knl_Mailbox_maxTypeAlign__C                      
0000728c  ti_sysbios_knl_Semaphore_Instance_State_pendQ__O            
00007290  ti_sysbios_knl_Swi_Object__count__C                         
00007294  ti_sysbios_knl_Task_Module_State_inactiveQ__O               
00007298  ti_sysbios_knl_Task_Object__count__C                        
0000729c  ti_sysbios_knl_Task_allBlockedFunc__C                       
000072a0  ti_sysbios_knl_Task_defaultStackHeap__C                     
000072a4  ti_sysbios_knl_Task_defaultStackSize__C                     
000072a8  ti_sysbios_knl_Task_numConstructedTasks__C                  
000072ac  xdc_runtime_Assert_E_assertFailed__C                        
000072b0  xdc_runtime_Core_A_initializedParams__C                     
000072b4  xdc_runtime_Core_Module__diagsEnabled__C                    
000072b8  xdc_runtime_Core_Module__diagsIncluded__C                   
000072bc  xdc_runtime_Core_Module__diagsMask__C                       
000072c0  xdc_runtime_Error_E_memory__C                               
000072c4  xdc_runtime_Error_Module__diagsEnabled__C                   
000072c8  xdc_runtime_Error_Module__diagsIncluded__C                  
000072cc  xdc_runtime_Error_Module__diagsMask__C                      
000072d0  xdc_runtime_Error_Module__loggerFxn8__C                     
000072d4  xdc_runtime_Error_Module__loggerObj__C                      
000072d8  xdc_runtime_Error_policyFxn__C                              
000072dc  xdc_runtime_Error_raiseHook__C                              
000072e0  xdc_runtime_IGateProvider_Interface__BASE__C                
000072e4  xdc_runtime_IHeap_Interface__BASE__C                        
000072e8  xdc_runtime_IModule_Interface__BASE__C                      
000072ec  xdc_runtime_Log_L_error__C                                  
000072f0  xdc_runtime_Memory_defaultHeapInstance__C                   
000072f4  xdc_runtime_Startup_execImpl__C                             
000072f8  xdc_runtime_Startup_lastFxns__A                             
000072fc  xdc_runtime_Startup_maxPasses__C                            
00007300  xdc_runtime_Startup_sfxnRts__C                              
00007304  xdc_runtime_Startup_sfxnTab__C                              
00007308  xdc_runtime_SysMin_bufSize__C                               
0000730c  xdc_runtime_SysMin_outputFunc__C                            
00007310  xdc_runtime_System_Module__gateObj__C                       
00007314  xdc_runtime_System_abortFxn__C                              
00007318  xdc_runtime_System_exitFxn__C                               
0000731c  xdc_runtime_System_extendFxn__C                             
00007320  xdc_runtime_System_maxAtexitHandlers__C                     
00007324  xdc_runtime_Text_charTab__C                                 
00007328  xdc_runtime_Text_nameEmpty__C                               
0000732c  xdc_runtime_Text_nameStatic__C                              
00007330  xdc_runtime_Text_nameUnknown__C                             
00007334  xdc_runtime_Text_nodeTab__C                                 
00007338  xdc_runtime_Text_visitRopeFxn__C                            
0000733c  ti_sysbios_family_arm_m3_TimestampProvider_configTimer__C   
0000733e  ti_sysbios_hal_Hwi_Module__id__C                            
00007340  ti_sysbios_heaps_HeapMem_Module__id__C                      
00007342  xdc_runtime_Core_Module__id__C                              
00007344  xdc_runtime_Error_Module__loggerDefined__C                  
00007346  xdc_runtime_Error_maxDepth__C                               
00007348  xdc_runtime_Memory_Module__id__C                            
0000734a  xdc_runtime_SysMin_flushAtExit__C                           
0000734c  xdc_runtime_Text_charCnt__C                                 
0000734e  xdc_runtime_Text_isLoaded__C                                
00007350  xdc_runtime_Text_registryModsLastId__C                      
00007352  xdc_runtime_Text_unnamedModsLastId__C                       
00007354  xdc_runtime_Error_policy__C                                 
00007358  __TI_static_base__                                          
0000759c  __TI_Handler_Table_Base                                     
000075a8  __TI_Handler_Table_Limit                                    
000075b8  __TI_CINIT_Base                                             
000075d0  __TI_CINIT_Limit                                            
20000000  ti_sysbios_family_arm_m3_Hwi_ramVectors                     
20000140  ti_sysbios_heaps_HeapMem_Instance_State_0_buf__A            
20000940  reading2_stack                                              
20000d40  reading_stack                                               
20001140  writing_stack                                               
20001540  ti_sysbios_knl_Task_Instance_State_0_stack__A               
20001740  ti_sysbios_family_arm_m3_Hwi_dispatchTable                  
20001880  __CIOBUF_                                                   
200019a0  xdc_runtime_SysMin_Module_State_0_outbuf__A                 
20001a58  S1                                                          
20001a5c  S2                                                          
20001a60  r1                                                          
20001a64  r2                                                          
20001a68  w1                                                          
20001a6c  PowerMSP432_perfLevels                                      
20001b08  ti_sysbios_knl_Swi_Module_State_0_readyQ__A                 
20001b88  ti_sysbios_knl_Task_Module_State_0_readyQ__A                
20001c08  ti_sysbios_family_arm_msp432_Timer_Object__table__V         
20001c54  ti_sysbios_knl_Task_Object__table__V                        
20001ca0  ti_sysbios_knl_Task_Module__state__V                        
20001ce4  ti_sysbios_gates_GateMutex_Object__table__V                 
20001d1c  ti_sysbios_family_arm_m3_Hwi_Module__state__V               
20001d80  ti_sysbios_family_arm_m3_Hwi_Object__table__V               
20001db0  ti_sysbios_family_arm_m3_Timer_Object__table__V             
20001de0  ti_sysbios_knl_Swi_Object__table__V                         
20001e10  ti_sysbios_knl_Clock_Module__state__V                       
20001e3c  PowerMSP432_module                                          
20001e64  ti_sysbios_BIOS_Module__state__V                            
20001e88  ti_sysbios_family_arm_msp432_Timer_Module_State_0_device__A 
20001ea8  ti_sysbios_knl_Swi_Module__state__V                         
20001ec4  ti_sysbios_heaps_HeapMem_Object__table__V                   
20001edc  gpioPinConfigs                                              
20001eec  ti_sysbios_family_arm_msp432_Timer_Module_State_0_handles__A
20001efc  __TI_cleanup_ptr                                            
20001f00  __TI_dtors_ptr                                              
20001f04  __TI_enable_exit_profile_output                             
20001f08  ti_sysbios_family_arm_m3_Timer_Module__state__V             
20001f14  ti_sysbios_family_arm_msp432_ClockFreqs_Module__state__V    
20001f20  ti_sysbios_family_arm_msp432_Timer_Module__state__V         
20001f2c  xdc_runtime_SysMin_Module__state__V                         
20001f38  _lock                                                       
20001f3c  _unlock                                                     
20001f40  gpioCallbackFunctions                                       
20001f48  ti_sysbios_family_arm_m3_Hwi_Module__root__V                
20001f50  ti_sysbios_gates_GateHwi_Module__root__V                    
20001f58  ti_sysbios_gates_GateMutex_Module__root__V                  
20001f60  ti_sysbios_heaps_HeapMem_Module__root__V                    
20001f68  ti_sysbios_knl_Queue_Module__root__V                        
20001f70  ti_sysbios_knl_Semaphore_Module__root__V                    
20001f78  ti_sysbios_knl_Task_Module__root__V                         
20001f80  xdc_runtime_Registry_Module__state__V                       
20001f88  xdc_runtime_Startup_Module__state__V                        
20001f90  xdc_runtime_System_Module_State_0_atexitHandlers__A         
20001f98  xdc_runtime_System_Module__state__V                         
20001fa0  main_func_sp                                                
20001fa4  ti_sysbios_family_arm_m3_Hwi_Module_State_0_excContext__A   
20001fa8  ti_sysbios_family_arm_m3_Hwi_Module_State_0_excStack__A     
20001fac  ti_sysbios_family_arm_m3_TimestampProvider_Module__state__V 
20001fb0  ti_sysbios_gates_GateHwi_Object__table__V                   
20001fb4  ti_sysbios_knl_Task_Module_State_0_idleTask__A              
20001fb8  xdc_runtime_Memory_Module__state__V                         
20001fbc  ti_sysbios_family_arm_m3_Hwi_Module_State_0_excActive__A    
20001fbe  xdc_runtime_Error_Module__state__V                          
2000fd00  __stack                                                     
20010000  __STACK_END                                                 
4000480c  WDTCTL_SYM                                                  
e000e000  ti_sysbios_family_arm_m3_Hwi_nvic                           
ffffffff  __TI_pprof_out_hndl                                         
ffffffff  __TI_prof_data_size                                         
ffffffff  __TI_prof_data_start                                        
ffffffff  __binit__                                                   
ffffffff  __c_args__                                                  
ffffffff  binit                                                       
UNDEFED   SHT$$INIT_ARRAY$$Base                                       
UNDEFED   SHT$$INIT_ARRAY$$Limit                                      

[592 symbols]
