******************************************************************************
                  TI ARM Linker PC v16.9.1                     
******************************************************************************
>> Linked Fri Aug 04 14:26:47 2017

OUTPUT FILE NAME:   <Blinking Led - Benchmark.out>
ENTRY POINT SYMBOL: "_c_int00"  address: 00003759


MEMORY CONFIGURATION

         name            origin    length      used     unused   attr    fill
----------------------  --------  ---------  --------  --------  ----  --------
  MAIN                  00000000   00040000  0000786f  00038791  R  X
  INFO                  00200000   00004000  00000000  00004000  R  X
  SRAM_CODE             01000000   00010000  00000000  00010000  RW X
  SRAM_DATA             20000000   00010000  00001ecd  0000e133  RW  


SEGMENT ALLOCATION MAP

run origin  load origin   length   init length attrs members
----------  ----------- ---------- ----------- ----- -------
00000000    00000000    00007878   00007878    r-x
  00000000    00000000    0000003c   0000003c    r-- .resetVecs
  00000040    00000040    00005932   00005932    r-x .text
  00005974    00005974    00001c81   00001c81    r-- .const
  000075f8    000075f8    00000280   00000280    r-- .cinit
20000000    20000000    00001bcd   00000000    rw-
  20000000    20000000    00000140   00000000    rw- .vecs
  20000140    20000140    00001530   00000000    rw- .bss
  20001670    20001670    0000055d   00000000    rw- .data
2000fd00    2000fd00    00000300   00000000    rw-
  2000fd00    2000fd00    00000300   00000000    rw- .stack


SECTION ALLOCATION MAP

 output                                  attributes/
section   page    origin      length       input sections
--------  ----  ----------  ----------   ----------------
.text      0    00000040    00005932     
                  00000040    00000430     sysbios.aem4f : BIOS.obj (.text:ti_sysbios_family_arm_m3_Hwi_excDumpRegs__I)
                  00000470    0000034c     ti.targets.arm.rtsarm.aem4f : System.oem4f (.text:xdc_runtime_System_doPrint__I)
                  000007bc    00000324     rtsv7M4_T_le_v4SPD16_eabi.lib : trgdrv.obj (.text)
                  00000ae0    00000264     drivers_MSP432P401R.aem4f : PowerMSP432.oem4f (.text:Power_sleep)
                  00000d44    000001a0     msp432p4xx_driverlib.lib : pcm.o (.text:__PCM_setPowerStateAdvanced)
                  00000ee4    00000004                              : cpu.o (.text:CPU_wfi)
                  00000ee8    00000174     sysbios.aem4f : BIOS.obj (.text:ti_sysbios_family_arm_m3_Hwi_excBusFault__I)
                  0000105c    00000004     tirtosport.aem4f : HwiP_tirtos.oem4f (.text:HwiP_disable)
                  00001060    00000164     sysbios.aem4f : BIOS.obj (.text:ti_sysbios_family_arm_m3_Hwi_excUsageFault__I)
                  000011c4    00000004     drivers_MSP432P401R.aem4f : List.oem4f (.text:List_head)
                  000011c8    00000158     sysbios.aem4f : BIOS.obj (.text:ti_sysbios_knl_Semaphore_pend__E)
                  00001320    00000148                   : BIOS.obj (.text:ti_sysbios_family_arm_m3_Hwi_excMemFault__I)
                  00001468    00000140     drivers_MSP432P401R.aem4f : GPIOMSP432.oem4f (.text:GPIO_setConfig)
                  000015a8    00000118     ti.targets.arm.rtsarm.aem4f : Error.oem4f (.text:xdc_runtime_Error_policyDefault__E)
                  000016c0    0000010c     sysbios.aem4f : BIOS.obj (.text:ti_sysbios_family_arm_m3_Hwi_excFillContext__I)
                  000017cc    00000004     drivers_MSP432P401R.aem4f : List.oem4f (.text:List_next)
                  000017d0    0000010c     sysbios.aem4f : BIOS.obj (.text:ti_sysbios_family_arm_m3_Hwi_excHandlerMax__I)
                  000018dc    00000100     ti.targets.arm.rtsarm.aem4f : Core-mem.oem4f (.text:xdc_runtime_Core_createObject__I)
                  000019dc    000000f8                                 : Startup.oem4f (.text:xdc_runtime_Startup_startMods__I)
                  00001ad4    000000f8     empty_min_pem4f.oem4f (.text:xdc_runtime_System_printfExtend__I)
                  00001bcc    000000f0     drivers_MSP432P401R.aem4f : PowerMSP432.oem4f (.text:initPerfControl)
                  00001cbc    000000ec     sysbios.aem4f : m3_Hwi_asm.obj (.text:ti_sysbios_family_arm_m3_Hwi_dispatch__I)
                  00001da8    000000e0     msp432p4xx_driverlib.lib : cs.o (.text:CS_initClockSignal)
                  00001e88    000000dc                              : pcm.o (.text:__PCM_setPowerModeAdvanced)
                  00001f64    000000d8     empty_min.obj (.text:main)
                  0000203c    00000004     empty_min_pem4f.oem4f (.text:ti_sysbios_BIOS_RtsGateProxy_enter__E)
                  00002040    000000d4     sysbios.aem4f : BIOS.obj (.text:ti_sysbios_knl_Mailbox_Instance_init__E)
                  00002114    00000004     empty_min_pem4f.oem4f (.text:ti_sysbios_BIOS_RtsGateProxy_leave__E)
                  00002118    000000cc     sysbios.aem4f : BIOS.obj (.text:ti_sysbios_heaps_HeapMem_alloc__E)
                  000021e4    00000004     empty_min_pem4f.oem4f (.text:ti_sysbios_family_arm_m3_TaskSupport_Module__startupDone__S)
                  000021e8    000000cc     sysbios.aem4f : BIOS.obj (.text:ti_sysbios_knl_Task_Instance_init__E)
                  000022b4    000000cc     ti.targets.arm.rtsarm.aem4f : Core-smem.oem4f (.text:xdc_runtime_Core_constructObject__I)
                  00002380    000000c0     sysbios.aem4f : BIOS.obj (.text:ti_sysbios_knl_Task_sleep__E)
                  00002440    000000bc                   : BIOS.obj (.text:ti_sysbios_family_arm_m3_Hwi_excDebugMon__I)
                  000024fc    00000004     empty_min_pem4f.oem4f (.text:ti_sysbios_heaps_HeapMem_Module_GateProxy_enter__E)
                  00002500    000000bc     sysbios.aem4f : BIOS.obj (.text:ti_sysbios_family_arm_m3_Hwi_excHardFault__I)
                  000025bc    00000004     empty_min_pem4f.oem4f (.text:ti_sysbios_heaps_HeapMem_Module_GateProxy_leave__E)
                  000025c0    000000b4     sysbios.aem4f : BIOS.obj (.text:ti_sysbios_knl_Task_Instance_finalize__E)
                  00002674    000000b0     msp432p4xx_driverlib.lib : pcm.o (.text:__PCM_setCoreVoltageLevelAdvanced)
                  00002724    00000004     empty_min_pem4f.oem4f (.text:ti_sysbios_knl_Clock_TimerProxy_getMaxTicks__E)
                  00002728    000000a8     sysbios.aem4f : BIOS.obj (.text:ti_sysbios_family_arm_msp432_Timer_periodicStub__E)
                  000027d0    000000a0     auto_init.aem4f : auto_init.oem4f (.text)
                  00002870    000000a0     ti.targets.arm.rtsarm.aem4f : Text.oem4f (.text:xdc_runtime_Text_putMod__E)
                  00002910    0000009c     rtsv7M4_T_le_v4SPD16_eabi.lib : memcpy_t2.obj (.text)
                  000029ac    0000009a     ti.targets.arm.rtsarm.aem4f : Text.oem4f (.text:xdc_runtime_Text_putSite__E)
                  00002a46    00000002     power_tirtos_MSP432P401R.aem4f : PowerMSP432_tirtos.oem4f (.text:PowerMSP432_initPolicy)
                  00002a48    00000094     sysbios.aem4f : BIOS.obj (.text:ti_sysbios_family_arm_m3_Hwi_Instance_init__E)
                  00002adc    00000004     empty_min_pem4f.oem4f (.text:ti_sysbios_knl_Queue_destruct)
                  00002ae0    00000094     sysbios.aem4f : BIOS.obj (.text:ti_sysbios_family_arm_m3_Hwi_initNVIC__E)
                  00002b74    0000008c                   : m3_TaskSupport_asm.obj (.text:ti_sysbios_family_arm_m3_TaskSupport_buildTaskStack)
                  00002c00    0000008c                   : BIOS.obj (.text:ti_sysbios_knl_Task_postInit__I)
                  00002c8c    00000004     empty_min_pem4f.oem4f (.text:ti_sysbios_knl_Semaphore_destruct)
                  00002c90    00000084     sysbios.aem4f : BIOS.obj (.text:ti_sysbios_family_arm_m3_Hwi_postInit__I)
                  00002d14    0000007c     msp432p4xx_driverlib.lib : pcm.o (.text:PCM_gotoLPM3)
                  00002d90    0000007c     sysbios.aem4f : BIOS.obj (.text:ti_sysbios_heaps_HeapMem_free__E)
                  00002e0c    0000007a     rtsv7M4_T_le_v4SPD16_eabi.lib : memset_t2.obj (.text)
                  00002e86    00000002                                   : i_div0.obj (.text)
                  00002e88    00000070     sysbios.aem4f : BIOS.obj (.text:ti_sysbios_knl_Mailbox_Instance_finalize__E)
                  00002ef8    00000070                   : BIOS.obj (.text:ti_sysbios_knl_Semaphore_post__E)
                  00002f68    00000070                   : BIOS.obj (.text:ti_sysbios_knl_Task_exit__E)
                  00002fd8    0000006d     ti.targets.arm.rtsarm.aem4f : System.oem4f (.text:xdc_runtime_System_formatNum__I)
                  00003045    00000001     --HOLE-- [fill = 0]
                  00003046    00000002     empty_min_pem4f.oem4f (.text:ti_sysbios_BIOS_nullFunc__I)
                  00003048    0000006c     sysbios.aem4f : BIOS.obj (.text:ti_sysbios_knl_Clock_workFunc__E)
                  000030b4    00000004     ti.targets.arm.rtsarm.aem4f : Error.oem4f (.text:xdc_runtime_Error_getSite__E)
                  000030b8    0000006c     sysbios.aem4f : BIOS.obj (.text:ti_sysbios_knl_Swi_restoreHwi__E)
                  00003124    0000006c     ti.targets.arm.rtsarm.aem4f : Error.oem4f (.text:xdc_runtime_Error_print__E)
                  00003190    0000006c                                 : Memory.oem4f (.text:xdc_runtime_Memory_alloc__E)
                  000031fc    00000068     rtsv7M4_T_le_v4SPD16_eabi.lib : copy_decompress_lzss.obj (.text:decompress:lzss)
                  00003264    00000068                                   : trgmsg.obj (.text)
                  000032cc    00000066     ti.targets.arm.rtsarm.aem4f : Core-mem.oem4f (.text:xdc_runtime_Core_deleteObject__I)
                  00003332    00000006                                 : System.oem4f (.text:xdc_runtime_System_Module_startup__E)
                  00003338    00000064     sysbios.aem4f : BIOS.obj (.text:ti_sysbios_family_arm_m3_Hwi_dispatchC__I)
                  0000339c    00000064     empty_min_pem4f.oem4f (.text:ti_sysbios_knl_Mailbox_create)
                  00003400    00000062     tirtosport.aem4f : HwiP_tirtos.oem4f (.text:HwiP_create)
                  00003462    00000004     empty_min_pem4f.oem4f (.text:xdc_runtime_System_Module_GateProxy_enter__E)
                  00003466    00000002     --HOLE-- [fill = 0]
                  00003468    00000060     sysbios.aem4f : BIOS.obj (.text:ti_sysbios_family_arm_m3_TimestampProvider_get32__E)
                  000034c8    0000005c     drivers_MSP432P401R.aem4f : GPIOMSP432.oem4f (.text:GPIO_init)
                  00003524    00000004     empty_min_pem4f.oem4f (.text:xdc_runtime_System_Module_GateProxy_leave__E)
                  00003528    0000005c     sysbios.aem4f : BIOS.obj (.text:ti_sysbios_knl_Swi_run__I)
                  00003584    00000004     ti.targets.arm.rtsarm.aem4f : System.oem4f (.text:xdc_runtime_System_aprintf_va__F)
                  00003588    0000005c     sysbios.aem4f : BIOS.obj (.text:ti_sysbios_knl_Swi_schedule__I)
                  000035e4    00000004     ti.targets.arm.rtsarm.aem4f : System.oem4f (.text:xdc_runtime_System_printf_va__F)
                  000035e8    0000005c     sysbios.aem4f : BIOS.obj (.text:ti_sysbios_knl_Task_Module_startup__E)
                  00003644    0000005c     empty_min_pem4f.oem4f (.text:ti_sysbios_knl_Task_create)
                  000036a0    0000005c     sysbios.aem4f : BIOS.obj (.text:ti_sysbios_knl_Task_startCore__E)
                  000036fc    0000005b     ti.targets.arm.rtsarm.aem4f : Text.oem4f (.text:xdc_runtime_Text_putLab__E)
                  00003757    00000001     --HOLE-- [fill = 0]
                  00003758    00000058     boot.aem4f : boot.oem4f (.text)
                  000037b0    00000058     empty_min_pem4f.oem4f (.text:ti_sysbios_family_arm_m3_Hwi_construct)
                  00003808    00000058     sysbios.aem4f : m3_Hwi_asm_switch.obj (.text:ti_sysbios_family_arm_m3_Hwi_initStacks__E)
                  00003860    00000054     drivers_MSP432P401R.aem4f : GPIOMSP432.oem4f (.text:GPIO_hwiIntFxn)
                  000038b4    00000054                               : GPIOMSP432.oem4f (.text:GPIO_setCallback)
                  00003908    00000054     empty_min.obj (.text:_Z7readingjj)
                  0000395c    00000054     rtsv7M4_T_le_v4SPD16_eabi.lib : exit.obj (.text)
                  000039b0    00000054     sysbios.aem4f : BIOS.obj (.text:ti_sysbios_family_arm_m3_Timer_start__E)
                  00003a04    00000004     --HOLE-- [fill = 0]
                  00003a08    00000054                   : BIOS.obj (.text:ti_sysbios_family_arm_msp432_Timer_initDevice__I)
                  00003a5c    00000004     --HOLE-- [fill = 0]
                  00003a60    00000054                   : BIOS.obj (.text:ti_sysbios_family_arm_msp432_init_Boot_configureClocksHigh)
                  00003ab4    00000054     ti.targets.arm.rtsarm.aem4f : Assert.oem4f (.text:xdc_runtime_Assert_raise__I)
                  00003b08    00000050     drivers_MSP432P401R.aem4f : GPIOMSP432.oem4f (.text:GPIO_write)
                  00003b58    00000050     msp432p4xx_driverlib.lib : pcm.o (.text:PCM_shutdownDevice)
                  00003ba8    00000050     sysbios.aem4f : BIOS.obj (.text:ti_sysbios_family_arm_m3_Hwi_Module_startup__E)
                  00003bf8    00000050     ti.targets.arm.rtsarm.aem4f : Startup.oem4f (.text:xdc_runtime_Startup_exec__E)
                  00003c48    00000050                                 : Text.oem4f (.text:xdc_runtime_Text_visitRope2__I)
                  00003c98    0000004c     rtsv7M4_T_le_v4SPD16_eabi.lib : cpy_tbl.obj (.text)
                  00003ce4    00000004     --HOLE-- [fill = 0]
                  00003ce8    0000004c     sysbios.aem4f : BIOS.obj (.text:ti_sysbios_family_arm_msp432_Timer_start__E)
                  00003d34    00000004     --HOLE-- [fill = 0]
                  00003d38    0000004c                   : BIOS.obj (.text:ti_sysbios_heaps_HeapMem_getStats__E)
                  00003d84    00000004     --HOLE-- [fill = 0]
                  00003d88    0000004c                   : BIOS.obj (.text:ti_sysbios_knl_Swi_runLoop__I)
                  00003dd4    00000004     --HOLE-- [fill = 0]
                  00003dd8    0000004c                   : BIOS.obj (.text:ti_sysbios_knl_Task_allBlockedFunction__I)
                  00003e24    00000004     --HOLE-- [fill = 0]
                  00003e28    0000004c                   : BIOS.obj (.text:ti_sysbios_knl_Task_schedule__I)
                  00003e74    00000004     --HOLE-- [fill = 0]
                  00003e78    00000048                   : BIOS.obj (.text:ti_sysbios_family_arm_m3_Hwi_disableInterrupt__E)
                  00003ec0    00000048                   : BIOS.obj (.text:ti_sysbios_family_arm_m3_Hwi_enableInterrupt__E)
                  00003f08    00000048                   : BIOS.obj (.text:ti_sysbios_family_arm_m3_Hwi_excReserved__I)
                  00003f50    00000048                   : BIOS.obj (.text:ti_sysbios_family_arm_m3_Timer_initDevice__I)
                  00003f98    00000048                   : BIOS.obj (.text:ti_sysbios_family_arm_m3_Timer_setPeriod__E)
                  00003fe0    00000048                   : BIOS.obj (.text:ti_sysbios_knl_Mailbox_Module_startup__E)
                  00004028    00000046     ti.targets.arm.rtsarm.aem4f : Core-params.oem4f (.text:xdc_runtime_Core_assignParams__I)
                  0000406e    00000002     --HOLE-- [fill = 0]
                  00004070    00000044     drivers_MSP432P401R.aem4f : PowerMSP432.oem4f (.text:Power_init)
                  000040b4    00000004     --HOLE-- [fill = 0]
                  000040b8    00000044     sysbios.aem4f : BIOS.obj (.text:ti_sysbios_family_arm_m3_Hwi_getStackInfo__E)
                  000040fc    00000004     --HOLE-- [fill = 0]
                  00004100    00000044                   : BIOS.obj (.text:ti_sysbios_knl_Swi_post__E)
                  00004144    00000044     ti.targets.arm.rtsarm.aem4f : Error.oem4f (.text:xdc_runtime_Error_setX__E)
                  00004188    00000044                                 : SysMin.oem4f (.text:xdc_runtime_SysMin_flush__E)
                  000041cc    00000044                                 : Text.oem4f (.text:xdc_runtime_Text_xprintf__I)
                  00004210    00000040     msp432p4xx_driverlib.lib : flash.o (.text:FlashCtl_disableReadBuffering)
                  00004250    00000040     drivers_MSP432P401R.aem4f : PowerMSP432.oem4f (.text:notify)
                  00004290    00000040     rtsv7M4_T_le_v4SPD16_eabi.lib : u_divt2.obj (.text)
                  000042d0    00000040     sysbios.aem4f : BIOS.obj (.text:ti_sysbios_family_arm_msp432_Timer_Module_startup__E)
                  00004310    00000040                   : BIOS.obj (.text:ti_sysbios_family_arm_msp432_Timer_startup__E)
                  00004350    00000040                   : BIOS.obj (.text:ti_sysbios_heaps_HeapMem_Instance_init__E)
                  00004390    0000003c     power_tirtos_MSP432P401R.aem4f : PowerMSP432_tirtos.oem4f (.text:PowerMSP432_sleepPolicy)
                  000043cc    00000004     --HOLE-- [fill = 0]
                  000043d0    0000003c     sysbios.aem4f : BIOS.obj (.text:ti_sysbios_family_arm_m3_Hwi_excSvCall__I)
                  0000440c    00000004     --HOLE-- [fill = 0]
                  00004410    0000003c                   : BIOS.obj (.text:ti_sysbios_heaps_HeapMem_init__I)
                  0000444c    00000004     --HOLE-- [fill = 0]
                  00004450    0000003c                   : BIOS.obj (.text:ti_sysbios_knl_Swi_restore__E)
                  0000448c    00000004     --HOLE-- [fill = 0]
                  00004490    00000038                   : BIOS.obj (.text:ti_sysbios_family_arm_m3_Hwi_excNoIsr__I)
                  000044c8    00000038     ti.targets.arm.rtsarm.aem4f : SysMin.oem4f (.text:xdc_runtime_SysMin_putch__E)
                  00004500    00000038                                 : System.oem4f (.text:xdc_runtime_System_atexit__E)
                  00004538    00000034     msp432p4xx_driverlib.lib : flash.o (.text:FlashCtl_enableReadBuffering)
                  0000456c    00000034     empty_min_pem4f.oem4f (.text:ti_sysbios_BIOS_startFunc__I)
                  000045a0    00000034     sysbios.aem4f : BIOS.obj (.text:ti_sysbios_family_arm_m3_Hwi_Instance_finalize__E)
                  000045d4    00000004     --HOLE-- [fill = 0]
                  000045d8    00000034                   : BIOS.obj (.text:ti_sysbios_family_arm_m3_Hwi_excNmi__I)
                  0000460c    00000004     --HOLE-- [fill = 0]
                  00004610    00000034                   : BIOS.obj (.text:ti_sysbios_family_arm_m3_Timer_periodicStub__I)
                  00004644    00000004     --HOLE-- [fill = 0]
                  00004648    00000034                   : BIOS.obj (.text:ti_sysbios_hal_Hwi_checkStack)
                  0000467c    00000034     empty_min_pem4f.oem4f (.text:ti_sysbios_knl_Semaphore_create)
                  000046b0    00000034     ti.targets.arm.rtsarm.aem4f : Core-label.oem4f (.text:xdc_runtime_Core_assignLabel__I)
                  000046e4    00000033                                 : Text.oem4f (.text:xdc_runtime_Text_printVisFxn__I)
                  00004717    00000001     --HOLE-- [fill = 0]
                  00004718    00000032     sysbios.aem4f : BIOS.obj (.text:ti_sysbios_hal_Hwi_initStack)
                  0000474a    00000002     --HOLE-- [fill = 0]
                  0000474c    00000030     msp432p4xx_driverlib.lib : gpio.o (.text:GPIO_getEnabledInterruptStatus)
                  0000477c    00000030                              : gpio.o (.text:GPIO_setAsInputPinWithPullDownResistor)
                  000047ac    00000030                              : gpio.o (.text:GPIO_setAsInputPinWithPullUpResistor)
                  000047dc    00000030     drivers_MSP432P401R.aem4f : GPIOMSP432.oem4f (.text:GPIO_toggle)
                  0000480c    00000030     empty_min_pem4f.oem4f (.text:ti_sysbios_BIOS_atExitFunc__I)
                  0000483c    00000004     --HOLE-- [fill = 0]
                  00004840    00000030     sysbios.aem4f : BIOS.obj (.text:ti_sysbios_family_arm_m3_TaskSupport_start__E)
                  00004870    00000030                   : BIOS.obj (.text:ti_sysbios_family_arm_msp432_Timer_setPeriod__E)
                  000048a0    00000030     empty_min_pem4f.oem4f (.text:ti_sysbios_gates_GateHwi_Object__create__S)
                  000048d0    00000030     empty_min_pem4f.oem4f (.text:ti_sysbios_gates_GateMutex_Object__create__S)
                  00004900    00000030     sysbios.aem4f : BIOS.obj (.text:ti_sysbios_gates_GateMutex_enter__E)
                  00004930    00000030     empty_min_pem4f.oem4f (.text:ti_sysbios_heaps_HeapMem_Object__create__S)
                  00004960    00000030     sysbios.aem4f : BIOS.obj (.text:ti_sysbios_knl_Mailbox_postInit__I)
                  00004990    00000030     empty_min_pem4f.oem4f (.text:ti_sysbios_knl_Semaphore_construct)
                  000049c0    00000030     sysbios.aem4f : BIOS.obj (.text:ti_sysbios_knl_Semaphore_pendTimeout__I)
                  000049f0    00000030                   : BIOS.obj (.text:ti_sysbios_knl_Task_processVitalTaskFlag__I)
                  00004a20    00000030                   : BIOS.obj (.text:ti_sysbios_knl_Task_unblockI__E)
                  00004a50    00000030     ti.targets.arm.rtsarm.aem4f : SysMin.oem4f (.text:xdc_runtime_SysMin_abort__E)
                  00004a80    00000030                                 : System.oem4f (.text:xdc_runtime_System_processAtExit__E)
                  00004ab0    0000002c     msp432p4xx_driverlib.lib : gpio.o (.text:GPIO_setAsInputPin)
                  00004adc    0000002c                              : pcm.o (.text:PCM_getCoreVoltageLevel)
                  00004b08    0000002c     power_tirtos_MSP432P401R.aem4f : PowerMSP432_tirtos.oem4f (.text:PowerMSP432_updateFreqs)
                  00004b34    0000002c     empty_min_pem4f.oem4f (.text:ti_sysbios_knl_Clock_doTick__I)
                  00004b60    0000002c     empty_min_pem4f.oem4f (.text:ti_sysbios_knl_Queue_construct)
                  00004b8c    00000004     --HOLE-- [fill = 0]
                  00004b90    0000002c     sysbios.aem4f : BIOS.obj (.text:ti_sysbios_knl_Task_restore__E)
                  00004bbc    0000002c     ti.targets.arm.rtsarm.aem4f : Text.oem4f (.text:xdc_runtime_Text_cordText__E)
                  00004be8    0000002a     msp432p4xx_driverlib.lib : pcm.o (.text:PCM_getPowerMode)
                  00004c12    0000002a     ti.targets.arm.rtsarm.aem4f : System.oem4f (.text:xdc_runtime_System_putchar__I)
                  00004c3c    00000028     msp432p4xx_driverlib.lib : flash.o (.text:FlashCtl_setWaitState)
                  00004c64    00000028                              : pcm.o (.text:PCM_gotoLPM0)
                  00004c8c    00000028     empty_min.obj (.text:_Z7writingjj)
                  00004cb4    00000004     --HOLE-- [fill = 0]
                  00004cb8    00000028     sysbios.aem4f : BIOS.obj (.text:ti_sysbios_knl_Clock_addI__E)
                  00004ce0    00000028                   : BIOS.obj (.text:ti_sysbios_knl_Swi_Module_startup__E)
                  00004d08    00000026                   : m3_Hwi_asm.obj (.text:ti_sysbios_family_arm_m3_Hwi_pendSV__I)
                  00004d2e    00000026     ti.targets.arm.rtsarm.aem4f : System.oem4f (.text:xdc_runtime_System_avprintf__E)
                  00004d54    00000024     msp432p4xx_driverlib.lib : cs.o (.text:CS_setDCOCenteredFrequency)
                  00004d78    00000024                              : gpio.o (.text:GPIO_setAsOutputPin)
                  00004d9c    00000024                              : rtc_c.o (.text:RTC_C_holdClock)
                  00004dc0    00000024                              : rtc_c.o (.text:RTC_C_startClock)
                  00004de4    00000024     empty_min_pem4f.oem4f (.text:ti_sysbios_BIOS_errorRaiseHook__I)
                  00004e08    00000024     empty_min_pem4f.oem4f (.text:ti_sysbios_BIOS_registerRTSLock__I)
                  00004e2c    00000024     empty_min_pem4f.oem4f (.text:ti_sysbios_BIOS_removeRTSLock__I)
                  00004e50    00000024     sysbios.aem4f : BIOS.obj (.text:ti_sysbios_family_arm_m3_Timer_Module_startup__E)
                  00004e74    00000004     --HOLE-- [fill = 0]
                  00004e78    00000024                   : BIOS.obj (.text:ti_sysbios_family_arm_m3_Timer_postInit__I)
                  00004e9c    00000004     --HOLE-- [fill = 0]
                  00004ea0    00000024                   : BIOS.obj (.text:ti_sysbios_family_arm_m3_Timer_startup__E)
                  00004ec4    00000004     --HOLE-- [fill = 0]
                  00004ec8    00000024                   : BIOS.obj (.text:ti_sysbios_family_arm_msp432_ClockFreqs_setFrequency__E)
                  00004eec    00000004     --HOLE-- [fill = 0]
                  00004ef0    00000024                   : BIOS.obj (.text:ti_sysbios_family_arm_msp432_Timer_postInit__I)
                  00004f14    00000024     empty_min_pem4f.oem4f (.text:ti_sysbios_gates_GateMutex_Object__delete__S)
                  00004f38    00000024     sysbios.aem4f : BIOS.obj (.text:ti_sysbios_knl_Clock_Module_startup__E)
                  00004f5c    00000004     --HOLE-- [fill = 0]
                  00004f60    00000024                   : BIOS.obj (.text:ti_sysbios_knl_Semaphore_Instance_init__E)
                  00004f84    00000004     --HOLE-- [fill = 0]
                  00004f88    00000024                   : BIOS.obj (.text:ti_sysbios_knl_Task_restoreHwi__E)
                  00004fac    00000024     ti.targets.arm.rtsarm.aem4f : System.oem4f (.text:xdc_runtime_System_vprintf__E)
                  00004fd0    00000022     empty_min_pem4f.oem4f (.text:xdc_runtime_SysMin_output__I)
                  00004ff2    00000002     --HOLE-- [fill = 0]
                  00004ff4    00000020     msp432p4xx_driverlib.lib : gpio.o (.text:GPIO_interruptEdgeSelect)
                  00005014    00000020     empty_min_pem4f.oem4f (.text:ti_sysbios_BIOS_rtsLock__I)
                  00005034    00000020     sysbios.aem4f : m3_Hwi_asm.obj (.text:ti_sysbios_family_arm_m3_Hwi_excHandlerAsm__I)
                  00005054    00000004     --HOLE-- [fill = 0]
                  00005058    00000020                   : BIOS.obj (.text:ti_sysbios_family_arm_m3_Hwi_excHandler__I)
                  00005078    00000020                   : BIOS.obj (.text:ti_sysbios_family_arm_m3_TimestampProvider_Module_startup__E)
                  00005098    00000020     empty_min_pem4f.oem4f (.text:ti_sysbios_gates_GateHwi_Object__delete__S)
                  000050b8    00000020     empty_min_pem4f.oem4f (.text:ti_sysbios_heaps_HeapMem_Object__delete__S)
                  000050d8    00000020     sysbios.aem4f : BIOS.obj (.text:ti_sysbios_knl_Idle_run__E)
                  000050f8    00000020     empty_min_pem4f.oem4f (.text:ti_sysbios_knl_Semaphore_Object__destruct__S)
                  00005118    00000020     ti.targets.arm.rtsarm.aem4f : Registry.oem4f (.text:xdc_runtime_Registry_findById__E)
                  00005138    00000020                                 : SysMin.oem4f (.text:xdc_runtime_SysMin_Module_startup__E)
                  00005158    0000001e     sysbios.aem4f : m3_Hwi_asm_switch.obj (.text:ti_sysbios_family_xxx_Hwi_switchAndRunFunc)
                  00005176    00000002     --HOLE-- [fill = 0]
                  00005178    0000001c     msp432p4xx_driverlib.lib : pcm.o (.text:PCM_enableRudeMode)
                  00005194    00000004     --HOLE-- [fill = 0]
                  00005198    0000001c     sysbios.aem4f : BIOS.obj (.text:ti_sysbios_family_arm_m3_Timer_stop__E)
                  000051b4    00000004     --HOLE-- [fill = 0]
                  000051b8    0000001c                   : BIOS.obj (.text:ti_sysbios_gates_GateMutex_Instance_init__E)
                  000051d4    0000001c     empty_min_pem4f.oem4f (.text:ti_sysbios_knl_Queue_Object__destruct__S)
                  000051f0    0000001c     sysbios.aem4f : BIOS.obj (.text:ti_sysbios_knl_Queue_put__E)
                  0000520c    00000004     --HOLE-- [fill = 0]
                  00005210    0000001c                   : BIOS.obj (.text:ti_sysbios_knl_Task_enter__I)
                  0000522c    0000001c     ti.targets.arm.rtsarm.aem4f : Error.oem4f (.text:xdc_runtime_Error_raiseX__E)
                  00005248    0000001c                                 : Memory.oem4f (.text:xdc_runtime_Memory_valloc__E)
                  00005264    0000001c                                 : SysMin.oem4f (.text:xdc_runtime_SysMin_exit__E)
                  00005280    0000001c                                 : System.oem4f (.text:xdc_runtime_System_abort__E)
                  0000529c    0000001a     empty_min_pem4f.oem4f (.text:xdc_runtime_System_aprintf__E)
                  000052b6    0000001a     empty_min_pem4f.oem4f (.text:xdc_runtime_System_printf__E)
                  000052d0    00000018     msp432p4xx_driverlib.lib : gpio.o (.text:GPIO_clearInterruptFlag)
                  000052e8    00000018                              : gpio.o (.text:GPIO_setDriveStrengthLow)
                  00005300    00000018                              : gpio.o (.text:GPIO_setOutputLowOnPin)
                  00005318    00000018                              : wdt_a.o (.text:WDT_A_holdTimer)
                  00005330    00000018     rtsv7M4_T_le_v4SPD16_eabi.lib : args_main.obj (.text)
                  00005348    00000018     empty_min_pem4f.oem4f (.text:ti_sysbios_BIOS_rtsUnlock__I)
                  00005360    00000018     empty_min_pem4f.oem4f (.text:ti_sysbios_family_arm_m3_Hwi_Handle__label__S)
                  00005378    00000018     empty_min_pem4f.oem4f (.text:ti_sysbios_family_arm_m3_Hwi_Module__startupDone__F)
                  00005390    00000018     sysbios.aem4f : m3_TaskSupport_asm.obj (.text:ti_sysbios_family_arm_m3_TaskSupport_swap__E)
                  000053a8    00000018     empty_min_pem4f.oem4f (.text:ti_sysbios_family_arm_msp432_Timer_Module__startupDone__F)
                  000053c0    00000018     empty_min_pem4f.oem4f (.text:ti_sysbios_gates_GateHwi_Handle__label__S)
                  000053d8    00000018     empty_min_pem4f.oem4f (.text:ti_sysbios_gates_GateMutex_Handle__label__S)
                  000053f0    00000018     sysbios.aem4f : BIOS.obj (.text:ti_sysbios_gates_GateMutex_leave__E)
                  00005408    00000018     empty_min_pem4f.oem4f (.text:ti_sysbios_heaps_HeapMem_Handle__label__S)
                  00005420    00000018     empty_min_pem4f.oem4f (.text:ti_sysbios_knl_Swi_Handle__label__S)
                  00005438    00000018     empty_min_pem4f.oem4f (.text:ti_sysbios_knl_Task_Handle__label__S)
                  00005450    00000018     sysbios.aem4f : BIOS.obj (.text:ti_sysbios_knl_Task_sleepTimeout__I)
                  00005468    00000018     ti.targets.arm.rtsarm.aem4f : Error.oem4f (.text:xdc_runtime_Error_check__E)
                  00005480    00000018                                 : System.oem4f (.text:xdc_runtime_System_exit__E)
                  00005498    00000018                                 : Text.oem4f (.text:xdc_runtime_Text_ropeText__E)
                  000054b0    00000016     empty_min.obj (.text:_Z31ti_sysbios_knl_Task_Params_initP26ti_sysbios_knl_Task_Params)
                  000054c6    00000016     empty_min.obj (.text:_Z34ti_sysbios_knl_Mailbox_Params_initP29ti_sysbios_knl_Mailbox_Params)
                  000054dc    00000016     empty_min_pem4f.oem4f (.text:ti_sysbios_BIOS_exitFunc__I)
                  000054f2    00000006     --HOLE-- [fill = 0]
                  000054f8    00000016     sysbios.aem4f : BIOS.obj (.text:ti_sysbios_knl_Task_unblock__E)
                  0000550e    00000002     --HOLE-- [fill = 0]
                  00005510    00000014     msp432p4xx_driverlib.lib : gpio.o (.text:GPIO_setDriveStrengthHigh)
                  00005524    00000014                              : gpio.o (.text:GPIO_setOutputHighOnPin)
                  00005538    00000014                              : gpio.o (.text:GPIO_toggleOutputOnPin)
                  0000554c    00000014     drivers_MSP432P401R.aem4f : PowerMSP432.oem4f (.text:Power_idleFunc)
                  00005560    00000014     msp432p4xx_driverlib.lib : wdt_a.o (.text:WDT_A_startTimer)
                  00005574    00000014     rtsv7M4_T_le_v4SPD16_eabi.lib : _lock.obj (.text)
                  00005588    00000014                                   : strcpy.obj (.text)
                  0000559c    00000014                                   : strlen.obj (.text)
                  000055b0    00000014     empty_min_pem4f.oem4f (.text:ti_sysbios_family_arm_m3_Hwi_Object__get__S)
                  000055c4    00000004     --HOLE-- [fill = 0]
                  000055c8    00000014     sysbios.aem4f : BIOS.obj (.text:ti_sysbios_family_arm_m3_Hwi_switchFromBootStack__E)
                  000055dc    00000014     empty_min_pem4f.oem4f (.text:ti_sysbios_heaps_HeapMem_Object__get__S)
                  000055f0    00000014     empty_min_pem4f.oem4f (.text:ti_sysbios_knl_Swi_Object__get__S)
                  00005604    00000004     --HOLE-- [fill = 0]
                  00005608    00000012     sysbios.aem4f : BIOS.obj (.text:ti_sysbios_hal_Hwi_Module_startup__E)
                  0000561a    00000012     empty_min_pem4f.oem4f (.text:xdc_runtime_Startup_exec__I)
                  0000562c    00000010     msp432p4xx_driverlib.lib : gpio.o (.text:GPIO_getInterruptStatus)
                  0000563c    00000010                              : pcm.o (.text:PCM_gotoLPM4)
                  0000564c    00000004     --HOLE-- [fill = 0]
                  00005650    00000010     sysbios.aem4f : BIOS.obj (.text:ti_sysbios_BIOS_exit__E)
                  00005660    00000010                   : BIOS.obj (.text:ti_sysbios_BIOS_setCpuFreq__E)
                  00005670    00000010                   : BIOS.obj (.text:ti_sysbios_BIOS_setThreadType__E)
                  00005680    00000010                   : BIOS.obj (.text:ti_sysbios_BIOS_start__E)
                  00005690    00000010                   : m3_TaskSupport_asm.obj (.text:ti_sysbios_family_arm_m3_TaskSupport_glue)
                  000056a0    00000010                   : BIOS.obj (.text:ti_sysbios_family_arm_msp432_init_Boot_disableWatchdog)
                  000056b0    00000010                   : BIOS.obj (.text:ti_sysbios_gates_GateMutex_Instance_finalize__E)
                  000056c0    00000010     empty_min_pem4f.oem4f (.text:ti_sysbios_knl_Mailbox_Object__get__S)
                  000056d0    00000010     sysbios.aem4f : BIOS.obj (.text:ti_sysbios_knl_Semaphore_Instance_finalize__E)
                  000056e0    00000010                   : BIOS.obj (.text:ti_sysbios_knl_Swi_disable__E)
                  000056f0    00000010     empty_min_pem4f.oem4f (.text:ti_sysbios_knl_Task_Object__get__S)
                  00005700    00000010     sysbios.aem4f : BIOS.obj (.text:ti_sysbios_knl_Task_disable__E)
                  00005710    00000010     ti.targets.arm.rtsarm.aem4f : Gate.oem4f (.text:xdc_runtime_Gate_leaveSystem__E)
                  00005720    00000010                                 : Memory.oem4f (.text:xdc_runtime_Memory_free__E)
                  00005730    00000010                                 : SysMin.oem4f (.text:xdc_runtime_SysMin_ready__E)
                  00005740    00000010                                 : System.oem4f (.text:xdc_runtime_System_vsnprintf__E)
                  00005750    0000000e     tirtosport.aem4f : HwiP_tirtos.oem4f (.text:HwiP_Params_init)
                  0000575e    0000000e     rtsv7M4_T_le_v4SPD16_eabi.lib : copy_decompress_none.obj (.text:decompress:none)
                  0000576c    00000004     --HOLE-- [fill = 0]
                  00005770    0000000e     sysbios.aem4f : BIOS.obj (.text:ti_sysbios_knl_Clock_removeI__E)
                  0000577e    00000002     --HOLE-- [fill = 0]
                  00005780    0000000e                   : BIOS.obj (.text:ti_sysbios_knl_Idle_loop__E)
                  0000578e    00000002     --HOLE-- [fill = 0]
                  00005790    0000000e                   : BIOS.obj (.text:ti_sysbios_knl_Queue_empty__E)
                  0000579e    0000000c     empty_min_pem4f.oem4f (.text:.bootCodeSection:ti_sysbios_family_arm_msp432_init_Boot_init__I)
                  000057aa    0000000c     msp432p4xx_driverlib.lib : cpu.o (.text:CPU_cpsid)
                  000057b6    0000000c                              : cpu.o (.text:CPU_cpsie)
                  000057c2    00000002     --HOLE-- [fill = 0]
                  000057c4    0000000c                              : pcm.o (.text:PCM_getPowerState)
                  000057d0    0000000c     drivers_MSP432P401R.aem4f : PowerMSP432.oem4f (.text:Power_getConstraintMask)
                  000057dc    0000000c     rtsv7M4_T_le_v4SPD16_eabi.lib : copy_zero_init.obj (.text:decompress:ZI)
                  000057e8    0000000c     empty_min_pem4f.oem4f (.text:ti_sysbios_family_arm_m3_Hwi_Params__init__S)
                  000057f4    00000004     --HOLE-- [fill = 0]
                  000057f8    0000000c     sysbios.aem4f : BIOS.obj (.text:ti_sysbios_family_arm_m3_Hwi_disableFxn__E)
                  00005804    00000004     --HOLE-- [fill = 0]
                  00005808    0000000c                   : BIOS.obj (.text:ti_sysbios_family_arm_m3_TaskSupport_getStackAlignment__E)
                  00005814    00000004     --HOLE-- [fill = 0]
                  00005818    0000000c                   : BIOS.obj (.text:ti_sysbios_family_arm_m3_TimestampProvider_startTimer__E)
                  00005824    00000004     --HOLE-- [fill = 0]
                  00005828    0000000c                   : BIOS.obj (.text:ti_sysbios_family_arm_msp432_Timer_getMaxTicks__E)
                  00005834    00000004     --HOLE-- [fill = 0]
                  00005838    0000000c                   : BIOS.obj (.text:ti_sysbios_gates_GateHwi_enter__E)
                  00005844    0000000c     empty_min_pem4f.oem4f (.text:ti_sysbios_knl_Mailbox_Params__init__S)
                  00005850    0000000c     empty_min_pem4f.oem4f (.text:ti_sysbios_knl_Queue_Object__get__S)
                  0000585c    00000004     --HOLE-- [fill = 0]
                  00005860    0000000c     sysbios.aem4f : BIOS.obj (.text:ti_sysbios_knl_Queue_insert__E)
                  0000586c    0000000c     empty_min_pem4f.oem4f (.text:ti_sysbios_knl_Semaphore_Params__init__S)
                  00005878    0000000c     empty_min_pem4f.oem4f (.text:ti_sysbios_knl_Task_Params__init__S)
                  00005884    0000000c     ti.targets.arm.rtsarm.aem4f : Error.oem4f (.text:xdc_runtime_Error_init__E)
                  00005890    0000000c                                 : Gate.oem4f (.text:xdc_runtime_Gate_enterSystem__E)
                  0000589c    0000000c                                 : Memory.oem4f (.text:xdc_runtime_Memory_calloc__E)
                  000058a8    0000000c                                 : Memory.oem4f (.text:xdc_runtime_Memory_getMaxDefaultTypeAlign__E)
                  000058b4    0000000c                                 : Startup.oem4f (.text:xdc_runtime_Startup_rtsDone__E)
                  000058c0    0000000a     empty_min_pem4f.oem4f (.text:xdc_runtime_IHeap_alloc)
                  000058ca    0000000a     empty_min_pem4f.oem4f (.text:xdc_runtime_IHeap_free)
                  000058d4    0000000a     empty_min_pem4f.oem4f (.text:xdc_runtime_Text_visitRope__I)
                  000058de    00000008     MSP_EXP432P401R.obj (.text:MSP_EXP432P401R_initGPIO)
                  000058e6    00000008     MSP_EXP432P401R.obj (.text:MSP_EXP432P401R_initGeneral)
                  000058ee    00000008     msp432p4xx_driverlib.lib : pcm.o (.text:PCM_setPowerMode)
                  000058f6    00000008                              : pcm.o (.text:PCM_setPowerState)
                  000058fe    00000002     --HOLE-- [fill = 0]
                  00005900    00000008     sysbios.aem4f : BIOS.obj (.text:ti_sysbios_family_arm_m3_Hwi_doSwiRestore__I)
                  00005908    00000008                   : BIOS.obj (.text:ti_sysbios_family_arm_m3_Hwi_startup__E)
                  00005910    00000006                   : BIOS.obj (.text:ti_sysbios_family_arm_m3_Hwi_doTaskRestore__I)
                  00005916    00000002     --HOLE-- [fill = 0]
                  00005918    00000006                   : BIOS.obj (.text:ti_sysbios_family_arm_m3_Hwi_restoreFxn__E)
                  0000591e    00000002     --HOLE-- [fill = 0]
                  00005920    00000006                   : BIOS.obj (.text:ti_sysbios_gates_GateHwi_leave__E)
                  00005926    00000002     --HOLE-- [fill = 0]
                  00005928    00000006                   : BIOS.obj (.text:ti_sysbios_heaps_HeapMem_isBlocking__E)
                  0000592e    00000002     --HOLE-- [fill = 0]
                  00005930    00000006                   : BIOS.obj (.text:ti_sysbios_knl_Queue_Instance_init__E)
                  00005936    00000002     --HOLE-- [fill = 0]
                  00005938    00000006                   : BIOS.obj (.text:ti_sysbios_knl_Swi_startup__E)
                  0000593e    00000002     --HOLE-- [fill = 0]
                  00005940    00000004                   : BIOS.obj (.text:ti_sysbios_gates_GateHwi_query__E)
                  00005944    00000004     --HOLE-- [fill = 0]
                  00005948    00000004                   : BIOS.obj (.text:ti_sysbios_gates_GateMutex_query__E)
                  0000594c    00000004     --HOLE-- [fill = 0]
                  00005950    00000004                   : BIOS.obj (.text:ti_sysbios_knl_Task_startup__E)
                  00005954    00000004     --HOLE-- [fill = 0]
                  00005958    00000002                   : BIOS.obj (.text:ti_sysbios_BIOS_linkedWithIncorrectBootLibrary__E)
                  0000595a    00000006     --HOLE-- [fill = 0]
                  00005960    00000002                   : BIOS.obj (.text:ti_sysbios_family_arm_m3_TimestampProvider_rolloverFunc__E)
                  00005962    00000006     --HOLE-- [fill = 0]
                  00005968    00000002                   : BIOS.obj (.text:ti_sysbios_gates_GateHwi_Instance_init__E)
                  0000596a    00000006     --HOLE-- [fill = 0]
                  00005970    00000002                   : BIOS.obj (.text:ti_sysbios_knl_Clock_logTick__E)

.const     0    00005974    00001c81     
                  00005974    0000178a     empty_min_pem4f.oem4f (.const:xdc_runtime_Text_charTab__A)
                  000070fe    00000002     empty_min_pem4f.oem4f (.const:ti_sysbios_family_arm_m3_Hwi_Module__id__C)
                  00007100    00000048     empty_min_pem4f.oem4f (.const:.string)
                  00007148    0000003c     empty_min_pem4f.oem4f (.const:ti_sysbios_knl_Task_Object__PARAMS__C)
                  00007184    00000034     empty_min_pem4f.oem4f (.const:ti_sysbios_knl_Mailbox_Object__PARAMS__C)
                  000071b8    00000030     empty_min_pem4f.oem4f (.const:ti_sysbios_family_arm_m3_Hwi_Object__PARAMS__C)
                  000071e8    0000002c     empty_min_pem4f.oem4f (.const:xdc_runtime_Startup_sfxnTab__A)
                  00007214    00000028     empty_min_pem4f.oem4f (.const:ti_sysbios_heaps_HeapMem_Module__FXNS__C)
                  0000723c    00000024     empty_min_pem4f.oem4f (.const:ti_sysbios_gates_GateHwi_Module__FXNS__C)
                  00007260    00000024     empty_min_pem4f.oem4f (.const:ti_sysbios_gates_GateMutex_Module__FXNS__C)
                  00007284    00000024     empty_min_pem4f.oem4f (.const:ti_sysbios_heaps_HeapMem_Object__PARAMS__C)
                  000072a8    00000024     empty_min_pem4f.oem4f (.const:ti_sysbios_knl_Semaphore_Object__PARAMS__C)
                  000072cc    00000020     empty_min_pem4f.oem4f (.const:ti_sysbios_family_arm_m3_Hwi_Object__DESC__C)
                  000072ec    00000020     empty_min_pem4f.oem4f (.const:ti_sysbios_gates_GateHwi_Object__DESC__C)
                  0000730c    00000020     empty_min_pem4f.oem4f (.const:ti_sysbios_gates_GateMutex_Object__DESC__C)
                  0000732c    00000020     empty_min_pem4f.oem4f (.const:ti_sysbios_heaps_HeapMem_Object__DESC__C)
                  0000734c    00000020     empty_min_pem4f.oem4f (.const:ti_sysbios_knl_Mailbox_Object__DESC__C)
                  0000736c    00000020     empty_min_pem4f.oem4f (.const:ti_sysbios_knl_Queue_Object__DESC__C)
                  0000738c    00000020     empty_min_pem4f.oem4f (.const:ti_sysbios_knl_Semaphore_Object__DESC__C)
                  000073ac    00000020     empty_min_pem4f.oem4f (.const:ti_sysbios_knl_Task_Object__DESC__C)
                  000073cc    00000018     empty_min_pem4f.oem4f (.const:ti_sysbios_gates_GateHwi_Object__PARAMS__C)
                  000073e4    00000018     empty_min_pem4f.oem4f (.const:ti_sysbios_gates_GateMutex_Object__PARAMS__C)
                  000073fc    00000018     empty_min_pem4f.oem4f (.const:ti_sysbios_knl_Queue_Object__PARAMS__C)
                  00007414    00000016     empty_min_pem4f.oem4f (.const:xdc_runtime_Startup_sfxnRts__A)
                  0000742a    00000002     empty_min_pem4f.oem4f (.const:ti_sysbios_family_arm_m3_Timer_Module__id__C)
                  0000742c    00000014     MSP_EXP432P401R.obj (.const:GPIOMSP432_config)
                  00007440    00000010     MSP_EXP432P401R.obj (.const:PowerMSP432_config)
                  00007450    00000010     empty_min_pem4f.oem4f (.const:xdc_runtime_Text_nodeTab__A)
                  00007460    0000000c     drivers_MSP432P401R.aem4f : GPIOMSP432.oem4f (.const:.string)
                  0000746c    0000000c     empty_min_pem4f.oem4f (.const:xdc_runtime_Startup_firstFxns__A)
                  00007478    00000008     empty_min_pem4f.oem4f (.const:ti_sysbios_family_arm_m3_Hwi_excHookFuncs__A)
                  00007480    00000008     empty_min_pem4f.oem4f (.const:ti_sysbios_knl_Idle_funcList__A)
                  00007488    00000008     empty_min_pem4f.oem4f (.const:ti_sysbios_knl_Idle_funcList__C)
                  00007490    00000008     empty_min_pem4f.oem4f (.const:xdc_runtime_Startup_firstFxns__C)
                  00007498    00000008     empty_min_pem4f.oem4f (.const:xdc_runtime_Startup_lastFxns__C)
                  000074a0    00000004     empty_min_pem4f.oem4f (.const:ti_sysbios_family_arm_m3_Hwi_E_NMI__C)
                  000074a4    00000004     empty_min_pem4f.oem4f (.const:ti_sysbios_family_arm_m3_Hwi_E_alreadyDefined__C)
                  000074a8    00000004     empty_min_pem4f.oem4f (.const:ti_sysbios_family_arm_m3_Hwi_E_busFault__C)
                  000074ac    00000004     empty_min_pem4f.oem4f (.const:ti_sysbios_family_arm_m3_Hwi_E_debugMon__C)
                  000074b0    00000004     empty_min_pem4f.oem4f (.const:ti_sysbios_family_arm_m3_Hwi_E_hardFault__C)
                  000074b4    00000004     empty_min_pem4f.oem4f (.const:ti_sysbios_family_arm_m3_Hwi_E_memFault__C)
                  000074b8    00000004     empty_min_pem4f.oem4f (.const:ti_sysbios_family_arm_m3_Hwi_E_noIsr__C)
                  000074bc    00000004     empty_min_pem4f.oem4f (.const:ti_sysbios_family_arm_m3_Hwi_E_reserved__C)
                  000074c0    00000004     empty_min_pem4f.oem4f (.const:ti_sysbios_family_arm_m3_Hwi_E_svCall__C)
                  000074c4    00000004     empty_min_pem4f.oem4f (.const:ti_sysbios_family_arm_m3_Hwi_E_usageFault__C)
                  000074c8    00000004     empty_min_pem4f.oem4f (.const:ti_sysbios_family_arm_m3_Hwi_NUM_INTERRUPTS__C)
                  000074cc    00000004     empty_min_pem4f.oem4f (.const:ti_sysbios_family_arm_m3_Hwi_Object__count__C)
                  000074d0    00000004     empty_min_pem4f.oem4f (.const:ti_sysbios_family_arm_m3_Hwi_ccr__C)
                  000074d4    00000004     empty_min_pem4f.oem4f (.const:ti_sysbios_family_arm_m3_Hwi_excHandlerFunc__C)
                  000074d8    00000004     empty_min_pem4f.oem4f (.const:ti_sysbios_family_arm_m3_Hwi_excHookFuncs__C)
                  000074dc    00000004     empty_min_pem4f.oem4f (.const:ti_sysbios_family_arm_m3_Hwi_nullIsrFunc__C)
                  000074e0    00000004     empty_min_pem4f.oem4f (.const:ti_sysbios_family_arm_m3_Hwi_priGroup__C)
                  000074e4    00000004     empty_min_pem4f.oem4f (.const:ti_sysbios_family_arm_m3_TaskSupport_stackAlignment__C)
                  000074e8    00000004     empty_min_pem4f.oem4f (.const:ti_sysbios_family_arm_m3_Timer_E_cannotSupport__C)
                  000074ec    00000004     empty_min_pem4f.oem4f (.const:ti_sysbios_family_arm_m3_Timer_startupNeeded__C)
                  000074f0    00000004     empty_min_pem4f.oem4f (.const:ti_sysbios_family_arm_msp432_Timer_numTimerDevices__C)
                  000074f4    00000004     empty_min_pem4f.oem4f (.const:ti_sysbios_family_arm_msp432_Timer_startupNeeded__C)
                  000074f8    00000004     empty_min_pem4f.oem4f (.const:ti_sysbios_gates_GateMutex_Instance_State_sem__O)
                  000074fc    00000004     empty_min_pem4f.oem4f (.const:ti_sysbios_hal_Hwi_E_stackOverflow__C)
                  00007500    00000004     empty_min_pem4f.oem4f (.const:ti_sysbios_heaps_HeapMem_E_memory__C)
                  00007504    00000004     empty_min_pem4f.oem4f (.const:ti_sysbios_heaps_HeapMem_Module__gateObj__C)
                  00007508    00000004     empty_min_pem4f.oem4f (.const:ti_sysbios_heaps_HeapMem_Object__count__C)
                  0000750c    00000004     empty_min_pem4f.oem4f (.const:ti_sysbios_heaps_HeapMem_reqAlign__C)
                  00007510    00000004     empty_min_pem4f.oem4f (.const:ti_sysbios_knl_Clock_Module_State_clockQ__O)
                  00007514    00000004     empty_min_pem4f.oem4f (.const:ti_sysbios_knl_Mailbox_Instance_State_dataQue__O)
                  00007518    00000004     empty_min_pem4f.oem4f (.const:ti_sysbios_knl_Mailbox_Instance_State_dataSem__O)
                  0000751c    00000004     empty_min_pem4f.oem4f (.const:ti_sysbios_knl_Mailbox_Instance_State_freeQue__O)
                  00007520    00000004     empty_min_pem4f.oem4f (.const:ti_sysbios_knl_Mailbox_Instance_State_freeSem__O)
                  00007524    00000004     empty_min_pem4f.oem4f (.const:ti_sysbios_knl_Mailbox_Object__count__C)
                  00007528    00000004     empty_min_pem4f.oem4f (.const:ti_sysbios_knl_Mailbox_maxTypeAlign__C)
                  0000752c    00000004     empty_min_pem4f.oem4f (.const:ti_sysbios_knl_Semaphore_Instance_State_pendQ__O)
                  00007530    00000004     empty_min_pem4f.oem4f (.const:ti_sysbios_knl_Swi_Object__count__C)
                  00007534    00000004     empty_min_pem4f.oem4f (.const:ti_sysbios_knl_Task_Module_State_inactiveQ__O)
                  00007538    00000004     empty_min_pem4f.oem4f (.const:ti_sysbios_knl_Task_Object__count__C)
                  0000753c    00000004     empty_min_pem4f.oem4f (.const:ti_sysbios_knl_Task_allBlockedFunc__C)
                  00007540    00000004     empty_min_pem4f.oem4f (.const:ti_sysbios_knl_Task_defaultStackHeap__C)
                  00007544    00000004     empty_min_pem4f.oem4f (.const:ti_sysbios_knl_Task_defaultStackSize__C)
                  00007548    00000004     empty_min_pem4f.oem4f (.const:ti_sysbios_knl_Task_numConstructedTasks__C)
                  0000754c    00000004     empty_min_pem4f.oem4f (.const:xdc_runtime_Assert_E_assertFailed__C)
                  00007550    00000004     empty_min_pem4f.oem4f (.const:xdc_runtime_Core_A_initializedParams__C)
                  00007554    00000004     empty_min_pem4f.oem4f (.const:xdc_runtime_Core_Module__diagsEnabled__C)
                  00007558    00000004     empty_min_pem4f.oem4f (.const:xdc_runtime_Core_Module__diagsIncluded__C)
                  0000755c    00000004     empty_min_pem4f.oem4f (.const:xdc_runtime_Core_Module__diagsMask__C)
                  00007560    00000004     empty_min_pem4f.oem4f (.const:xdc_runtime_Error_E_memory__C)
                  00007564    00000004     empty_min_pem4f.oem4f (.const:xdc_runtime_Error_Module__diagsEnabled__C)
                  00007568    00000004     empty_min_pem4f.oem4f (.const:xdc_runtime_Error_Module__diagsIncluded__C)
                  0000756c    00000004     empty_min_pem4f.oem4f (.const:xdc_runtime_Error_Module__diagsMask__C)
                  00007570    00000004     empty_min_pem4f.oem4f (.const:xdc_runtime_Error_Module__loggerFxn8__C)
                  00007574    00000004     empty_min_pem4f.oem4f (.const:xdc_runtime_Error_Module__loggerObj__C)
                  00007578    00000004     empty_min_pem4f.oem4f (.const:xdc_runtime_Error_policyFxn__C)
                  0000757c    00000004     empty_min_pem4f.oem4f (.const:xdc_runtime_Error_raiseHook__C)
                  00007580    00000004     empty_min_pem4f.oem4f (.const:xdc_runtime_IGateProvider_Interface__BASE__C)
                  00007584    00000004     empty_min_pem4f.oem4f (.const:xdc_runtime_IHeap_Interface__BASE__C)
                  00007588    00000004     empty_min_pem4f.oem4f (.const:xdc_runtime_IModule_Interface__BASE__C)
                  0000758c    00000004     empty_min_pem4f.oem4f (.const:xdc_runtime_Log_L_error__C)
                  00007590    00000004     empty_min_pem4f.oem4f (.const:xdc_runtime_Memory_defaultHeapInstance__C)
                  00007594    00000004     empty_min_pem4f.oem4f (.const:xdc_runtime_Startup_execImpl__C)
                  00007598    00000004     empty_min_pem4f.oem4f (.const:xdc_runtime_Startup_lastFxns__A)
                  0000759c    00000004     empty_min_pem4f.oem4f (.const:xdc_runtime_Startup_maxPasses__C)
                  000075a0    00000004     empty_min_pem4f.oem4f (.const:xdc_runtime_Startup_sfxnRts__C)
                  000075a4    00000004     empty_min_pem4f.oem4f (.const:xdc_runtime_Startup_sfxnTab__C)
                  000075a8    00000004     empty_min_pem4f.oem4f (.const:xdc_runtime_SysMin_bufSize__C)
                  000075ac    00000004     empty_min_pem4f.oem4f (.const:xdc_runtime_SysMin_outputFunc__C)
                  000075b0    00000004     empty_min_pem4f.oem4f (.const:xdc_runtime_System_Module__gateObj__C)
                  000075b4    00000004     empty_min_pem4f.oem4f (.const:xdc_runtime_System_abortFxn__C)
                  000075b8    00000004     empty_min_pem4f.oem4f (.const:xdc_runtime_System_exitFxn__C)
                  000075bc    00000004     empty_min_pem4f.oem4f (.const:xdc_runtime_System_extendFxn__C)
                  000075c0    00000004     empty_min_pem4f.oem4f (.const:xdc_runtime_System_maxAtexitHandlers__C)
                  000075c4    00000004     empty_min_pem4f.oem4f (.const:xdc_runtime_Text_charTab__C)
                  000075c8    00000004     empty_min_pem4f.oem4f (.const:xdc_runtime_Text_nameEmpty__C)
                  000075cc    00000004     empty_min_pem4f.oem4f (.const:xdc_runtime_Text_nameStatic__C)
                  000075d0    00000004     empty_min_pem4f.oem4f (.const:xdc_runtime_Text_nameUnknown__C)
                  000075d4    00000004     empty_min_pem4f.oem4f (.const:xdc_runtime_Text_nodeTab__C)
                  000075d8    00000004     empty_min_pem4f.oem4f (.const:xdc_runtime_Text_visitRopeFxn__C)
                  000075dc    00000002     empty_min_pem4f.oem4f (.const:ti_sysbios_family_arm_m3_TimestampProvider_configTimer__C)
                  000075de    00000002     empty_min_pem4f.oem4f (.const:ti_sysbios_hal_Hwi_Module__id__C)
                  000075e0    00000002     empty_min_pem4f.oem4f (.const:ti_sysbios_heaps_HeapMem_Module__id__C)
                  000075e2    00000002     empty_min_pem4f.oem4f (.const:xdc_runtime_Core_Module__id__C)
                  000075e4    00000002     empty_min_pem4f.oem4f (.const:xdc_runtime_Error_Module__loggerDefined__C)
                  000075e6    00000002     empty_min_pem4f.oem4f (.const:xdc_runtime_Error_maxDepth__C)
                  000075e8    00000002     empty_min_pem4f.oem4f (.const:xdc_runtime_Memory_Module__id__C)
                  000075ea    00000002     empty_min_pem4f.oem4f (.const:xdc_runtime_SysMin_flushAtExit__C)
                  000075ec    00000002     empty_min_pem4f.oem4f (.const:xdc_runtime_Text_charCnt__C)
                  000075ee    00000002     empty_min_pem4f.oem4f (.const:xdc_runtime_Text_isLoaded__C)
                  000075f0    00000002     empty_min_pem4f.oem4f (.const:xdc_runtime_Text_registryModsLastId__C)
                  000075f2    00000002     empty_min_pem4f.oem4f (.const:xdc_runtime_Text_unnamedModsLastId__C)
                  000075f4    00000001     empty_min_pem4f.oem4f (.const:xdc_runtime_Error_policy__C)

.cinit     0    000075f8    00000280     
                  000075f8    00000249     (.cinit..data.load) [load image, compression = lzss]
                  00007841    00000003     --HOLE-- [fill = 0]
                  00007844    0000000c     (__TI_handler_table)
                  00007850    00000008     (.cinit..bss.load) [load image, compression = zero_init]
                  00007858    00000008     (.cinit..vecs.load) [load image, compression = zero_init]
                  00007860    00000018     (__TI_cinit_table)

.init_array 
*          0    00000000    00000000     UNINITIALIZED

.resetVecs 
*          0    00000000    0000003c     
                  00000000    0000003c     empty_min_pem4f.oem4f (.resetVecs)

.binit     0    00000000    00000000     

.vecs      0    20000000    00000140     UNINITIALIZED
                  20000000    00000140     empty_min_pem4f.oem4f (.vecs)

.bss       0    20000140    00001530     UNINITIALIZED
                  20000140    00000800     (.common:ti_sysbios_heaps_HeapMem_Instance_State_0_buf__A)
                  20000940    00000400     (.common:reading_stack)
                  20000d40    00000400     (.common:writing_stack)
                  20001140    00000200     empty_min_pem4f.oem4f (.bss:taskStackSection)
                  20001340    00000140     (.common:ti_sysbios_family_arm_m3_Hwi_dispatchTable)
                  20001480    00000120     rtsv7M4_T_le_v4SPD16_eabi.lib : trgmsg.obj (.bss:_CIOBUF_)
                  200015a0    00000080     (.common:xdc_runtime_SysMin_Module_State_0_outbuf__A)
                  20001620    00000030     drivers_MSP432P401R.aem4f : GPIOMSP432.oem4f (.bss:gpioCallbackInfo)
                  20001650    00000008     rtsv7M4_T_le_v4SPD16_eabi.lib : trgdrv.obj (.bss:parmbuf)
                  20001658    00000004     (.common:S1)
                  2000165c    00000004     (.common:init)
                  20001660    00000004     (.common:m1)
                  20001664    00000004     (.common:r1)
                  20001668    00000004     (.common:stop)
                  2000166c    00000004     (.common:w1)

.data      0    20001670    0000055d     UNINITIALIZED
                  20001670    0000009c     drivers_MSP432P401R.aem4f : PowerMSP432.oem4f (.data:PowerMSP432_perfLevels)
                  2000170c    00000080     empty_min_pem4f.oem4f (.data:ti_sysbios_knl_Swi_Module_State_0_readyQ__A)
                  2000178c    00000080     empty_min_pem4f.oem4f (.data:ti_sysbios_knl_Task_Module_State_0_readyQ__A)
                  2000180c    0000004c     empty_min_pem4f.oem4f (.data:ti_sysbios_family_arm_msp432_Timer_Object__table__V)
                  20001858    0000004c     empty_min_pem4f.oem4f (.data:ti_sysbios_knl_Task_Object__table__V)
                  200018a4    00000044     empty_min_pem4f.oem4f (.data:ti_sysbios_knl_Task_Module__state__V)
                  200018e8    00000038     empty_min_pem4f.oem4f (.data:ti_sysbios_gates_GateMutex_Object__table__V)
                  20001920    00000034     empty_min_pem4f.oem4f (.data:ti_sysbios_family_arm_m3_Hwi_Module__state__V)
                  20001954    00000030     msp432p4xx_driverlib.lib : gpio.o (.data:GPIO_PORT_TO_BASE)
                  20001984    00000030     empty_min_pem4f.oem4f (.data:ti_sysbios_family_arm_m3_Hwi_Object__table__V)
                  200019b4    00000030     empty_min_pem4f.oem4f (.data:ti_sysbios_family_arm_m3_Timer_Object__table__V)
                  200019e4    00000030     empty_min_pem4f.oem4f (.data:ti_sysbios_knl_Swi_Object__table__V)
                  20001a14    0000002c     empty_min_pem4f.oem4f (.data:ti_sysbios_knl_Clock_Module__state__V)
                  20001a40    00000028     drivers_MSP432P401R.aem4f : PowerMSP432.oem4f (.data:PowerMSP432_module)
                  20001a68    00000024     empty_min_pem4f.oem4f (.data:ti_sysbios_BIOS_Module__state__V)
                  20001a8c    00000020     empty_min_pem4f.oem4f (.data:ti_sysbios_family_arm_msp432_Timer_Module_State_0_device__A)
                  20001aac    0000001c     empty_min_pem4f.oem4f (.data:ti_sysbios_knl_Swi_Module__state__V)
                  20001ac8    00000018     empty_min_pem4f.oem4f (.data:ti_sysbios_heaps_HeapMem_Object__table__V)
                  20001ae0    00000010     MSP_EXP432P401R.obj (.data:gpioPinConfigs)
                  20001af0    00000010     empty_min_pem4f.oem4f (.data:ti_sysbios_family_arm_msp432_Timer_Module_State_0_handles__A)
                  20001b00    0000000c     rtsv7M4_T_le_v4SPD16_eabi.lib : exit.obj (.data:$O1$$)
                  20001b0c    0000000c     empty_min_pem4f.oem4f (.data:ti_sysbios_family_arm_m3_Timer_Module__state__V)
                  20001b18    0000000c     empty_min_pem4f.oem4f (.data:ti_sysbios_family_arm_msp432_ClockFreqs_Module__state__V)
                  20001b24    0000000c     empty_min_pem4f.oem4f (.data:ti_sysbios_family_arm_msp432_Timer_Module__state__V)
                  20001b30    0000000c     empty_min_pem4f.oem4f (.data:xdc_runtime_SysMin_Module__state__V)
                  20001b3c    00000008     rtsv7M4_T_le_v4SPD16_eabi.lib : _lock.obj (.data:$O1$$)
                  20001b44    00000008     MSP_EXP432P401R.obj (.data:gpioCallbackFunctions)
                  20001b4c    00000008     empty_min_pem4f.oem4f (.data:ti_sysbios_family_arm_m3_Hwi_Module__root__V)
                  20001b54    00000008     empty_min_pem4f.oem4f (.data:ti_sysbios_gates_GateHwi_Module__root__V)
                  20001b5c    00000008     empty_min_pem4f.oem4f (.data:ti_sysbios_gates_GateMutex_Module__root__V)
                  20001b64    00000008     empty_min_pem4f.oem4f (.data:ti_sysbios_heaps_HeapMem_Module__root__V)
                  20001b6c    00000008     empty_min_pem4f.oem4f (.data:ti_sysbios_knl_Mailbox_Module__root__V)
                  20001b74    00000008     empty_min_pem4f.oem4f (.data:ti_sysbios_knl_Queue_Module__root__V)
                  20001b7c    00000008     empty_min_pem4f.oem4f (.data:ti_sysbios_knl_Semaphore_Module__root__V)
                  20001b84    00000008     empty_min_pem4f.oem4f (.data:ti_sysbios_knl_Task_Module__root__V)
                  20001b8c    00000008     empty_min_pem4f.oem4f (.data:xdc_runtime_Registry_Module__state__V)
                  20001b94    00000008     empty_min_pem4f.oem4f (.data:xdc_runtime_Startup_Module__state__V)
                  20001b9c    00000008     empty_min_pem4f.oem4f (.data:xdc_runtime_System_Module_State_0_atexitHandlers__A)
                  20001ba4    00000008     empty_min_pem4f.oem4f (.data:xdc_runtime_System_Module__state__V)
                  20001bac    00000004     rtsv7M4_T_le_v4SPD16_eabi.lib : stkdepth_vars.obj (.data)
                  20001bb0    00000004     empty_min_pem4f.oem4f (.data:ti_sysbios_family_arm_m3_Hwi_Module_State_0_excContext__A)
                  20001bb4    00000004     empty_min_pem4f.oem4f (.data:ti_sysbios_family_arm_m3_Hwi_Module_State_0_excStack__A)
                  20001bb8    00000004     empty_min_pem4f.oem4f (.data:ti_sysbios_family_arm_m3_TimestampProvider_Module__state__V)
                  20001bbc    00000004     empty_min_pem4f.oem4f (.data:ti_sysbios_gates_GateHwi_Object__table__V)
                  20001bc0    00000004     empty_min_pem4f.oem4f (.data:ti_sysbios_knl_Task_Module_State_0_idleTask__A)
                  20001bc4    00000004     empty_min_pem4f.oem4f (.data:xdc_runtime_Memory_Module__state__V)
                  20001bc8    00000002     empty_min_pem4f.oem4f (.data:ti_sysbios_family_arm_m3_Hwi_Module_State_0_excActive__A)
                  20001bca    00000002     empty_min_pem4f.oem4f (.data:xdc_runtime_Error_Module__state__V)
                  20001bcc    00000001     drivers_MSP432P401R.aem4f : GPIOMSP432.oem4f (.data)

.stack     0    2000fd00    00000300     UNINITIALIZED
                  2000fd00    00000300     --HOLE--

.bootVecs 
*          0    00000000    00000008     DSECT
                  00000000    00000008     boot.aem4f : boot.oem4f (.bootVecs)

xdc.meta   0    00000000    000000f4     COPY SECTION
                  00000000    000000f4     empty_min_pem4f.oem4f (xdc.meta)

MODULE SUMMARY

       Module                     code    ro data   rw data
       ------                     ----    -------   -------
    .\
       empty_min.obj              384     0         2072   
       MSP_EXP432P401R.obj        16      36        24     
    +--+--------------------------+-------+---------+---------+
       Total:                     400     36        2096   
                                                           
    C:\Users\Carmen\workspace_v7\Blinking Led - Benchmark\Debug\configPkg\package\cfg\
       empty_min_pem4f.oem4f      1838    7309      4408   
    +--+--------------------------+-------+---------+---------+
       Total:                     1838    7309      4408   
                                                           
    C:/ti/tirtos_msp43x_2_20_00_06/products/msp432_driverlib_3_21_00_05/driverlib/MSP432P4xx/ccs/msp432p4xx_driverlib.lib
       pcm.o                      1214    0         0      
       gpio.o                     404     0         48     
       cs.o                       260     0         0      
       flash.o                    156     0         0      
       rtc_c.o                    72      0         0      
       wdt_a.o                    44      0         0      
       cpu.o                      28      0         0      
    +--+--------------------------+-------+---------+---------+
       Total:                     2178    0         48     
                                                           
    C:/ti/tirtos_msp43x_2_20_00_06/products/tidrivers_msp43x_2_20_00_08/packages/ti/drivers/lib/drivers_MSP432P401R.aem4f
       PowerMSP432.oem4f          1016    0         196    
       GPIOMSP432.oem4f           708     12        49     
       List.oem4f                 8       0         0      
    +--+--------------------------+-------+---------+---------+
       Total:                     1732    12        245    
                                                           
    C:/ti/tirtos_msp43x_2_20_00_06/products/tidrivers_msp43x_2_20_00_08/packages/ti/drivers/lib/power_tirtos_MSP432P401R.aem4f
       PowerMSP432_tirtos.oem4f   106     0         0      
    +--+--------------------------+-------+---------+---------+
       Total:                     106     0         0      
                                                           
    C:/ti/tirtos_msp43x_2_20_00_06/products/tidrivers_msp43x_2_20_00_08/packages/ti/drivers/ports/lib/tirtosport.aem4f
       HwiP_tirtos.oem4f          116     0         0      
    +--+--------------------------+-------+---------+---------+
       Total:                     116     0         0      
                                                           
    C:\Users\Carmen\workspace_v7\Blinking Led - Benchmark\src\sysbios\sysbios.aem4f
       BIOS.obj                   9712    0         0      
       m3_Hwi_asm.obj             306     0         0      
       m3_TaskSupport_asm.obj     180     0         0      
       m3_Hwi_asm_switch.obj      118     0         0      
    +--+--------------------------+-------+---------+---------+
       Total:                     10316   0         0      
                                                           
    C:\ti\ccsv7\tools\compiler\ti-cgt-arm_16.9.1.LTS\lib\rtsv7M4_T_le_v4SPD16_eabi.lib
       trgdrv.obj                 804     0         8      
       trgmsg.obj                 104     0         288    
       memcpy_t2.obj              156     0         0      
       memset_t2.obj              122     0         0      
       copy_decompress_lzss.obj   104     0         0      
       exit.obj                   84      0         12     
       cpy_tbl.obj                76      0         0      
       u_divt2.obj                64      0         0      
       _lock.obj                  20      0         8      
       args_main.obj              24      0         0      
       strcpy.obj                 20      0         0      
       strlen.obj                 20      0         0      
       copy_decompress_none.obj   14      0         0      
       copy_zero_init.obj         12      0         0      
       stkdepth_vars.obj          0       0         4      
       i_div0.obj                 2       0         0      
    +--+--------------------------+-------+---------+---------+
       Total:                     1626    0         320    
                                                           
    C:\ti\tirtos_msp43x_2_20_00_06\products\bios_6_46_00_23\packages\ti\targets\arm\rtsarm\lib\auto_init.aem4f
       auto_init.oem4f            160     0         0      
    +--+--------------------------+-------+---------+---------+
       Total:                     160     0         0      
                                                           
    C:\ti\tirtos_msp43x_2_20_00_06\products\bios_6_46_00_23\packages\ti\targets\arm\rtsarm\lib\boot.aem4f
       boot.oem4f                 88      0         0      
    +--+--------------------------+-------+---------+---------+
       Total:                     88      0         0      
                                                           
    C:\ti\tirtos_msp43x_2_20_00_06\products\bios_6_46_00_23\packages\ti\targets\arm\rtsarm\lib\ti.targets.arm.rtsarm.aem4f
       System.oem4f               1255    0         0      
       Text.oem4f                 672     0         0      
       Error.oem4f                524     0         0      
       Core-mem.oem4f             358     0         0      
       Startup.oem4f              340     0         0      
       SysMin.oem4f               248     0         0      
       Core-smem.oem4f            204     0         0      
       Memory.oem4f               176     0         0      
       Assert.oem4f               84      0         0      
       Core-params.oem4f          70      0         0      
       Core-label.oem4f           52      0         0      
       Registry.oem4f             32      0         0      
       Gate.oem4f                 28      0         0      
    +--+--------------------------+-------+---------+---------+
       Total:                     4043    0         0      
                                                           
       Stack:                     0       0         768    
       Linker Generated:          0       637       0      
    +--+--------------------------+-------+---------+---------+
       Grand Total:               22603   7994      7885   


LINKER GENERATED COPY TABLES

__TI_cinit_table @ 00007860 records: 3, size/record: 8, table size: 24
	.data: load addr=000075f8, load size=00000249 bytes, run addr=20001670, run size=0000055d bytes, compression=lzss
	.bss: load addr=00007850, load size=00000008 bytes, run addr=20000140, run size=00001530 bytes, compression=zero_init
	.vecs: load addr=00007858, load size=00000008 bytes, run addr=20000000, run size=00000140 bytes, compression=zero_init


LINKER GENERATED HANDLER TABLE

__TI_handler_table @ 00007844 records: 3, size/record: 4, table size: 12
	index: 0, handler: __TI_decompress_lzss
	index: 1, handler: __TI_decompress_none
	index: 2, handler: __TI_zero_init


GLOBAL SYMBOLS: SORTED ALPHABETICALLY BY Name 

address   name                                                        
-------   ----                                                        
0000395d  C$$EXIT                                                     
00003293  C$$IO$$                                                     
000057ab  CPU_cpsid                                                   
000057b7  CPU_cpsie                                                   
00000ee5  CPU_wfi                                                     
00001da9  CS_initClockSignal                                          
00004d55  CS_setDCOCenteredFrequency                                  
00004211  FlashCtl_disableReadBuffering                               
00004539  FlashCtl_enableReadBuffering                                
00004c3d  FlashCtl_setWaitState                                       
0000742c  GPIOMSP432_config                                           
000052d1  GPIO_clearInterruptFlag                                     
0000474d  GPIO_getEnabledInterruptStatus                              
0000562d  GPIO_getInterruptStatus                                     
00003861  GPIO_hwiIntFxn                                              
000034c9  GPIO_init                                                   
00004ff5  GPIO_interruptEdgeSelect                                    
00004ab1  GPIO_setAsInputPin                                          
0000477d  GPIO_setAsInputPinWithPullDownResistor                      
000047ad  GPIO_setAsInputPinWithPullUpResistor                        
00004d79  GPIO_setAsOutputPin                                         
000038b5  GPIO_setCallback                                            
00001469  GPIO_setConfig                                              
00005511  GPIO_setDriveStrengthHigh                                   
000052e9  GPIO_setDriveStrengthLow                                    
00005525  GPIO_setOutputHighOnPin                                     
00005301  GPIO_setOutputLowOnPin                                      
000047dd  GPIO_toggle                                                 
00005539  GPIO_toggleOutputOnPin                                      
00003b09  GPIO_write                                                  
00000a97  HOSTclock                                                   
00000a5f  HOSTclose                                                   
00000a21  HOSTgetenv                                                  
000009c5  HOSTlseek                                                   
00000973  HOSTopen                                                    
00000927  HOSTread                                                    
000008c9  HOSTrename                                                  
0000088f  HOSTtime                                                    
00000841  HOSTtime64                                                  
00000809  HOSTunlink                                                  
000007bd  HOSTwrite                                                   
00005751  HwiP_Params_init                                            
00003401  HwiP_create                                                 
0000105d  HwiP_disable                                                
00005919  HwiP_restore                                                
000011c5  List_head                                                   
000017cd  List_next                                                   
000058df  MSP_EXP432P401R_initGPIO                                    
000058e7  MSP_EXP432P401R_initGeneral                                 
00005179  PCM_enableRudeMode                                          
00004add  PCM_getCoreVoltageLevel                                     
00004be9  PCM_getPowerMode                                            
000057c5  PCM_getPowerState                                           
00004c65  PCM_gotoLPM0                                                
00002d15  PCM_gotoLPM3                                                
0000563d  PCM_gotoLPM4                                                
000058ef  PCM_setPowerMode                                            
000058f7  PCM_setPowerState                                           
00003b59  PCM_shutdownDevice                                          
00007440  PowerMSP432_config                                          
00002a47  PowerMSP432_initPolicy                                      
20001a40  PowerMSP432_module                                          
20001670  PowerMSP432_perfLevels                                      
00004391  PowerMSP432_sleepPolicy                                     
00004b09  PowerMSP432_updateFreqs                                     
000057d1  Power_getConstraintMask                                     
0000554d  Power_idleFunc                                              
00004071  Power_init                                                  
00000ae1  Power_sleep                                                 
00004d9d  RTC_C_holdClock                                             
00004dc1  RTC_C_startClock                                            
20001658  S1                                                          
UNDEFED   SHT$$INIT_ARRAY$$Base                                       
UNDEFED   SHT$$INIT_ARRAY$$Limit                                      
4000480c  WDTCTL_SYM                                                  
00005319  WDT_A_holdTimer                                             
00005561  WDT_A_startTimer                                            
00003909  _Z7readingjj                                                
00004c8d  _Z7writingjj                                                
00000000  __ASM__                                                     
20001480  __CIOBUF_                                                   
00000070  __ISA__                                                     
00000083  __PLAT__                                                    
20010000  __STACK_END                                                 
00000300  __STACK_SIZE                                                
000000a6  __TARG__                                                    
00007860  __TI_CINIT_Base                                             
00007878  __TI_CINIT_Limit                                            
00007844  __TI_Handler_Table_Base                                     
00007850  __TI_Handler_Table_Limit                                    
000027d1  __TI_auto_init                                              
20001b00  __TI_cleanup_ptr                                            
000031fd  __TI_decompress_lzss                                        
0000575f  __TI_decompress_none                                        
20001b04  __TI_dtors_ptr                                              
20001b08  __TI_enable_exit_profile_output                             
ffffffff  __TI_pprof_out_hndl                                         
ffffffff  __TI_prof_data_size                                         
ffffffff  __TI_prof_data_start                                        
00003297  __TI_readmsg                                                
[...]
00005681  ti_sysbios_BIOS_start__E                                    
00005691  ti_sysbios_family_arm_m3_TaskSupport_glue                   
000056a1  ti_sysbios_family_arm_msp432_init_Boot_disableWatchdog      
000056b1  ti_sysbios_gates_GateMutex_Instance_finalize__E             
000056c1  ti_sysbios_knl_Mailbox_Object__get__S                       
000056d1  ti_sysbios_knl_Semaphore_Instance_finalize__E               
000056e1  ti_sysbios_knl_Swi_disable__E                               
000056f1  ti_sysbios_knl_Task_Object__get__S                          
00005701  osi_TaskDisable                                             
00005701  ti_sysbios_knl_Task_disable__E                              
00005711  xdc_runtime_Gate_leaveSystem__E                             
00005721  xdc_runtime_Memory_free__E                                  
00005731  xdc_runtime_SysMin_ready__E                                 
00005731  xdc_runtime_System_SupportProxy_ready__E                    
00005741  xdc_runtime_System_vsnprintf__E                             
00005751  HwiP_Params_init                                            
0000575f  __TI_decompress_none                                        
00005771  ti_sysbios_knl_Clock_removeI__E                             
00005781  ti_sysbios_knl_Idle_loop__E                                 
00005791  ti_sysbios_knl_Queue_empty__E                               
0000579f  ti_sysbios_family_arm_msp432_init_Boot_init__I              
0000579f  xdc_runtime_Startup_reset__I                                
000057ab  CPU_cpsid                                                   
000057b7  CPU_cpsie                                                   
000057c5  PCM_getPowerState                                           
000057d1  Power_getConstraintMask                                     
000057dd  __TI_zero_init                                              
000057e9  ti_sysbios_family_arm_m3_Hwi_Params__init__S                
000057e9  ti_sysbios_hal_Hwi_HwiProxy_Params__init__S                 
000057f9  ti_sysbios_family_arm_m3_Hwi_disableFxn__E                  
000057f9  ti_sysbios_hal_Hwi_HwiProxy_disable__E                      
00005809  ti_sysbios_family_arm_m3_TaskSupport_getStackAlignment__E   
00005809  ti_sysbios_knl_Task_SupportProxy_getStackAlignment__E       
00005819  ti_sysbios_family_arm_m3_TimestampProvider_startTimer__E    
00005829  ti_sysbios_family_arm_msp432_Timer_getMaxTicks__E           
00005839  ti_sysbios_gates_GateHwi_enter__E                           
00005845  ti_sysbios_knl_Mailbox_Params__init__S                      
00005851  ti_sysbios_knl_Queue_Object__get__S                         
00005861  ti_sysbios_knl_Queue_insert__E                              
0000586d  ti_sysbios_knl_Semaphore_Params__init__S                    
00005879  ti_sysbios_knl_Task_Params__init__S                         
00005885  xdc_runtime_Error_init__E                                   
00005891  xdc_runtime_Gate_enterSystem__E                             
0000589d  xdc_runtime_Memory_calloc__E                                
000058a9  xdc_runtime_Memory_getMaxDefaultTypeAlign__E                
000058b5  xdc_runtime_Startup_rtsDone__E                              
000058c1  xdc_runtime_Memory_HeapProxy_alloc__E                       
000058cb  xdc_runtime_Memory_HeapProxy_free__E                        
000058d5  xdc_runtime_Text_visitRope__I                               
000058df  MSP_EXP432P401R_initGPIO                                    
000058e7  MSP_EXP432P401R_initGeneral                                 
000058ef  PCM_setPowerMode                                            
000058f7  PCM_setPowerState                                           
00005901  ti_sysbios_family_arm_m3_Hwi_doSwiRestore__I                
00005909  ti_sysbios_family_arm_m3_Hwi_startup__E                     
00005909  ti_sysbios_hal_Hwi_HwiProxy_startup__E                      
00005911  ti_sysbios_family_arm_m3_Hwi_doTaskRestore__I               
00005919  HwiP_restore                                                
00005919  ti_sysbios_family_arm_m3_Hwi_restoreFxn__E                  
00005919  ti_sysbios_hal_Hwi_HwiProxy_restore__E                      
00005921  ti_sysbios_gates_GateHwi_leave__E                           
00005929  ti_sysbios_heaps_HeapMem_isBlocking__E                      
00005931  ti_sysbios_knl_Queue_Instance_init__E                       
00005939  ti_sysbios_knl_Swi_startup__E                               
00005941  ti_sysbios_gates_GateHwi_query__E                           
00005941  xdc_runtime_Main_Module_GateProxy_query__E                  
00005941  xdc_runtime_System_Module_GateProxy_query__E                
00005949  ti_sysbios_BIOS_RtsGateProxy_query__E                       
00005949  ti_sysbios_gates_GateMutex_query__E                         
00005949  ti_sysbios_heaps_HeapMem_Module_GateProxy_query__E          
00005951  ti_sysbios_knl_Task_startup__E                              
00005959  ti_sysbios_BIOS_linkedWithIncorrectBootLibrary__E           
00005961  ti_sysbios_family_arm_m3_TimestampProvider_rolloverFunc__E  
00005969  ti_sysbios_gates_GateHwi_Instance_init__E                   
00005971  ti_sysbios_knl_Clock_logTick__E                             
00005974  xdc_runtime_Text_charTab__A                                 
000070fe  ti_sysbios_family_arm_m3_Hwi_Module__id__C                  
00007148  ti_sysbios_knl_Task_Object__PARAMS__C                       
00007184  ti_sysbios_knl_Mailbox_Object__PARAMS__C                    
000071b8  ti_sysbios_family_arm_m3_Hwi_Object__PARAMS__C              
000071e8  xdc_runtime_Startup_sfxnTab__A                              
00007214  ti_sysbios_heaps_HeapMem_Module__FXNS__C                    
0000723c  ti_sysbios_gates_GateHwi_Module__FXNS__C                    
00007260  ti_sysbios_gates_GateMutex_Module__FXNS__C                  
00007284  ti_sysbios_heaps_HeapMem_Object__PARAMS__C                  
000072a8  ti_sysbios_knl_Semaphore_Object__PARAMS__C                  
000072cc  ti_sysbios_family_arm_m3_Hwi_Object__DESC__C                
000072ec  ti_sysbios_gates_GateHwi_Object__DESC__C                    
0000730c  ti_sysbios_gates_GateMutex_Object__DESC__C                  
0000732c  ti_sysbios_heaps_HeapMem_Object__DESC__C                    
0000734c  ti_sysbios_knl_Mailbox_Object__DESC__C                      
0000736c  ti_sysbios_knl_Queue_Object__DESC__C                        
0000738c  ti_sysbios_knl_Semaphore_Object__DESC__C                    
000073ac  ti_sysbios_knl_Task_Object__DESC__C                         
000073cc  ti_sysbios_gates_GateHwi_Object__PARAMS__C                  
000073e4  ti_sysbios_gates_GateMutex_Object__PARAMS__C                
000073fc  ti_sysbios_knl_Queue_Object__PARAMS__C                      
00007414  xdc_runtime_Startup_sfxnRts__A                              
0000742a  ti_sysbios_family_arm_m3_Timer_Module__id__C                
0000742c  GPIOMSP432_config                                           
00007440  PowerMSP432_config                                          
00007450  xdc_runtime_Text_nodeTab__A                                 
0000746c  xdc_runtime_Startup_firstFxns__A                            
00007478  ti_sysbios_family_arm_m3_Hwi_excHookFuncs__A                
00007480  ti_sysbios_knl_Idle_funcList__A                             
00007488  ti_sysbios_knl_Idle_funcList__C                             
00007490  xdc_runtime_Startup_firstFxns__C                            
00007498  xdc_runtime_Startup_lastFxns__C                             
000074a0  ti_sysbios_family_arm_m3_Hwi_E_NMI__C                       
000074a4  ti_sysbios_family_arm_m3_Hwi_E_alreadyDefined__C            
000074a8  ti_sysbios_family_arm_m3_Hwi_E_busFault__C                  
000074ac  ti_sysbios_family_arm_m3_Hwi_E_debugMon__C                  
000074b0  ti_sysbios_family_arm_m3_Hwi_E_hardFault__C                 
000074b4  ti_sysbios_family_arm_m3_Hwi_E_memFault__C                  
000074b8  ti_sysbios_family_arm_m3_Hwi_E_noIsr__C                     
000074bc  ti_sysbios_family_arm_m3_Hwi_E_reserved__C                  
000074c0  ti_sysbios_family_arm_m3_Hwi_E_svCall__C                    
000074c4  ti_sysbios_family_arm_m3_Hwi_E_usageFault__C                
000074c8  ti_sysbios_family_arm_m3_Hwi_NUM_INTERRUPTS__C              
000074cc  ti_sysbios_family_arm_m3_Hwi_Object__count__C               
000074d0  ti_sysbios_family_arm_m3_Hwi_ccr__C                         
000074d4  ti_sysbios_family_arm_m3_Hwi_excHandlerFunc__C              
000074d8  ti_sysbios_family_arm_m3_Hwi_excHookFuncs__C                
000074dc  ti_sysbios_family_arm_m3_Hwi_nullIsrFunc__C                 
000074e0  ti_sysbios_family_arm_m3_Hwi_priGroup__C                    
000074e4  ti_sysbios_family_arm_m3_TaskSupport_stackAlignment__C      
000074e8  ti_sysbios_family_arm_m3_Timer_E_cannotSupport__C           
000074ec  ti_sysbios_family_arm_m3_Timer_startupNeeded__C             
000074f0  ti_sysbios_family_arm_msp432_Timer_numTimerDevices__C       
000074f4  ti_sysbios_family_arm_msp432_Timer_startupNeeded__C         
000074f8  ti_sysbios_gates_GateMutex_Instance_State_sem__O            
000074fc  ti_sysbios_hal_Hwi_E_stackOverflow__C                       
00007500  ti_sysbios_heaps_HeapMem_E_memory__C                        
00007504  ti_sysbios_heaps_HeapMem_Module__gateObj__C                 
00007508  ti_sysbios_heaps_HeapMem_Object__count__C                   
0000750c  ti_sysbios_heaps_HeapMem_reqAlign__C                        
00007510  ti_sysbios_knl_Clock_Module_State_clockQ__O                 
00007514  ti_sysbios_knl_Mailbox_Instance_State_dataQue__O            
00007518  ti_sysbios_knl_Mailbox_Instance_State_dataSem__O            
0000751c  ti_sysbios_knl_Mailbox_Instance_State_freeQue__O            
00007520  ti_sysbios_knl_Mailbox_Instance_State_freeSem__O            
00007524  ti_sysbios_knl_Mailbox_Object__count__C                     
00007528  ti_sysbios_knl_Mailbox_maxTypeAlign__C                      
0000752c  ti_sysbios_knl_Semaphore_Instance_State_pendQ__O            
00007530  ti_sysbios_knl_Swi_Object__count__C                         
00007534  ti_sysbios_knl_Task_Module_State_inactiveQ__O               
00007538  ti_sysbios_knl_Task_Object__count__C                        
0000753c  ti_sysbios_knl_Task_allBlockedFunc__C                       
00007540  ti_sysbios_knl_Task_defaultStackHeap__C                     
00007544  ti_sysbios_knl_Task_defaultStackSize__C                     
00007548  ti_sysbios_knl_Task_numConstructedTasks__C                  
0000754c  xdc_runtime_Assert_E_assertFailed__C                        
00007550  xdc_runtime_Core_A_initializedParams__C                     
00007554  xdc_runtime_Core_Module__diagsEnabled__C                    
00007558  xdc_runtime_Core_Module__diagsIncluded__C                   
0000755c  xdc_runtime_Core_Module__diagsMask__C                       
00007560  xdc_runtime_Error_E_memory__C                               
00007564  xdc_runtime_Error_Module__diagsEnabled__C                   
00007568  xdc_runtime_Error_Module__diagsIncluded__C                  
0000756c  xdc_runtime_Error_Module__diagsMask__C                      
00007570  xdc_runtime_Error_Module__loggerFxn8__C                     
00007574  xdc_runtime_Error_Module__loggerObj__C                      
00007578  xdc_runtime_Error_policyFxn__C                              
0000757c  xdc_runtime_Error_raiseHook__C                              
00007580  xdc_runtime_IGateProvider_Interface__BASE__C                
00007584  xdc_runtime_IHeap_Interface__BASE__C                        
00007588  xdc_runtime_IModule_Interface__BASE__C                      
0000758c  xdc_runtime_Log_L_error__C                                  
00007590  xdc_runtime_Memory_defaultHeapInstance__C                   
00007594  xdc_runtime_Startup_execImpl__C                             
00007598  xdc_runtime_Startup_lastFxns__A                             
0000759c  xdc_runtime_Startup_maxPasses__C                            
000075a0  xdc_runtime_Startup_sfxnRts__C                              
000075a4  xdc_runtime_Startup_sfxnTab__C                              
000075a8  xdc_runtime_SysMin_bufSize__C                               
000075ac  xdc_runtime_SysMin_outputFunc__C                            
000075b0  xdc_runtime_System_Module__gateObj__C                       
000075b4  xdc_runtime_System_abortFxn__C                              
000075b8  xdc_runtime_System_exitFxn__C                               
000075bc  xdc_runtime_System_extendFxn__C                             
000075c0  xdc_runtime_System_maxAtexitHandlers__C                     
000075c4  xdc_runtime_Text_charTab__C                                 
000075c8  xdc_runtime_Text_nameEmpty__C                               
000075cc  xdc_runtime_Text_nameStatic__C                              
000075d0  xdc_runtime_Text_nameUnknown__C                             
000075d4  xdc_runtime_Text_nodeTab__C                                 
000075d8  xdc_runtime_Text_visitRopeFxn__C                            
000075dc  ti_sysbios_family_arm_m3_TimestampProvider_configTimer__C   
000075de  ti_sysbios_hal_Hwi_Module__id__C                            
000075e0  ti_sysbios_heaps_HeapMem_Module__id__C                      
000075e2  xdc_runtime_Core_Module__id__C                              
000075e4  xdc_runtime_Error_Module__loggerDefined__C                  
000075e6  xdc_runtime_Error_maxDepth__C                               
000075e8  xdc_runtime_Memory_Module__id__C                            
000075ea  xdc_runtime_SysMin_flushAtExit__C                           
000075ec  xdc_runtime_Text_charCnt__C                                 
000075ee  xdc_runtime_Text_isLoaded__C                                
000075f0  xdc_runtime_Text_registryModsLastId__C                      
000075f2  xdc_runtime_Text_unnamedModsLastId__C                       
000075f4  xdc_runtime_Error_policy__C                                 
000075f8  __TI_static_base__                                          
00007844  __TI_Handler_Table_Base                                     
00007850  __TI_Handler_Table_Limit                                    
00007860  __TI_CINIT_Base                                             
00007878  __TI_CINIT_Limit                                            
20000000  ti_sysbios_family_arm_m3_Hwi_ramVectors                     
20000140  ti_sysbios_heaps_HeapMem_Instance_State_0_buf__A            
20000940  reading_stack                                               
20000d40  writing_stack                                               
20001140  ti_sysbios_knl_Task_Instance_State_0_stack__A               
20001340  ti_sysbios_family_arm_m3_Hwi_dispatchTable                  
20001480  __CIOBUF_                                                   
200015a0  xdc_runtime_SysMin_Module_State_0_outbuf__A                 
20001658  S1                                                          
2000165c  init                                                        
20001660  m1                                                          
20001664  r1                                                          
20001668  stop                                                        
2000166c  w1                                                          
20001670  PowerMSP432_perfLevels                                      
2000170c  ti_sysbios_knl_Swi_Module_State_0_readyQ__A                 
2000178c  ti_sysbios_knl_Task_Module_State_0_readyQ__A                
2000180c  ti_sysbios_family_arm_msp432_Timer_Object__table__V         
20001858  ti_sysbios_knl_Task_Object__table__V                        
200018a4  ti_sysbios_knl_Task_Module__state__V                        
200018e8  ti_sysbios_gates_GateMutex_Object__table__V                 
20001920  ti_sysbios_family_arm_m3_Hwi_Module__state__V               
20001984  ti_sysbios_family_arm_m3_Hwi_Object__table__V               
200019b4  ti_sysbios_family_arm_m3_Timer_Object__table__V             
200019e4  ti_sysbios_knl_Swi_Object__table__V                         
20001a14  ti_sysbios_knl_Clock_Module__state__V                       
20001a40  PowerMSP432_module                                          
20001a68  ti_sysbios_BIOS_Module__state__V                            
20001a8c  ti_sysbios_family_arm_msp432_Timer_Module_State_0_device__A 
20001aac  ti_sysbios_knl_Swi_Module__state__V                         
20001ac8  ti_sysbios_heaps_HeapMem_Object__table__V                   
20001ae0  gpioPinConfigs                                              
20001af0  ti_sysbios_family_arm_msp432_Timer_Module_State_0_handles__A
20001b00  __TI_cleanup_ptr                                            
20001b04  __TI_dtors_ptr                                              
20001b08  __TI_enable_exit_profile_output                             
20001b0c  ti_sysbios_family_arm_m3_Timer_Module__state__V             
20001b18  ti_sysbios_family_arm_msp432_ClockFreqs_Module__state__V    
20001b24  ti_sysbios_family_arm_msp432_Timer_Module__state__V         
20001b30  xdc_runtime_SysMin_Module__state__V                         
20001b3c  _lock                                                       
20001b40  _unlock                                                     
20001b44  gpioCallbackFunctions                                       
20001b4c  ti_sysbios_family_arm_m3_Hwi_Module__root__V                
20001b54  ti_sysbios_gates_GateHwi_Module__root__V                    
20001b5c  ti_sysbios_gates_GateMutex_Module__root__V                  
20001b64  ti_sysbios_heaps_HeapMem_Module__root__V                    
20001b6c  ti_sysbios_knl_Mailbox_Module__root__V                      
20001b74  ti_sysbios_knl_Queue_Module__root__V                        
20001b7c  ti_sysbios_knl_Semaphore_Module__root__V                    
20001b84  ti_sysbios_knl_Task_Module__root__V                         
20001b8c  xdc_runtime_Registry_Module__state__V                       
20001b94  xdc_runtime_Startup_Module__state__V                        
20001b9c  xdc_runtime_System_Module_State_0_atexitHandlers__A         
20001ba4  xdc_runtime_System_Module__state__V                         
20001bac  main_func_sp                                                
20001bb0  ti_sysbios_family_arm_m3_Hwi_Module_State_0_excContext__A   
20001bb4  ti_sysbios_family_arm_m3_Hwi_Module_State_0_excStack__A     
20001bb8  ti_sysbios_family_arm_m3_TimestampProvider_Module__state__V 
20001bbc  ti_sysbios_gates_GateHwi_Object__table__V                   
20001bc0  ti_sysbios_knl_Task_Module_State_0_idleTask__A              
20001bc4  xdc_runtime_Memory_Module__state__V                         
20001bc8  ti_sysbios_family_arm_m3_Hwi_Module_State_0_excActive__A    
20001bca  xdc_runtime_Error_Module__state__V                          
2000fd00  __stack                                                     
20010000  __STACK_END                                                 
4000480c  WDTCTL_SYM                                                  
e000e000  ti_sysbios_family_arm_m3_Hwi_nvic                           
ffffffff  __TI_pprof_out_hndl                                         
ffffffff  __TI_prof_data_size                                         
ffffffff  __TI_prof_data_start                                        
ffffffff  __binit__                                                   
ffffffff  __c_args__                                                  
ffffffff  binit                                                       
UNDEFED   SHT$$INIT_ARRAY$$Base                                       
UNDEFED   SHT$$INIT_ARRAY$$Limit                                      

[605 symbols]
