******************************************************************************
                  TI ARM Linker PC v16.9.1                     
******************************************************************************
>> Linked Thu Aug 03 15:05:16 2017

OUTPUT FILE NAME:   <Agents-AOCS.out>
ENTRY POINT SYMBOL: "_c_int00"  address: 0000e711


MEMORY CONFIGURATION

         name            origin    length      used     unused   attr    fill
----------------------  --------  ---------  --------  --------  ----  --------
  MAIN                  00000000   00040000  000144a6  0002bb5a  R  X
  INFO                  00200000   00004000  00000000  00004000  R  X
  SRAM_CODE             01000000   00010000  00000000  00010000  RW X
  SRAM_DATA             20000000   00010000  00008fce  00007032  RW  


SEGMENT ALLOCATION MAP

run origin  load origin   length   init length attrs members
----------  ----------- ---------- ----------- ----- -------
00000000    00000000    000144a8   000144a8    r-x
  00000000    00000000    0000003c   0000003c    r-- .resetVecs
  0000003c    0000003c    00000004   00000004    r-- .init_array
  00000040    00000040    0001195a   0001195a    r-x .text
  0001199c    0001199c    000027dc   000027dc    r-- .const
  00014178    00014178    00000330   00000330    r-- .cinit
20000000    20000000    00000140   00000000    rw-
  20000000    20000000    00000140   00000000    rw- .vecs
20000180    20000180    00008b91   00000000    rw-
  20000180    20000180    00008045   00000000    rw- .bss
  200081c8    200081c8    00000b49   00000000    rw- .data
2000fd00    2000fd00    00000300   00000000    rw-
  2000fd00    2000fd00    00000300   00000000    rw- .stack


SECTION ALLOCATION MAP

 output                                  attributes/
section   page    origin      length       input sections
--------  ----  ----------  ----------   ----------------
.init_array 
*          0    0000003c    00000004     
                  0000003c    00000004     main.obj (.init_array)

.text      0    00000040    0001195a     
                  00000040    0000113e     rtsv7M4_T_le_v4SPD16_eabi.lib : _printfi.obj (.text)
                  0000117e    00000002     power_tirtos_MSP432P401R.aem4f : PowerMSP432_tirtos.oem4f (.text:PowerMSP432_initPolicy)
                  00001180    00000924     MAES_lib.lib : Agent_Platform.obj (.text)
                  00001aa4    00000736     bmi160_support.obj (.text:bmi160_config_running_mode)
                  000021da    00000002     rtsv7M4_T_le_v4SPD16_eabi.lib : i_div0.obj (.text)
                  000021dc    0000071c     MAES_lib.lib : Agent_Msg.obj (.text)
                  000028f8    00000588     rtsv7M4_T_le_v4SPD16_eabi.lib : e_powf.obj (.text)
                  00002e80    00000430     sysbios.aem4f : BIOS.obj (.text:ti_sysbios_family_arm_m3_Hwi_excDumpRegs__I)
                  000032b0    00000420     supporting_functions.obj (.text:_ZN20supporting_functions4initEv)
                  000036d0    000003bc     bmi160.obj (.text:bmi160_read_fifo_header_data)
                  00003a8c    000003a4     bmi160.obj (.text:bmi160_read_bmm150_mag_trim)
                  00003e30    0000034c     ti.targets.arm.rtsarm.aem4f : System.oem4f (.text:xdc_runtime_System_doPrint__I)
                  0000417c    00000324     rtsv7M4_T_le_v4SPD16_eabi.lib : trgdrv.obj (.text)
                  000044a0    00000314     sysbios.aem4f : BIOS.obj (.text:ti_sysbios_knl_Semaphore_pend__E)
                  000047b4    000002ac     dsplib-msp432.lib : arm_mat_inverse_f32.obj (.text:arm_mat_inverse_f32)
                  00004a60    00000274     sysbios.aem4f : BIOS.obj (.text:ti_sysbios_knl_Task_Instance_finalize__E)
                  00004cd4    00000264     drivers_MSP432P401R.aem4f : PowerMSP432.oem4f (.text:Power_sleep)
                  00004f38    00000260                               : UARTMSP432.oem4f (.text:UARTMSP432_open)
                  00005198    00000258     sysbios.aem4f : BIOS.obj (.text:ti_sysbios_heaps_HeapMem_free__E)
                  000053f0    00000248                   : BIOS.obj (.text:ti_sysbios_heaps_HeapMem_alloc__E)
                  00005638    00000214     bmi160.obj (.text:bmi160_bmm150_mag_interface_init)
                  0000584c    00000004     msp432p4xx_driverlib.lib : cpu.o (.text:CPU_wfi)
                  00005850    00000200     sysbios.aem4f : BIOS.obj (.text:ti_sysbios_knl_Task_sleep__E)
                  00005a50    000001fc     supporting_functions.obj (.text:_ZN20supporting_functions14updateJacobianEv)
                  00005c4c    00000004     tirtosport.aem4f : HwiP_tirtos.oem4f (.text:HwiP_disable)
                  00005c50    000001fc     sysbios.aem4f : BIOS.obj (.text:ti_sysbios_family_arm_m3_Hwi_excHandlerMax__I)
                  00005e4c    000001f4     rtsv7M4_T_le_v4SPD16_eabi.lib : ull_div_t2.obj (.text)
                  00006040    000001f4     sysbios.aem4f : BIOS.obj (.text:ti_sysbios_knl_Task_Instance_init__E)
                  00006234    000001ec     bmi160.obj (.text:bmi160_set_bmm150_mag_presetmode)
                  00006420    000001c8     kalman.obj (.text:_ZN13kalman_filter6actionEv)
                  000065e8    000001b8     bmi160.obj (.text:bmi160_accel_foc_trigger_xyz)
                  000067a0    000001b6     rtsv7M4_T_le_v4SPD16_eabi.lib : fd_add_t2.obj (.text)
                  00006956    00000002     main_pem4f.oem4f (.text:ti_sysbios_BIOS_nullFunc__I)
                  00006958    000001b0     sysbios.aem4f : BIOS.obj (.text:ti_sysbios_gates_GateMutexPri_enter__E)
                  00006b08    000001a0     msp432p4xx_driverlib.lib : pcm.o (.text:__PCM_setPowerStateAdvanced)
                  00006ca8    0000019c     sensors.obj (.text:_Z7uartFxnjj)
                  00006e44    00000194     supporting_functions.obj (.text:_ZN20supporting_functions11getRotationEv)
                  00006fd8    00000188     sysbios.aem4f : BIOS.obj (.text:ti_sysbios_knl_Task_setPri__E)
                  00007160    00000178     drivers_MSP432P401R.aem4f : I2CMSP432.oem4f (.text:I2CMSP432_open)
                  000072d8    00000174     sysbios.aem4f : BIOS.obj (.text:ti_sysbios_family_arm_m3_Hwi_excBusFault__I)
                  0000744c    00000170     rtsv7M4_T_le_v4SPD16_eabi.lib : e_sqrt.obj (.text)
                  000075bc    0000016c     bmi160.obj (.text:bmi160_set_intr_enable_0)
                  00007728    00000164     sysbios.aem4f : BIOS.obj (.text:ti_sysbios_family_arm_m3_Hwi_excUsageFault__I)
                  0000788c    00000004     msp432p4xx_driverlib.lib : i2c.o (.text:I2C_setSlaveAddress)
                  00007890    00000158     sysbios.aem4f : BIOS.obj (.text:ti_sysbios_knl_Mailbox_Instance_init__E)
                  000079e8    00000148                   : BIOS.obj (.text:ti_sysbios_family_arm_m3_Hwi_excMemFault__I)
                  00007b30    00000140     drivers_MSP432P401R.aem4f : GPIOMSP432.oem4f (.text:GPIO_setConfig)
                  00007c70    00000140     sysbios.aem4f : BIOS.obj (.text:ti_sysbios_knl_Semaphore_post__E)
                  00007db0    0000013c                   : BIOS.obj (.text:ti_sysbios_heaps_HeapMem_Instance_init__E)
                  00007eec    00000004     drivers_MSP432P401R.aem4f : List.oem4f (.text:List_head)
                  00007ef0    0000013c     sysbios.aem4f : BIOS.obj (.text:ti_sysbios_knl_Clock_workFunc__E)
                  0000802c    00000004     drivers_MSP432P401R.aem4f : List.oem4f (.text:List_next)
                  00008030    00000138     sysbios.aem4f : BIOS.obj (.text:ti_sysbios_family_arm_m3_Hwi_dispatchC__I)
                  00008168    00000138     main_pem4f.oem4f (.text:ti_uia_loggers_LoggerStopMode_writeMemoryRange__E)
                  000082a0    00000136     rtsv7M4_T_le_v4SPD16_eabi.lib : fd_div_t2.obj (.text)
                  000083d6    00000002     main_pem4f.oem4f (.text:ti_uia_loggers_LoggerStopMode_setFilterLevel__E)
                  000083d8    0000011c     bmi160.obj (.text:bmi160_set_foc_gyro_enable)
                  000084f4    00000004     drivers_MSP432P401R.aem4f : PowerMSP432.oem4f (.text:PowerMSP432_getNumPerfLevels)
                  000084f8    0000011c     sysbios.aem4f : BIOS.obj (.text:ti_sysbios_knl_Clock_Instance_init__E)
                  00008614    00000004     rtsv7M4_T_le_v4SPD16_eabi.lib : error.obj (.text)
                  00008618    0000011c     sysbios.aem4f : BIOS.obj (.text:ti_sysbios_knl_Swi_run__I)
                  00008734    00000118     drivers_MSP432P401R.aem4f : I2CMSP432.oem4f (.text:I2CMSP432_hwiIntFxn)
                  0000884c    00000118     ti.targets.arm.rtsarm.aem4f : Error.oem4f (.text:xdc_runtime_Error_policyDefault__E)
                  00008964    00000004     main_pem4f.oem4f (.text:ti_sysbios_BIOS_RtsGateProxy_enter__E)
                  00008968    00000110     sysbios.aem4f : BIOS.obj (.text:ti_sysbios_knl_Task_schedule__I)
                  00008a78    0000010c     supporting_functions.obj (.text:_ZN20supporting_functions16get_measurementsEv)
                  00008b84    0000010c     bmi160.obj (.text:bmi160_bmm150_mag_set_power_mode)
                  00008c90    0000010c     main_pem4f.oem4f (.text:ti_uia_loggers_LoggerStopMode_write8__E)
                  00008d9c    00000100     ti.targets.arm.rtsarm.aem4f : Core-mem.oem4f (.text:xdc_runtime_Core_createObject__I)
                  00008e9c    000000fc     rtsv7M4_T_le_v4SPD16_eabi.lib : fd_mul_t2.obj (.text)
                  00008f98    000000fc                                   : s_scalbn.obj (.text)
                  00009094    00000004     main_pem4f.oem4f (.text:ti_sysbios_BIOS_RtsGateProxy_leave__E)
                  00009098    000000fc     sysbios.aem4f : BIOS.obj (.text:ti_sysbios_knl_Task_postInit__I)
                  00009194    00000004     main_pem4f.oem4f (.text:ti_sysbios_family_arm_m3_Hwi_destruct)
                  00009198    000000fc     sysbios.aem4f : BIOS.obj (.text:ti_sysbios_knl_Task_startCore__E)
                  00009294    000000f8     sensors.obj (.text:_ZN14sensor_control5setupEv)
                  0000938c    000000f8     supporting_functions.obj (.text:_ZN20supporting_functions7updateQEv)
                  00009484    00000004     main_pem4f.oem4f (.text:ti_sysbios_family_arm_m3_TaskSupport_Module__startupDone__S)
                  00009488    000000f8     sysbios.aem4f : BIOS.obj (.text:ti_sysbios_utils_Load_updateThreadContexts__E)
                  00009580    000000f8     ti.targets.arm.rtsarm.aem4f : Startup.oem4f (.text:xdc_runtime_Startup_startMods__I)
                  00009678    000000f8     main_pem4f.oem4f (.text:xdc_runtime_System_printfExtend__I)
                  00009770    000000f4     main_pem4f.oem4f (.text:ti_uia_loggers_LoggerStopMode_write4__E)
                  00009864    000000f0     drivers_MSP432P401R.aem4f : PowerMSP432.oem4f (.text:initPerfControl)
                  00009954    000000ec     MAES_lib.lib : Behaviour.obj (.text)
                  00009a40    000000ec     sysbios.aem4f : m3_Hwi_asm.obj (.text:ti_sysbios_family_arm_m3_Hwi_dispatch__I)
                  00009b2c    000000e8     dsplib-msp432.lib : arm_mat_mult_f32.obj (.text:arm_mat_mult_f32)
                  00009c14    000000e8     main_pem4f.oem4f (.text:ti_uia_loggers_LoggerStopMode_write1__E)
                  00009cfc    000000e8     main_pem4f.oem4f (.text:ti_uia_loggers_LoggerStopMode_write2__E)
                  00009de4    000000e0     msp432p4xx_driverlib.lib : cs.o (.text:CS_initClockSignal)
                  00009ec4    000000dc                              : pcm.o (.text:__PCM_setPowerModeAdvanced)
                  00009fa0    000000d8     main_pem4f.oem4f (.text:ti_uia_loggers_LoggerStopMode_write0__E)
                  0000a078    000000d4     bmi160.obj (.text:bmi160_set_bmm150_mag_and_secondary_if_power_mode)
                  0000a14c    000000d4     rtsv7M4_T_le_v4SPD16_eabi.lib : s_scalbnf.obj (.text)
                  0000a220    000000cc     supporting_functions.obj (.text:_ZN20supporting_functions9updatePhiEv)
                  0000a2ec    000000cc     ti.targets.arm.rtsarm.aem4f : Core-smem.oem4f (.text:xdc_runtime_Core_constructObject__I)
                  0000a3b8    000000c8     sysbios.aem4f : BIOS.obj (.text:ti_sysbios_knl_Task_exit__E)
                  0000a480    000000c4     kalman.obj (.text:_ZN13kalman_filter5setupEv)
                  0000a544    00000004     main_pem4f.oem4f (.text:ti_sysbios_heaps_HeapMem_Module_GateProxy_enter__E)
                  0000a548    000000c4     sysbios.aem4f : BIOS.obj (.text:ti_sysbios_utils_Load_logLoads__I)
                  0000a60c    000000bc     rtsv7M4_T_le_v4SPD16_eabi.lib : typeinfo_.obj (.text)
                  0000a6c8    000000bc     sysbios.aem4f : BIOS.obj (.text:ti_sysbios_family_arm_m3_Hwi_excDebugMon__I)
                  0000a784    00000004     main_pem4f.oem4f (.text:ti_sysbios_heaps_HeapMem_Module_GateProxy_leave__E)
                  0000a788    000000bc     sysbios.aem4f : BIOS.obj (.text:ti_sysbios_family_arm_m3_Hwi_excHardFault__I)
                  0000a844    000000b8     bmi160.obj (.text:bmi160_set_intr_enable_2)
                  0000a8fc    00000004     main_pem4f.oem4f (.text:ti_sysbios_knl_Clock_TimerProxy_getMaxTicks__E)
                  0000a900    000000b8     sysbios.aem4f : BIOS.obj (.text:ti_sysbios_knl_Task_unblockI__E)
                  0000a9b8    000000b4     supporting_functions.obj (.text:_ZN20supporting_functions11normalizingEv)
                  0000aa6c    00000004     main_pem4f.oem4f (.text:ti_sysbios_knl_Clock_destruct)
                  0000aa70    000000b4     sysbios.aem4f : BIOS.obj (.text:ti_sysbios_gates_GateMutex_enter__E)
                  0000ab24    00000004     main_pem4f.oem4f (.text:ti_sysbios_knl_Mailbox_delete)
                  0000ab28    000000b4     sysbios.aem4f : BIOS.obj (.text:ti_sysbios_knl_Task_checkStacks__E)
                  0000abdc    000000b0     drivers_MSP432P401R.aem4f : UARTMSP432.oem4f (.text:UARTMSP432_readPolling)
                  0000ac8c    000000b0     supporting_functions.obj (.text:_ZN20supporting_functions7updatefEv)
                  0000ad3c    000000b0     msp432p4xx_driverlib.lib : pcm.o (.text:__PCM_setCoreVoltageLevelAdvanced)
                  0000adec    00000004     main_pem4f.oem4f (.text:ti_sysbios_knl_Queue_destruct)
                  0000adf0    000000b0     sysbios.aem4f : BIOS.obj (.text:ti_sysbios_knl_Task_yield__E)
                  0000aea0    000000b0                   : BIOS.obj (.text:ti_sysbios_utils_Load_idleFxn__E)
                  0000af50    000000b0                   : BIOS.obj (.text:ti_sysbios_utils_Load_updateLoads__E)
                  0000b000    000000ac                   : BIOS.obj (.text:ti_sysbios_knl_Swi_post__E)
                  0000b0ac    00000004     main_pem4f.oem4f (.text:ti_sysbios_knl_Semaphore_destruct)
                  0000b0b0    000000a8     sysbios.aem4f : BIOS.obj (.text:ti_sysbios_family_arm_msp432_Timer_periodicStub__E)
                  0000b158    000000a8                   : BIOS.obj (.text:ti_sysbios_knl_Task_blockI__E)
                  0000b200    000000a4     drivers_MSP432P401R.aem4f : UARTMSP432.oem4f (.text:UARTMSP432_control)
                  0000b2a4    00000004     main_pem4f.oem4f (.text:ti_sysbios_knl_Task_delete)
                  0000b2a8    000000a4     sysbios.aem4f : BIOS.obj (.text:ti_sysbios_knl_Clock_Instance_finalize__E)
                  0000b34c    000000a0     auto_init.aem4f : auto_init.oem4f (.text)
                  0000b3ec    000000a0     ti.targets.arm.rtsarm.aem4f : Text.oem4f (.text:xdc_runtime_Text_putMod__E)
                  0000b48c    0000009c     supporting_functions.obj (.text:_ZN20supporting_functions7updateREv)
                  0000b528    0000009c     drivers_MSP432P401R.aem4f : UARTMSP432.oem4f (.text:readTaskBlocking)
                  0000b5c4    0000009c     rtsv7M4_T_le_v4SPD16_eabi.lib : memcpy_t2.obj (.text)
                  0000b660    0000009c     sysbios.aem4f : BIOS.obj (.text:ti_sysbios_knl_Semaphore_Instance_init__E)
                  0000b6fc    0000009a     ti.targets.arm.rtsarm.aem4f : Text.oem4f (.text:xdc_runtime_Text_putSite__E)
                  0000b796    00000002     ti.uia.loggers.aem4f : LoggerStopMode.oem4f (.text:ti_uia_loggers_LoggerStopMode_setPriority__E)
                  0000b798    00000098     main.obj (.text:__sti___8_main_cpp_6977f587)
                  0000b830    00000098     main.obj (.text:main)
                  0000b8c8    00000098     sysbios.aem4f : BIOS.obj (.text:ti_sysbios_knl_Mailbox_post__E)
                  0000b960    00000094     msp432p4xx_driverlib.lib : uart.o (.text:UART_initModule)
                  0000b9f4    00000094     dsplib-msp432.lib : arm_mat_add_f32.obj (.text:arm_mat_add_f32)
                  0000ba88    00000094                       : arm_mat_sub_f32.obj (.text:arm_mat_sub_f32)
                  0000bb1c    00000094     rtsv7M4_T_le_v4SPD16_eabi.lib : snprintf.obj (.text)
                  0000bbb0    00000094     sysbios.aem4f : BIOS.obj (.text:ti_sysbios_family_arm_m3_Hwi_Instance_init__E)
                  0000bc44    00000004     ti.uia.loggers.aem4f : LoggerStopMode.oem4f (.text:ti_uia_loggers_LoggerStopMode_getContents__E)
                  0000bc48    00000094     sysbios.aem4f : BIOS.obj (.text:ti_sysbios_family_arm_m3_Hwi_initNVIC__E)
                  0000bcdc    00000092     drivers_MSP432P401R.aem4f : I2CMSP432.oem4f (.text:I2CMSP432_cancel)
                  0000bd6e    00000002     --HOLE-- [fill = 0]
                  0000bd70    00000090     bmi160.obj (.text:bmi160_set_intr_fifo_wm)
                  0000be00    00000090     bmi160.obj (.text:bmi160_set_intr_level)
                  0000be90    00000090     bmi160.obj (.text:bmi160_set_output_enable)
                  0000bf20    00000090     sysbios.aem4f : BIOS.obj (.text:ti_sysbios_knl_Task_Module_startup__E)
                  0000bfb0    00000090                   : BIOS.obj (.text:ti_sysbios_utils_Load_startup__E)
                  0000c040    00000090     ti.uia.loggers.aem4f : LoggerStopMode.oem4f (.text:ti_uia_loggers_LoggerStopMode_initQueueDescriptor__E)
                  0000c0d0    0000008c     drivers_MSP432P401R.aem4f : I2CMSP432.oem4f (.text:I2CMSP432_transfer)
                  0000c15c    0000008c     sysbios.aem4f : m3_TaskSupport_asm.obj (.text:ti_sysbios_family_arm_m3_TaskSupport_buildTaskStack)
                  0000c1e8    0000008c                   : BIOS.obj (.text:ti_sysbios_knl_Mailbox_pend__E)
                  0000c274    0000008a     drivers_MSP432P401R.aem4f : UARTMSP432.oem4f (.text:UARTMSP432_close)
                  0000c2fe    00000002     --HOLE-- [fill = 0]
                  0000c300    00000088     MAES_lib.lib : Agent.obj (.text)
                  0000c388    00000088     sysbios.aem4f : BIOS.obj (.text:ti_sysbios_family_arm_msp432_Timer_Module_startup__E)
                  0000c410    00000088                   : BIOS.obj (.text:ti_sysbios_knl_Mailbox_Module_startup__E)
                  0000c498    00000086     rtsv7M4_T_le_v4SPD16_eabi.lib : fd_cmp_t2.obj (.text:__aeabi_cdcmple)
                  0000c51e    00000086                                   : fd_cmp_t2.obj (.text:__aeabi_cdrcmple)
                  0000c5a4    00000084     drivers_MSP432P401R.aem4f : UARTMSP432.oem4f (.text:initHw)
                  0000c628    00000084     sysbios.aem4f : BIOS.obj (.text:ti_sysbios_family_arm_m3_Hwi_postInit__I)
                  0000c6ac    00000084     drivers_MSP432P401R.aem4f : UARTMSP432.oem4f (.text:writeData)
                  0000c730    00000082                               : UARTMSP432.oem4f (.text:readIsrTextCallback)
                  0000c7b2    00000002     --HOLE-- [fill = 0]
                  0000c7b4    00000080     bmi160.obj (.text:bmi160_read_mag_xyzr)
                  0000c834    00000004     main_pem4f.oem4f (.text:ti_uia_loggers_LoggerStopMode_getFilterLevel__E)
                  0000c838    00000080     sysbios.aem4f : BIOS.obj (.text:ti_sysbios_family_arm_msp432_Timer_startup__E)
                  0000c8b8    0000007c     msp432p4xx_driverlib.lib : pcm.o (.text:PCM_gotoLPM3)
                  0000c934    0000007a     drivers_MSP432P401R.aem4f : UARTMSP432.oem4f (.text:UARTMSP432_write)
                  0000c9ae    0000007a                               : UARTMSP432.oem4f (.text:readTaskCallback)
                  0000ca28    0000007a     rtsv7M4_T_le_v4SPD16_eabi.lib : memset_t2.obj (.text)
                  0000caa2    00000078     dsplib-msp432.lib : arm_mat_scale_f32.obj (.text:arm_mat_scale_f32)
                  0000cb1a    00000002     --HOLE-- [fill = 0]
                  0000cb1c    00000078     bmi160.obj (.text:bmi160_set_gyro_output_data_rate)
                  0000cb94    00000074     sensors.obj (.text:_ZN14sensor_control6actionEv)
                  0000cc08    00000074     drivers_MSP432P401R.aem4f : UARTMSP432.oem4f (.text:readIsrTextBlocking)
                  0000cc7c    00000004     ti.uia.loggers.aem4f : LoggerStopMode.oem4f (.text:ti_uia_loggers_LoggerStopMode_getInstanceId__E)
                  0000cc80    00000074     sysbios.aem4f : BIOS.obj (.text:ti_sysbios_family_arm_m3_TimestampProvider_get64__E)
                  0000ccf4    00000004     ti.uia.loggers.aem4f : LoggerStopMode.oem4f (.text:ti_uia_loggers_LoggerStopMode_getMaxLength__E)
                  0000ccf8    00000074     sysbios.aem4f : BIOS.obj (.text:ti_sysbios_knl_Clock_start__E)
                  0000cd6c    00000074     ti.uia.runtime.aem4f : QueueDescriptor.oem4f (.text:ti_uia_runtime_QueueDescriptor_addToList__E)
                  0000cde0    00000072     dsplib-msp432.lib : arm_mat_trans_f32.obj (.text:arm_mat_trans_f32)
                  0000ce52    00000002     --HOLE-- [fill = 0]
                  0000ce54    00000070     bmi160.obj (.text:bmi160_set_accel_range)
                  0000cec4    00000004     ti.uia.loggers.aem4f : LoggerStopMode.oem4f (.text:ti_uia_loggers_LoggerStopMode_getPriority__E)
                  0000cec8    00000070     sysbios.aem4f : BIOS.obj (.text:ti_sysbios_knl_Mailbox_Instance_finalize__E)
                  0000cf38    0000006e     rtsv7M4_T_le_v4SPD16_eabi.lib : fd_tos_t2.obj (.text)
                  0000cfa6    00000002     --HOLE-- [fill = 0]
                  0000cfa8    0000006d     ti.targets.arm.rtsarm.aem4f : System.oem4f (.text:xdc_runtime_System_formatNum__I)
                  0000d015    00000003     --HOLE-- [fill = 0]
                  0000d018    0000006c     bmi160.obj (.text:bmi160_bmm150_mag_compensate_X)
                  0000d084    0000006c     bmi160.obj (.text:bmi160_bmm150_mag_compensate_Y)
                  0000d0f0    0000006c     bmi160.obj (.text:bmi160_bmm150_mag_wakeup)
                  0000d15c    00000004     ti.uia.loggers.aem4f : LoggerStopMode.oem4f (.text:ti_uia_loggers_LoggerStopMode_getTransferType__E)
                  0000d160    0000006c     sysbios.aem4f : BIOS.obj (.text:ti_sysbios_gates_GateMutexPri_leave__E)
                  0000d1cc    00000004     ti.targets.arm.rtsarm.aem4f : Error.oem4f (.text:xdc_runtime_Error_getSite__E)
                  0000d1d0    0000006c     sysbios.aem4f : BIOS.obj (.text:ti_sysbios_knl_Swi_restoreHwi__E)
                  0000d23c    00000004     main_pem4f.oem4f (.text:xdc_runtime_System_Module_GateProxy_enter__E)
                  0000d240    0000006c     sysbios.aem4f : BIOS.obj (.text:ti_sysbios_utils_Load_taskCreateHook__E)
                  0000d2ac    0000006c     ti.targets.arm.rtsarm.aem4f : Error.oem4f (.text:xdc_runtime_Error_print__E)
                  0000d318    0000006c                                 : Memory.oem4f (.text:xdc_runtime_Memory_alloc__E)
                  0000d384    00000068     bmi160.obj (.text:bmi160_get_gyro_offset_compensation_xaxis)
                  0000d3ec    00000068     rtsv7M4_T_le_v4SPD16_eabi.lib : copy_decompress_lzss.obj (.text:decompress:lzss)
                  0000d454    00000068     drivers_MSP432P401R.aem4f : I2CMSP432.oem4f (.text:primeTransfer)
                  0000d4bc    00000068     rtsv7M4_T_le_v4SPD16_eabi.lib : trgmsg.obj (.text)
                  0000d524    00000004     main_pem4f.oem4f (.text:xdc_runtime_System_Module_GateProxy_leave__E)
                  0000d528    00000068     sysbios.aem4f : BIOS.obj (.text:ti_sysbios_utils_Load_addTask__E)
                  0000d590    00000066     drivers_MSP432P401R.aem4f : I2CMSP432.oem4f (.text:I2CMSP432_close)
                  0000d5f6    00000066     ti.uia.loggers.aem4f : LoggerStopMode.oem4f (.text:ti_uia_loggers_LoggerStopMode_flush__E)
                  0000d65c    00000066     ti.targets.arm.rtsarm.aem4f : Core-mem.oem4f (.text:xdc_runtime_Core_deleteObject__I)
                  0000d6c2    00000064     drivers_MSP432P401R.aem4f : UARTMSP432.oem4f (.text:UARTMSP432_writePolling)
                  0000d726    00000002     --HOLE-- [fill = 0]
                  0000d728    00000064     bmi160_support.obj (.text:bmi160_interrupt_configuration)
                  0000d78c    00000064     bmi160.obj (.text:bmi160_set_accel_bw)
                  0000d7f0    00000064     bmi160.obj (.text:bmi160_set_accel_output_data_rate)
                  0000d854    00000064     bmi160.obj (.text:bmi160_set_fifo_accel_enable)
                  0000d8b8    00000064     bmi160.obj (.text:bmi160_set_fifo_gyro_enable)
                  0000d91c    00000064     bmi160.obj (.text:bmi160_set_fifo_header_enable)
                  0000d980    00000064     bmi160.obj (.text:bmi160_set_fifo_mag_enable)
                  0000d9e4    00000064     bmi160.obj (.text:bmi160_set_fifo_stop_on_full)
                  0000da48    00000064     bmi160.obj (.text:bmi160_set_fifo_time_enable)
                  0000daac    00000064     bmi160.obj (.text:bmi160_set_gyro_bw)
                  0000db10    00000064     bmi160.obj (.text:bmi160_set_gyro_range)
                  0000db74    00000064     bmi160.obj (.text:bmi160_set_gyro_sleep_state)
                  0000dbd8    00000064     bmi160.obj (.text:bmi160_set_gyro_sleep_trigger)
                  0000dc3c    00000064     bmi160.obj (.text:bmi160_set_gyro_wakeup_intr)
                  0000dca0    00000064     bmi160.obj (.text:bmi160_set_gyro_wakeup_trigger)
                  0000dd04    00000064     bmi160.obj (.text:bmi160_set_if_mode)
                  0000dd68    00000064     bmi160.obj (.text:bmi160_set_mag_output_data_rate)
                  0000ddcc    00000064     bmi160.obj (.text:bmi160_set_paging_enable)
                  0000de30    00000064     bmi160.obj (.text:bmi160_set_pullup_configuration)
                  0000de94    00000064     bmi160.obj (.text:bmi160_set_target_page)
                  0000def8    00000064     rtsv7M4_T_le_v4SPD16_eabi.lib : s_frexp.obj (.text)
                  0000df5c    00000064     main_pem4f.oem4f (.text:ti_sysbios_knl_Mailbox_create)
                  0000dfc0    00000062     tirtosport.aem4f : HwiP_tirtos.oem4f (.text:HwiP_create)
                  0000e022    00000002     --HOLE-- [fill = 0]
                  0000e024    00000060     bmi160.obj (.text:bmi160_get_gyro_offset_compensation_yaxis)
                  0000e084    00000060     bmi160.obj (.text:bmi160_get_gyro_offset_compensation_zaxis)
                  0000e0e4    00000060     bmi160.obj (.text:bmi160_set_mag_manual_enable)
                  0000e144    00000004     ti.targets.arm.rtsarm.aem4f : System.oem4f (.text:xdc_runtime_System_aprintf_va__F)
                  0000e148    00000060     sysbios.aem4f : BIOS.obj (.text:ti_sysbios_family_arm_m3_TimestampProvider_get32__E)
                  0000e1a8    00000060                   : BIOS.obj (.text:ti_sysbios_knl_Clock_logTick__E)
                  0000e208    00000060                   : BIOS.obj (.text:ti_sysbios_utils_Load_logCPULoad__I)
                  0000e268    00000060                   : BIOS.obj (.text:ti_sysbios_utils_Load_updateCurrentThreadTime__E)
                  0000e2c8    0000005c     drivers_MSP432P401R.aem4f : GPIOMSP432.oem4f (.text:GPIO_init)
                  0000e324    0000005c     bmi160.obj (.text:bmi160_bmm150_mag_compensate_Z)
                  0000e380    0000005c     bmi160.obj (.text:bmi160_set_accel_offset_enable)
                  0000e3dc    0000005c     bmi160.obj (.text:bmi160_set_gyro_offset_enable)
                  0000e438    0000005c     bmi160.obj (.text:bmi160_set_i2c_device_addr)
                  0000e494    00000004     ti.targets.arm.rtsarm.aem4f : System.oem4f (.text:xdc_runtime_System_printf_va__F)
                  0000e498    0000005c     sysbios.aem4f : BIOS.obj (.text:ti_sysbios_knl_Swi_schedule__I)
                  0000e4f4    0000005c     main_pem4f.oem4f (.text:ti_sysbios_knl_Task_create)
                  0000e550    0000005b     ti.targets.arm.rtsarm.aem4f : Text.oem4f (.text:xdc_runtime_Text_putLab__E)
                  0000e5ab    00000001     --HOLE-- [fill = 0]
                  0000e5ac    0000005a     tirtosport.aem4f : ClockP_tirtos.oem4f (.text:ClockP_create)
                  0000e606    00000058                      : SemaphoreP_tirtos.oem4f (.text:SemaphoreP_create)
                  0000e65e    00000002     --HOLE-- [fill = 0]
                  0000e660    00000058     bmi160.obj (.text:bmi160_read_accel_xyz)
                  0000e6b8    00000058     bmi160.obj (.text:bmi160_read_gyro_xyz)
                  0000e710    00000058     boot.aem4f : boot.oem4f (.text)
                  0000e768    00000058     main_pem4f.oem4f (.text:ti_sysbios_family_arm_m3_Hwi_construct)
                  0000e7c0    00000058     sysbios.aem4f : m3_Hwi_asm_switch.obj (.text:ti_sysbios_family_arm_m3_Hwi_initStacks__E)
                  0000e818    00000058                   : BIOS.obj (.text:ti_sysbios_family_arm_m3_Timer_setPeriod__E)
                  0000e870    00000054     drivers_MSP432P401R.aem4f : GPIOMSP432.oem4f (.text:GPIO_hwiIntFxn)
                  0000e8c4    00000054                               : GPIOMSP432.oem4f (.text:GPIO_setCallback)
                  0000e918    00000054                               : I2CMSP432.oem4f (.text:initHw)
                  0000e96c    00000054     rtsv7M4_T_le_v4SPD16_eabi.lib : exit.obj (.text)
                  0000e9c0    00000054                                   : ltoa.obj (.text)
                  0000ea14    00000004     --HOLE-- [fill = 0]
                  0000ea18    00000054     sysbios.aem4f : BIOS.obj (.text:ti_sysbios_family_arm_m3_Timer_start__E)
                  0000ea6c    00000004     --HOLE-- [fill = 0]
                  0000ea70    00000054                   : BIOS.obj (.text:ti_sysbios_family_arm_msp432_Timer_initDevice__I)
                  0000eac4    00000004     --HOLE-- [fill = 0]
                  0000eac8    00000054                   : BIOS.obj (.text:ti_sysbios_family_arm_msp432_init_Boot_configureClocksHigh)
                  0000eb1c    00000004     --HOLE-- [fill = 0]
                  0000eb20    00000054                   : BIOS.obj (.text:ti_sysbios_utils_Load_taskSwitchHook__E)
                  0000eb74    00000054     ti.targets.arm.rtsarm.aem4f : Assert.oem4f (.text:xdc_runtime_Assert_raise__I)
                  0000ebc8    00000052     drivers_MSP432P401R.aem4f : UARTMSP432.oem4f (.text:UARTMSP432_writeCancel)
                  0000ec1a    00000002     --HOLE-- [fill = 0]
                  0000ec1c    00000050                               : GPIOMSP432.oem4f (.text:GPIO_write)
                  0000ec6c    00000050     msp432p4xx_driverlib.lib : pcm.o (.text:PCM_shutdownDevice)
                  0000ecbc    00000050     bmi160_support.obj (.text:bmi160_i2c_bus_write)
                  0000ed0c    00000004     --HOLE-- [fill = 0]
                  0000ed10    00000050     sysbios.aem4f : BIOS.obj (.text:ti_sysbios_family_arm_m3_Hwi_Module_startup__E)
                  0000ed60    00000050     ti.targets.arm.rtsarm.aem4f : Startup.oem4f (.text:xdc_runtime_Startup_exec__E)
                  0000edb0    00000050                                 : Text.oem4f (.text:xdc_runtime_Text_visitRope2__I)
                  0000ee00    0000004c     rtsv7M4_T_le_v4SPD16_eabi.lib : atoi.obj (.text)
                  0000ee4c    0000004c                                   : cpy_tbl.obj (.text)
                  0000ee98    0000004c     sysbios.aem4f : BIOS.obj (.text:ti_sysbios_heaps_HeapMem_getStats__E)
                  0000eee4    00000004     --HOLE-- [fill = 0]
                  0000eee8    0000004c                   : BIOS.obj (.text:ti_sysbios_knl_Swi_runLoop__I)
                  0000ef34    00000004     --HOLE-- [fill = 0]
                  0000ef38    0000004c                   : BIOS.obj (.text:ti_sysbios_knl_Task_allBlockedFunction__I)
                  0000ef84    0000004c     ti.uia.loggers.aem4f : LoggerStopMode.oem4f (.text:ti_uia_loggers_LoggerStopMode_Module_startup__E)
                  0000efd0    00000048     MAES_lib.lib : User_Cond.obj (.text)
                  0000f018    00000048     rtsv7M4_T_le_v4SPD16_eabi.lib : fd_toi_t2.obj (.text)
                  0000f060    00000048     sysbios.aem4f : BIOS.obj (.text:ti_sysbios_family_arm_m3_Hwi_disableInterrupt__E)
                  0000f0a8    00000048                   : BIOS.obj (.text:ti_sysbios_family_arm_m3_Hwi_enableInterrupt__E)
                  0000f0f0    00000048                   : BIOS.obj (.text:ti_sysbios_family_arm_m3_Hwi_excReserved__I)
                  0000f138    00000048                   : BIOS.obj (.text:ti_sysbios_family_arm_m3_Timer_initDevice__I)
                  0000f180    00000048                   : BIOS.obj (.text:ti_sysbios_utils_Load_taskDeleteHook__E)
                  0000f1c8    00000046     drivers_MSP432P401R.aem4f : RingBuf.oem4f (.text:RingBuf_put)
                  0000f20e    00000046                               : UARTMSP432.oem4f (.text:readIsrBinaryBlocking)
                  0000f254    00000046     ti.targets.arm.rtsarm.aem4f : Core-params.oem4f (.text:xdc_runtime_Core_assignParams__I)
                  0000f29a    00000002     --HOLE-- [fill = 0]
                  0000f29c    00000044     drivers_MSP432P401R.aem4f : PowerMSP432.oem4f (.text:Power_init)
                  0000f2e0    00000044     sysbios.aem4f : BIOS.obj (.text:ti_sysbios_family_arm_m3_Hwi_getStackInfo__E)
                  0000f324    00000004     --HOLE-- [fill = 0]
                  0000f328    00000044                   : BIOS.obj (.text:ti_sysbios_knl_Mailbox_postInit__I)
                  0000f36c    00000004     --HOLE-- [fill = 0]
                  0000f370    00000044                   : BIOS.obj (.text:ti_sysbios_utils_Load_removeTask__E)
                  0000f3b4    00000044     ti.uia.loggers.aem4f : LoggerStopMode.oem4f (.text:ti_uia_loggers_LoggerStopMode_initBuffer__I)
                  0000f3f8    00000044     ti.targets.arm.rtsarm.aem4f : Error.oem4f (.text:xdc_runtime_Error_setX__E)
                  0000f43c    00000044                                 : SysMin.oem4f (.text:xdc_runtime_SysMin_flush__E)
                  0000f480    00000044                                 : Text.oem4f (.text:xdc_runtime_Text_xprintf__I)
                  0000f4c4    00000042     drivers_MSP432P401R.aem4f : UARTMSP432.oem4f (.text:UARTMSP432_hwiIntFxn)
                  0000f506    00000042                               : I2CMSP432.oem4f (.text:completeTransfer)
                  0000f548    00000040     msp432p4xx_driverlib.lib : flash.o (.text:FlashCtl_disableReadBuffering)
                  0000f588    00000040                              : i2c.o (.text:I2C_masterSendMultiByteFinish)
                  0000f5c8    00000040     drivers_MSP432P401R.aem4f : RingBuf.oem4f (.text:RingBuf_get)
                  0000f608    00000040                               : UARTMSP432.oem4f (.text:UARTMSP432_read)
                  0000f648    00000040     bmi160.obj (.text:bmi160_init)
                  0000f688    00000040     drivers_MSP432P401R.aem4f : PowerMSP432.oem4f (.text:notify)
                  0000f6c8    00000040     rtsv7M4_T_le_v4SPD16_eabi.lib : u_divt2.obj (.text)
                  0000f708    00000040     sysbios.aem4f : BIOS.obj (.text:ti_sysbios_family_arm_m3_Timer_Module_startup__E)
                  0000f748    0000003e     msp432p4xx_driverlib.lib : i2c.o (.text:I2C_initMaster)
                  0000f786    0000003e     bmi160.obj (.text:bmi160_bmm150_mag_compensate_xyz)
                  0000f7c4    0000003c     power_tirtos_MSP432P401R.aem4f : PowerMSP432_tirtos.oem4f (.text:PowerMSP432_sleepPolicy)
                  0000f800    0000003c     sysbios.aem4f : BIOS.obj (.text:ti_sysbios_family_arm_m3_Hwi_excSvCall__I)
                  0000f83c    00000004     --HOLE-- [fill = 0]
                  0000f840    0000003c                   : BIOS.obj (.text:ti_sysbios_heaps_HeapMem_init__I)
                  0000f87c    00000004     --HOLE-- [fill = 0]
                  0000f880    0000003c                   : BIOS.obj (.text:ti_sysbios_knl_Swi_restore__E)
                  0000f8bc    0000003a     drivers_MSP432P401R.aem4f : UARTMSP432.oem4f (.text:readIsrBinaryCallback)
                  0000f8f6    00000002     --HOLE-- [fill = 0]
                  0000f8f8    00000038                               : I2C.oem4f (.text:I2C_init)
                  0000f930    00000038                               : UART.oem4f (.text:UART_init)
                  0000f968    00000038                               : I2CMSP432.oem4f (.text:perfChangeNotifyFxn)
                  0000f9a0    00000038     rtsv7M4_T_le_v4SPD16_eabi.lib : fs_tod_t2.obj (.text)
                  0000f9d8    00000038     main_pem4f.oem4f (.text:ti_sysbios_BIOS_startFunc__I)
                  0000fa10    00000038     sysbios.aem4f : BIOS.obj (.text:ti_sysbios_family_arm_m3_Hwi_excNoIsr__I)
                  0000fa48    00000038                   : BIOS.obj (.text:ti_sysbios_knl_Task_processVitalTaskFlag__I)
                  0000fa80    00000038     ti.targets.arm.rtsarm.aem4f : SysMin.oem4f (.text:xdc_runtime_SysMin_putch__E)
                  0000fab8    00000038                                 : System.oem4f (.text:xdc_runtime_System_atexit__E)
                  0000faf0    00000036     drivers_MSP432P401R.aem4f : UARTMSP432.oem4f (.text:UARTMSP432_readCancel)
                  0000fb26    00000036                               : UARTMSP432.oem4f (.text:perfChangeNotifyFxn)
                  0000fb5c    00000034     msp432p4xx_driverlib.lib : flash.o (.text:FlashCtl_enableReadBuffering)
                  0000fb90    00000034     bmi160.obj (.text:bmi160_get_foc_rdy)
                  0000fbc4    00000034     bmi160.obj (.text:bmi160_get_if_mode)
                  0000fbf8    00000034     bmi160.obj (.text:bmi160_get_mag_manual_enable)
                  0000fc2c    00000034     bmi160.obj (.text:bmi160_get_mag_power_mode_stat)
                  0000fc60    00000034     bmi160.obj (.text:bmi160_get_paging_enable)
                  0000fc94    00000034     bmi160.obj (.text:bmi160_get_pullup_configuration)
                  0000fcc8    00000034     bmi160.obj (.text:bmi160_get_target_page)
                  0000fcfc    00000004     --HOLE-- [fill = 0]
                  0000fd00    00000034     sysbios.aem4f : BIOS.obj (.text:ti_sysbios_family_arm_m3_Hwi_Instance_finalize__E)
                  0000fd34    00000004     --HOLE-- [fill = 0]
                  0000fd38    00000034                   : BIOS.obj (.text:ti_sysbios_family_arm_m3_Hwi_excNmi__I)
                  0000fd6c    00000004     --HOLE-- [fill = 0]
                  0000fd70    00000034                   : BIOS.obj (.text:ti_sysbios_family_arm_m3_Timer_periodicStub__I)
                  0000fda4    00000004     --HOLE-- [fill = 0]
                  0000fda8    00000034                   : BIOS.obj (.text:ti_sysbios_hal_Hwi_checkStack)
                  0000fddc    00000034     main_pem4f.oem4f (.text:ti_sysbios_knl_Clock_construct)
                  0000fe10    00000034     ti.uia.loggers.aem4f : LoggerStopMode.oem4f (.text:ti_uia_loggers_LoggerStopMode_reset__E)
                  0000fe44    00000034     ti.targets.arm.rtsarm.aem4f : Core-label.oem4f (.text:xdc_runtime_Core_assignLabel__I)
                  0000fe78    00000033                                 : Text.oem4f (.text:xdc_runtime_Text_printVisFxn__I)
                  0000feab    00000005     --HOLE-- [fill = 0]
                  0000feb0    00000032     sysbios.aem4f : BIOS.obj (.text:ti_sysbios_hal_Hwi_initStack)
                  0000fee2    00000006     drivers_MSP432P401R.aem4f : I2CMSP432.oem4f (.text:I2CMSP432_control)
                  0000fee8    00000032     sysbios.aem4f : BIOS.obj (.text:ti_sysbios_knl_Semaphore_pendTimeout__I)
                  0000ff1a    00000002     --HOLE-- [fill = 0]
                  0000ff1c    00000030     msp432p4xx_driverlib.lib : gpio.o (.text:GPIO_getEnabledInterruptStatus)
                  0000ff4c    00000030                              : gpio.o (.text:GPIO_setAsInputPinWithPullDownResistor)
                  0000ff7c    00000030                              : gpio.o (.text:GPIO_setAsInputPinWithPullUpResistor)
                  0000ffac    00000030     drivers_MSP432P401R.aem4f : I2C.oem4f (.text:I2C_open)
                  0000ffdc    00000030                               : UART.oem4f (.text:UART_open)
                  0001000c    00000030     bmi160.obj (.text:bmi160_get_accel_offset_compensation_xaxis)
                  0001003c    00000030     bmi160.obj (.text:bmi160_get_accel_offset_compensation_yaxis)
                  0001006c    00000030     bmi160.obj (.text:bmi160_get_accel_offset_compensation_zaxis)
                  0001009c    00000030     bmi160_support.obj (.text:bmi160_i2c_burst_read)
                  000100cc    00000030     bmi160_support.obj (.text:bmi160_i2c_bus_read)
                  000100fc    00000030     bmi160_support.obj (.text:i2c_routine)
                  0001012c    00000030     main_pem4f.oem4f (.text:ti_sysbios_BIOS_atExitFunc__I)
                  0001015c    00000004     --HOLE-- [fill = 0]
                  00010160    00000030     sysbios.aem4f : BIOS.obj (.text:ti_sysbios_family_arm_m3_TaskSupport_start__E)
                  00010190    00000030     main_pem4f.oem4f (.text:ti_sysbios_gates_GateHwi_Object__create__S)
                  000101c0    00000030     main_pem4f.oem4f (.text:ti_sysbios_gates_GateMutexPri_Object__create__S)
                  000101f0    00000030     main_pem4f.oem4f (.text:ti_sysbios_gates_GateMutexPri_create)
                  00010220    00000030     main_pem4f.oem4f (.text:ti_sysbios_gates_GateMutex_Object__create__S)
                  00010250    00000030     main_pem4f.oem4f (.text:ti_sysbios_heaps_HeapMem_Object__create__S)
                  00010280    00000030     main_pem4f.oem4f (.text:ti_sysbios_knl_Semaphore_construct)
                  000102b0    00000030     main_pem4f.oem4f (.text:ti_uia_loggers_LoggerStopMode_Object__create__S)
                  000102e0    00000030     ti.targets.arm.rtsarm.aem4f : SysMin.oem4f (.text:xdc_runtime_SysMin_abort__E)
                  00010310    00000030                                 : System.oem4f (.text:xdc_runtime_System_processAtExit__E)
                  00010340    0000002e     rtsv7M4_T_le_v4SPD16_eabi.lib : i_tofd_t2.obj (.text)
                  0001036e    00000002     --HOLE-- [fill = 0]
                  00010370    0000002c     msp432p4xx_driverlib.lib : gpio.o (.text:GPIO_setAsInputPin)
                  0001039c    0000002c     MSP_EXP432P401R.obj (.text:MSP_EXP432P401R_initUART)
                  000103c8    0000002c     msp432p4xx_driverlib.lib : pcm.o (.text:PCM_getCoreVoltageLevel)
                  000103f4    0000002c     power_tirtos_MSP432P401R.aem4f : PowerMSP432_tirtos.oem4f (.text:PowerMSP432_updateFreqs)
                  00010420    0000002c     drivers_MSP432P401R.aem4f : PowerMSP432.oem4f (.text:Power_releaseConstraint)
                  0001044c    0000002c                               : PowerMSP432.oem4f (.text:Power_setConstraint)
                  00010478    0000002c     main_pem4f.oem4f (.text:ti_sysbios_knl_Clock_doTick__I)
                  000104a4    0000002c     main_pem4f.oem4f (.text:ti_sysbios_knl_Queue_construct)
                  000104d0    0000002c     sysbios.aem4f : BIOS.obj (.text:ti_sysbios_knl_Task_restore__E)
                  000104fc    0000002c     ti.targets.arm.rtsarm.aem4f : Text.oem4f (.text:xdc_runtime_Text_cordText__E)
                  00010528    0000002a     msp432p4xx_driverlib.lib : pcm.o (.text:PCM_getPowerMode)
                  00010552    0000002a     drivers_MSP432P401R.aem4f : UARTMSP432.oem4f (.text:findBaudDividerIndex)
                  0001057c    0000002a     ti.targets.arm.rtsarm.aem4f : System.oem4f (.text:xdc_runtime_System_putchar__I)
                  000105a6    00000002     --HOLE-- [fill = 0]
                  000105a8    00000028     msp432p4xx_driverlib.lib : flash.o (.text:FlashCtl_setWaitState)
                  000105d0    00000028                              : pcm.o (.text:PCM_gotoLPM0)
                  000105f8    00000028     bmi160.obj (.text:bmi160_read_reg)
                  00010620    00000028     bmi160.obj (.text:bmi160_set_command_register)
                  00010648    00000028     bmi160.obj (.text:bmi160_set_fifo_wm)
                  00010670    00000028     bmi160.obj (.text:bmi160_set_mag_read_addr)
                  00010698    00000028     bmi160.obj (.text:bmi160_set_mag_write_addr)
                  000106c0    00000028     bmi160.obj (.text:bmi160_set_mag_write_data)
                  000106e8    00000028     rtsv7M4_T_le_v4SPD16_eabi.lib : e_sqrtf.obj (.text)
                  00010710    00000028     sysbios.aem4f : BIOS.obj (.text:ti_sysbios_knl_Swi_Module_startup__E)
                  00010738    00000026     drivers_MSP432P401R.aem4f : List.oem4f (.text:List_put)
                  0001075e    00000026     sysbios.aem4f : m3_Hwi_asm.obj (.text:ti_sysbios_family_arm_m3_Hwi_pendSV__I)
                  00010784    00000026     ti.targets.arm.rtsarm.aem4f : System.oem4f (.text:xdc_runtime_System_avprintf__E)
                  000107aa    00000002     --HOLE-- [fill = 0]
                  000107ac    00000024     msp432p4xx_driverlib.lib : cs.o (.text:CS_setDCOCenteredFrequency)
                  000107d0    00000024                              : gpio.o (.text:GPIO_setAsOutputPin)
                  000107f4    00000024                              : i2c.o (.text:I2C_masterSendMultiByteNext)
                  00010818    00000024                              : rtc_c.o (.text:RTC_C_holdClock)
                  0001083c    00000024                              : rtc_c.o (.text:RTC_C_startClock)
                  00010860    00000024                              : uart.o (.text:UART_disableInterrupt)
                  00010884    00000024                              : uart.o (.text:UART_receiveData)
                  000108a8    00000024                              : uart.o (.text:UART_transmitData)
                  000108cc    00000024     kalman.obj (.text:_Z6kalmanjj)
                  000108f0    00000024     bmi160.obj (.text:bmi160_fifo_data)
                  00010914    00000024     bmi160_support.obj (.text:bmi160_initialize_sensor)
                  00010938    00000024     bmi160.obj (.text:bmi160_write_reg)
                  0001095c    00000024     main_pem4f.oem4f (.text:ti_sysbios_BIOS_errorRaiseHook__I)
                  00010980    00000024     main_pem4f.oem4f (.text:ti_sysbios_BIOS_registerRTSLock__I)
                  000109a4    00000024     main_pem4f.oem4f (.text:ti_sysbios_BIOS_removeRTSLock__I)
                  000109c8    00000024     sysbios.aem4f : BIOS.obj (.text:ti_sysbios_family_arm_m3_Hwi_doTaskRestore__I)
                  000109ec    00000004     --HOLE-- [fill = 0]
                  000109f0    00000024                   : BIOS.obj (.text:ti_sysbios_family_arm_m3_Timer_startup__E)
                  00010a14    00000004     --HOLE-- [fill = 0]
                  00010a18    00000024                   : BIOS.obj (.text:ti_sysbios_family_arm_msp432_ClockFreqs_setFrequency__E)
                  00010a3c    00000024     main_pem4f.oem4f (.text:ti_sysbios_gates_GateMutexPri_Object__delete__S)
                  00010a60    00000024     main_pem4f.oem4f (.text:ti_sysbios_gates_GateMutex_Object__delete__S)
                  00010a84    00000004     --HOLE-- [fill = 0]
                  00010a88    00000024     sysbios.aem4f : BIOS.obj (.text:ti_sysbios_knl_Clock_Module_startup__E)
                  00010aac    00000004     --HOLE-- [fill = 0]
                  00010ab0    00000024                   : BIOS.obj (.text:ti_sysbios_knl_Task_getMode__E)
                  00010ad4    00000024     ti.targets.arm.rtsarm.aem4f : System.oem4f (.text:xdc_runtime_System_vprintf__E)
                  00010af8    00000022     main_pem4f.oem4f (.text:xdc_runtime_SysMin_output__I)
                  00010b1a    00000002     --HOLE-- [fill = 0]
                  00010b1c    00000020     msp432p4xx_driverlib.lib : gpio.o (.text:GPIO_interruptEdgeSelect)
                  00010b3c    00000020     drivers_MSP432P401R.aem4f : PowerMSP432.oem4f (.text:PowerMSP432_getFreqs)
                  00010b5c    00000020                               : PowerMSP432.oem4f (.text:Power_unregisterNotify)
                  00010b7c    00000020                               : RingBuf.oem4f (.text:RingBuf_peek)
                  00010b9c    00000020     main_pem4f.oem4f (.text:ti_sysbios_BIOS_rtsLock__I)
                  00010bbc    00000020     sysbios.aem4f : m3_Hwi_asm.obj (.text:ti_sysbios_family_arm_m3_Hwi_excHandlerAsm__I)
                  00010bdc    00000004     --HOLE-- [fill = 0]
                  00010be0    00000020                   : BIOS.obj (.text:ti_sysbios_family_arm_m3_Hwi_excHandler__I)
                  00010c00    00000020                   : BIOS.obj (.text:ti_sysbios_family_arm_m3_TimestampProvider_Module_startup__E)
                  00010c20    00000020     main_pem4f.oem4f (.text:ti_sysbios_gates_GateHwi_Object__delete__S)
                  00010c40    00000020     main_pem4f.oem4f (.text:ti_sysbios_heaps_HeapMem_Object__delete__S)
                  00010c60    00000020     main_pem4f.oem4f (.text:ti_sysbios_knl_Clock_Object__destruct__S)
                  00010c80    00000020     sysbios.aem4f : BIOS.obj (.text:ti_sysbios_knl_Idle_run__E)
                  00010ca0    00000020     main_pem4f.oem4f (.text:ti_sysbios_knl_Mailbox_Object__delete__S)
                  00010cc0    00000020     main_pem4f.oem4f (.text:ti_sysbios_knl_Semaphore_Object__destruct__S)
                  00010ce0    00000020     main_pem4f.oem4f (.text:ti_sysbios_knl_Task_Object__delete__S)
                  00010d00    00000020     main_pem4f.oem4f (.text:ti_uia_loggers_LoggerStopMode_Object__delete__S)
                  00010d20    00000020     ti.targets.arm.rtsarm.aem4f : Registry.oem4f (.text:xdc_runtime_Registry_findById__E)
                  00010d40    00000020                                 : SysMin.oem4f (.text:xdc_runtime_SysMin_Module_startup__E)
                  00010d60    0000001e     sysbios.aem4f : m3_Hwi_asm_switch.obj (.text:ti_sysbios_family_xxx_Hwi_switchAndRunFunc)
                  00010d7e    00000002     --HOLE-- [fill = 0]
                  00010d80    0000001c     MSP_EXP432P401R.obj (.text:MSP_EXP432P401R_initI2C)
                  00010d9c    0000001c     msp432p4xx_driverlib.lib : pcm.o (.text:PCM_enableRudeMode)
                  00010db8    0000001c     drivers_MSP432P401R.aem4f : PowerMSP432.oem4f (.text:Power_registerNotify)
                  00010dd4    0000001c     sensors.obj (.text:_Z6sensorjj)
                  00010df0    0000001c     rtsv7M4_T_le_v4SPD16_eabi.lib : memccpy.obj (.text)
                  00010e0c    0000001c     main_pem4f.oem4f (.text:ti_sysbios_family_arm_m3_Hwi_Object__destruct__S)
                  00010e28    0000001c     sysbios.aem4f : BIOS.obj (.text:ti_sysbios_gates_GateMutexPri_Instance_init__E)
                  00010e44    00000004     --HOLE-- [fill = 0]
                  00010e48    0000001c                   : BIOS.obj (.text:ti_sysbios_gates_GateMutex_Instance_init__E)
                  00010e64    0000001c     main_pem4f.oem4f (.text:ti_sysbios_knl_Queue_Object__destruct__S)
                  00010e80    0000001c     sysbios.aem4f : BIOS.obj (.text:ti_sysbios_knl_Task_enter__I)
                  00010e9c    0000001c     ti.uia.loggers.aem4f : LoggerStopMode.oem4f (.text:ti_uia_loggers_LoggerStopMode_Instance_init__E)
                  00010eb8    0000001c     ti.targets.arm.rtsarm.aem4f : Error.oem4f (.text:xdc_runtime_Error_raiseX__E)
                  00010ed4    0000001c                                 : Memory.oem4f (.text:xdc_runtime_Memory_valloc__E)
                  00010ef0    0000001c                                 : SysMin.oem4f (.text:xdc_runtime_SysMin_exit__E)
                  00010f0c    0000001c                                 : System.oem4f (.text:xdc_runtime_System_abort__E)
                  00010f28    0000001a     drivers_MSP432P401R.aem4f : List.oem4f (.text:List_remove)
                  00010f42    00000006     msp432p4xx_driverlib.lib : i2c.o (.text:I2C_getEnabledInterruptStatus)
                  00010f48    0000001a     sysbios.aem4f : BIOS.obj (.text:ti_sysbios_knl_Task_sleepTimeout__I)
                  00010f62    0000001a     main_pem4f.oem4f (.text:xdc_runtime_System_aprintf__E)
                  00010f7c    0000001a     main_pem4f.oem4f (.text:xdc_runtime_System_printf__E)
                  00010f96    00000002     --HOLE-- [fill = 0]
                  00010f98    00000018     msp432p4xx_driverlib.lib : gpio.o (.text:GPIO_clearInterruptFlag)
                  00010fb0    00000018                              : gpio.o (.text:GPIO_setDriveStrengthLow)
                  00010fc8    00000018                              : gpio.o (.text:GPIO_setOutputLowOnPin)
                  00010fe0    00000018                              : i2c.o (.text:I2C_masterIsStartSent)
                  00010ff8    00000018     drivers_MSP432P401R.aem4f : UART.oem4f (.text:UART_Params_init)
                  00011010    00000018     msp432p4xx_driverlib.lib : wdt_a.o (.text:WDT_A_holdTimer)
                  00011028    00000018     MAES_lib.lib : Agent_Platform.obj (.text:_ZN4MAES13USER_DEF_CONDC1Ev)
                  00011040    00000018     main_pem4f.oem4f (.text:free)
                  00011058    00000018     rtsv7M4_T_le_v4SPD16_eabi.lib : args_main.obj (.text)
                  00011070    00000018                                   : strcmp.obj (.text)
                  00011088    00000018     main_pem4f.oem4f (.text:ti_sysbios_BIOS_rtsUnlock__I)
                  000110a0    00000018     main_pem4f.oem4f (.text:ti_sysbios_family_arm_m3_Hwi_Handle__label__S)
                  000110b8    00000018     main_pem4f.oem4f (.text:ti_sysbios_family_arm_m3_Hwi_Module__startupDone__F)
                  000110d0    00000018     sysbios.aem4f : m3_TaskSupport_asm.obj (.text:ti_sysbios_family_arm_m3_TaskSupport_swap__E)
                  000110e8    00000018     main_pem4f.oem4f (.text:ti_sysbios_family_arm_msp432_Timer_Module__startupDone__F)
                  00011100    00000018     main_pem4f.oem4f (.text:ti_sysbios_gates_GateHwi_Handle__label__S)
                  00011118    00000018     main_pem4f.oem4f (.text:ti_sysbios_gates_GateMutexPri_Handle__label__S)
                  00011130    00000018     main_pem4f.oem4f (.text:ti_sysbios_gates_GateMutex_Handle__label__S)
                  00011148    00000018     sysbios.aem4f : BIOS.obj (.text:ti_sysbios_gates_GateMutex_leave__E)
                  00011160    00000018     main_pem4f.oem4f (.text:ti_sysbios_heaps_HeapMem_Handle__label__S)
                  00011178    00000018     main_pem4f.oem4f (.text:ti_sysbios_knl_Swi_Handle__label__S)
                  00011190    00000018     main_pem4f.oem4f (.text:ti_sysbios_knl_Task_Handle__label__S)
                  000111a8    00000018     main_pem4f.oem4f (.text:ti_uia_loggers_LoggerStopMode_Handle__label__S)
                  000111c0    00000018     ti.targets.arm.rtsarm.aem4f : Error.oem4f (.text:xdc_runtime_Error_check__E)
                  000111d8    00000018                                 : System.oem4f (.text:xdc_runtime_System_exit__E)
                  000111f0    00000018                                 : Text.oem4f (.text:xdc_runtime_Text_ropeText__E)
                  00011208    00000016     tirtosport.aem4f : ClockP_tirtos.oem4f (.text:ClockP_delete)
                  0001121e    00000016                      : HwiP_tirtos.oem4f (.text:HwiP_delete)
                  00011234    00000016                      : SemaphoreP_tirtos.oem4f (.text:SemaphoreP_delete)
                  0001124a    00000016     msp432p4xx_driverlib.lib : uart.o (.text:UART_enableInterrupt)
                  00011260    00000016     rtsv7M4_T_le_v4SPD16_eabi.lib : strchr.obj (.text)
                  00011276    00000016     main_pem4f.oem4f (.text:ti_sysbios_BIOS_exitFunc__I)
                  0001128c    00000004     --HOLE-- [fill = 0]
                  00011290    00000016     sysbios.aem4f : BIOS.obj (.text:ti_sysbios_knl_Task_getFunc__E)
                  000112a6    00000016     ti.uia.loggers.aem4f : LoggerStopMode.oem4f (.text:ti_uia_loggers_LoggerStopMode_disable__E)
                  000112bc    00000016                          : LoggerStopMode.oem4f (.text:ti_uia_loggers_LoggerStopMode_enable__E)
                  000112d2    00000002     --HOLE-- [fill = 0]
                  000112d4    00000014     msp432p4xx_driverlib.lib : gpio.o (.text:GPIO_setDriveStrengthHigh)
                  000112e8    00000014                              : gpio.o (.text:GPIO_setOutputHighOnPin)
                  000112fc    00000014     drivers_MSP432P401R.aem4f : PowerMSP432.oem4f (.text:Power_idleFunc)
                  00011310    00000014     msp432p4xx_driverlib.lib : wdt_a.o (.text:WDT_A_startTimer)
                  00011324    00000014     bmi160_support.obj (.text:bmi160_delay_ms)
                  00011338    00000014     rtsv7M4_T_le_v4SPD16_eabi.lib : _lock.obj (.text)
                  0001134c    00000014                                   : s_copysign.obj (.text)
                  00011360    00000014                                   : strcpy.obj (.text)
                  00011374    00000014                                   : strlen.obj (.text)
                  00011388    00000014     main_pem4f.oem4f (.text:ti_sysbios_family_arm_m3_Hwi_Object__get__S)
                  0001139c    00000004     --HOLE-- [fill = 0]
                  000113a0    00000014     sysbios.aem4f : BIOS.obj (.text:ti_sysbios_family_arm_m3_Hwi_switchFromBootStack__E)
                  000113b4    00000014     main_pem4f.oem4f (.text:ti_sysbios_heaps_HeapMem_Object__get__S)
                  000113c8    00000014     main_pem4f.oem4f (.text:ti_sysbios_knl_Swi_Object__get__S)
                  000113dc    00000014     main_pem4f.oem4f (.text:ti_sysbios_knl_Task_Object__first__S)
                  000113f0    00000014     main_pem4f.oem4f (.text:ti_sysbios_knl_Task_Object__get__S)
                  00011404    00000014     main_pem4f.oem4f (.text:ti_sysbios_knl_Task_Object__next__S)
                  00011418    00000012     tirtosport.aem4f : ClockP_tirtos.oem4f (.text:ClockP_start)
                  0001142a    00000012     drivers_MSP432P401R.aem4f : RingBuf.oem4f (.text:RingBuf_construct)
                  0001143c    00000012     tirtosport.aem4f : SemaphoreP_tirtos.oem4f (.text:SemaphoreP_pend)
                  0001144e    00000012     rtsv7M4_T_le_v4SPD16_eabi.lib : s_copysignf.obj (.text)
                  00011460    00000012     sysbios.aem4f : BIOS.obj (.text:ti_sysbios_hal_Hwi_Module_startup__E)
                  00011472    00000012     main_pem4f.oem4f (.text:xdc_runtime_Startup_exec__I)
                  00011484    00000010     msp432p4xx_driverlib.lib : gpio.o (.text:GPIO_getInterruptStatus)
                  00011494    00000010     drivers_MSP432P401R.aem4f : I2C.oem4f (.text:I2C_Params_init)
                  000114a4    00000010     msp432p4xx_driverlib.lib : i2c.o (.text:I2C_masterReceiveMultiByteStop)
                  000114b4    00000010                              : i2c.o (.text:I2C_masterReceiveStart)
                  000114c4    00000010                              : i2c.o (.text:I2C_masterSendStart)
                  000114d4    00000010                              : pcm.o (.text:PCM_gotoLPM4)
                  000114e4    00000010     drivers_MSP432P401R.aem4f : UARTMSP432.oem4f (.text:readBlockingTimeout)
                  000114f4    00000004     --HOLE-- [fill = 0]
                  000114f8    00000010     sysbios.aem4f : BIOS.obj (.text:ti_sysbios_BIOS_getCpuFreq__E)
                  00011508    00000010                   : BIOS.obj (.text:ti_sysbios_BIOS_setCpuFreq__E)
                  00011518    00000010                   : BIOS.obj (.text:ti_sysbios_BIOS_setThreadType__E)
                  00011528    00000010                   : BIOS.obj (.text:ti_sysbios_BIOS_start__E)
                  00011538    00000010                   : m3_TaskSupport_asm.obj (.text:ti_sysbios_family_arm_m3_TaskSupport_glue)
                  00011548    00000010                   : BIOS.obj (.text:ti_sysbios_family_arm_msp432_init_Boot_disableWatchdog)
                  00011558    00000010                   : BIOS.obj (.text:ti_sysbios_gates_GateMutexPri_Instance_finalize__E)
                  00011568    00000010                   : BIOS.obj (.text:ti_sysbios_gates_GateMutex_Instance_finalize__E)
                  00011578    00000010     main_pem4f.oem4f (.text:ti_sysbios_knl_Mailbox_Object__get__S)
                  00011588    00000010     sysbios.aem4f : BIOS.obj (.text:ti_sysbios_knl_Semaphore_Instance_finalize__E)
                  00011598    00000010                   : BIOS.obj (.text:ti_sysbios_knl_Swi_disable__E)
                  000115a8    00000010                   : BIOS.obj (.text:ti_sysbios_knl_Task_disable__E)
                  000115b8    00000010     main_pem4f.oem4f (.text:ti_uia_loggers_LoggerStopMode_Object__get__S)
                  000115c8    00000010     ti.uia.loggers.aem4f : LoggerStopMode.oem4f (.text:ti_uia_loggers_LoggerStopMode_isEmpty__E)
                  000115d8    00000010     ti.targets.arm.rtsarm.aem4f : Gate.oem4f (.text:xdc_runtime_Gate_leaveSystem__E)
                  000115e8    00000010                                 : Memory.oem4f (.text:xdc_runtime_Memory_free__E)
                  000115f8    00000010                                 : SysMin.oem4f (.text:xdc_runtime_SysMin_ready__E)
                  00011608    00000010                                 : System.oem4f (.text:xdc_runtime_System_vsnprintf__E)
                  00011618    0000000e     tirtosport.aem4f : HwiP_tirtos.oem4f (.text:HwiP_Params_init)
                  00011626    0000000e     msp432p4xx_driverlib.lib : i2c.o (.text:I2C_clearInterruptFlag)
                  00011634    0000000e                              : i2c.o (.text:I2C_disableInterrupt)
                  00011642    0000000e                              : i2c.o (.text:I2C_setMode)
                  00011650    0000000e                              : uart.o (.text:UART_clearInterruptFlag)
                  0001165e    0000000e     rtsv7M4_T_le_v4SPD16_eabi.lib : copy_decompress_none.obj (.text:decompress:none)
                  0001166c    00000004     --HOLE-- [fill = 0]
                  00011670    0000000e     sysbios.aem4f : BIOS.obj (.text:ti_sysbios_knl_Idle_loop__E)
                  0001167e    00000002     --HOLE-- [fill = 0]
                  00011680    0000000e                   : BIOS.obj (.text:ti_sysbios_knl_Queue_empty__E)
                  0001168e    0000000c     main_pem4f.oem4f (.text:.bootCodeSection:ti_sysbios_family_arm_msp432_init_Boot_init__I)
                  0001169a    0000000c     msp432p4xx_driverlib.lib : cpu.o (.text:CPU_cpsid)
                  000116a6    0000000c                              : cpu.o (.text:CPU_cpsie)
                  000116b2    0000000c                              : i2c.o (.text:I2C_disableModule)
                  000116be    0000000c                              : i2c.o (.text:I2C_enableModule)
                  000116ca    00000002     --HOLE-- [fill = 0]
                  000116cc    0000000c                              : pcm.o (.text:PCM_getPowerState)
                  000116d8    0000000c     drivers_MSP432P401R.aem4f : PowerMSP432.oem4f (.text:Power_getConstraintMask)
                  000116e4    0000000c                               : PowerMSP432.oem4f (.text:Power_getPerformanceLevel)
                  000116f0    0000000c                               : UARTMSP432.oem4f (.text:UARTMSP432_init)
                  000116fc    0000000c     msp432p4xx_driverlib.lib : uart.o (.text:UART_disableModule)
                  00011708    0000000c                              : uart.o (.text:UART_enableModule)
                  00011714    0000000c     rtsv7M4_T_le_v4SPD16_eabi.lib : copy_zero_init.obj (.text:decompress:ZI)
                  00011720    0000000c     main_pem4f.oem4f (.text:ti_sysbios_family_arm_m3_Hwi_Params__init__S)
                  0001172c    00000004     --HOLE-- [fill = 0]
                  00011730    0000000c     sysbios.aem4f : BIOS.obj (.text:ti_sysbios_family_arm_m3_Hwi_disableFxn__E)
                  0001173c    00000004     --HOLE-- [fill = 0]
                  00011740    0000000c                   : BIOS.obj (.text:ti_sysbios_family_arm_m3_TaskSupport_checkStack__E)
                  0001174c    00000004     --HOLE-- [fill = 0]
                  00011750    0000000c                   : BIOS.obj (.text:ti_sysbios_family_arm_m3_TaskSupport_getStackAlignment__E)
                  0001175c    00000004     --HOLE-- [fill = 0]
                  00011760    0000000c                   : BIOS.obj (.text:ti_sysbios_family_arm_m3_TimestampProvider_startTimer__E)
                  0001176c    00000004     --HOLE-- [fill = 0]
                  00011770    0000000c                   : BIOS.obj (.text:ti_sysbios_family_arm_msp432_Timer_getMaxTicks__E)
                  0001177c    00000004     --HOLE-- [fill = 0]
                  00011780    0000000c                   : BIOS.obj (.text:ti_sysbios_gates_GateHwi_enter__E)
                  0001178c    0000000c     main_pem4f.oem4f (.text:ti_sysbios_gates_GateMutexPri_Params__init__S)
                  00011798    0000000c     main_pem4f.oem4f (.text:ti_sysbios_knl_Clock_Params__init__S)
                  000117a4    00000004     --HOLE-- [fill = 0]
                  000117a8    0000000c     sysbios.aem4f : BIOS.obj (.text:ti_sysbios_knl_Clock_getTicks__E)
                  000117b4    0000000c     main_pem4f.oem4f (.text:ti_sysbios_knl_Mailbox_Params__init__S)
                  000117c0    0000000c     main_pem4f.oem4f (.text:ti_sysbios_knl_Queue_Object__get__S)
                  000117cc    0000000c     main_pem4f.oem4f (.text:ti_sysbios_knl_Semaphore_Params__init__S)
                  000117d8    0000000c     main_pem4f.oem4f (.text:ti_sysbios_knl_Task_Params__init__S)
                  000117e4    00000004     --HOLE-- [fill = 0]
                  000117e8    0000000c     sysbios.aem4f : BIOS.obj (.text:ti_sysbios_knl_Task_self__E)
                  000117f4    00000004     --HOLE-- [fill = 0]
                  000117f8    0000000c                   : BIOS.obj (.text:ti_sysbios_utils_Load_taskRegHook__E)
                  00011804    0000000c     ti.targets.arm.rtsarm.aem4f : Error.oem4f (.text:xdc_runtime_Error_init__E)
                  00011810    0000000c                                 : Gate.oem4f (.text:xdc_runtime_Gate_enterSystem__E)
                  0001181c    0000000c                                 : Memory.oem4f (.text:xdc_runtime_Memory_calloc__E)
                  00011828    0000000c                                 : Memory.oem4f (.text:xdc_runtime_Memory_getMaxDefaultTypeAlign__E)
                  00011834    0000000c                                 : Startup.oem4f (.text:xdc_runtime_Startup_rtsDone__E)
                  00011840    0000000a     tirtosport.aem4f : ClockP_tirtos.oem4f (.text:ClockP_stop)
                  0001184a    0000000a     drivers_MSP432P401R.aem4f : I2CMSP432.oem4f (.text:I2CMSP432_init)
                  00011854    0000000a                               : I2C.oem4f (.text:I2C_transfer)
                  0001185e    0000000a     tirtosport.aem4f : SemaphoreP_tirtos.oem4f (.text:SemaphoreP_post)
                  00011868    0000000a     drivers_MSP432P401R.aem4f : UART.oem4f (.text:UART_write)
                  00011872    0000000a     main_pem4f.oem4f (.text:xdc_runtime_IHeap_alloc)
                  0001187c    0000000a     main_pem4f.oem4f (.text:xdc_runtime_IHeap_free)
                  00011886    0000000a     main_pem4f.oem4f (.text:xdc_runtime_Text_visitRope__I)
                  00011890    00000008     tirtosport.aem4f : ClockP_tirtos.oem4f (.text:ClockP_Params_init)
                  00011898    00000008     msp432p4xx_driverlib.lib : i2c.o (.text:I2C_enableInterrupt)
                  000118a0    00000008                              : pcm.o (.text:PCM_setPowerMode)
                  000118a8    00000008                              : pcm.o (.text:PCM_setPowerState)
                  000118b0    00000008     tirtosport.aem4f : SemaphoreP_tirtos.oem4f (.text:SemaphoreP_Params_init)
                  000118b8    00000008     dsplib-msp432.lib : arm_mat_init_f32.obj (.text:arm_mat_init_f32)
                  000118c0    00000008     drivers_MSP432P401R.aem4f : I2CMSP432.oem4f (.text:blockingTransferCallback)
                  000118c8    00000008                               : UARTMSP432.oem4f (.text:readSemCallback)
                  000118d0    00000008     rtsv7M4_T_le_v4SPD16_eabi.lib : delete.obj (.text)
                  000118d8    00000008     sysbios.aem4f : BIOS.obj (.text:ti_sysbios_family_arm_m3_Hwi_doSwiRestore__I)
                  000118e0    00000008                   : BIOS.obj (.text:ti_sysbios_family_arm_m3_Hwi_startup__E)
                  000118e8    00000008     drivers_MSP432P401R.aem4f : UARTMSP432.oem4f (.text:writeSemCallback)
                  000118f0    00000006     msp432p4xx_driverlib.lib : i2c.o (.text:I2C_getInterruptStatus)
                  000118f6    00000006                              : i2c.o (.text:I2C_masterReceiveMultiByteNext)
                  000118fc    00000006                              : uart.o (.text:UART_getInterruptStatus)
                  00011902    00000006                              : uart.o (.text:UART_queryStatusFlags)
                  00011908    00000006     rtsv7M4_T_le_v4SPD16_eabi.lib : pure_virt.obj (.text)
                  0001190e    00000002     --HOLE-- [fill = 0]
                  00011910    00000006     sysbios.aem4f : BIOS.obj (.text:ti_sysbios_family_arm_m3_Hwi_restoreFxn__E)
                  00011916    00000002     --HOLE-- [fill = 0]
                  00011918    00000006                   : BIOS.obj (.text:ti_sysbios_gates_GateHwi_leave__E)
                  0001191e    00000002     --HOLE-- [fill = 0]
                  00011920    00000006                   : BIOS.obj (.text:ti_sysbios_heaps_HeapMem_isBlocking__E)
                  00011926    00000002     --HOLE-- [fill = 0]
                  00011928    00000006                   : BIOS.obj (.text:ti_sysbios_knl_Clock_stop__E)
                  0001192e    00000002     --HOLE-- [fill = 0]
                  00011930    00000006                   : BIOS.obj (.text:ti_sysbios_knl_Queue_Instance_init__E)
                  00011936    00000002     --HOLE-- [fill = 0]
                  00011938    00000006                   : BIOS.obj (.text:ti_sysbios_knl_Swi_startup__E)
                  0001193e    00000006     ti.targets.arm.rtsarm.aem4f : System.oem4f (.text:xdc_runtime_System_Module_startup__E)
                  00011944    00000004     --HOLE-- [fill = 0]
                  00011948    00000004     sysbios.aem4f : BIOS.obj (.text:ti_sysbios_gates_GateHwi_query__E)
                  0001194c    00000004     --HOLE-- [fill = 0]
                  00011950    00000004                   : BIOS.obj (.text:ti_sysbios_gates_GateMutexPri_query__E)
                  00011954    00000004     --HOLE-- [fill = 0]
                  00011958    00000004                   : BIOS.obj (.text:ti_sysbios_gates_GateMutex_query__E)
                  0001195c    00000004     --HOLE-- [fill = 0]
                  00011960    00000004                   : BIOS.obj (.text:ti_sysbios_knl_Clock_setTimeout__E)
                  00011964    00000004     --HOLE-- [fill = 0]
                  00011968    00000004                   : BIOS.obj (.text:ti_sysbios_knl_Task_getEnv__E)
                  0001196c    00000004     --HOLE-- [fill = 0]
                  00011970    00000004                   : BIOS.obj (.text:ti_sysbios_knl_Task_getPri__E)
                  00011974    00000004     --HOLE-- [fill = 0]
                  00011978    00000004                   : BIOS.obj (.text:ti_sysbios_knl_Task_setEnv__E)
                  0001197c    00000004     --HOLE-- [fill = 0]
                  00011980    00000004                   : BIOS.obj (.text:ti_sysbios_knl_Task_startup__E)
                  00011984    00000004     --HOLE-- [fill = 0]
                  00011988    00000002                   : BIOS.obj (.text:ti_sysbios_BIOS_linkedWithIncorrectBootLibrary__E)
                  0001198a    00000006     --HOLE-- [fill = 0]
                  00011990    00000002                   : BIOS.obj (.text:ti_sysbios_family_arm_m3_TimestampProvider_rolloverFunc__E)
                  00011992    00000006     --HOLE-- [fill = 0]
                  00011998    00000002                   : BIOS.obj (.text:ti_sysbios_gates_GateHwi_Instance_init__E)

.const     0    0001199c    000027dc     
                  0001199c    00001960     main_pem4f.oem4f (.const:xdc_runtime_Text_charTab__A)
                  000132fc    00000101     rtsv7M4_T_le_v4SPD16_eabi.lib : ctype.obj (.const:.string:_ctypes_)
                  000133fd    00000002                                   : typeinfo_.obj (.const:.typeinfo:_ZTSe)
                  000133ff    00000001     main_pem4f.oem4f (.const:xdc_runtime_Error_policy__C)
                  00013400    00000070     MSP_EXP432P401R.obj (.const:uartMSP432Baudrates)
                  00013470    00000060     main_pem4f.oem4f (.const:ti_uia_loggers_LoggerStopMode_Module__FXNS__C)
                  000134d0    00000048     main_pem4f.oem4f (.const:.string)
                  00013518    00000048     MSP_EXP432P401R.obj (.const:uartMSP432HWAttrs)
                  00013560    00000040     supporting_functions.obj (.const:$P$T0$1)
                  000135a0    0000003c     main_pem4f.oem4f (.const:ti_sysbios_knl_Task_Object__PARAMS__C)
                  000135dc    00000034     main_pem4f.oem4f (.const:ti_sysbios_knl_Mailbox_Object__PARAMS__C)
                  00013610    00000030     main_pem4f.oem4f (.const:ti_sysbios_family_arm_m3_Hwi_Object__PARAMS__C)
                  00013640    00000030     main_pem4f.oem4f (.const:xdc_runtime_Startup_sfxnTab__A)
                  00013670    00000028     rtsv7M4_T_le_v4SPD16_eabi.lib : typeinfo_.obj (.const:.typeinfo:_ZTSN10__cxxabiv123__fundamental_type_infoE)
                  00013698    00000028     drivers_MSP432P401R.aem4f : UARTMSP432.oem4f (.const:UARTMSP432_fxnTable)
                  000136c0    00000028     main_pem4f.oem4f (.const:ti_sysbios_heaps_HeapMem_Module__FXNS__C)
                  000136e8    00000028     main_pem4f.oem4f (.const:ti_uia_loggers_LoggerStopMode_Object__PARAMS__C)
                  00013710    00000025     rtsv7M4_T_le_v4SPD16_eabi.lib : typeinfo_.obj (.const:.typeinfo:_ZTSN10__cxxabiv120__si_class_type_infoE)
                  00013735    00000024                                   : typeinfo_.obj (.const:.typeinfo:_ZTSN10__cxxabiv119__pointer_type_infoE)
                  00013759    00000001     --HOLE-- [fill = 0]
                  0001375a    00000002     main_pem4f.oem4f (.const:ti_sysbios_family_arm_m3_Hwi_Module__id__C)
                  0001375c    00000024     MSP_EXP432P401R.obj (.const:UART_config)
                  00013780    00000024     drivers_MSP432P401R.aem4f : UART.oem4f (.const:UART_defaultParams)
                  000137a4    00000024                               : UARTMSP432.oem4f (.const)
                  000137c8    00000024     main_pem4f.oem4f (.const:ti_sysbios_gates_GateHwi_Module__FXNS__C)
                  000137ec    00000024     main_pem4f.oem4f (.const:ti_sysbios_gates_GateMutexPri_Module__FXNS__C)
                  00013810    00000024     main_pem4f.oem4f (.const:ti_sysbios_gates_GateMutex_Module__FXNS__C)
                  00013834    00000024     main_pem4f.oem4f (.const:ti_sysbios_heaps_HeapMem_Object__PARAMS__C)
                  00013858    00000024     main_pem4f.oem4f (.const:ti_sysbios_knl_Clock_Object__PARAMS__C)
                  0001387c    00000024     main_pem4f.oem4f (.const:ti_sysbios_knl_Semaphore_Object__PARAMS__C)
                  000138a0    00000022     rtsv7M4_T_le_v4SPD16_eabi.lib : typeinfo_.obj (.const:.typeinfo:_ZTSN10__cxxabiv117__class_type_infoE)
                  000138c2    00000022                                   : typeinfo_.obj (.const:.typeinfo:_ZTSN10__cxxabiv117__pbase_type_infoE)
                  000138e4    00000020     kalman.obj (.const:_ZTV13kalman_filter)
                  00013904    00000020     sensors.obj (.const:_ZTV14sensor_control)
                  00013924    00000020     MAES_lib.lib : User_Cond.obj (.const:_ZTVN4MAES13USER_DEF_CONDE)
                  00013944    00000020                  : Behaviour.obj (.const:_ZTVN4MAES15CyclicBehaviourE)
                  00013964    00000020                  : Behaviour.obj (.const:_ZTVN4MAES16OneShotBehaviourE)
                  00013984    00000020                  : Behaviour.obj (.const:_ZTVN4MAES17Generic_BehaviourE)
                  000139a4    00000020     drivers_MSP432P401R.aem4f : I2CMSP432.oem4f (.const)
                  000139c4    00000020     main_pem4f.oem4f (.const:ti_sysbios_family_arm_m3_Hwi_Object__DESC__C)
                  000139e4    00000020     main_pem4f.oem4f (.const:ti_sysbios_gates_GateHwi_Object__DESC__C)
                  00013a04    00000020     main_pem4f.oem4f (.const:ti_sysbios_gates_GateMutexPri_Object__DESC__C)
                  00013a24    00000020     main_pem4f.oem4f (.const:ti_sysbios_gates_GateMutex_Object__DESC__C)
                  00013a44    00000020     main_pem4f.oem4f (.const:ti_sysbios_heaps_HeapMem_Object__DESC__C)
                  00013a64    00000020     main_pem4f.oem4f (.const:ti_sysbios_knl_Clock_Object__DESC__C)
                  00013a84    00000020     main_pem4f.oem4f (.const:ti_sysbios_knl_Mailbox_Object__DESC__C)
                  00013aa4    00000020     main_pem4f.oem4f (.const:ti_sysbios_knl_Queue_Object__DESC__C)
                  00013ac4    00000020     main_pem4f.oem4f (.const:ti_sysbios_knl_Semaphore_Object__DESC__C)
                  00013ae4    00000020     main_pem4f.oem4f (.const:ti_sysbios_knl_Task_Object__DESC__C)
                  00013b04    00000020     main_pem4f.oem4f (.const:ti_uia_loggers_LoggerStopMode_Object__DESC__C)
                  00013b24    0000001b     MAES_lib.lib : Behaviour.obj (.const:.typeinfo:_ZTSN4MAES17Generic_BehaviourE)
[...]
000140e4  xdc_runtime_IGateProvider_Interface__BASE__C                                 
000140e8  xdc_runtime_IHeap_Interface__BASE__C                                         
000140ec  xdc_runtime_ILogger_Interface__BASE__C                                       
000140f0  xdc_runtime_IModule_Interface__BASE__C                                       
000140f4  xdc_runtime_Log_L_error__C                                                   
000140f8  xdc_runtime_Memory_defaultHeapInstance__C                                    
000140fc  xdc_runtime_Startup_execImpl__C                                              
00014100  xdc_runtime_Startup_lastFxns__A                                              
00014104  xdc_runtime_Startup_maxPasses__C                                             
00014108  xdc_runtime_Startup_sfxnRts__C                                               
0001410c  xdc_runtime_Startup_sfxnTab__C                                               
00014110  xdc_runtime_SysMin_bufSize__C                                                
00014114  xdc_runtime_SysMin_outputFunc__C                                             
00014118  xdc_runtime_System_Module__gateObj__C                                        
0001411c  xdc_runtime_System_abortFxn__C                                               
00014120  xdc_runtime_System_exitFxn__C                                                
00014124  xdc_runtime_System_extendFxn__C                                              
00014128  xdc_runtime_System_maxAtexitHandlers__C                                      
0001412c  xdc_runtime_Text_charTab__C                                                  
00014130  xdc_runtime_Text_nameEmpty__C                                                
00014134  xdc_runtime_Text_nameStatic__C                                               
00014138  xdc_runtime_Text_nameUnknown__C                                              
0001413c  xdc_runtime_Text_nodeTab__C                                                  
00014140  xdc_runtime_Text_visitRopeFxn__C                                             
00014144  ti_sysbios_hal_Hwi_Module__id__C                                             
00014146  ti_sysbios_heaps_HeapMem_Module__id__C                                       
00014148  ti_sysbios_knl_Clock_Module__id__C                                           
0001414a  ti_sysbios_knl_Clock_Module__loggerDefined__C                                
0001414c  ti_sysbios_knl_Mailbox_Module__id__C                                         
0001414e  ti_sysbios_knl_Semaphore_Module__id__C                                       
00014150  ti_sysbios_knl_Semaphore_Module__loggerDefined__C                            
00014152  ti_sysbios_knl_Swi_Module__id__C                                             
00014154  ti_sysbios_knl_Swi_Module__loggerDefined__C                                  
00014156  ti_sysbios_knl_Task_Module__id__C                                            
00014158  ti_sysbios_knl_Task_Module__loggerDefined__C                                 
0001415a  ti_sysbios_utils_Load_Module__id__C                                          
0001415c  ti_sysbios_utils_Load_Module__loggerDefined__C                               
0001415e  ti_sysbios_utils_Load_autoAddTasks__C                                        
00014160  ti_sysbios_utils_Load_updateInIdle__C                                        
00014162  ti_uia_loggers_LoggerStopMode_Module__id__C                                  
00014164  ti_uia_loggers_LoggerStopMode_isTimestampEnabled__C                          
00014166  xdc_runtime_Core_Module__id__C                                               
00014168  xdc_runtime_Error_Module__loggerDefined__C                                   
0001416a  xdc_runtime_Error_maxDepth__C                                                
0001416c  xdc_runtime_Memory_Module__id__C                                             
0001416e  xdc_runtime_SysMin_flushAtExit__C                                            
00014170  xdc_runtime_Text_charCnt__C                                                  
00014172  xdc_runtime_Text_isLoaded__C                                                 
00014174  xdc_runtime_Text_registryModsLastId__C                                       
00014176  xdc_runtime_Text_unnamedModsLastId__C                                        
00014178  __TI_static_base__                                                           
00014474  __TI_Handler_Table_Base                                                      
00014480  __TI_Handler_Table_Limit                                                     
00014490  __TI_CINIT_Base                                                              
000144a8  __TI_CINIT_Limit                                                             
20000000  ti_sysbios_family_arm_m3_Hwi_ramVectors                                      
20000180  ti_sysbios_heaps_HeapMem_Instance_State_0_buf__A                             
20002180  AP                                                                           
200032b0  KALMANSTACK                                                                  
200042b0  i2cMSP432Objects                                                             
20004300  ti_uia_loggers_LoggerStopMode_Instance_State_0_packetArray__A                
20005300  SENSORSTACK                                                                  
20005b00  UARTSTACK                                                                    
20006300  accel_fifo                                                                   
2000666c  gyro_fifo                                                                    
200069d8  mag_fifo                                                                     
20006d48  ti_sysbios_knl_Task_Instance_State_0_stack__A                                
20006f78  Eg                                                                           
20006f80  ti_uia_loggers_LoggerStopMode_Instance_State_1_packetArray__A                
20007180  PData                                                                        
20007310  PhiData                                                                      
200074a0  QData                                                                        
20007630  ti_sysbios_family_arm_m3_Hwi_dispatchTable                                   
20007770  stringBuffer                                                                 
20007898  __CIOBUF_                                                                    
200079b8  uartMSP432Objects                                                            
20007ab8  FData                                                                        
20007ba8  KData                                                                        
20007c98  RData                                                                        
20007d28  xdc_runtime_SysMin_Module_State_0_outbuf__A                                  
20007da8  OmegaData                                                                    
20007de8  uartMSP432RingBuffer                                                         
20007e28  XiData                                                                       
20007e58  xData                                                                        
20007e80  ti_uia_loggers_LoggerStopMode_Instance_State_0_hdr__A                        
20007eb0  Kalman_Agent                                                                 
20007ed4  Sensor_Agent                                                                 
20007ef8  F                                                                            
20007f00  ti_uia_loggers_LoggerStopMode_Instance_State_1_hdr__A                        
20007f30  UART_Agent                                                                   
20007f54  EgData                                                                       
20007f78  uartParams                                                                   
20007f9c  rxBuffer                                                                     
20007fbc  i2cTransaction                                                               
20007fd8  fData                                                                        
20007ff0  gateParams                                                                   
20008008  zData                                                                        
20008020  s_bmi160                                                                     
20008044  i2cParams                                                                    
20008054  gData                                                                        
20008060  gyro_measData                                                                
2000806c  gyro_meas_nextData                                                           
20008078  hData                                                                        
20008084  s_magcompXYZ                                                                 
20008090  sigmaWaData                                                                  
2000809c  sigmaWmData                                                                  
200080a8  sigmaaData                                                                   
200080b4  sigmagData                                                                   
200080c0  sigmamData                                                                   
200080cc  txBuffer                                                                     
200080d8  K                                                                            
200080e0  Omega                                                                        
200080e8  P                                                                            
200080f0  Phi                                                                          
200080f8  Q                                                                            
20008100  R                                                                            
20008108  Xi                                                                           
20008110  f                                                                            
20008118  g                                                                            
20008120  gyro_meas                                                                    
20008128  gyro_meas_next                                                               
20008130  h                                                                            
20008138  sigmaWa                                                                      
20008140  sigmaWm                                                                      
20008148  sigmaa                                                                       
20008150  sigmag                                                                       
20008158  sigmam                                                                       
20008160  x                                                                            
20008168  z                                                                            
20008170  accelxyz                                                                     
20008176  gyroxyz                                                                      
2000817c  s_accelXYZ                                                                   
20008182  s_gyroXYZ                                                                    
20008188  Kalman_AID                                                                   
2000818c  Sensor_AID                                                                   
20008190  UART_AID                                                                     
20008194  _ZSt16__dummy_typeinfo                                                       
20008198  accSens                                                                      
2000819c  gatekey                                                                      
200081a0  gyroSens                                                                     
200081a4  i2c                                                                          
200081a8  i2cGate                                                                      
200081ac  magSens                                                                      
200081b0  ti_sysbios_knl_Task_Instance_State_0_hookEnv__A                              
200081b4  ts                                                                           
200081b8  uart                                                                         
200081bc  gyro_off_x                                                                   
200081be  gyro_off_y                                                                   
200081c0  gyro_off_z                                                                   
200081c2  accel_off_x                                                                  
200081c3  accel_off_y                                                                  
200081c4  accel_off_z                                                                  
200081c8  v_fifo_data_u8                                                               
200085c8  ti_sysbios_knl_Task_Module_State_0_readyQ__A                                 
200086c8  PowerMSP432_perfLevels                                                       
20008764  ti_sysbios_utils_Load_Module__state__V                                       
200087fc  ti_sysbios_knl_Swi_Module_State_0_readyQ__A                                  
2000887c  ti_uia_loggers_LoggerStopMode_Object__table__V                               
200088e4  ti_sysbios_knl_Task_Object__table__V                                         
20008934  ti_sysbios_family_arm_msp432_Timer_Object__table__V                          
20008980  ti_sysbios_knl_Task_Module__state__V                                         
200089c4  ti_sysbios_gates_GateMutex_Object__table__V                                  
200089fc  ti_sysbios_family_arm_m3_Hwi_Module__state__V                                
20008a60  ti_sysbios_family_arm_m3_Hwi_Object__table__V                                
20008a90  ti_sysbios_family_arm_m3_Timer_Object__table__V                              
20008ac0  ti_sysbios_knl_Swi_Object__table__V                                          
20008af0  ti_sysbios_knl_Clock_Module__state__V                                        
20008b1c  PowerMSP432_module                                                           
20008b44  ti_sysbios_BIOS_Module__state__V                                             
20008b68  ti_sysbios_family_arm_msp432_Timer_Module_State_0_device__A                  
20008b88  ti_sysbios_knl_Swi_Module__state__V                                          
20008ba4  ti_sysbios_utils_Load_Module_State_0_taskEnv__A                              
20008bc0  ti_sysbios_heaps_HeapMem_Object__table__V                                    
20008bd8  gpioPinConfigs                                                               
20008be8  ti_sysbios_family_arm_msp432_Timer_Module_State_0_handles__A                 
20008bf8  __TI_cleanup_ptr                                                             
20008bfc  __TI_dtors_ptr                                                               
20008c00  __TI_enable_exit_profile_output                                              
20008c04  ti_sysbios_family_arm_m3_Timer_Module__state__V                              
20008c10  ti_sysbios_family_arm_msp432_ClockFreqs_Module__state__V                     
20008c1c  ti_sysbios_family_arm_msp432_Timer_Module__state__V                          
20008c28  ti_sysbios_knl_Task_Module__root__V                                          
20008c34  ti_uia_runtime_QueueDescriptor_Module__state__V                              
20008c40  xdc_runtime_SysMin_Module__state__V                                          
20008c4c  _lock                                                                        
20008c50  _unlock                                                                      
20008c54  V_bmm150_maual_auto_condition_u8                                             
20008c58  V_fifo_time_U32                                                              
20008c5c  gpioCallbackFunctions                                                        
20008c64  ti_uia_runtime_QueueDescriptor_gPtrToFirstDescriptor                         
20008c68  ti_uia_runtime_QueueDescriptor_gUpdateCount                                  
20008c6c  ti_sysbios_family_arm_m3_Hwi_Module__root__V                                 
20008c74  ti_sysbios_gates_GateHwi_Module__root__V                                     
20008c7c  ti_sysbios_gates_GateMutexPri_Module__root__V                                
20008c84  ti_sysbios_gates_GateMutex_Module__root__V                                   
20008c8c  ti_sysbios_heaps_HeapMem_Module__root__V                                     
20008c94  ti_sysbios_knl_Clock_Module__root__V                                         
20008c9c  ti_sysbios_knl_Mailbox_Module__root__V                                       
20008ca4  ti_sysbios_knl_Queue_Module__root__V                                         
20008cac  ti_sysbios_knl_Semaphore_Module__root__V                                     
20008cb4  ti_uia_loggers_LoggerStopMode_Module__root__V                                
20008cbc  xdc_runtime_Registry_Module__state__V                                        
20008cc4  xdc_runtime_Startup_Module__state__V                                         
20008ccc  xdc_runtime_System_Module_State_0_atexitHandlers__A                          
20008cd4  xdc_runtime_System_Module__state__V                                          
20008ce4  errno                                                                        
20008ce8  main_func_sp                                                                 
20008cec  ti_sysbios_family_arm_m3_Hwi_Module_State_0_excContext__A                    
20008cf0  ti_sysbios_family_arm_m3_Hwi_Module_State_0_excStack__A                      
20008cf4  ti_sysbios_family_arm_m3_TimestampProvider_Module__state__V                  
20008cf8  ti_sysbios_gates_GateHwi_Object__table__V                                    
20008cfc  ti_sysbios_knl_Task_Module_State_0_idleTask__A                               
20008d00  ti_sysbios_utils_Load_Module_State_0_runningTask__A                          
20008d04  ti_sysbios_utils_Load_Module_State_0_taskStartTime__A                        
20008d08  xdc_runtime_Memory_Module__state__V                                          
20008d0c  ti_sysbios_family_arm_m3_Hwi_Module_State_0_excActive__A                     
20008d0e  xdc_runtime_Error_Module__state__V                                           
2000fd00  __stack                                                                      
20010000  __STACK_END                                                                  
4000480c  WDTCTL_SYM                                                                   
e000e000  ti_sysbios_family_arm_m3_Hwi_nvic                                            
ffffffff  __TI_pprof_out_hndl                                                          
ffffffff  __TI_prof_data_size                                                          
ffffffff  __TI_prof_data_start                                                         
ffffffff  __binit__                                                                    
ffffffff  __c_args__                                                                   
ffffffff  binit                                                                        

[1290 symbols]
